Component: ARM Compiler 5.06 update 6 (build 750) Tool: armlink [4d35ed]

==============================================================================

Section Cross References

    hts221_driver.o(i.HTS221_Activate) refers to hts221_driver.o(i.HTS221_ReadReg) for HTS221_ReadReg
    hts221_driver.o(i.HTS221_Activate) refers to hts221_driver.o(i.HTS221_WriteReg) for HTS221_WriteReg
    hts221_driver.o(i.HTS221_DeActivate) refers to hts221_driver.o(i.HTS221_ReadReg) for HTS221_ReadReg
    hts221_driver.o(i.HTS221_DeActivate) refers to hts221_driver.o(i.HTS221_WriteReg) for HTS221_WriteReg
    hts221_driver.o(i.HTS221_DeInit) refers to hts221_driver.o(i.HTS221_ReadReg) for HTS221_ReadReg
    hts221_driver.o(i.HTS221_DeInit) refers to hts221_driver.o(i.HTS221_WriteReg) for HTS221_WriteReg
    hts221_driver.o(i.HTS221_Get_AvgHT) refers to hts221_driver.o(i.HTS221_ReadReg) for HTS221_ReadReg
    hts221_driver.o(i.HTS221_Get_BduMode) refers to hts221_driver.o(i.HTS221_ReadReg) for HTS221_ReadReg
    hts221_driver.o(i.HTS221_Get_DataStatus) refers to hts221_driver.o(i.HTS221_ReadReg) for HTS221_ReadReg
    hts221_driver.o(i.HTS221_Get_DeviceID) refers to hts221_driver.o(i.HTS221_ReadReg) for HTS221_ReadReg
    hts221_driver.o(i.HTS221_Get_HeaterState) refers to hts221_driver.o(i.HTS221_ReadReg) for HTS221_ReadReg
    hts221_driver.o(i.HTS221_Get_Humidity) refers to hts221_driver.o(i.HTS221_ReadReg) for HTS221_ReadReg
    hts221_driver.o(i.HTS221_Get_Humidity) refers to fflti.o(.text) for __aeabi_i2f
    hts221_driver.o(i.HTS221_Get_Humidity) refers to fmul.o(.text) for __aeabi_fmul
    hts221_driver.o(i.HTS221_Get_Humidity) refers to fdiv.o(.text) for __aeabi_fdiv
    hts221_driver.o(i.HTS221_Get_Humidity) refers to fadd.o(.text) for __aeabi_fadd
    hts221_driver.o(i.HTS221_Get_Humidity) refers to ffixui.o(.text) for __aeabi_f2uiz
    hts221_driver.o(i.HTS221_Get_HumidityRaw) refers to hts221_driver.o(i.HTS221_ReadReg) for HTS221_ReadReg
    hts221_driver.o(i.HTS221_Get_InitConfig) refers to hts221_driver.o(i.HTS221_ReadReg) for HTS221_ReadReg
    hts221_driver.o(i.HTS221_Get_IrqActiveLevel) refers to hts221_driver.o(i.HTS221_ReadReg) for HTS221_ReadReg
    hts221_driver.o(i.HTS221_Get_IrqEnable) refers to hts221_driver.o(i.HTS221_ReadReg) for HTS221_ReadReg
    hts221_driver.o(i.HTS221_Get_IrqOutputType) refers to hts221_driver.o(i.HTS221_ReadReg) for HTS221_ReadReg
    hts221_driver.o(i.HTS221_Get_Measurement) refers to hts221_driver.o(i.HTS221_Get_Temperature) for HTS221_Get_Temperature
    hts221_driver.o(i.HTS221_Get_Measurement) refers to hts221_driver.o(i.HTS221_Get_Humidity) for HTS221_Get_Humidity
    hts221_driver.o(i.HTS221_Get_Odr) refers to hts221_driver.o(i.HTS221_ReadReg) for HTS221_ReadReg
    hts221_driver.o(i.HTS221_Get_PowerDownMode) refers to hts221_driver.o(i.HTS221_ReadReg) for HTS221_ReadReg
    hts221_driver.o(i.HTS221_Get_RawMeasurement) refers to hts221_driver.o(i.HTS221_ReadReg) for HTS221_ReadReg
    hts221_driver.o(i.HTS221_Get_Temperature) refers to hts221_driver.o(i.HTS221_ReadReg) for HTS221_ReadReg
    hts221_driver.o(i.HTS221_Get_Temperature) refers to fflti.o(.text) for __aeabi_i2f
    hts221_driver.o(i.HTS221_Get_Temperature) refers to fmul.o(.text) for __aeabi_fmul
    hts221_driver.o(i.HTS221_Get_Temperature) refers to fdiv.o(.text) for __aeabi_fdiv
    hts221_driver.o(i.HTS221_Get_Temperature) refers to fadd.o(.text) for __aeabi_fadd
    hts221_driver.o(i.HTS221_Get_Temperature) refers to ffixi.o(.text) for __aeabi_f2iz
    hts221_driver.o(i.HTS221_Get_TemperatureRaw) refers to hts221_driver.o(i.HTS221_ReadReg) for HTS221_ReadReg
    hts221_driver.o(i.HTS221_IsMeasurementCompleted) refers to hts221_driver.o(i.HTS221_ReadReg) for HTS221_ReadReg
    hts221_driver.o(i.HTS221_MemoryBoot) refers to hts221_driver.o(i.HTS221_ReadReg) for HTS221_ReadReg
    hts221_driver.o(i.HTS221_MemoryBoot) refers to hts221_driver.o(i.HTS221_WriteReg) for HTS221_WriteReg
    hts221_driver.o(i.HTS221_ReadReg) refers to x_nucleo_iks01a2.o(i.Sensor_IO_Read) for Sensor_IO_Read
    hts221_driver.o(i.HTS221_Set_AvgH) refers to hts221_driver.o(i.HTS221_assert_failed) for HTS221_assert_failed
    hts221_driver.o(i.HTS221_Set_AvgH) refers to hts221_driver.o(i.HTS221_ReadReg) for HTS221_ReadReg
    hts221_driver.o(i.HTS221_Set_AvgH) refers to hts221_driver.o(i.HTS221_WriteReg) for HTS221_WriteReg
    hts221_driver.o(i.HTS221_Set_AvgHT) refers to hts221_driver.o(i.HTS221_assert_failed) for HTS221_assert_failed
    hts221_driver.o(i.HTS221_Set_AvgHT) refers to hts221_driver.o(i.HTS221_ReadReg) for HTS221_ReadReg
    hts221_driver.o(i.HTS221_Set_AvgHT) refers to hts221_driver.o(i.HTS221_WriteReg) for HTS221_WriteReg
    hts221_driver.o(i.HTS221_Set_AvgT) refers to hts221_driver.o(i.HTS221_assert_failed) for HTS221_assert_failed
    hts221_driver.o(i.HTS221_Set_AvgT) refers to hts221_driver.o(i.HTS221_ReadReg) for HTS221_ReadReg
[...]
    xor_block                                0x080189c1   Thumb Code   130  sgfx_credentials_lib.o(i.xor_block)
    .constdata                               0x08018a42   Section     2052  sgfx_credentials_lib.o(.constdata)
    sgfxSeeLibVersion                        0x08018a42   Data           4  sgfx_credentials_lib.o(.constdata)
    sbox                                     0x08018a46   Data         256  sgfx_credentials_lib.o(.constdata)
    isbox                                    0x08018b46   Data         256  sgfx_credentials_lib.o(.constdata)
    gfm2_sbox                                0x08018c46   Data         256  sgfx_credentials_lib.o(.constdata)
    gfm3_sbox                                0x08018d46   Data         256  sgfx_credentials_lib.o(.constdata)
    gfmul_9                                  0x08018e46   Data         256  sgfx_credentials_lib.o(.constdata)
    gfmul_b                                  0x08018f46   Data         256  sgfx_credentials_lib.o(.constdata)
    gfmul_d                                  0x08019046   Data         256  sgfx_credentials_lib.o(.constdata)
    gfmul_e                                  0x08019146   Data         256  sgfx_credentials_lib.o(.constdata)
    eeprom_sect                              0x08080000   Section       92  hw_eeprom.o(eeprom_sect)
    IsEepromInit                             0x08080000   Data           1  hw_eeprom.o(eeprom_sect)
    .data                                    0x20000000   Section       32  sx1276.o(.data)
    RadioEvents                              0x20000000   Data           4  sx1276.o(.data)
    LoRaBoardCallbacks                       0x20000004   Data           4  sx1276.o(.data)
    .data                                    0x20000020   Section       20  b-l072z-lrwan1.o(.data)
    .data                                    0x20000034   Section       24  mlm32l07x01.o(.data)
    BoardCallbacks                           0x20000034   Data          24  mlm32l07x01.o(.data)
    .data                                    0x2000004c   Section        4  system_stm32l0xx.o(.data)
    .data                                    0x20000050   Section        8  stm32l0xx_hal.o(.data)
    i                                        0x20000050   Data           1  stm32l0xx_hal.o(.data)
    tic_seconds                              0x20000051   Data           1  stm32l0xx_hal.o(.data)
    .data                                    0x20000058   Section        1  hw_rtc.o(.data)
    HW_RTC_Initalized                        0x20000058   Data           1  hw_rtc.o(.data)
    .data                                    0x20000059   Section        2  mlm32l0xx_it.o(.data)
    i                                        0x20000059   Data           1  mlm32l0xx_it.o(.data)
    tic_seconds                              0x2000005a   Data           1  mlm32l0xx_it.o(.data)
    .data                                    0x2000005c   Section        8  tiny_vsnprintf.o(.data)
    lower_digits                             0x2000005c   Data           4  tiny_vsnprintf.o(.data)
    upper_digits                             0x20000060   Data           4  tiny_vsnprintf.o(.data)
    .data                                    0x20000064   Section        8  timer.o(.data)
    .data                                    0x2000006c   Section        4  ucp.o(.data)
    ucp_logon_timeout                        0x2000006c   Data           4  ucp.o(.data)
    .data                                    0x20000070   Section        2  system.o(.data)
    McuInitialized                           0x20000070   Data           1  system.o(.data)
    button_count                             0x20000071   Data           1  system.o(.data)
    .data                                    0x20000074   Section       16  scheduler.o(.data)
    TaskSet                                  0x20000074   Data           4  scheduler.o(.data)
    TaskMask                                 0x20000078   Data           4  scheduler.o(.data)
    EvtSet                                   0x2000007c   Data           4  scheduler.o(.data)
    EvtWaited                                0x20000080   Data           4  scheduler.o(.data)
    .data                                    0x20000084   Section        4  timeserver.o(.data)
    TimerListHead                            0x20000084   Data           4  timeserver.o(.data)
    .data                                    0x20000088   Section        8  low_power_manager.o(.data)
    StopModeDisable                          0x20000088   Data           4  low_power_manager.o(.data)
    OffModeDisable                           0x2000008c   Data           4  low_power_manager.o(.data)
    .data                                    0x20000090   Section       47  sgfxsx1276modulation-lib.o(.data)
    prbs9_val                                0x20000090   Data           2  sgfxsx1276modulation-lib.o(.data)
    PhaseVal                                 0x20000092   Data           2  sgfxsx1276modulation-lib.o(.data)
    valPaMax                                 0x20000094   Data           2  sgfxsx1276modulation-lib.o(.data)
    valPaEnable                              0x20000096   Data           2  sgfxsx1276modulation-lib.o(.data)
    dma_buffer_size                          0x20000098   Data           2  sgfxsx1276modulation-lib.o(.data)
    TxDataN                                  0x2000009a   Data           2  sgfxsx1276modulation-lib.o(.data)
    TxDataIdx                                0x2000009c   Data           2  sgfxsx1276modulation-lib.o(.data)
    TxDataBuf                                0x200000a0   Data           4  sgfxsx1276modulation-lib.o(.data)
    .data                                    0x200000c0   Section        8  sigfox_api.o(.data)
    .bss                                     0x200000c8   Section      420  sx1276.o(.bss)
    RxTxBuffer                               0x200000c8   Data         256  sx1276.o(.bss)
    .bss                                     0x2000026c   Section       64  hw_gpio.o(.bss)
    GpioIrq                                  0x2000026c   Data          64  hw_gpio.o(.bss)
    .bss                                     0x200002ac   Section      104  hw_rtc.o(.bss)
    RtcHandle                                0x200002ac   Data          36  hw_rtc.o(.bss)
    RTC_AlarmStructure                       0x200002d0   Data          40  hw_rtc.o(.bss)
    RtcTimerContext                          0x200002f8   Data          28  hw_rtc.o(.bss)
    .bss                                     0x20000314   Section       88  hw_spi.o(.bss)
    SpiHandle                                0x20000314   Data          88  hw_spi.o(.bss)
    .bss                                     0x2000036c   Section      172  vcom.o(.bss)
    uart_context                             0x2000036c   Data         156  vcom.o(.bss)
    SleepBuff                                0x20000408   Data          16  vcom.o(.bss)
    .bss                                     0x20000418   Section       64  mlm32l0xx_hal_msp.o(.bss)
    hdma_tx                                  0x20000418   Data          64  mlm32l0xx_hal_msp.o(.bss)
    .bss                                     0x20000458   Section       56  hw_tim2.o(.bss)
    TimHandle                                0x20000458   Data          56  hw_tim2.o(.bss)
    .bss                                     0x20000490   Section      260  mcu_api.o(.bss)
    LibraryMem                               0x20000490   Data         200  mcu_api.o(.bss)
    Timer_delayMs                            0x20000558   Data          20  mcu_api.o(.bss)
    Timer_Timeout                            0x2000056c   Data          20  mcu_api.o(.bss)
    Timer_TimeoutCs                          0x20000580   Data          20  mcu_api.o(.bss)
    .bss                                     0x20000594   Section      200  timer.o(.bss)
    .bss                                     0x2000065c   Section      296  ucp.o(.bss)
    ucp_rx_data                              0x200006d4   Data          50  ucp.o(.bss)
    ucp_tx_data                              0x20000706   Data          12  ucp.o(.bss)
    .bss                                     0x20000784   Section      224  system.o(.bss)
    .bss                                     0x20000864   Section       64  scheduler.o(.bss)
    TaskCb                                   0x20000864   Data          64  scheduler.o(.bss)
    .bss                                     0x200008a4   Section     3200  sgfxsx1276modulation-lib.o(.bss)
    SpiTxBuffer                              0x200008a4   Data        3200  sgfxsx1276modulation-lib.o(.bss)
    STACK                                    0x20001528   Section     1024  startup_stm32l072xx.o(STACK)

    Global Symbols

    Symbol Name                              Value     Ov Type        Size  Object(Section)

    BuildAttributes$$THM_ISAv3M$S$PE$A:L22$X:L11$S22$IEEE1$IW$USESV6$~STKCKD$USESV7$~SHL$OTIME$ROPI$IEEEJ$EBA8$MICROLIB$REQ8$PRES8$EABIv2 0x00000000   Number         0  anon$$obj.o ABSOLUTE
    __ARM_use_no_argv                        0x00000000   Number         0  main.o ABSOLUTE
    _printf_a                                0x00000000   Number         0  stubs.o ABSOLUTE
    _printf_c                                0x00000000   Number         0  stubs.o ABSOLUTE
    _printf_charcount                        0x00000000   Number         0  stubs.o ABSOLUTE
    _printf_d                                0x00000000   Number         0  stubs.o ABSOLUTE
    _printf_e                                0x00000000   Number         0  stubs.o ABSOLUTE
    _printf_f                                0x00000000   Number         0  stubs.o ABSOLUTE
    _printf_flags                            0x00000000   Number         0  stubs.o ABSOLUTE
    _printf_fp_dec                           0x00000000   Number         0  stubs.o ABSOLUTE
    _printf_fp_hex                           0x00000000   Number         0  stubs.o ABSOLUTE
    _printf_g                                0x00000000   Number         0  stubs.o ABSOLUTE
    _printf_i                                0x00000000   Number         0  stubs.o ABSOLUTE
    _printf_int_dec                          0x00000000   Number         0  stubs.o ABSOLUTE
    _printf_l                                0x00000000   Number         0  stubs.o ABSOLUTE
    _printf_lc                               0x00000000   Number         0  stubs.o ABSOLUTE
    _printf_ll                               0x00000000   Number         0  stubs.o ABSOLUTE
    _printf_lld                              0x00000000   Number         0  stubs.o ABSOLUTE
    _printf_lli                              0x00000000   Number         0  stubs.o ABSOLUTE
    _printf_llo                              0x00000000   Number         0  stubs.o ABSOLUTE
    _printf_llu                              0x00000000   Number         0  stubs.o ABSOLUTE
    _printf_llx                              0x00000000   Number         0  stubs.o ABSOLUTE
    _printf_longlong_dec                     0x00000000   Number         0  stubs.o ABSOLUTE
    _printf_longlong_hex                     0x00000000   Number         0  stubs.o ABSOLUTE
    _printf_longlong_oct                     0x00000000   Number         0  stubs.o ABSOLUTE
    _printf_ls                               0x00000000   Number         0  stubs.o ABSOLUTE
    _printf_mbtowc                           0x00000000   Number         0  stubs.o ABSOLUTE
    _printf_n                                0x00000000   Number         0  stubs.o ABSOLUTE
    _printf_o                                0x00000000   Number         0  stubs.o ABSOLUTE
    _printf_p                                0x00000000   Number         0  stubs.o ABSOLUTE
    _printf_percent                          0x00000000   Number         0  stubs.o ABSOLUTE
    _printf_pre_padding                      0x00000000   Number         0  stubs.o ABSOLUTE
    _printf_return_value                     0x00000000   Number         0  stubs.o ABSOLUTE
    _printf_s                                0x00000000   Number         0  stubs.o ABSOLUTE
    _printf_sizespec                         0x00000000   Number         0  stubs.o ABSOLUTE
    _printf_str                              0x00000000   Number         0  stubs.o ABSOLUTE
    _printf_truncate_signed                  0x00000000   Number         0  stubs.o ABSOLUTE
    _printf_truncate_unsigned                0x00000000   Number         0  stubs.o ABSOLUTE
    _printf_u                                0x00000000   Number         0  stubs.o ABSOLUTE
    _printf_wc                               0x00000000   Number         0  stubs.o ABSOLUTE
    _printf_wctomb                           0x00000000   Number         0  stubs.o ABSOLUTE
    _printf_widthprec                        0x00000000   Number         0  stubs.o ABSOLUTE
    _printf_x                                0x00000000   Number         0  stubs.o ABSOLUTE
    __cpp_initialize__aeabi_                  - Undefined Weak Reference
    __cxa_finalize                            - Undefined Weak Reference
    __decompress                              - Undefined Weak Reference
    _clock_init                               - Undefined Weak Reference
    _microlib_exit                            - Undefined Weak Reference
    __Vectors_Size                           0x000000c0   Number         0  startup_stm32l072xx.o ABSOLUTE
    __Vectors                                0x08000000   Data           4  startup_stm32l072xx.o(RESET)
    __Vectors_End                            0x080000c0   Data           0  startup_stm32l072xx.o(RESET)
    __main                                   0x080000c1   Thumb Code     0  entry.o(.ARM.Collect$$$$00000000)
    _main_stk                                0x080000c1   Thumb Code     0  entry2.o(.ARM.Collect$$$$00000001)
    _main_scatterload                        0x080000c5   Thumb Code     0  entry5.o(.ARM.Collect$$$$00000004)
    __main_after_scatterload                 0x080000c9   Thumb Code     0  entry5.o(.ARM.Collect$$$$00000004)
    _main_clock                              0x080000c9   Thumb Code     0  entry7b.o(.ARM.Collect$$$$00000008)
    _main_cpp_init                           0x080000c9   Thumb Code     0  entry8b.o(.ARM.Collect$$$$0000000A)
    _main_init                               0x080000c9   Thumb Code     0  entry9a.o(.ARM.Collect$$$$0000000B)
    __rt_final_cpp                           0x080000d1   Thumb Code     0  entry10a.o(.ARM.Collect$$$$0000000D)
    __rt_final_exit                          0x080000d1   Thumb Code     0  entry11a.o(.ARM.Collect$$$$0000000F)
    Reset_Handler                            0x080000d5   Thumb Code     8  startup_stm32l072xx.o(.text)
    ADC1_COMP_IRQHandler                     0x080000e7   Thumb Code     0  startup_stm32l072xx.o(.text)
    DMA1_Channel1_IRQHandler                 0x080000e7   Thumb Code     0  startup_stm32l072xx.o(.text)
    FLASH_IRQHandler                         0x080000e7   Thumb Code     0  startup_stm32l072xx.o(.text)
    I2C1_IRQHandler                          0x080000e7   Thumb Code     0  startup_stm32l072xx.o(.text)
    I2C2_IRQHandler                          0x080000e7   Thumb Code     0  startup_stm32l072xx.o(.text)
    I2C3_IRQHandler                          0x080000e7   Thumb Code     0  startup_stm32l072xx.o(.text)
    LPTIM1_IRQHandler                        0x080000e7   Thumb Code     0  startup_stm32l072xx.o(.text)
    PVD_IRQHandler                           0x080000e7   Thumb Code     0  startup_stm32l072xx.o(.text)
    RCC_CRS_IRQHandler                       0x080000e7   Thumb Code     0  startup_stm32l072xx.o(.text)
    RNG_LPUART1_IRQHandler                   0x080000e7   Thumb Code     0  startup_stm32l072xx.o(.text)
    SPI1_IRQHandler                          0x080000e7   Thumb Code     0  startup_stm32l072xx.o(.text)
    SPI2_IRQHandler                          0x080000e7   Thumb Code     0  startup_stm32l072xx.o(.text)
    TIM21_IRQHandler                         0x080000e7   Thumb Code     0  startup_stm32l072xx.o(.text)
    TIM22_IRQHandler                         0x080000e7   Thumb Code     0  startup_stm32l072xx.o(.text)
    TIM2_IRQHandler                          0x080000e7   Thumb Code     0  startup_stm32l072xx.o(.text)
    TIM6_DAC_IRQHandler                      0x080000e7   Thumb Code     0  startup_stm32l072xx.o(.text)
    TIM7_IRQHandler                          0x080000e7   Thumb Code     0  startup_stm32l072xx.o(.text)
    TSC_IRQHandler                           0x080000e7   Thumb Code     0  startup_stm32l072xx.o(.text)
    USART2_IRQHandler                        0x080000e7   Thumb Code     0  startup_stm32l072xx.o(.text)
    USART4_5_IRQHandler                      0x080000e7   Thumb Code     0  startup_stm32l072xx.o(.text)
    USB_IRQHandler                           0x080000e7   Thumb Code     0  startup_stm32l072xx.o(.text)
    WWDG_IRQHandler                          0x080000e7   Thumb Code     0  startup_stm32l072xx.o(.text)
    __aeabi_uidiv                            0x080000f1   Thumb Code     0  uidiv.o(.text)
    __aeabi_uidivmod                         0x080000f1   Thumb Code    44  uidiv.o(.text)
    __aeabi_uldivmod                         0x0800011d   Thumb Code    96  uldiv.o(.text)
    __aeabi_memcpy                           0x0800017d   Thumb Code    36  memcpya.o(.text)
    __aeabi_memcpy4                          0x0800017d   Thumb Code     0  memcpya.o(.text)
    __aeabi_memcpy8                          0x0800017d   Thumb Code     0  memcpya.o(.text)
    __aeabi_memset                           0x080001a1   Thumb Code    14  memseta.o(.text)
    __aeabi_memset4                          0x080001a1   Thumb Code     0  memseta.o(.text)
    __aeabi_memset8                          0x080001a1   Thumb Code     0  memseta.o(.text)
    __aeabi_memclr                           0x080001af   Thumb Code     4  memseta.o(.text)
    __aeabi_memclr4                          0x080001af   Thumb Code     0  memseta.o(.text)
    __aeabi_memclr8                          0x080001af   Thumb Code     0  memseta.o(.text)
    _memset$wrapper                          0x080001b3   Thumb Code    18  memseta.o(.text)
    strlen                                   0x080001c5   Thumb Code    14  strlen.o(.text)
    __aeabi_llsl                             0x080001d3   Thumb Code    32  llshl.o(.text)
    _ll_shift_l                              0x080001d3   Thumb Code     0  llshl.o(.text)
    __aeabi_llsr                             0x080001f3   Thumb Code    34  llushr.o(.text)
    _ll_ushift_r                             0x080001f3   Thumb Code     0  llushr.o(.text)
    __scatterload                            0x08000215   Thumb Code    28  init.o(.text)
    __scatterload_rt2                        0x08000215   Thumb Code     0  init.o(.text)
    BSP_LED_Init                             0x08000239   Thumb Code    88  b-l072z-lrwan1.o(i.BSP_LED_Init)
    BSP_LED_Off                              0x0800029d   Thumb Code    22  b-l072z-lrwan1.o(i.BSP_LED_Off)
    BSP_LED_On                               0x080002bd   Thumb Code    22  b-l072z-lrwan1.o(i.BSP_LED_On)
    BSP_LED_blink_off_led_blue               0x080002dd   Thumb Code    20  b-l072z-lrwan1.o(i.BSP_LED_blink_off_led_blue)
    BSP_LED_blink_off_led_green              0x080002f5   Thumb Code    20  b-l072z-lrwan1.o(i.BSP_LED_blink_off_led_green)
    BSP_LED_blink_off_led_red2               0x0800030d   Thumb Code    20  b-l072z-lrwan1.o(i.BSP_LED_blink_off_led_red2)
    BSP_LED_blink_on_led_blue                0x08000325   Thumb Code    20  b-l072z-lrwan1.o(i.BSP_LED_blink_on_led_blue)
    BSP_LED_blink_on_led_green               0x0800033d   Thumb Code    20  b-l072z-lrwan1.o(i.BSP_LED_blink_on_led_green)
    BSP_LED_blink_on_led_red2                0x08000355   Thumb Code    20  b-l072z-lrwan1.o(i.BSP_LED_blink_on_led_red2)
    BSP_sensor_Init                          0x0800036d   Thumb Code     2  bsp.o(i.BSP_sensor_Init)
    DBG_Init                                 0x08000371   Thumb Code   120  debug.o(i.DBG_Init)
    DMA1_Channel2_3_IRQHandler               0x080003f1   Thumb Code    12  mlm32l0xx_it.o(i.DMA1_Channel2_3_IRQHandler)
    DMA1_Channel4_5_6_7_IRQHandler           0x080003fd   Thumb Code     8  mlm32l0xx_it.o(i.DMA1_Channel4_5_6_7_IRQHandler)
    EXTI0_1_IRQHandler                       0x08000405   Thumb Code    16  mlm32l0xx_it.o(i.EXTI0_1_IRQHandler)
    EXTI2_3_IRQHandler                       0x08000415   Thumb Code    16  mlm32l0xx_it.o(i.EXTI2_3_IRQHandler)
    EXTI4_15_IRQHandler                      0x08000425   Thumb Code    92  mlm32l0xx_it.o(i.EXTI4_15_IRQHandler)
    Error_Handler                            0x08000481   Thumb Code     2  debug.o(i.Error_Handler)
    HAL_DBGMCU_EnableDBGSleepMode            0x08000485   Thumb Code    12  stm32l0xx_hal.o(i.HAL_DBGMCU_EnableDBGSleepMode)
    HAL_DBGMCU_EnableDBGStandbyMode          0x08000495   Thumb Code    12  stm32l0xx_hal.o(i.HAL_DBGMCU_EnableDBGStandbyMode)
    HAL_DBGMCU_EnableDBGStopMode             0x080004a5   Thumb Code    12  stm32l0xx_hal.o(i.HAL_DBGMCU_EnableDBGStopMode)
    HAL_DMA_Abort                            0x080004b5   Thumb Code    76  stm32l0xx_hal_dma.o(i.HAL_DMA_Abort)
    HAL_DMA_Abort_IT                         0x08000501   Thumb Code   148  stm32l0xx_hal_dma.o(i.HAL_DMA_Abort_IT)
    HAL_DMA_Init                             0x08000599   Thumb Code   254  stm32l0xx_hal_dma.o(i.HAL_DMA_Init)
    HAL_Delay                                0x080006a1   Thumb Code    10  mlm32l0xx_hal_msp.o(i.HAL_Delay)
    HAL_FLASHEx_DATAEEPROM_EnableFixedTimeProgram 0x080006ad   Thumb Code    12  stm32l0xx_hal_flash_ex.o(i.HAL_FLASHEx_DATAEEPROM_EnableFixedTimeProgram)
    HAL_FLASHEx_DATAEEPROM_Lock              0x080006bd   Thumb Code    14  stm32l0xx_hal_flash_ex.o(i.HAL_FLASHEx_DATAEEPROM_Lock)
    HAL_FLASHEx_DATAEEPROM_Unlock            0x080006d1   Thumb Code    24  stm32l0xx_hal_flash_ex.o(i.HAL_FLASHEx_DATAEEPROM_Unlock)
    HAL_GPIO_EXTI_Callback                   0x080006f5   Thumb Code     8  mlm32l0xx_hal_msp.o(i.HAL_GPIO_EXTI_Callback)
    HAL_GPIO_EXTI_IRQHandler                 0x080006fd   Thumb Code    18  stm32l0xx_hal_gpio.o(i.HAL_GPIO_EXTI_IRQHandler)
    HAL_GPIO_Init                            0x08000715   Thumb Code   356  stm32l0xx_hal_gpio.o(i.HAL_GPIO_Init)
    HAL_GPIO_WritePin                        0x08000899   Thumb Code    12  stm32l0xx_hal_gpio.o(i.HAL_GPIO_WritePin)
    HAL_GetTick                              0x080008a5   Thumb Code     6  stm32l0xx_hal.o(i.HAL_GetTick)
    HAL_IncTick                              0x080008b1   Thumb Code   138  stm32l0xx_hal.o(i.HAL_IncTick)
    HAL_Init                                 0x08000951   Thumb Code    26  stm32l0xx_hal.o(i.HAL_Init)
    HAL_InitTick                             0x08000971   Thumb Code    34  stm32l0xx_hal.o(i.HAL_InitTick)
    HAL_MspInit                              0x08000999   Thumb Code    46  mlm32l0xx_hal_msp.o(i.HAL_MspInit)
    HAL_NVIC_ClearPendingIRQ                 0x080009d1   Thumb Code    14  stm32l0xx_hal_cortex.o(i.HAL_NVIC_ClearPendingIRQ)
    HAL_NVIC_EnableIRQ                       0x080009e5   Thumb Code    14  stm32l0xx_hal_cortex.o(i.HAL_NVIC_EnableIRQ)
    HAL_NVIC_GetPendingIRQ                   0x080009f9   Thumb Code    24  stm32l0xx_hal_cortex.o(i.HAL_NVIC_GetPendingIRQ)
    HAL_NVIC_SetPriority                     0x08000a15   Thumb Code     8  stm32l0xx_hal_cortex.o(i.HAL_NVIC_SetPriority)
    HAL_PWREx_EnableFastWakeUp               0x08000a1d   Thumb Code    12  stm32l0xx_hal_pwr_ex.o(i.HAL_PWREx_EnableFastWakeUp)
    HAL_PWREx_EnableUltraLowPower            0x08000a2d   Thumb Code    12  stm32l0xx_hal_pwr_ex.o(i.HAL_PWREx_EnableUltraLowPower)
    HAL_PWR_DisablePVD                       0x08000a3d   Thumb Code    12  stm32l0xx_hal_pwr.o(i.HAL_PWR_DisablePVD)
    HAL_RCCEx_GetPeriphCLKFreq               0x08000a4d   Thumb Code   406  stm32l0xx_hal_rcc_ex.o(i.HAL_RCCEx_GetPeriphCLKFreq)
    HAL_RCCEx_PeriphCLKConfig                0x08000c0d   Thumb Code   382  stm32l0xx_hal_rcc_ex.o(i.HAL_RCCEx_PeriphCLKConfig)
    HAL_RCC_ClockConfig                      0x08000d99   Thumb Code   340  stm32l0xx_hal_rcc.o(i.HAL_RCC_ClockConfig)
    HAL_RCC_GetPCLK1Freq                     0x08000f01   Thumb Code    20  stm32l0xx_hal_rcc.o(i.HAL_RCC_GetPCLK1Freq)
    HAL_RCC_GetPCLK2Freq                     0x08000f21   Thumb Code    20  stm32l0xx_hal_rcc.o(i.HAL_RCC_GetPCLK2Freq)
    HAL_RCC_GetSysClockFreq                  0x08000f41   Thumb Code   100  stm32l0xx_hal_rcc.o(i.HAL_RCC_GetSysClockFreq)
    HAL_RCC_OscConfig                        0x08000fb9   Thumb Code  1116  stm32l0xx_hal_rcc.o(i.HAL_RCC_OscConfig)
    HAL_RTCEx_EnableBypassShadow             0x08001415   Thumb Code    60  stm32l0xx_hal_rtc_ex.o(i.HAL_RTCEx_EnableBypassShadow)
    HAL_RTC_AlarmAEventCallback              0x08001451   Thumb Code     8  mlm32l0xx_hal_msp.o(i.HAL_RTC_AlarmAEventCallback)
    HAL_RTC_DeactivateAlarm                  0x08001459   Thumb Code   184  stm32l0xx_hal_rtc.o(i.HAL_RTC_DeactivateAlarm)
    HAL_RTC_GetDate                          0x08001511   Thumb Code    68  stm32l0xx_hal_rtc.o(i.HAL_RTC_GetDate)
    HAL_RTC_GetTime                          0x08001555   Thumb Code    88  stm32l0xx_hal_rtc.o(i.HAL_RTC_GetTime)
    HAL_RTC_Init                             0x080015b1   Thumb Code   160  stm32l0xx_hal_rtc.o(i.HAL_RTC_Init)
    HAL_RTC_MspInit                          0x08001655   Thumb Code    86  mlm32l0xx_hal_msp.o(i.HAL_RTC_MspInit)
    HAL_RTC_SetAlarm_IT                      0x080016b1   Thumb Code   408  stm32l0xx_hal_rtc.o(i.HAL_RTC_SetAlarm_IT)
    HAL_RTC_SetDate                          0x08001851   Thumb Code   200  stm32l0xx_hal_rtc.o(i.HAL_RTC_SetDate)
    HAL_RTC_SetTime                          0x0800191d   Thumb Code   234  stm32l0xx_hal_rtc.o(i.HAL_RTC_SetTime)
    HAL_RTC_WaitForSynchro                   0x08001a0d   Thumb Code    52  stm32l0xx_hal_rtc.o(i.HAL_RTC_WaitForSynchro)
    HAL_SPI_DMAStop                          0x08001a41   Thumb Code    54  stm32l0xx_hal_spi.o(i.HAL_SPI_DMAStop)
    HAL_SPI_Init                             0x08001a77   Thumb Code   132  stm32l0xx_hal_spi.o(i.HAL_SPI_Init)
    HAL_SPI_MspInit                          0x08001afd   Thumb Code   114  mlm32l0xx_hal_msp.o(i.HAL_SPI_MspInit)
    HAL_SPI_TransmitReceive                  0x08001b7d   Thumb Code   696  stm32l0xx_hal_spi.o(i.HAL_SPI_TransmitReceive)
    HAL_SYSTICK_Config                       0x08001e35   Thumb Code    38  stm32l0xx_hal_cortex.o(i.HAL_SYSTICK_Config)
    HAL_TIMEx_MasterConfigSynchronization    0x08001e65   Thumb Code    72  stm32l0xx_hal_tim_ex.o(i.HAL_TIMEx_MasterConfigSynchronization)
    HAL_TIM_Base_Init                        0x08001ead   Thumb Code    52  stm32l0xx_hal_tim.o(i.HAL_TIM_Base_Init)
    HAL_TIM_Base_MspInit                     0x08001ee1   Thumb Code     2  stm32l0xx_hal_tim.o(i.HAL_TIM_Base_MspInit)
    HAL_TIM_Base_Start_IT                    0x08001ee3   Thumb Code    22  stm32l0xx_hal_tim.o(i.HAL_TIM_Base_Start_IT)
    HAL_TIM_ConfigClockSource                0x08001ef9   Thumb Code   238  stm32l0xx_hal_tim.o(i.HAL_TIM_ConfigClockSource)
    HAL_TIM_IC_CaptureCallback               0x08001fe7   Thumb Code     2  stm32l0xx_hal_tim.o(i.HAL_TIM_IC_CaptureCallback)
    HAL_TIM_IRQHandler                       0x08001fe9   Thumb Code   294  stm32l0xx_hal_tim.o(i.HAL_TIM_IRQHandler)
    HAL_TIM_OC_ConfigChannel                 0x0800210f   Thumb Code    80  stm32l0xx_hal_tim.o(i.HAL_TIM_OC_ConfigChannel)
    HAL_TIM_OC_DelayElapsedCallback          0x0800215f   Thumb Code     2  stm32l0xx_hal_tim.o(i.HAL_TIM_OC_DelayElapsedCallback)
    HAL_TIM_OC_Init                          0x08002161   Thumb Code    52  stm32l0xx_hal_tim.o(i.HAL_TIM_OC_Init)
    HAL_TIM_OC_MspInit                       0x08002195   Thumb Code    12  mlm32l0xx_hal_msp.o(i.HAL_TIM_OC_MspInit)
    HAL_TIM_OC_Stop                          0x080021a5   Thumb Code    34  stm32l0xx_hal_tim.o(i.HAL_TIM_OC_Stop)
    HAL_TIM_PWM_PulseFinishedCallback        0x080021cd   Thumb Code     2  stm32l0xx_hal_tim.o(i.HAL_TIM_PWM_PulseFinishedCallback)
    HAL_TIM_PeriodElapsedCallback            0x080021cf   Thumb Code     2  stm32l0xx_hal_tim.o(i.HAL_TIM_PeriodElapsedCallback)
    HAL_TIM_TriggerCallback                  0x080021d1   Thumb Code     2  stm32l0xx_hal_tim.o(i.HAL_TIM_TriggerCallback)
    HAL_UARTEx_WakeupCallback                0x080021d3   Thumb Code     2  stm32l0xx_hal_uart_ex.o(i.HAL_UARTEx_WakeupCallback)
    HAL_UART_ErrorCallback                   0x080021d5   Thumb Code     2  stm32l0xx_hal_uart.o(i.HAL_UART_ErrorCallback)
    HAL_UART_IRQHandler                      0x080021d9   Thumb Code   318  stm32l0xx_hal_uart.o(i.HAL_UART_IRQHandler)
    HAL_UART_Init                            0x0800231d   Thumb Code   108  stm32l0xx_hal_uart.o(i.HAL_UART_Init)
    HAL_UART_MspInit                         0x08002389   Thumb Code    76  stm32l0xx_hal_uart.o(i.HAL_UART_MspInit)
    HAL_UART_RxCpltCallback                  0x080023dd   Thumb Code     2  stm32l0xx_hal_uart.o(i.HAL_UART_RxCpltCallback)
    HAL_UART_TxCpltCallback                  0x080023df   Thumb Code     2  stm32l0xx_hal_uart.o(i.HAL_UART_TxCpltCallback)
    HW_EEPROM_Init                           0x080023e1   Thumb Code    38  hw_eeprom.o(i.HW_EEPROM_Init)
    HW_EEPROM_Lock                           0x08002411   Thumb Code     8  hw_eeprom.o(i.HW_EEPROM_Lock)
    HW_EEPROM_Unlock                         0x08002419   Thumb Code    12  hw_eeprom.o(i.HW_EEPROM_Unlock)
    HW_GPIO_Init                             0x0800245d   Thumb Code    80  hw_gpio.o(i.HW_GPIO_Init)
    HW_GPIO_IrqHandler                       0x080024b1   Thumb Code    20  hw_gpio.o(i.HW_GPIO_IrqHandler)
    HW_GPIO_SetIrq                           0x080024c9   Thumb Code    56  hw_gpio.o(i.HW_GPIO_SetIrq)
    HW_GPIO_Write                            0x08002505   Thumb Code    10  hw_gpio.o(i.HW_GPIO_Write)
    HW_GpioInit                              0x08002511   Thumb Code   150  mlm32l0xx_hw.o(i.HW_GpioInit)
    HW_RTC_DelayMs                           0x080025c1   Thumb Code    38  hw_rtc.o(i.HW_RTC_DelayMs)
    HW_RTC_GetMinimumTimeout                 0x0800268d   Thumb Code     4  hw_rtc.o(i.HW_RTC_GetMinimumTimeout)
    HW_RTC_GetTimerContext                   0x08002691   Thumb Code     6  hw_rtc.o(i.HW_RTC_GetTimerContext)
    HW_RTC_GetTimerElapsedTime               0x0800269d   Thumb Code    22  hw_rtc.o(i.HW_RTC_GetTimerElapsedTime)
    HW_RTC_GetTimerValue                     0x080026b9   Thumb Code    16  hw_rtc.o(i.HW_RTC_GetTimerValue)
    HW_RTC_Init                              0x080026c9   Thumb Code    34  hw_rtc.o(i.HW_RTC_Init)
    HW_RTC_IrqHandler                        0x080026f5   Thumb Code    54  hw_rtc.o(i.HW_RTC_IrqHandler)
    HW_RTC_SetAlarm                          0x08002735   Thumb Code    34  hw_rtc.o(i.HW_RTC_SetAlarm)
    HW_RTC_SetTimerContext                   0x080027b9   Thumb Code    18  hw_rtc.o(i.HW_RTC_SetTimerContext)
    HW_RTC_StopAlarm                         0x080028e9   Thumb Code    36  hw_rtc.o(i.HW_RTC_StopAlarm)
    HW_SPI_ClearIRQ                          0x08002915   Thumb Code   166  hw_spi.o(i.HW_SPI_ClearIRQ)
    HW_SPI_InOut                             0x080029c5   Thumb Code    28  hw_spi.o(i.HW_SPI_InOut)
    HW_SPI_Init                              0x080029e5   Thumb Code    78  hw_spi.o(i.HW_SPI_Init)
    HW_SPI_IoInit                            0x08002a45   Thumb Code    92  hw_spi.o(i.HW_SPI_IoInit)
    HW_SPI_IoNssSwInit                       0x08002aa5   Thumb Code    76  hw_spi.o(i.HW_SPI_IoNssSwInit)
    HW_SPI_Transmit_DMA_Stop                 0x08002af9   Thumb Code    36  hw_spi.o(i.HW_SPI_Transmit_DMA_Stop)
    HW_SetHSEasSysClock                      0x08002b21   Thumb Code    40  mlm32l0xx_hw.o(i.HW_SetHSEasSysClock)
    HW_SetHSIasSysClock                      0x08002b4d   Thumb Code    80  mlm32l0xx_hw.o(i.HW_SetHSIasSysClock)
    HW_TIM2_Init                             0x08002ba1   Thumb Code    84  hw_tim2.o(i.HW_TIM2_Init)
    HW_TIM2_Stop                             0x08002bf9   Thumb Code    50  hw_tim2.o(i.HW_TIM2_Stop)
    HardFault_Handler                        0x08002c31   Thumb Code     4  mlm32l0xx_it.o(i.HardFault_Handler)
    LL_DMA_Init                              0x08002c35   Thumb Code    94  stm32l0xx_ll_dma.o(i.LL_DMA_Init)
    LPM_SetOffMode                           0x08002d05   Thumb Code    34  low_power_manager.o(i.LPM_SetOffMode)
    LPM_SetStopMode                          0x08002d2d   Thumb Code    34  low_power_manager.o(i.LPM_SetStopMode)
    MCU_API_free                             0x08002d55   Thumb Code     4  mcu_api.o(i.MCU_API_free)
    MCU_API_get_nv_mem                       0x08002d59   Thumb Code    22  mcu_api.o(i.MCU_API_get_nv_mem)
    MCU_API_malloc                           0x08002d75   Thumb Code    18  mcu_api.o(i.MCU_API_malloc)
    MSP_GetIRQn                              0x08002d8d   Thumb Code    48  mlm32l0xx_hal_msp.o(i.MSP_GetIRQn)
    NMI_Handler                              0x08002dbd   Thumb Code     2  mlm32l0xx_it.o(i.NMI_Handler)
    PendSV_Handler                           0x08002e05   Thumb Code     2  mlm32l0xx_it.o(i.PendSV_Handler)
    RETURN_CODE                              0x08002e79   Thumb Code     8  sigfox_internal.o(i.RETURN_CODE)
    RTC_Bcd2ToByte                           0x08002e81   Thumb Code    16  stm32l0xx_hal_rtc.o(i.RTC_Bcd2ToByte)
    RTC_ByteToBcd2                           0x08002e91   Thumb Code    22  stm32l0xx_hal_rtc.o(i.RTC_ByteToBcd2)
    RTC_EnterInitMode                        0x08002ea7   Thumb Code    56  stm32l0xx_hal_rtc.o(i.RTC_EnterInitMode)
    RTC_IRQHandler                           0x08002edf   Thumb Code     8  mlm32l0xx_it.o(i.RTC_IRQHandler)
    RxChainCalibration                       0x08002ee9   Thumb Code   138  sx1276.o(i.RxChainCalibration)
    SCH_Idle                                 0x08002f7d   Thumb Code    12  main.o(i.SCH_Idle)
    SCH_RegTask                              0x08002f89   Thumb Code    18  scheduler.o(i.SCH_RegTask)
    SCH_Run                                  0x08002fa1   Thumb Code   110  scheduler.o(i.SCH_Run)
    SCH_SetEvt                               0x0800301d   Thumb Code    24  scheduler.o(i.SCH_SetEvt)
    SCH_SetTask                              0x08003039   Thumb Code    24  scheduler.o(i.SCH_SetTask)
    SIGFOX_API_open                          0x08003055   Thumb Code   322  sigfox_api.o(i.SIGFOX_API_open)
    SIGFOX_API_set_std_config                0x080031c1   Thumb Code   114  sigfox_api.o(i.SIGFOX_API_set_std_config)
    SIGFOX_INT_get_device_id                 0x08003245   Thumb Code    46  sigfox_internal.o(i.SIGFOX_INT_get_device_id)
    SIGFOX_INT_get_max_micro_channel         0x08003273   Thumb Code    52  sigfox_internal.o(i.SIGFOX_INT_get_max_micro_channel)
    STLL_LowPower                            0x08003359   Thumb Code    20  st_lowlevel.o(i.STLL_LowPower)
    STLL_SetClockSource                      0x0800336d   Thumb Code    18  st_lowlevel.o(i.STLL_SetClockSource)
    STLL_SetEndOfTxFrame                     0x0800337f   Thumb Code    10  st_lowlevel.o(i.STLL_SetEndOfTxFrame)
    STLL_TIM2_Stop                           0x08003389   Thumb Code     8  st_lowlevel.o(i.STLL_TIM2_Stop)
    STLL_TX_IRQHandler_CB                    0x08003391   Thumb Code   134  sgfxsx1276modulation-lib.o(i.STLL_TX_IRQHandler_CB)
    STLL_Transmit_DMA_Stop                   0x08003421   Thumb Code     8  st_lowlevel.o(i.STLL_Transmit_DMA_Stop)
    SVC_Handler                              0x08003429   Thumb Code     2  mlm32l0xx_it.o(i.SVC_Handler)
    SX1276BoardInit                          0x0800342d   Thumb Code     6  sx1276.o(i.SX1276BoardInit)
    SX1276GetPaSelect                        0x08003439   Thumb Code    12  mlm32l07x01.o(i.SX1276GetPaSelect)
    SX1276GetWakeUpTime                      0x08003445   Thumb Code     4  mlm32l07x01.o(i.SX1276GetWakeUpTime)
    SX1276Init                               0x08003449   Thumb Code   122  sx1276.o(i.SX1276Init)
    SX1276IoInit                             0x080034d5   Thumb Code   106  mlm32l07x01.o(i.SX1276IoInit)
    SX1276IoIrqInit                          0x08003551   Thumb Code    58  mlm32l07x01.o(i.SX1276IoIrqInit)
    SX1276OnDio0Irq                          0x08003595   Thumb Code   594  sx1276.o(i.SX1276OnDio0Irq)
    SX1276OnDio1Irq                          0x08003811   Thumb Code   194  sx1276.o(i.SX1276OnDio1Irq)
    SX1276OnDio2Irq                          0x080038e9   Thumb Code   170  sx1276.o(i.SX1276OnDio2Irq)
    SX1276OnDio3Irq                          0x080039a1   Thumb Code    76  sx1276.o(i.SX1276OnDio3Irq)
    SX1276OnDio4Irq                          0x080039f5   Thumb Code    24  sx1276.o(i.SX1276OnDio4Irq)
    SX1276OnTimeoutIrq                       0x08003a11   Thumb Code   188  sx1276.o(i.SX1276OnTimeoutIrq)
    SX1276Read                               0x08003ad9   Thumb Code    16  sx1276.o(i.SX1276Read)
    SX1276ReadBuffer                         0x08003ae9   Thumb Code    66  sx1276.o(i.SX1276ReadBuffer)
    SX1276ReadFifo                           0x08003b2b   Thumb Code    14  sx1276.o(i.SX1276ReadFifo)
    SX1276Reset                              0x08003b39   Thumb Code    74  sx1276.o(i.SX1276Reset)
    SX1276SetAntSw                           0x08003b89   Thumb Code    60  mlm32l07x01.o(i.SX1276SetAntSw)
    SX1276SetAntSwLowPower                   0x08003bcd   Thumb Code   110  mlm32l07x01.o(i.SX1276SetAntSwLowPower)
    SX1276SetChannel                         0x08003c41   Thumb Code    72  sx1276.o(i.SX1276SetChannel)
    SX1276SetModem                           0x08003c91   Thumb Code   106  sx1276.o(i.SX1276SetModem)
    SX1276SetOpMode                          0x08003d01   Thumb Code    86  sx1276.o(i.SX1276SetOpMode)
    SX1276SetPublicNetwork                   0x08003d5d   Thumb Code    32  sx1276.o(i.SX1276SetPublicNetwork)
    SX1276SetRfTxPower                       0x08003d81   Thumb Code   152  mlm32l07x01.o(i.SX1276SetRfTxPower)
    SX1276SetSleep                           0x08003e19   Thumb Code    32  sx1276.o(i.SX1276SetSleep)
    SX1276SetXO                              0x08003e3d   Thumb Code    40  mlm32l07x01.o(i.SX1276SetXO)
    SX1276Write                              0x08003e65   Thumb Code    12  sx1276.o(i.SX1276Write)
    SX1276WriteBuffer                        0x08003e71   Thumb Code    66  sx1276.o(i.SX1276WriteBuffer)
    SX1276WriteFifo                          0x08003eb3   Thumb Code    14  sx1276.o(i.SX1276WriteFifo)
    SYSTEM_initialize                        0x08003ec1   Thumb Code   108  system.o(i.SYSTEM_initialize)
    SysTick_Handler                          0x08003f31   Thumb Code     8  mlm32l0xx_it.o(i.SysTick_Handler)
    SystemClock_Config                       0x08003f39   Thumb Code   130  mlm32l0xx_hw.o(i.SystemClock_Config)
    SystemInit                               0x08003fc5   Thumb Code    66  system_stm32l0xx.o(i.SystemInit)
    TEST_send_task_success                   0x08004019   Thumb Code    30  system.o(i.TEST_send_task_success)
    TEST_set_cmd_ok                          0x0800404d   Thumb Code    48  system.o(i.TEST_set_cmd_ok)
    TEST_vExecute_inst_1                     0x08004081   Thumb Code    48  system.o(i.TEST_vExecute_inst_1)
    TEST_vExecute_inst_2                     0x080040c5   Thumb Code    70  system.o(i.TEST_vExecute_inst_2)
    TEST_vExecute_inst_3                     0x0800412d   Thumb Code    88  system.o(i.TEST_vExecute_inst_3)
    TEST_vSend_cmd                           0x080041b5   Thumb Code    34  system.o(i.TEST_vSend_cmd)
    TIM3_IRQHandler                          0x080041dd   Thumb Code   132  mlm32l0xx_it.o(i.TIM3_IRQHandler)
    TIMER_initialize                         0x08004279   Thumb Code    68  timer.o(i.TIMER_initialize)
    TIMER_io_config                          0x080042c9   Thumb Code    64  timer.o(i.TIMER_io_config)
    TIMER_reset_ms_timer                     0x08004315   Thumb Code    20  timer.o(i.TIMER_reset_ms_timer)
    TIMER_start_ms_timer                     0x08004331   Thumb Code    48  timer.o(i.TIMER_start_ms_timer)
    TimerInit                                0x080045cd   Thumb Code    14  timeserver.o(i.TimerInit)
    TimerIrqHandler                          0x080045f9   Thumb Code   116  timeserver.o(i.TimerIrqHandler)
    TimerStart                               0x0800469d   Thumb Code   108  timeserver.o(i.TimerStart)
    TimerStop                                0x0800470d   Thumb Code    90  timeserver.o(i.TimerStop)
    UART_AdvFeatureConfig                    0x0800476d   Thumb Code   202  stm32l0xx_hal_uart.o(i.UART_AdvFeatureConfig)
    UART_CheckIdleState                      0x08004839   Thumb Code    90  stm32l0xx_hal_uart.o(i.UART_CheckIdleState)
    UART_SetConfig                           0x08004949   Thumb Code   510  stm32l0xx_hal_uart.o(i.UART_SetConfig)
    UART_WaitOnFlagUntilTimeout              0x08004bdf   Thumb Code    98  stm32l0xx_hal_uart.o(i.UART_WaitOnFlagUntilTimeout)
    UCP_initialize                           0x08004c41   Thumb Code   148  ucp.o(i.UCP_initialize)
    UCP_io_configure                         0x08004cf5   Thumb Code   136  ucp.o(i.UCP_io_configure)
    UCP_rx_abort                             0x08004d89   Thumb Code    42  ucp.o(i.UCP_rx_abort)
    UCP_send_frame                           0x08004dbd   Thumb Code   148  ucp.o(i.UCP_send_frame)
    UCP_tx_abort                             0x08004e61   Thumb Code    42  ucp.o(i.UCP_tx_abort)
    UCP_tx_retry                             0x08004e95   Thumb Code     2  ucp.o(i.UCP_tx_retry)
    USART1_IRQHandler                        0x08004e99   Thumb Code    16  mlm32l0xx_it.o(i.USART1_IRQHandler)
    __ARM_common_switch8                     0x08004ead   Thumb Code    26  hts221_driver_hl.o(i.__ARM_common_switch8)
    __scatterload_copy                       0x08004ec7   Thumb Code    14  handlers.o(i.__scatterload_copy)
    __scatterload_null                       0x08004ed5   Thumb Code     2  handlers.o(i.__scatterload_null)
    __scatterload_zeroinit                   0x08004ed7   Thumb Code    14  handlers.o(i.__scatterload_zeroinit)
    main                                     0x08004fe9   Thumb Code    98  main.o(i.main)
    null_action                              0x08005061   Thumb Code     2  timer.o(i.null_action)
    send_data_request                        0x08005063   Thumb Code    10  system.o(i.send_data_request)
    send_test_data                           0x0800506d   Thumb Code    66  system.o(i.send_test_data)
    tiny_vsnprintf_like                      0x08005129   Thumb Code   338  tiny_vsnprintf.o(i.tiny_vsnprintf_like)
    user_button_init                         0x08005285   Thumb Code    52  system.o(i.user_button_init)
    vcom_Dma_IRQHandler                      0x080052c5   Thumb Code    90  vcom.o(i.vcom_Dma_IRQHandler)
    vcom_Send                                0x08005375   Thumb Code   262  vcom.o(i.vcom_Send)
    RadioRegsInit                            0x08005514   Data          48  sx1276.o(.constdata)
    FskBandwidths                            0x08005544   Data         176  sx1276.o(.constdata)
    BUTTON_IRQn                              0x080055f4   Data           1  b-l072z-lrwan1.o(.constdata)
    BUTTON_PIN                               0x080055f6   Data           2  b-l072z-lrwan1.o(.constdata)
    LED_PIN                                  0x080055f8   Data           8  b-l072z-lrwan1.o(.constdata)
    AHBPrescTable                            0x08005600   Data          16  system_stm32l0xx.o(.constdata)
    PLLMulTable                              0x08005610   Data           9  system_stm32l0xx.o(.constdata)
    APBPrescTable                            0x08005619   Data           8  system_stm32l0xx.o(.constdata)
    Region$$Table$$Base                      0x0800574c   Number         0  anon$$obj.o(Region$$Table)
    Region$$Table$$Limit                     0x0800577c   Number         0  anon$$obj.o(Region$$Table)
    encrypted_sigfox_data                    0x08017000   Data          48  sigfox_data.o(.constdata)
    CREDENTIALS_get_dev_id                   0x080180e5   Thumb Code    30  sgfx_credentials_lib.o(i.CREDENTIALS_get_dev_id)
    SE_API_close                             0x0801817d   Thumb Code     4  sgfx_cmac_lib.o(i.SE_API_close)
    SE_API_get_device_id                     0x08018181   Thumb Code    10  sgfx_cmac_lib.o(i.SE_API_get_device_id)
    SE_API_open                              0x0801818b   Thumb Code     4  sgfx_cmac_lib.o(i.SE_API_open)
    E2pData                                  0x08080004   Data          88  hw_eeprom.o(eeprom_sect)
    DioIrq                                   0x20000008   Data          24  sx1276.o(.data)
    BUTTON_PORT                              0x20000020   Data           4  b-l072z-lrwan1.o(.data)
    LED_PORT                                 0x20000024   Data          16  b-l072z-lrwan1.o(.data)
    SystemCoreClock                          0x2000004c   Data           4  system_stm32l0xx.o(.data)
    uwTick                                   0x20000054   Data           4  stm32l0xx_hal.o(.data)
    ms_timer_flag                            0x20000064   Data           1  timer.o(.data)
    TIMER_tic_ms_timer                       0x20000066   Data           2  timer.o(.data)
    TIMER_tic_sec_timer                      0x20000068   Data           4  timer.o(.data)
    nextbit                                  0x200000a4   Data           4  sgfxsx1276modulation-lib.o(.data)
    modulationLibVersion                     0x200000a8   Data          23  sgfxsx1276modulation-lib.o(.data)
    g_state                                  0x200000c0   Data           1  sigfox_api.o(.data)
    rs                                       0x200000c4   Data           4  sigfox_api.o(.data)
    SX1276                                   0x200001c8   Data         104  sx1276.o(.bss)
    TxTimeoutTimer                           0x20000230   Data          20  sx1276.o(.bss)
    RxTimeoutTimer                           0x20000244   Data          20  sx1276.o(.bss)
    RxTimeoutSyncWord                        0x20000258   Data          20  sx1276.o(.bss)
    TIMER_ms_timers                          0x20000594   Data         120  timer.o(.bss)
    TIMER_min_timers                         0x2000060c   Data          24  timer.o(.bss)
    base_timer                               0x20000624   Data          56  timer.o(.bss)
    ucp_dll                                  0x2000065c   Data         120  ucp.o(.bss)
    mm_uart                                  0x20000714   Data         112  ucp.o(.bss)
    states                                   0x20000784   Data         224  system.o(.bss)
    __initial_sp                             0x20001928   Data           0  startup_stm32l072xx.o(STACK)



==============================================================================

Memory Map of the image

  Image Entry point : 0x080000c1

  Load Region LR_IROM1 (Base: 0x08000000, Size: 0x00005844, Max: 0x00017000, ABSOLUTE)

    Execution Region ER_IROM1 (Exec base: 0x08000000, Load base: 0x08000000, Size: 0x0000577c, Max: 0x00017000, ABSOLUTE)

    Exec Addr    Load Addr    Size         Type   Attr      Idx    E Section Name        Object

    0x08000000   0x08000000   0x000000c0   Data   RO         6688    RESET               startup_stm32l072xx.o
    0x080000c0   0x080000c0   0x00000000   Code   RO         9372  * .ARM.Collect$$$$00000000  mc_p.l(entry.o)
    0x080000c0   0x080000c0   0x00000004   Code   RO         9684    .ARM.Collect$$$$00000001  mc_p.l(entry2.o)
    0x080000c4   0x080000c4   0x00000004   Code   RO         9687    .ARM.Collect$$$$00000004  mc_p.l(entry5.o)
    0x080000c8   0x080000c8   0x00000000   Code   RO         9689    .ARM.Collect$$$$00000008  mc_p.l(entry7b.o)
    0x080000c8   0x080000c8   0x00000000   Code   RO         9691    .ARM.Collect$$$$0000000A  mc_p.l(entry8b.o)
    0x080000c8   0x080000c8   0x00000008   Code   RO         9692    .ARM.Collect$$$$0000000B  mc_p.l(entry9a.o)
    0x080000d0   0x080000d0   0x00000000   Code   RO         9694    .ARM.Collect$$$$0000000D  mc_p.l(entry10a.o)
    0x080000d0   0x080000d0   0x00000000   Code   RO         9696    .ARM.Collect$$$$0000000F  mc_p.l(entry11a.o)
    0x080000d0   0x080000d0   0x00000004   Code   RO         9685    .ARM.Collect$$$$00002712  mc_p.l(entry2.o)
    0x080000d4   0x080000d4   0x0000001c   Code   RO         6689    .text               startup_stm32l072xx.o
    0x080000f0   0x080000f0   0x0000002c   Code   RO         9375    .text               mc_p.l(uidiv.o)
    0x0800011c   0x0800011c   0x00000060   Code   RO         9379    .text               mc_p.l(uldiv.o)
    0x0800017c   0x0800017c   0x00000024   Code   RO         9383    .text               mc_p.l(memcpya.o)
    0x080001a0   0x080001a0   0x00000024   Code   RO         9385    .text               mc_p.l(memseta.o)
    0x080001c4   0x080001c4   0x0000000e   Code   RO         9387    .text               mc_p.l(strlen.o)
    0x080001d2   0x080001d2   0x00000020   Code   RO         9701    .text               mc_p.l(llshl.o)
    0x080001f2   0x080001f2   0x00000022   Code   RO         9703    .text               mc_p.l(llushr.o)
    0x08000214   0x08000214   0x00000024   Code   RO         9720    .text               mc_p.l(init.o)
    0x08000238   0x08000238   0x00000064   Code   RO         2753    i.BSP_LED_Init      b-l072z-lrwan1.o
    0x0800029c   0x0800029c   0x00000020   Code   RO         2754    i.BSP_LED_Off       b-l072z-lrwan1.o
    0x080002bc   0x080002bc   0x00000020   Code   RO         2755    i.BSP_LED_On        b-l072z-lrwan1.o
    0x080002dc   0x080002dc   0x00000018   Code   RO         2757    i.BSP_LED_blink_off_led_blue  b-l072z-lrwan1.o
    0x080002f4   0x080002f4   0x00000018   Code   RO         2758    i.BSP_LED_blink_off_led_green  b-l072z-lrwan1.o
    0x0800030c   0x0800030c   0x00000018   Code   RO         2760    i.BSP_LED_blink_off_led_red2  b-l072z-lrwan1.o
    0x08000324   0x08000324   0x00000018   Code   RO         2761    i.BSP_LED_blink_on_led_blue  b-l072z-lrwan1.o
    0x0800033c   0x0800033c   0x00000018   Code   RO         2762    i.BSP_LED_blink_on_led_green  b-l072z-lrwan1.o
    0x08000354   0x08000354   0x00000018   Code   RO         2764    i.BSP_LED_blink_on_led_red2  b-l072z-lrwan1.o
    0x0800036c   0x0800036c   0x00000002   Code   RO         7674    i.BSP_sensor_Init   bsp.o
    0x0800036e   0x0800036e   0x00000002   PAD
    0x08000370   0x08000370   0x00000080   Code   RO         6695    i.DBG_Init          debug.o
    0x080003f0   0x080003f0   0x0000000c   Code   RO         7413    i.DMA1_Channel2_3_IRQHandler  mlm32l0xx_it.o
    0x080003fc   0x080003fc   0x00000008   Code   RO         7414    i.DMA1_Channel4_5_6_7_IRQHandler  mlm32l0xx_it.o
    0x08000404   0x08000404   0x00000010   Code   RO         7416    i.EXTI0_1_IRQHandler  mlm32l0xx_it.o
    0x08000414   0x08000414   0x00000010   Code   RO         7417    i.EXTI2_3_IRQHandler  mlm32l0xx_it.o
    0x08000424   0x08000424   0x0000005c   Code   RO         7418    i.EXTI4_15_IRQHandler  mlm32l0xx_it.o
    0x08000480   0x08000480   0x00000002   Code   RO         6696    i.Error_Handler     debug.o
    0x08000482   0x08000482   0x00000002   PAD
    0x08000484   0x08000484   0x00000010   Code   RO         4028    i.HAL_DBGMCU_EnableDBGSleepMode  stm32l0xx_hal.o
    0x08000494   0x08000494   0x00000010   Code   RO         4029    i.HAL_DBGMCU_EnableDBGStandbyMode  stm32l0xx_hal.o
    0x080004a4   0x080004a4   0x00000010   Code   RO         4030    i.HAL_DBGMCU_EnableDBGStopMode  stm32l0xx_hal.o
    0x080004b4   0x080004b4   0x0000004c   Code   RO         4352    i.HAL_DMA_Abort     stm32l0xx_hal_dma.o
    0x08000500   0x08000500   0x00000098   Code   RO         4353    i.HAL_DMA_Abort_IT  stm32l0xx_hal_dma.o
    0x08000598   0x08000598   0x00000108   Code   RO         4358    i.HAL_DMA_Init      stm32l0xx_hal_dma.o
    0x080006a0   0x080006a0   0x0000000a   Code   RO         7225    i.HAL_Delay         mlm32l0xx_hal_msp.o
    0x080006aa   0x080006aa   0x00000002   PAD
    0x080006ac   0x080006ac   0x00000010   Code   RO         6249    i.HAL_FLASHEx_DATAEEPROM_EnableFixedTimeProgram  stm32l0xx_hal_flash_ex.o
    0x080006bc   0x080006bc   0x00000014   Code   RO         6251    i.HAL_FLASHEx_DATAEEPROM_Lock  stm32l0xx_hal_flash_ex.o
    0x080006d0   0x080006d0   0x00000024   Code   RO         6253    i.HAL_FLASHEx_DATAEEPROM_Unlock  stm32l0xx_hal_flash_ex.o
    0x080006f4   0x080006f4   0x00000008   Code   RO         7226    i.HAL_GPIO_EXTI_Callback  mlm32l0xx_hal_msp.o
    0x080006fc   0x080006fc   0x00000018   Code   RO         4291    i.HAL_GPIO_EXTI_IRQHandler  stm32l0xx_hal_gpio.o
    0x08000714   0x08000714   0x00000184   Code   RO         4292    i.HAL_GPIO_Init     stm32l0xx_hal_gpio.o
    0x08000898   0x08000898   0x0000000c   Code   RO         4296    i.HAL_GPIO_WritePin  stm32l0xx_hal_gpio.o
    0x080008a4   0x080008a4   0x0000000c   Code   RO         4036    i.HAL_GetTick       stm32l0xx_hal.o
    0x080008b0   0x080008b0   0x000000a0   Code   RO         4037    i.HAL_IncTick       stm32l0xx_hal.o
    0x08000950   0x08000950   0x00000020   Code   RO         4038    i.HAL_Init          stm32l0xx_hal.o
    0x08000970   0x08000970   0x00000028   Code   RO         4039    i.HAL_InitTick      stm32l0xx_hal.o
    0x08000998   0x08000998   0x00000038   Code   RO         7228    i.HAL_MspInit       mlm32l0xx_hal_msp.o
    0x080009d0   0x080009d0   0x00000014   Code   RO         4190    i.HAL_NVIC_ClearPendingIRQ  stm32l0xx_hal_cortex.o
    0x080009e4   0x080009e4   0x00000014   Code   RO         4192    i.HAL_NVIC_EnableIRQ  stm32l0xx_hal_cortex.o
    0x080009f8   0x080009f8   0x0000001c   Code   RO         4193    i.HAL_NVIC_GetPendingIRQ  stm32l0xx_hal_cortex.o
    0x08000a14   0x08000a14   0x00000008   Code   RO         4196    i.HAL_NVIC_SetPriority  stm32l0xx_hal_cortex.o
    0x08000a1c   0x08000a1c   0x00000010   Code   RO         4549    i.HAL_PWREx_EnableFastWakeUp  stm32l0xx_hal_pwr_ex.o
    0x08000a2c   0x08000a2c   0x00000010   Code   RO         4551    i.HAL_PWREx_EnableUltraLowPower  stm32l0xx_hal_pwr_ex.o
    0x08000a3c   0x08000a3c   0x00000010   Code   RO         4433    i.HAL_PWR_DisablePVD  stm32l0xx_hal_pwr.o
    0x08000a4c   0x08000a4c   0x000001c0   Code   RO         3910    i.HAL_RCCEx_GetPeriphCLKFreq  stm32l0xx_hal_rcc_ex.o
    0x08000c0c   0x08000c0c   0x0000018c   Code   RO         3913    i.HAL_RCCEx_PeriphCLKConfig  stm32l0xx_hal_rcc_ex.o
    0x08000d98   0x08000d98   0x00000168   Code   RO         3799    i.HAL_RCC_ClockConfig  stm32l0xx_hal_rcc.o
    0x08000f00   0x08000f00   0x00000020   Code   RO         3805    i.HAL_RCC_GetPCLK1Freq  stm32l0xx_hal_rcc.o
    0x08000f20   0x08000f20   0x00000020   Code   RO         3806    i.HAL_RCC_GetPCLK2Freq  stm32l0xx_hal_rcc.o
    0x08000f40   0x08000f40   0x00000078   Code   RO         3807    i.HAL_RCC_GetSysClockFreq  stm32l0xx_hal_rcc.o
    0x08000fb8   0x08000fb8   0x0000045c   Code   RO         3810    i.HAL_RCC_OscConfig  stm32l0xx_hal_rcc.o
    0x08001414   0x08001414   0x0000003c   Code   RO         4744    i.HAL_RTCEx_EnableBypassShadow  stm32l0xx_hal_rtc_ex.o
    0x08001450   0x08001450   0x00000008   Code   RO         7229    i.HAL_RTC_AlarmAEventCallback  mlm32l0xx_hal_msp.o
    0x08001458   0x08001458   0x000000b8   Code   RO         4605    i.HAL_RTC_DeactivateAlarm  stm32l0xx_hal_rtc.o
    0x08001510   0x08001510   0x00000044   Code   RO         4607    i.HAL_RTC_GetDate   stm32l0xx_hal_rtc.o
    0x08001554   0x08001554   0x0000005c   Code   RO         4609    i.HAL_RTC_GetTime   stm32l0xx_hal_rtc.o
    0x080015b0   0x080015b0   0x000000a4   Code   RO         4610    i.HAL_RTC_Init      stm32l0xx_hal_rtc.o
    0x08001654   0x08001654   0x0000005c   Code   RO         7231    i.HAL_RTC_MspInit   mlm32l0xx_hal_msp.o
    0x080016b0   0x080016b0   0x000001a0   Code   RO         4615    i.HAL_RTC_SetAlarm_IT  stm32l0xx_hal_rtc.o
    0x08001850   0x08001850   0x000000cc   Code   RO         4616    i.HAL_RTC_SetDate   stm32l0xx_hal_rtc.o
    0x0800191c   0x0800191c   0x000000f0   Code   RO         4617    i.HAL_RTC_SetTime   stm32l0xx_hal_rtc.o
    0x08001a0c   0x08001a0c   0x00000034   Code   RO         4618    i.HAL_RTC_WaitForSynchro  stm32l0xx_hal_rtc.o
    0x08001a40   0x08001a40   0x00000036   Code   RO         3042    i.HAL_SPI_DMAStop   stm32l0xx_hal_spi.o
    0x08001a76   0x08001a76   0x00000084   Code   RO         3048    i.HAL_SPI_Init      stm32l0xx_hal_spi.o
    0x08001afa   0x08001afa   0x00000002   PAD
    0x08001afc   0x08001afc   0x00000080   Code   RO         7232    i.HAL_SPI_MspInit   mlm32l0xx_hal_msp.o
    0x08001b7c   0x08001b7c   0x000002b8   Code   RO         3057    i.HAL_SPI_TransmitReceive  stm32l0xx_hal_spi.o
    0x08001e34   0x08001e34   0x00000030   Code   RO         4200    i.HAL_SYSTICK_Config  stm32l0xx_hal_cortex.o
    0x08001e64   0x08001e64   0x00000048   Code   RO         5582    i.HAL_TIMEx_MasterConfigSynchronization  stm32l0xx_hal_tim_ex.o
    0x08001eac   0x08001eac   0x00000034   Code   RO         4961    i.HAL_TIM_Base_Init  stm32l0xx_hal_tim.o
    0x08001ee0   0x08001ee0   0x00000002   Code   RO         4963    i.HAL_TIM_Base_MspInit  stm32l0xx_hal_tim.o
    0x08001ee2   0x08001ee2   0x00000016   Code   RO         4966    i.HAL_TIM_Base_Start_IT  stm32l0xx_hal_tim.o
    0x08001ef8   0x08001ef8   0x000000ee   Code   RO         4970    i.HAL_TIM_ConfigClockSource  stm32l0xx_hal_tim.o
    0x08001fe6   0x08001fe6   0x00000002   Code   RO         4990    i.HAL_TIM_IC_CaptureCallback  stm32l0xx_hal_tim.o
    0x08001fe8   0x08001fe8   0x00000126   Code   RO         5003    i.HAL_TIM_IRQHandler  stm32l0xx_hal_tim.o
    0x0800210e   0x0800210e   0x00000050   Code   RO         5004    i.HAL_TIM_OC_ConfigChannel  stm32l0xx_hal_tim.o
    0x0800215e   0x0800215e   0x00000002   Code   RO         5006    i.HAL_TIM_OC_DelayElapsedCallback  stm32l0xx_hal_tim.o
    0x08002160   0x08002160   0x00000034   Code   RO         5008    i.HAL_TIM_OC_Init   stm32l0xx_hal_tim.o
    0x08002194   0x08002194   0x00000010   Code   RO         7233    i.HAL_TIM_OC_MspInit  mlm32l0xx_hal_msp.o
    0x080021a4   0x080021a4   0x00000028   Code   RO         5014    i.HAL_TIM_OC_Stop   stm32l0xx_hal_tim.o
    0x080021cc   0x080021cc   0x00000002   Code   RO         5033    i.HAL_TIM_PWM_PulseFinishedCallback  stm32l0xx_hal_tim.o
    0x080021ce   0x080021ce   0x00000002   Code   RO         5040    i.HAL_TIM_PeriodElapsedCallback  stm32l0xx_hal_tim.o
    0x080021d0   0x080021d0   0x00000002   Code   RO         5044    i.HAL_TIM_TriggerCallback  stm32l0xx_hal_tim.o
    0x080021d2   0x080021d2   0x00000002   Code   RO         5671    i.HAL_UARTEx_WakeupCallback  stm32l0xx_hal_uart_ex.o
    0x080021d4   0x080021d4   0x00000002   Code   RO         3297    i.HAL_UART_ErrorCallback  stm32l0xx_hal_uart.o
    0x080021d6   0x080021d6   0x00000002   PAD
    0x080021d8   0x080021d8   0x00000144   Code   RO         3300    i.HAL_UART_IRQHandler  stm32l0xx_hal_uart.o
    0x0800231c   0x0800231c   0x0000006c   Code   RO         3301    i.HAL_UART_Init     stm32l0xx_hal_uart.o
    0x08002388   0x08002388   0x00000054   Code   RO         3303    i.HAL_UART_MspInit  stm32l0xx_hal_uart.o
    0x080023dc   0x080023dc   0x00000002   Code   RO         3307    i.HAL_UART_RxCpltCallback  stm32l0xx_hal_uart.o
    0x080023de   0x080023de   0x00000002   Code   RO         3312    i.HAL_UART_TxCpltCallback  stm32l0xx_hal_uart.o
    0x080023e0   0x080023e0   0x00000030   Code   RO         7629    i.HW_EEPROM_Init    hw_eeprom.o
    0x08002410   0x08002410   0x00000008   Code   RO         7630    i.HW_EEPROM_Lock    hw_eeprom.o
    0x08002418   0x08002418   0x0000000c   Code   RO         7632    i.HW_EEPROM_Unlock  hw_eeprom.o
    0x08002424   0x08002424   0x00000038   Code   RO         6721    i.HW_GPIO_GetBitPos  hw_gpio.o
    0x0800245c   0x0800245c   0x00000054   Code   RO         6722    i.HW_GPIO_Init      hw_gpio.o
    0x080024b0   0x080024b0   0x00000018   Code   RO         6723    i.HW_GPIO_IrqHandler  hw_gpio.o
    0x080024c8   0x080024c8   0x0000003c   Code   RO         6725    i.HW_GPIO_SetIrq    hw_gpio.o
    0x08002504   0x08002504   0x0000000a   Code   RO         6726    i.HW_GPIO_Write     hw_gpio.o
    0x0800250e   0x0800250e   0x00000002   PAD
    0x08002510   0x08002510   0x000000b0   Code   RO         7306    i.HW_GpioInit       mlm32l0xx_hw.o
    0x080025c0   0x080025c0   0x00000026   Code   RO         6776    i.HW_RTC_DelayMs    hw_rtc.o
    0x080025e6   0x080025e6   0x00000002   PAD
    0x080025e8   0x080025e8   0x000000a4   Code   RO         6777    i.HW_RTC_GetCalendarValue  hw_rtc.o
    0x0800268c   0x0800268c   0x00000004   Code   RO         6778    i.HW_RTC_GetMinimumTimeout  hw_rtc.o
    0x08002690   0x08002690   0x0000000c   Code   RO         6779    i.HW_RTC_GetTimerContext  hw_rtc.o
    0x0800269c   0x0800269c   0x0000001c   Code   RO         6780    i.HW_RTC_GetTimerElapsedTime  hw_rtc.o
    0x080026b8   0x080026b8   0x00000010   Code   RO         6781    i.HW_RTC_GetTimerValue  hw_rtc.o
    0x080026c8   0x080026c8   0x0000002c   Code   RO         6782    i.HW_RTC_Init       hw_rtc.o
    0x080026f4   0x080026f4   0x00000040   Code   RO         6783    i.HW_RTC_IrqHandler  hw_rtc.o
    0x08002734   0x08002734   0x00000022   Code   RO         6784    i.HW_RTC_SetAlarm   hw_rtc.o
    0x08002756   0x08002756   0x00000002   PAD
    0x08002758   0x08002758   0x00000060   Code   RO         6785    i.HW_RTC_SetConfig  hw_rtc.o
    0x080027b8   0x080027b8   0x00000018   Code   RO         6786    i.HW_RTC_SetTimerContext  hw_rtc.o
    0x080027d0   0x080027d0   0x00000118   Code   RO         6787    i.HW_RTC_StartWakeUpAlarm  hw_rtc.o
    0x080028e8   0x080028e8   0x0000002c   Code   RO         6788    i.HW_RTC_StopAlarm  hw_rtc.o
    0x08002914   0x08002914   0x000000b0   Code   RO         6891    i.HW_SPI_ClearIRQ   hw_spi.o
    0x080029c4   0x080029c4   0x00000020   Code   RO         6893    i.HW_SPI_InOut      hw_spi.o
    0x080029e4   0x080029e4   0x00000060   Code   RO         6894    i.HW_SPI_Init       hw_spi.o
    0x08002a44   0x08002a44   0x00000060   Code   RO         6896    i.HW_SPI_IoInit     hw_spi.o
    0x08002aa4   0x08002aa4   0x00000054   Code   RO         6898    i.HW_SPI_IoNssSwInit  hw_spi.o
    0x08002af8   0x08002af8   0x00000028   Code   RO         6900    i.HW_SPI_Transmit_DMA_Stop  hw_spi.o
    0x08002b20   0x08002b20   0x0000002c   Code   RO         7309    i.HW_SetHSEasSysClock  mlm32l0xx_hw.o
    0x08002b4c   0x08002b4c   0x00000054   Code   RO         7310    i.HW_SetHSIasSysClock  mlm32l0xx_hw.o
    0x08002ba0   0x08002ba0   0x00000058   Code   RO         7537    i.HW_TIM2_Init      hw_tim2.o
    0x08002bf8   0x08002bf8   0x00000038   Code   RO         7540    i.HW_TIM2_Stop      hw_tim2.o
    0x08002c30   0x08002c30   0x00000004   Code   RO         7419    i.HardFault_Handler  mlm32l0xx_it.o
    0x08002c34   0x08002c34   0x00000068   Code   RO         6502    i.LL_DMA_Init       stm32l0xx_ll_dma.o
    0x08002c9c   0x08002c9c   0x00000014   Code   RO         7101    i.LL_DMA_IsEnabledChannel  vcom.o
    0x08002cb0   0x08002cb0   0x00000018   Code   RO         6503    i.LL_DMA_SetPeriphRequest  stm32l0xx_ll_dma.o
    0x08002cc8   0x08002cc8   0x00000014   Code   RO         6901    i.LL_GPIO_SetPinMode  hw_spi.o
    0x08002cdc   0x08002cdc   0x00000014   Code   RO         6902    i.LL_GPIO_SetPinPull  hw_spi.o
    0x08002cf0   0x08002cf0   0x00000014   Code   RO         6903    i.LL_GPIO_SetPinSpeed  hw_spi.o
    0x08002d04   0x08002d04   0x00000028   Code   RO         9033    i.LPM_SetOffMode    low_power_manager.o
    0x08002d2c   0x08002d2c   0x00000028   Code   RO         9034    i.LPM_SetStopMode   low_power_manager.o
    0x08002d54   0x08002d54   0x00000004   Code   RO         7702    i.MCU_API_free      mcu_api.o
    0x08002d58   0x08002d58   0x0000001c   Code   RO         7703    i.MCU_API_get_nv_mem  mcu_api.o
    0x08002d74   0x08002d74   0x00000018   Code   RO         7706    i.MCU_API_malloc    mcu_api.o
    0x08002d8c   0x08002d8c   0x00000030   Code   RO         7234    i.MSP_GetIRQn       mlm32l0xx_hal_msp.o
    0x08002dbc   0x08002dbc   0x00000002   Code   RO         7421    i.NMI_Handler       mlm32l0xx_it.o
    0x08002dbe   0x08002dbe   0x00000002   PAD
    0x08002dc0   0x08002dc0   0x00000044   Code   RO         4202    i.NVIC_SetPriority  stm32l0xx_hal_cortex.o
    0x08002e04   0x08002e04   0x00000002   Code   RO         7422    i.PendSV_Handler    mlm32l0xx_it.o
    0x08002e06   0x08002e06   0x00000002   PAD
    0x08002e08   0x08002e08   0x00000070   Code   RO         3811    i.RCC_SetFlashLatencyFromMSIRange  stm32l0xx_hal_rcc.o
    0x08002e78   0x08002e78   0x00000008   Code   RO         9240    i.RETURN_CODE       SgfxCoreV231_CM0_Keil.lib(sigfox_internal.o)
    0x08002e80   0x08002e80   0x00000010   Code   RO         4619    i.RTC_Bcd2ToByte    stm32l0xx_hal_rtc.o
    0x08002e90   0x08002e90   0x00000016   Code   RO         4620    i.RTC_ByteToBcd2    stm32l0xx_hal_rtc.o
    0x08002ea6   0x08002ea6   0x00000038   Code   RO         4621    i.RTC_EnterInitMode  stm32l0xx_hal_rtc.o
    0x08002ede   0x08002ede   0x00000008   Code   RO         7423    i.RTC_IRQHandler    mlm32l0xx_it.o
    0x08002ee6   0x08002ee6   0x00000002   PAD
    0x08002ee8   0x08002ee8   0x00000094   Code   RO         1710    i.RxChainCalibration  sx1276.o
    0x08002f7c   0x08002f7c   0x0000000c   Code   RO         6988    i.SCH_Idle          main.o
    0x08002f88   0x08002f88   0x00000018   Code   RO         8806    i.SCH_RegTask       scheduler.o
    0x08002fa0   0x08002fa0   0x0000007c   Code   RO         8808    i.SCH_Run           scheduler.o
    0x0800301c   0x0800301c   0x0000001c   Code   RO         8809    i.SCH_SetEvt        scheduler.o
    0x08003038   0x08003038   0x0000001c   Code   RO         8810    i.SCH_SetTask       scheduler.o
    0x08003054   0x08003054   0x0000016c   Code   RO         9199    i.SIGFOX_API_open   SgfxCoreV231_CM0_Keil.lib(sigfox_api.o)
    0x080031c0   0x080031c0   0x00000084   Code   RO         9206    i.SIGFOX_API_set_std_config  SgfxCoreV231_CM0_Keil.lib(sigfox_api.o)
    0x08003244   0x08003244   0x0000002e   Code   RO         9251    i.SIGFOX_INT_get_device_id  SgfxCoreV231_CM0_Keil.lib(sigfox_internal.o)
    0x08003272   0x08003272   0x00000034   Code   RO         9253    i.SIGFOX_INT_get_max_micro_channel  SgfxCoreV231_CM0_Keil.lib(sigfox_internal.o)
    0x080032a6   0x080032a6   0x000000b2   Code   RO         3078    i.SPI_WaitOnFlagUntilTimeout  stm32l0xx_hal_spi.o
    0x08003358   0x08003358   0x00000014   Code   RO         7891    i.STLL_LowPower     st_lowlevel.o
    0x0800336c   0x0800336c   0x00000012   Code   RO         7910    i.STLL_SetClockSource  st_lowlevel.o
    0x0800337e   0x0800337e   0x0000000a   Code   RO         7911    i.STLL_SetEndOfTxFrame  st_lowlevel.o
    0x08003388   0x08003388   0x00000008   Code   RO         7915    i.STLL_TIM2_Stop    st_lowlevel.o
    0x08003390   0x08003390   0x00000090   Code   RO         9152    i.STLL_TX_IRQHandler_CB  SgfxSTModemSx1276V123_CM0_Keil_O3.lib(sgfxsx1276modulation-lib.o)
    0x08003420   0x08003420   0x00000008   Code   RO         7917    i.STLL_Transmit_DMA_Stop  st_lowlevel.o
    0x08003428   0x08003428   0x00000002   Code   RO         7424    i.SVC_Handler       mlm32l0xx_it.o
    0x0800342a   0x0800342a   0x00000002   PAD
    0x0800342c   0x0800342c   0x0000000c   Code   RO         1711    i.SX1276BoardInit   sx1276.o
    0x08003438   0x08003438   0x0000000c   Code   RO         2919    i.SX1276GetPaSelect  mlm32l07x01.o
    0x08003444   0x08003444   0x00000004   Code   RO         2920    i.SX1276GetWakeUpTime  mlm32l07x01.o
    0x08003448   0x08003448   0x0000008c   Code   RO         1715    i.SX1276Init        sx1276.o
    0x080034d4   0x080034d4   0x0000007c   Code   RO         2922    i.SX1276IoInit      mlm32l07x01.o
    0x08003550   0x08003550   0x00000044   Code   RO         2923    i.SX1276IoIrqInit   mlm32l07x01.o
    0x08003594   0x08003594   0x0000027c   Code   RO         1717    i.SX1276OnDio0Irq   sx1276.o
    0x08003810   0x08003810   0x000000d8   Code   RO         1718    i.SX1276OnDio1Irq   sx1276.o
    0x080038e8   0x080038e8   0x000000b8   Code   RO         1719    i.SX1276OnDio2Irq   sx1276.o
    0x080039a0   0x080039a0   0x00000054   Code   RO         1720    i.SX1276OnDio3Irq   sx1276.o
    0x080039f4   0x080039f4   0x0000001c   Code   RO         1721    i.SX1276OnDio4Irq   sx1276.o
    0x08003a10   0x08003a10   0x000000c8   Code   RO         1723    i.SX1276OnTimeoutIrq  sx1276.o
    0x08003ad8   0x08003ad8   0x00000010   Code   RO         1725    i.SX1276Read        sx1276.o
    0x08003ae8   0x08003ae8   0x00000042   Code   RO         1726    i.SX1276ReadBuffer  sx1276.o
    0x08003b2a   0x08003b2a   0x0000000e   Code   RO         1727    i.SX1276ReadFifo    sx1276.o
    0x08003b38   0x08003b38   0x00000050   Code   RO         1729    i.SX1276Reset       sx1276.o
    0x08003b88   0x08003b88   0x00000044   Code   RO         2924    i.SX1276SetAntSw    mlm32l07x01.o
    0x08003bcc   0x08003bcc   0x00000074   Code   RO         2925    i.SX1276SetAntSwLowPower  mlm32l07x01.o
    0x08003c40   0x08003c40   0x00000050   Code   RO         1731    i.SX1276SetChannel  sx1276.o
    0x08003c90   0x08003c90   0x00000070   Code   RO         1733    i.SX1276SetModem    sx1276.o
    0x08003d00   0x08003d00   0x0000005c   Code   RO         1734    i.SX1276SetOpMode   sx1276.o
    0x08003d5c   0x08003d5c   0x00000024   Code   RO         1735    i.SX1276SetPublicNetwork  sx1276.o
    0x08003d80   0x08003d80   0x00000098   Code   RO         2926    i.SX1276SetRfTxPower  mlm32l07x01.o
    0x08003e18   0x08003e18   0x00000024   Code   RO         1738    i.SX1276SetSleep    sx1276.o
    0x08003e3c   0x08003e3c   0x00000028   Code   RO         2927    i.SX1276SetXO       mlm32l07x01.o
    0x08003e64   0x08003e64   0x0000000c   Code   RO         1744    i.SX1276Write       sx1276.o
    0x08003e70   0x08003e70   0x00000042   Code   RO         1745    i.SX1276WriteBuffer  sx1276.o
    0x08003eb2   0x08003eb2   0x0000000e   Code   RO         1746    i.SX1276WriteFifo   sx1276.o
    0x08003ec0   0x08003ec0   0x00000070   Code   RO         8644    i.SYSTEM_initialize  system.o
    0x08003f30   0x08003f30   0x00000008   Code   RO         7425    i.SysTick_Handler   mlm32l0xx_it.o
    0x08003f38   0x08003f38   0x0000008c   Code   RO         7315    i.SystemClock_Config  mlm32l0xx_hw.o
    0x08003fc4   0x08003fc4   0x00000054   Code   RO         3007    i.SystemInit        system_stm32l0xx.o
    0x08004018   0x08004018   0x00000034   Code   RO         8645    i.TEST_send_task_success  system.o
    0x0800404c   0x0800404c   0x00000034   Code   RO         8646    i.TEST_set_cmd_ok   system.o
    0x08004080   0x08004080   0x00000044   Code   RO         8647    i.TEST_vExecute_inst_1  system.o
    0x080040c4   0x080040c4   0x00000068   Code   RO         8648    i.TEST_vExecute_inst_2  system.o
    0x0800412c   0x0800412c   0x00000088   Code   RO         8649    i.TEST_vExecute_inst_3  system.o
    0x080041b4   0x080041b4   0x00000028   Code   RO         8650    i.TEST_vSend_cmd    system.o
    0x080041dc   0x080041dc   0x0000009c   Code   RO         7426    i.TIM3_IRQHandler   mlm32l0xx_it.o
    0x08004278   0x08004278   0x00000050   Code   RO         8106    i.TIMER_initialize  timer.o
    0x080042c8   0x080042c8   0x0000004c   Code   RO         8107    i.TIMER_io_config   timer.o
    0x08004314   0x08004314   0x0000001c   Code   RO         8114    i.TIMER_reset_ms_timer  timer.o
    0x08004330   0x08004330   0x00000038   Code   RO         8116    i.TIMER_start_ms_timer  timer.o
    0x08004368   0x08004368   0x00000060   Code   RO         5045    i.TIM_Base_SetConfig  stm32l0xx_hal_tim.o
    0x080043c8   0x080043c8   0x00000016   Code   RO         5046    i.TIM_CCxChannelCmd  stm32l0xx_hal_tim.o
    0x080043de   0x080043de   0x00000016   Code   RO         5052    i.TIM_ETR_SetConfig  stm32l0xx_hal_tim.o
    0x080043f4   0x080043f4   0x00000010   Code   RO         5053    i.TIM_ITRx_SetConfig  stm32l0xx_hal_tim.o
    0x08004404   0x08004404   0x00000030   Code   RO         5054    i.TIM_OC1_SetConfig  stm32l0xx_hal_tim.o
    0x08004434   0x08004434   0x00000032   Code   RO         5055    i.TIM_OC2_SetConfig  stm32l0xx_hal_tim.o
    0x08004466   0x08004466   0x00000036   Code   RO         5056    i.TIM_OC3_SetConfig  stm32l0xx_hal_tim.o
    0x0800449c   0x0800449c   0x00000036   Code   RO         5057    i.TIM_OC4_SetConfig  stm32l0xx_hal_tim.o
    0x080044d2   0x080044d2   0x00000022   Code   RO         5059    i.TIM_TI1_ConfigInputStage  stm32l0xx_hal_tim.o
    0x080044f4   0x080044f4   0x00000026   Code   RO         5061    i.TIM_TI2_ConfigInputStage  stm32l0xx_hal_tim.o
    0x0800451a   0x0800451a   0x00000002   PAD
    0x0800451c   0x0800451c   0x00000064   Code   RO         9161    i.TX_Write_Modu_Buffer  SgfxSTModemSx1276V123_CM0_Keil_O3.lib(sgfxsx1276modulation-lib.o)
    0x08004580   0x08004580   0x0000004c   Code   RO         9162    i.TX_Write_RampDown_Buffer  SgfxSTModemSx1276V123_CM0_Keil_O3.lib(sgfxsx1276modulation-lib.o)
    0x080045cc   0x080045cc   0x0000000e   Code   RO         8882    i.TimerInit         timeserver.o
    0x080045da   0x080045da   0x00000002   PAD
    0x080045dc   0x080045dc   0x0000001c   Code   RO         8883    i.TimerInsertNewHeadTimer  timeserver.o
    0x080045f8   0x080045f8   0x00000078   Code   RO         8884    i.TimerIrqHandler   timeserver.o
    0x08004670   0x08004670   0x0000002c   Code   RO         8886    i.TimerSetTimeout   timeserver.o
    0x0800469c   0x0800469c   0x00000070   Code   RO         8888    i.TimerStart        timeserver.o
    0x0800470c   0x0800470c   0x00000060   Code   RO         8889    i.TimerStop         timeserver.o
    0x0800476c   0x0800476c   0x000000ca   Code   RO         3314    i.UART_AdvFeatureConfig  stm32l0xx_hal_uart.o
    0x08004836   0x08004836   0x00000002   PAD
    0x08004838   0x08004838   0x00000060   Code   RO         3315    i.UART_CheckIdleState  stm32l0xx_hal_uart.o
    0x08004898   0x08004898   0x00000014   Code   RO         3316    i.UART_DMAAbortOnError  stm32l0xx_hal_uart.o
    0x080048ac   0x080048ac   0x0000001e   Code   RO         3326    i.UART_EndRxTransfer  stm32l0xx_hal_uart.o
    0x080048ca   0x080048ca   0x0000007e   Code   RO         3328    i.UART_Receive_IT   stm32l0xx_hal_uart.o
    0x08004948   0x08004948   0x00000230   Code   RO         3329    i.UART_SetConfig    stm32l0xx_hal_uart.o
    0x08004b78   0x08004b78   0x00000066   Code   RO         3330    i.UART_Transmit_IT  stm32l0xx_hal_uart.o
    0x08004bde   0x08004bde   0x00000062   Code   RO         3331    i.UART_WaitOnFlagUntilTimeout  stm32l0xx_hal_uart.o
    0x08004c40   0x08004c40   0x000000b4   Code   RO         8483    i.UCP_initialize    ucp.o
    0x08004cf4   0x08004cf4   0x00000094   Code   RO         8484    i.UCP_io_configure  ucp.o
    0x08004d88   0x08004d88   0x00000034   Code   RO         8486    i.UCP_rx_abort      ucp.o
    0x08004dbc   0x08004dbc   0x000000a4   Code   RO         8488    i.UCP_send_frame    ucp.o
    0x08004e60   0x08004e60   0x00000034   Code   RO         8489    i.UCP_tx_abort      ucp.o
    0x08004e94   0x08004e94   0x00000002   Code   RO         8491    i.UCP_tx_retry      ucp.o
    0x08004e96   0x08004e96   0x00000002   PAD
    0x08004e98   0x08004e98   0x00000014   Code   RO         7427    i.USART1_IRQHandler  mlm32l0xx_it.o
    0x08004eac   0x08004eac   0x0000001a   Code   RO          433    i.__ARM_common_switch8  hts221_driver_hl.o
    0x08004ec6   0x08004ec6   0x0000000e   Code   RO         9726    i.__scatterload_copy  mc_p.l(handlers.o)
    0x08004ed4   0x08004ed4   0x00000002   Code   RO         9727    i.__scatterload_null  mc_p.l(handlers.o)
    0x08004ed6   0x08004ed6   0x0000000e   Code   RO         9728    i.__scatterload_zeroinit  mc_p.l(handlers.o)
    0x08004ee4   0x08004ee4   0x00000104   Code   RO         7607    i.ee_number         tiny_vsnprintf.o
    0x08004fe8   0x08004fe8   0x00000078   Code   RO         6989    i.main              main.o
    0x08005060   0x08005060   0x00000002   Code   RO         8117    i.null_action       timer.o
    0x08005062   0x08005062   0x0000000a   Code   RO         8651    i.send_data_request  system.o
    0x0800506c   0x0800506c   0x00000050   Code   RO         8652    i.send_test_data    system.o
    0x080050bc   0x080050bc   0x0000006c   Code   RO         6990    i.st_sigfox_open    main.o
    0x08005128   0x08005128   0x0000015c   Code   RO         7608    i.tiny_vsnprintf_like  tiny_vsnprintf.o
    0x08005284   0x08005284   0x00000040   Code   RO         8653    i.user_button_init  system.o
    0x080052c4   0x080052c4   0x0000006c   Code   RO         7104    i.vcom_Dma_IRQHandler  vcom.o
    0x08005330   0x08005330   0x00000044   Code   RO         7109    i.vcom_PrintDMA     vcom.o
    0x08005374   0x08005374   0x00000110   Code   RO         7111    i.vcom_Send         vcom.o
    0x08005484   0x08005484   0x00000090   Code   RO         7113    i.vcom_StartDMA     vcom.o
    0x08005514   0x08005514   0x000000e0   Data   RO         1748    .constdata          sx1276.o
    0x080055f4   0x080055f4   0x0000000c   Data   RO         2776    .constdata          b-l072z-lrwan1.o
    0x08005600   0x08005600   0x00000019   Data   RO         3008    .constdata          system_stm32l0xx.o
    0x08005619   0x08005619   0x00000008   Data   RO         3009    .constdata          system_stm32l0xx.o
    0x08005621   0x08005621   0x00000007   Data   RO         6505    .constdata          stm32l0xx_ll_dma.o
    0x08005628   0x08005628   0x00000018   Data   RO         6792    .constdata          hw_rtc.o
    0x08005640   0x08005640   0x00000044   Data   RO         6991    .constdata          main.o
    0x08005684   0x08005684   0x00000007   Data   RO         7115    .constdata          vcom.o
    0x0800568b   0x0800568b   0x00000001   PAD
    0x0800568c   0x0800568c   0x00000058   Data   RO         7633    .constdata          hw_eeprom.o
    0x080056e4   0x080056e4   0x00000007   Data   RO         8495    .constdata          ucp.o
    0x080056eb   0x080056eb   0x00000010   Data   RO         8813    .constdata          scheduler.o
    0x080056fb   0x080056fb   0x00000001   PAD
    0x080056fc   0x080056fc   0x0000004d   Data   RO         7609    .conststring        tiny_vsnprintf.o
    0x08005749   0x08005749   0x00000003   PAD
    0x0800574c   0x0800574c   0x00000030   Data   RO         9724    Region$$Table       anon$$obj.o


    Execution Region RW_IRAM1 (Exec base: 0x20000000, Load base: 0x0800577c, Size: 0x00001928, Max: 0x00005000, ABSOLUTE)

    Exec Addr    Load Addr    Size         Type   Attr      Idx    E Section Name        Object

    0x20000000   0x0800577c   0x00000020   Data   RW         1749    .data               sx1276.o
    0x20000020   0x0800579c   0x00000014   Data   RW         2777    .data               b-l072z-lrwan1.o
    0x20000034   0x080057b0   0x00000018   Data   RW         2929    .data               mlm32l07x01.o
    0x2000004c   0x080057c8   0x00000004   Data   RW         3010    .data               system_stm32l0xx.o
    0x20000050   0x080057cc   0x00000008   Data   RW         4048    .data               stm32l0xx_hal.o
    0x20000058   0x080057d4   0x00000001   Data   RW         6793    .data               hw_rtc.o
    0x20000059   0x080057d5   0x00000002   Data   RW         7429    .data               mlm32l0xx_it.o
    0x2000005b   0x080057d7   0x00000001   PAD
    0x2000005c   0x080057d8   0x00000008   Data   RW         7610    .data               tiny_vsnprintf.o
    0x20000064   0x080057e0   0x00000008   Data   RW         8119    .data               timer.o
    0x2000006c   0x080057e8   0x00000004   Data   RW         8496    .data               ucp.o
    0x20000070   0x080057ec   0x00000002   Data   RW         8655    .data               system.o
    0x20000072   0x080057ee   0x00000002   PAD
    0x20000074   0x080057f0   0x00000010   Data   RW         8814    .data               scheduler.o
    0x20000084   0x08005800   0x00000004   Data   RW         8890    .data               timeserver.o
    0x20000088   0x08005804   0x00000008   Data   RW         9035    .data               low_power_manager.o
    0x20000090   0x0800580c   0x0000002f   Data   RW         9167    .data               SgfxSTModemSx1276V123_CM0_Keil_O3.lib(sgfxsx1276modulation-lib.o)
    0x200000bf   0x0800583b   0x00000001   PAD
    0x200000c0   0x0800583c   0x00000008   Data   RW         9210    .data               SgfxCoreV231_CM0_Keil.lib(sigfox_api.o)
    0x200000c8        -       0x000001a4   Zero   RW         1747    .bss                sx1276.o
    0x2000026c        -       0x00000040   Zero   RW         6727    .bss                hw_gpio.o
    0x200002ac        -       0x00000068   Zero   RW         6791    .bss                hw_rtc.o
    0x20000314        -       0x00000058   Zero   RW         6904    .bss                hw_spi.o
    0x2000036c        -       0x000000ac   Zero   RW         7114    .bss                vcom.o
    0x20000418        -       0x00000040   Zero   RW         7235    .bss                mlm32l0xx_hal_msp.o
    0x20000458        -       0x00000038   Zero   RW         7541    .bss                hw_tim2.o
    0x20000490        -       0x00000104   Zero   RW         7716    .bss                mcu_api.o
    0x20000594        -       0x000000c8   Zero   RW         8118    .bss                timer.o
    0x2000065c        -       0x00000128   Zero   RW         8493    .bss                ucp.o
    0x20000784        -       0x000000e0   Zero   RW         8654    .bss                system.o
    0x20000864        -       0x00000040   Zero   RW         8812    .bss                scheduler.o
    0x200008a4        -       0x00000c80   Zero   RW         9165    .bss                SgfxSTModemSx1276V123_CM0_Keil_O3.lib(sgfxsx1276modulation-lib.o)
    0x20001524   0x08005844   0x00000004   PAD
    0x20001528        -       0x00000400   Zero   RW         6686    STACK               startup_stm32l072xx.o



  Load Region LR_IROM2 (Base: 0x08017000, Size: 0x00000030, Max: 0x00001000, ABSOLUTE)

    Execution Region ER_IROM2 (Exec base: 0x08017000, Load base: 0x08017000, Size: 0x00000030, Max: 0x00001000, ABSOLUTE)

    Exec Addr    Load Addr    Size         Type   Attr      Idx    E Section Name        Object

    0x08017000   0x08017000   0x00000030   Data   RO         9099    .constdata          sigfox_data.o



  Load Region LR_IROM3 (Base: 0x08018000, Size: 0x00001248, Max: 0x00002000, ABSOLUTE)

    Execution Region ER_IROM3 (Exec base: 0x08018000, Load base: 0x08018000, Size: 0x00001248, Max: 0x00002000, ABSOLUTE)

    Exec Addr    Load Addr    Size         Type   Attr      Idx    E Section Name        Object

    0x08018000   0x08018000   0x000000e4   Code   RO         9314    i.CREDENTIALS_get_cra  SgfxCredentialsV011_CM0_Keil_O3.lib(sgfx_credentials_lib.o)
    0x080180e4   0x080180e4   0x00000024   Code   RO         9315    i.CREDENTIALS_get_dev_id  SgfxCredentialsV011_CM0_Keil_O3.lib(sgfx_credentials_lib.o)
    0x08018108   0x08018108   0x00000074   Code   RO         9319    i.CREDENTIALS_get_signature  SgfxCredentialsV011_CM0_Keil_O3.lib(sgfx_credentials_lib.o)
    0x0801817c   0x0801817c   0x00000004   Code   RO         9283    i.SE_API_close      SgfxCmacV100_CM0_Keil_O3.lib(sgfx_cmac_lib.o)
    0x08018180   0x08018180   0x0000000a   Code   RO         9284    i.SE_API_get_device_id  SgfxCmacV100_CM0_Keil_O3.lib(sgfx_cmac_lib.o)
    0x0801818a   0x0801818a   0x00000004   Code   RO         9288    i.SE_API_open       SgfxCmacV100_CM0_Keil_O3.lib(sgfx_cmac_lib.o)
    0x0801818e   0x0801818e   0x00000008   Code   RO         9322    i.add_round_key     SgfxCredentialsV011_CM0_Keil_O3.lib(sgfx_credentials_lib.o)
    0x08018196   0x08018196   0x00000082   Code   RO         9323    i.aes_cbc_decrypt   SgfxCredentialsV011_CM0_Keil_O3.lib(sgfx_credentials_lib.o)
    0x08018218   0x08018218   0x00000078   Code   RO         9324    i.aes_cbc_encrypt   SgfxCredentialsV011_CM0_Keil_O3.lib(sgfx_credentials_lib.o)
    0x08018290   0x08018290   0x000000fc   Code   RO         9325    i.aes_set_key       SgfxCredentialsV011_CM0_Keil_O3.lib(sgfx_credentials_lib.o)
    0x0801838c   0x0801838c   0x00000084   Code   RO         9326    i.copy_and_key      SgfxCredentialsV011_CM0_Keil_O3.lib(sgfx_credentials_lib.o)
    0x08018410   0x08018410   0x00000042   Code   RO         9327    i.copy_block        SgfxCredentialsV011_CM0_Keil_O3.lib(sgfx_credentials_lib.o)
    0x08018452   0x08018452   0x00000002   PAD
    0x08018454   0x08018454   0x00000280   Code   RO         9328    i.inv_mix_sub_columns  SgfxCredentialsV011_CM0_Keil_O3.lib(sgfx_credentials_lib.o)
    0x080186d4   0x080186d4   0x00000068   Code   RO         9329    i.inv_shift_sub_rows  SgfxCredentialsV011_CM0_Keil_O3.lib(sgfx_credentials_lib.o)
    0x0801873c   0x0801873c   0x0000021c   Code   RO         9330    i.mix_sub_columns   SgfxCredentialsV011_CM0_Keil_O3.lib(sgfx_credentials_lib.o)
    0x08018958   0x08018958   0x00000068   Code   RO         9331    i.shift_sub_rows    SgfxCredentialsV011_CM0_Keil_O3.lib(sgfx_credentials_lib.o)
    0x080189c0   0x080189c0   0x00000082   Code   RO         9332    i.xor_block         SgfxCredentialsV011_CM0_Keil_O3.lib(sgfx_credentials_lib.o)
    0x08018a42   0x08018a42   0x00000804   Data   RO         9334    .constdata          SgfxCredentialsV011_CM0_Keil_O3.lib(sgfx_credentials_lib.o)



  Load Region EEPROM (Base: 0x08080000, Size: 0x00000000, Max: 0xffffffff, ABSOLUTE)

    Execution Region EEPROM (Exec base: 0x08080000, Load base: 0x08080000, Size: 0x0000005c, Max: 0xffffffff, ABSOLUTE)

    Exec Addr    Load Addr    Size         Type   Attr      Idx    E Section Name        Object

    0x08080000        -       0x0000005c   Zero   RW         7634    eeprom_sect         hw_eeprom.o


==============================================================================

Image component sizes


      Code (inc. data)   RO Data    RW Data    ZI Data      Debug   Object Name

       308         56         12         20          0       8045   b-l072z-lrwan1.o
         2          0          0          0          0        446   bsp.o
       130          8          0          0          0       1383   debug.o
         0          0          0          0          0       4508   hts221_driver.o
        26          0          0          0          0         72   hts221_driver_hl.o
        68         10         88          0         92       2223   hw_eeprom.o
       234         26          0          0         64       3921   hw_gpio.o
       848        100         24          1        104      11175   hw_rtc.o
       584         48          0          0         88      21111   hw_spi.o
       144         10          0          0         56       1290   hw_tim2.o
        80         12          0          8          0       2107   low_power_manager.o
       240         26         68          0          0       4894   main.o
        56         12          0          0        260       3225   mcu_api.o
       584         42          0         24          0      11809   mlm32l07x01.o
       366         34          0          0         64       5028   mlm32l0xx_hal_msp.o
       444         44          0          0          0       3631   mlm32l0xx_hw.o
       346         28          0          2          0       7701   mlm32l0xx_it.o
       204         28         16         16         64       4359   scheduler.o
         0          0         48          0          0        588   sigfox_data.o
        64          0          0          0          0       2987   st_lowlevel.o
        28          8        192          0       1024        648   startup_stm32l072xx.o
       292         52          0          8          0       5650   stm32l0xx_hal.o
       192         34          0          0          0      12621   stm32l0xx_hal_cortex.o
       492         14          0          0          0       3158   stm32l0xx_hal_dma.o
        72         22          0          0          0       1966   stm32l0xx_hal_flash_ex.o
       424         38          0          0          0       3287   stm32l0xx_hal_gpio.o
        16          4          0          0          0        573   stm32l0xx_hal_pwr.o
        32          8          0          0          0       1201   stm32l0xx_hal_pwr_ex.o
      1772        114          0          0          0       7180   stm32l0xx_hal_rcc.o
       844         56          0          0          0       3557   stm32l0xx_hal_rcc_ex.o
      1514         26          0          0          0      10276   stm32l0xx_hal_rtc.o
        60          0          0          0          0       1271   stm32l0xx_hal_rtc_ex.o
      1060          0          0          0          0       4723   stm32l0xx_hal_spi.o
      1224         20          0          0          0      17340   stm32l0xx_hal_tim.o
        72          0          0          0          0       1328   stm32l0xx_hal_tim_ex.o
      1756         94          0          0          0      12271   stm32l0xx_hal_uart.o
         2          0          0          0          0       1160   stm32l0xx_hal_uart_ex.o
       128         10          7          0          0      16970   stm32l0xx_ll_dma.o
      2272        170        224         32        420     449694   sx1276.o
       718        164          0          2        224       7294   system.o
        84         18         33          4          0       1783   system_stm32l0xx.o
       242         40          0          8        200       6120   timer.o
       414         18          0          4          0       6007   timeserver.o
       608         16         77          8          0       4514   tiny_vsnprintf.o
       598         80          7          4        296      37092   ucp.o
       612         56          7          0        172      34490   vcom.o

    ----------------------------------------------------------------------
     20288       1546        856        144       3128     752677   Object Totals
         0          0         48          0          0          0   (incl. Generated)
        32          0          5          3          0          0   (incl. Padding)

    ----------------------------------------------------------------------

      Code (inc. data)   RO Data    RW Data    ZI Data      Debug   Library Member Name

        18          0          0          0          0        188   sgfx_cmac_lib.o
       496         60          0          8          0        148   sigfox_api.o
       106          0          0          0          0        200   sigfox_internal.o
      2606         84       2052          0          0       1024   sgfx_credentials_lib.o
       320         32          0         47       3200        212   sgfxsx1276modulation-lib.o
         0          0          0          0          0          0   entry.o
         0          0          0          0          0          0   entry10a.o
         0          0          0          0          0          0   entry11a.o
         8          4          0          0          0          0   entry2.o
         4          0          0          0          0          0   entry5.o
         0          0          0          0          0          0   entry7b.o
         0          0          0          0          0          0   entry8b.o
         8          4          0          0          0          0   entry9a.o
        30          0          0          0          0          0   handlers.o
        36          8          0          0          0         68   init.o
        32          0          0          0          0         68   llshl.o
        34          0          0          0          0         68   llushr.o
        36          0          0          0          0         60   memcpya.o
        36          0          0          0          0        100   memseta.o
        14          0          0          0          0         60   strlen.o
        44          0          0          0          0         72   uidiv.o
        96          0          0          0          0         84   uldiv.o

    ----------------------------------------------------------------------
      3926        192       2054         56       3204       2352   Library Totals
         2          0          2          1          4          0   (incl. Padding)

    ----------------------------------------------------------------------

      Code (inc. data)   RO Data    RW Data    ZI Data      Debug   Library Name

        18          0          0          0          0        188   SgfxCmacV100_CM0_Keil_O3.lib
       602         60          0          8          0        348   SgfxCoreV231_CM0_Keil.lib
      2606         84       2052          0          0       1024   SgfxCredentialsV011_CM0_Keil_O3.lib
       320         32          0         47       3200        212   SgfxSTModemSx1276V123_CM0_Keil_O3.lib
       378         16          0          0          0        580   mc_p.l

    ----------------------------------------------------------------------
      3926        192       2054         56       3204       2352   Library Totals

    ----------------------------------------------------------------------

==============================================================================


      Code (inc. data)   RO Data    RW Data    ZI Data      Debug   

     24214       1738       2910        200       6332     743433   Grand Totals
     24214       1738       2910        200       6332     743433   ELF Image Totals
     24214       1738       2910        200          0          0   ROM Totals

==============================================================================

    Total RO  Size (Code + RO Data)                27124 (  26.49kB)
    Total RW  Size (RW Data + ZI Data)              6532 (   6.38kB)
    Total ROM Size (Code + RO Data + RW Data)      27324 (  26.68kB)

==============================================================================

