<html>
<body>
<pre>
<h1>µVision Build Log</h1>
<h2>Tool Versions:</h2>
IDE-Version: µVision V5.22.0.0
Copyright (C) 2016 ARM Ltd and ARM Germany GmbH. All rights reserved.
License Information: Kevin hernandez, Tecnologías EOS, LIC=9F82M-XQ0IJ-B5ZAH-9P4TW-0CQLW-6DJ2R
 
Tool Versions:
Toolchain:       MDK-ARM Cortex-M0/M0+ for ST  Version: 5.22
Toolchain Path:  C:\Keil_v5\ARM\ARMCC\Bin
C Compiler:      Armcc.exe V5.06 update 4 (build 422)
Assembler:       Armasm.exe V5.06 update 4 (build 422)
Linker/Locator:  ArmLink.exe V5.06 update 4 (build 422)
Library Manager: ArmAr.exe V5.06 update 4 (build 422)
Hex Converter:   FromElf.exe V5.06 update 4 (build 422)
CPU DLL:         SARMCM3.DLL V5.22
Dialog DLL:      DARMCM1.DLL V1.15.0.0
Target DLL:      STLink\ST-LINKIII-KEIL_SWO.dll V2.0.18.0
Dialog DLL:      TARMCM1.DLL V1.11.0.0
 
<h2>Project:</h2>
C:\Users\TI0648\Desktop\NIC_ESCALAMIENTO\FW\PR002420v01r00\Projects\B-L072Z-LRWAN1\Applications\Sgfx\PR002420v01_ENIC_APFW\MDK-ARM\PR002420v01_ENIC_APFW.uvprojx
Project File Date:  02/05/2021

<h2>Output:</h2>
*** Using Compiler 'V5.06 update 4 (build 422)', folder: 'C:\Keil_v5\ARM\ARMCC\Bin'
Rebuild target 'mlm32l07x01'
compiling LPS25HB_Driver_HL.c...
compiling LPS22HB_Driver_HL.c...
compiling HTS221_Driver.c...
compiling HTS221_Driver_HL.c...
compiling LPS22HB_Driver.c...
compiling LPS25HB_Driver.c...
compiling b-l072z-lrwan1.c...
compiling x_nucleo_iks01a2_temperature.c...
compiling mlm32l07x01.c...
compiling x_nucleo_iks01a2_pressure.c...
compiling x_nucleo_iks01a2_humidity.c...
compiling x_nucleo_iks01a2.c...
compiling sx1276.c...
compiling system_stm32l0xx.c...
compiling stm32l0xx_hal_spi.c...
compiling stm32l0xx_hal_rcc.c...
compiling stm32l0xx_hal_adc.c...
compiling stm32l0xx_hal_cortex.c...
compiling stm32l0xx_hal_rcc_ex.c...
compiling stm32l0xx_hal.c...
compiling stm32l0xx_hal_uart.c...
..\..\..\..\..\..\Drivers\STM32L0xx_HAL_Driver\Src\stm32l0xx_hal_uart.c(2822): warning:  #177-D: function "UART_Transmit_IT"  was declared but never referenced
  static HAL_StatusTypeDef UART_Transmit_IT(UART_HandleTypeDef *huart)
..\..\..\..\..\..\Drivers\STM32L0xx_HAL_Driver\Src\stm32l0xx_hal_uart.c: 1 warning, 0 errors
compiling stm32l0xx_hal_gpio.c...
compiling stm32l0xx_hal_pwr_ex.c...
compiling stm32l0xx_hal_pwr.c...
compiling stm32l0xx_hal_rtc_ex.c...
compiling stm32l0xx_hal_rtc.c...
compiling stm32l0xx_hal_dma.c...
compiling stm32l0xx_hal_tim.c...
compiling stm32l0xx_ll_lpuart.c...
compiling stm32l0xx_hal_tim_ex.c...
compiling stm32l0xx_hal_flash.c...
compiling stm32l0xx_hal_uart_ex.c...
compiling stm32l0xx_hal_adc_ex.c...
compiling stm32l0xx_hal_flash_ex.c...
compiling stm32l0xx_hal_i2c.c...
assembling startup_stm32l072xx.s...
compiling stm32l0xx_ll_dma.c...
compiling stm32l0xx_ll_gpio.c...
compiling stm32l0xx_ll_rcc.c...
compiling stm32l0xx_ll_spi.c...
compiling app_crc.c...
..\src\app_crc.c(131): warning:  #1-D: last line of file ends without a newline
   
..\src\app_crc.c: 1 warning, 0 errors
compiling stm32l0xx_hal_iwdg.c...
compiling bsp.c...
compiling at.c...
compiling command.c...
..\inc\util.h(66): warning:  #47-D: incompatible redefinition of macro "TRUE"  (declared at line 96 of "..\..\..\..\..\..\Middlewares\Third_Party\Sgfx\utils\utils_common.h")
  #define  TRUE           (!false)
..\src\command.c(528): warning:  #177-D: variable "status"  was declared but never referenced
  	ATEerror_t status = AT_OK;
..\src\command.c(529): warning:  #177-D: variable "Current_ATCommand"  was declared but never referenced
  	const struct ATCommand_s *Current_ATCommand;
..\src\command.c(530): warning:  #177-D: variable "i"  was declared but never referenced
    int i,j;
..\src\command.c(532): warning:  #177-D: variable "dest"  was declared but never referenced
  	char dest[12];
..\src\command.c(445): warning:  #177-D: function "parse_cmd"  was declared but never referenced
  static void parse_cmd(const char *cmd)
..\src\command.c: 6 warnings, 0 errors
compiling gwh0079.c...
..\src\gwh0079.c(118): warning:  #1-D: last line of file ends without a newline
   
..\src\gwh0079.c: 1 warning, 0 errors
compiling debug.c...
compiling cm.c...
..\inc\util.h(66): warning:  #47-D: incompatible redefinition of macro "TRUE"  (declared at line 96 of "..\..\..\..\..\..\Middlewares\Third_Party\Sgfx\utils\utils_common.h")
  #define  TRUE           (!false)
..\inc\eeprom_cfg.h(98): warning:  #1-D: last line of file ends without a newline
   
..\src\cm.c(608): warning:  #177-D: variable "other_val"  was declared but never referenced
  		uint32_t other_val =0;
..\src\cm.c: 3 warnings, 0 errors
compiling hw_eeprom.c...
compiling ct.c...
..\inc\eeprom_cfg.h(98): warning:  #1-D: last line of file ends without a newline
   
..\src\ct.c: 1 warning, 0 errors
compiling dl.c...
..\inc\util.h(66): warning:  #47-D: incompatible redefinition of macro "TRUE"  (declared at line 96 of "..\..\..\..\..\..\Middlewares\Third_Party\Sgfx\utils\utils_common.h")
  #define  TRUE           (!false)
..\inc\eeprom_cfg.h(98): warning:  #1-D: last line of file ends without a newline
   
..\src\dl.c: 2 warnings, 0 errors
compiling hw_gpio.c...
compiling hw_rtc.c...
compiling hw_spi.c...
compiling iwdg.c...
compiling eeprom.c...
..\inc\eeprom_cfg.h(98): warning:  #1-D: last line of file ends without a newline
   
..\inc\util.h(66): warning:  #47-D: incompatible redefinition of macro "TRUE"  (declared at line 96 of "..\..\..\..\..\..\Middlewares\Third_Party\Sgfx\utils\utils_common.h")
  #define  TRUE           (!false)
..\src\eeprom.c(276): warning:  #177-D: variable "hardware_version"  was declared but never referenced
  	uint8_t hardware_version = 0;
..\src\eeprom.c(486): warning:  #177-D: variable "data"  was declared but never referenced
  	uint8_t data[256];
..\src\eeprom.c(487): warning:  #177-D: variable "addr"  was declared but never referenced
  	static uint32_t addr;
..\src\eeprom.c: 5 warnings, 0 errors
compiling led.c...
..\src\led.c(289): warning:  #111-D: statement is unreachable
  			break;
..\src\led.c: 1 warning, 0 errors
compiling mcu_api.c...
..\inc\util.h(66): warning:  #47-D: incompatible redefinition of macro "TRUE"  (declared at line 96 of "..\..\..\..\..\..\Middlewares\Third_Party\Sgfx\utils\utils_common.h")
  #define  TRUE           (!false)
..\..\Common\cwmx1zzabz\Radio_Sigfox_Driver\mcu_api.c: 1 warning, 0 errors
compiling tiny_sscanf.c...
compiling tiny_vsnprintf.c...
compiling main.c...
..\inc\util.h(66): warning:  #47-D: incompatible redefinition of macro "TRUE"  (declared at line 96 of "..\..\..\..\..\..\Middlewares\Third_Party\Sgfx\utils\utils_common.h")
  #define  TRUE           (!false)
..\inc\eeprom_cfg.h(98): warning:  #1-D: last line of file ends without a newline
   
..\src\main.c(139): warning:  #177-D: variable "reset_counter"  was declared but never referenced
  	uint16_t reset_counter;
..\src\main.c(140): warning:  #550-D: variable "error"  was set but never used
  	sfx_error_t error;
..\src\main.c(106): warning:  #177-D: function "send_data"  was declared but never referenced
  static void send_data( void );
..\src\main.c: 5 warnings, 0 errors
compiling hw_tim2.c...
compiling mlm32l0xx_it.c...
..\inc\util.h(66): warning:  #47-D: incompatible redefinition of macro "TRUE"  (declared at line 96 of "..\..\..\..\..\..\Middlewares\Third_Party\Sgfx\utils\utils_common.h")
  #define  TRUE           (!false)
..\src\mlm32l0xx_it.c: 1 warning, 0 errors
compiling mlm32l0xx_hal_msp.c...
compiling mfg.c...
..\inc\eeprom_cfg.h(98): warning:  #1-D: last line of file ends without a newline
   
..\src\mfg.c(477): warning:  #111-D: statement is unreachable
  					break;
..\src\mfg.c(506): warning:  #550-D: variable "is_ok"  was set but never used
  	bool is_ok = false;
..\src\mfg.c(532): warning:  #550-D: variable "is_ok"  was set but never used
  	bool is_ok = false;
..\src\mfg.c(564): warning:  #550-D: variable "is_ok"  was set but never used
  	bool is_ok = false;
..\src\mfg.c(1649): warning:  #188-D: enumerated type mixed with another type
  	TIMER_reset_ms_timer(mfg_dll.tx_timer);
..\src\mfg.c(1665): warning:  #186-D: pointless comparison of unsigned integer with zero
  	if ( mfg_dll.tx_nbr_retries < 0)
..\src\mfg.c(1723): warning:  #550-D: variable "tx_ok"  was set but never used
  	bool tx_ok;
..\src\mfg.c(1922): warning:  #111-D: statement is unreachable
  		if ( mfg->ongoing_transmission == true )
..\src\mfg.c(1938): warning:  #1-D: last line of file ends without a newline
   
..\src\mfg.c(71): warning:  #550-D: variable "mfg_logon_timeout"  was set but never used
  static uint32_t mfg_logon_timeout;
..\src\mfg.c: 11 warnings, 0 errors
compiling mlm32l0xx_hw.c...
compiling spi.c...
..\src\spi.c(118): warning:  #1-D: last line of file ends without a newline
   
..\src\spi.c: 1 warning, 0 errors
compiling rf_api.c...
..\inc\util.h(66): warning:  #47-D: incompatible redefinition of macro "TRUE"  (declared at line 96 of "..\..\..\..\..\..\Middlewares\Third_Party\Sgfx\utils\utils_common.h")
  #define  TRUE           (!false)
..\..\Common\cwmx1zzabz\Radio_Sigfox_Driver\rf_api.c: 1 warning, 0 errors
compiling timer.c...
compiling util.c...
compiling st_lowlevel.c...
compiling rep.c...
..\inc\util.h(66): warning:  #47-D: incompatible redefinition of macro "TRUE"  (declared at line 96 of "..\..\..\..\..\..\Middlewares\Third_Party\Sgfx\utils\utils_common.h")
  #define  TRUE           (!false)
..\inc\eeprom_cfg.h(98): warning:  #1-D: last line of file ends without a newline
   
..\src\rep.c(126): warning:  #177-D: variable "hex_val"  was declared but never referenced
  	 uint32_t hex_val =0;
..\src\rep.c: 3 warnings, 0 errors
compiling system.c...
..\inc\eeprom_cfg.h(98): warning:  #1-D: last line of file ends without a newline
   
..\src\system.c(320): warning:  #177-D: variable "nbr_tries"  was declared but never referenced
  	uint8_t nbr_tries = 0;
..\src\system.c(321): warning:  #177-D: variable "inst_ok"  was declared but never referenced
  	bool inst_ok = false;
..\src\system.c(346): warning:  #177-D: variable "nbr_tries"  was declared but never referenced
  	uint8_t nbr_tries = 0;
..\src\system.c(347): warning:  #177-D: variable "inst_ok"  was declared but never referenced
  	bool inst_ok = false;
..\src\system.c(377): warning:  #177-D: variable "nbr_tries"  was declared but never referenced
  	uint8_t nbr_tries = 0;
..\src\system.c(378): warning:  #177-D: variable "inst_ok"  was declared but never referenced
  	bool inst_ok = false;
..\src\system.c(96): warning:  #177-D: variable "McuInitialized"  was declared but never referenced
   static bool McuInitialized = false;
..\src\system.c: 8 warnings, 0 errors
compiling nic.c...
..\inc\eeprom_cfg.h(98): warning:  #1-D: last line of file ends without a newline
   
..\src\nic.c: 1 warning, 0 errors
compiling scheduler.c...
compiling vcom.c...
compiling sigfox_data.c...
compiling ul.c...
..\inc\eeprom_cfg.h(98): warning:  #1-D: last line of file ends without a newline
   
..\src\ul.c(127): warning:  #177-D: variable "ul_size"  was declared but never referenced
    uint8_t ul_size = UL_PACKET_SIZE;
..\src\ul.c(128): warning:  #550-D: variable "bkp_system_state"  was set but never used
  	uint8_t bkp_system_state;
..\src\ul.c: 3 warnings, 0 errors
compiling se_nvm.c...
compiling timeServer.c...
compiling ucp.c...
..\inc\eeprom_cfg.h(98): warning:  #1-D: last line of file ends without a newline
   
..\src\ucp.c(308): warning:  #186-D: pointless comparison of unsigned integer with zero
  	if ( ucp_dll.tx_nbr_retries < 0)
..\src\ucp.c(335): warning:  #177-D: variable "send_ok"  was declared but never referenced
  		bool send_ok = false;
..\src\ucp.c(392): warning:  #550-D: variable "tx_ok"  was set but never used
  	bool tx_ok;
..\src\ucp.c(573): warning:  #111-D: statement is unreachable
  		if ( ucp->ongoing_transmission == true )
..\src\ucp.c(67): warning:  #177-D: variable "InterCharTimer"  was declared but never referenced
  static TimerEvent_t InterCharTimer;
..\src\ucp.c(71): warning:  #550-D: variable "ucp_logon_timeout"  was set but never used
  static uint32_t ucp_logon_timeout;
..\src\ucp.c: 7 warnings, 0 errors
compiling utilities.c...
compiling low_power_manager.c...
linking...
Program Size: Code=40374 RO-data=3258 RW-data=240 ZI-data=7748  
FromELF: creating hex file...
".\mlm32l07x01Lib\PR002420v01_ENIC_APFW.axf" - 0 Error(s), 63 Warning(s).

<h2>Collection of Component include folders:</h2>
  C:\Users\TI0648\Desktop\NIC_ESCALAMIENTO\FW\PR002420v01r00\Projects\B-L072Z-LRWAN1\Applications\Sgfx\PR002420v01_ENIC_APFW\MDK-ARM\RTE\_mlm32l07x01
  C:\Keil_v5\ARM\PACK\Keil\STM32L0xx_DFP\2.1.0\Drivers\CMSIS\Device\ST\STM32L0xx\Include

<h2>Collection of Component Files used:</h2>
Build Time Elapsed:  00:00:44
</pre>
</body>
</html>
