Component: ARM Compiler 5.06 update 4 (build 422) Tool: armlink [4d35d2]

==============================================================================

Section Cross References

    hts221_driver.o(i.HTS221_Activate) refers to hts221_driver.o(i.HTS221_ReadReg) for HTS221_ReadReg
    hts221_driver.o(i.HTS221_Activate) refers to hts221_driver.o(i.HTS221_WriteReg) for HTS221_WriteReg
    hts221_driver.o(i.HTS221_DeActivate) refers to hts221_driver.o(i.HTS221_ReadReg) for HTS221_ReadReg
    hts221_driver.o(i.HTS221_DeActivate) refers to hts221_driver.o(i.HTS221_WriteReg) for HTS221_WriteReg
    hts221_driver.o(i.HTS221_DeInit) refers to hts221_driver.o(i.HTS221_ReadReg) for HTS221_ReadReg
    hts221_driver.o(i.HTS221_DeInit) refers to hts221_driver.o(i.HTS221_WriteReg) for HTS221_WriteReg
    hts221_driver.o(i.HTS221_Get_AvgHT) refers to hts221_driver.o(i.HTS221_ReadReg) for HTS221_ReadReg
    hts221_driver.o(i.HTS221_Get_BduMode) refers to hts221_driver.o(i.HTS221_ReadReg) for HTS221_ReadReg
    hts221_driver.o(i.HTS221_Get_DataStatus) refers to hts221_driver.o(i.HTS221_ReadReg) for HTS221_ReadReg
    hts221_driver.o(i.HTS221_Get_DeviceID) refers to hts221_driver.o(i.HTS221_ReadReg) for HTS221_ReadReg
    hts221_driver.o(i.HTS221_Get_HeaterState) refers to hts221_driver.o(i.HTS221_ReadReg) for HTS221_ReadReg
    hts221_driver.o(i.HTS221_Get_Humidity) refers to hts221_driver.o(i.HTS221_ReadReg) for HTS221_ReadReg
    hts221_driver.o(i.HTS221_Get_Humidity) refers to fflti.o(.text) for __aeabi_i2f
    hts221_driver.o(i.HTS221_Get_Humidity) refers to fmul.o(.text) for __aeabi_fmul
    hts221_driver.o(i.HTS221_Get_Humidity) refers to fdiv.o(.text) for __aeabi_fdiv
    hts221_driver.o(i.HTS221_Get_Humidity) refers to fadd.o(.text) for __aeabi_fadd
    hts221_driver.o(i.HTS221_Get_Humidity) refers to ffixui.o(.text) for __aeabi_f2uiz
    hts221_driver.o(i.HTS221_Get_HumidityRaw) refers to hts221_driver.o(i.HTS221_ReadReg) for HTS221_ReadReg
    hts221_driver.o(i.HTS221_Get_InitConfig) refers to hts221_driver.o(i.HTS221_ReadReg) for HTS221_ReadReg
    hts221_driver.o(i.HTS221_Get_IrqActiveLevel) refers to hts221_driver.o(i.HTS221_ReadReg) for HTS221_ReadReg
    hts221_driver.o(i.HTS221_Get_IrqEnable) refers to hts221_driver.o(i.HTS221_ReadReg) for HTS221_ReadReg
    hts221_driver.o(i.HTS221_Get_IrqOutputType) refers to hts221_driver.o(i.HTS221_ReadReg) for HTS221_ReadReg
    hts221_driver.o(i.HTS221_Get_Measurement) refers to hts221_driver.o(i.HTS221_Get_Temperature) for HTS221_Get_Temperature
    hts221_driver.o(i.HTS221_Get_Measurement) refers to hts221_driver.o(i.HTS221_Get_Humidity) for HTS221_Get_Humidity
    hts221_driver.o(i.HTS221_Get_Odr) refers to hts221_driver.o(i.HTS221_ReadReg) for HTS221_ReadReg
    hts221_driver.o(i.HTS221_Get_PowerDownMode) refers to hts221_driver.o(i.HTS221_ReadReg) for HTS221_ReadReg
    hts221_driver.o(i.HTS221_Get_RawMeasurement) refers to hts221_driver.o(i.HTS221_ReadReg) for HTS221_ReadReg
    hts221_driver.o(i.HTS221_Get_Temperature) refers to hts221_driver.o(i.HTS221_ReadReg) for HTS221_ReadReg
    hts221_driver.o(i.HTS221_Get_Temperature) refers to fflti.o(.text) for __aeabi_i2f
    hts221_driver.o(i.HTS221_Get_Temperature) refers to fmul.o(.text) for __aeabi_fmul
    hts221_driver.o(i.HTS221_Get_Temperature) refers to fdiv.o(.text) for __aeabi_fdiv
    hts221_driver.o(i.HTS221_Get_Temperature) refers to fadd.o(.text) for __aeabi_fadd
    hts221_driver.o(i.HTS221_Get_Temperature) refers to ffixi.o(.text) for __aeabi_f2iz
    hts221_driver.o(i.HTS221_Get_TemperatureRaw) refers to hts221_driver.o(i.HTS221_ReadReg) for HTS221_ReadReg
    hts221_driver.o(i.HTS221_IsMeasurementCompleted) refers to hts221_driver.o(i.HTS221_ReadReg) for HTS221_ReadReg
    hts221_driver.o(i.HTS221_MemoryBoot) refers to hts221_driver.o(i.HTS221_ReadReg) for HTS221_ReadReg
    hts221_driver.o(i.HTS221_MemoryBoot) refers to hts221_driver.o(i.HTS221_WriteReg) for HTS221_WriteReg
    hts221_driver.o(i.HTS221_ReadReg) refers to x_nucleo_iks01a2.o(i.Sensor_IO_Read) for Sensor_IO_Read
    hts221_driver.o(i.HTS221_Set_AvgH) refers to hts221_driver.o(i.HTS221_assert_failed) for HTS221_assert_failed
    hts221_driver.o(i.HTS221_Set_AvgH) refers to hts221_driver.o(i.HTS221_ReadReg) for HTS221_ReadReg
    hts221_driver.o(i.HTS221_Set_AvgH) refers to hts221_driver.o(i.HTS221_WriteReg) for HTS221_WriteReg
    hts221_driver.o(i.HTS221_Set_AvgHT) refers to hts221_driver.o(i.HTS221_assert_failed) for HTS221_assert_failed
    hts221_driver.o(i.HTS221_Set_AvgHT) refers to hts221_driver.o(i.HTS221_ReadReg) for HTS221_ReadReg
    hts221_driver.o(i.HTS221_Set_AvgHT) refers to hts221_driver.o(i.HTS221_WriteReg) for HTS221_WriteReg
    hts221_driver.o(i.HTS221_Set_AvgT) refers to hts221_driver.o(i.HTS221_assert_failed) for HTS221_assert_failed
    hts221_driver.o(i.HTS221_Set_AvgT) refers to hts221_driver.o(i.HTS221_ReadReg) for HTS221_ReadReg
[...]
    RTC_ByteToBcd2                           0x08005225   Thumb Code    22  stm32l0xx_hal_rtc.o(i.RTC_ByteToBcd2)
    RTC_EnterInitMode                        0x0800523b   Thumb Code    56  stm32l0xx_hal_rtc.o(i.RTC_EnterInitMode)
    RTC_IRQHandler                           0x08005273   Thumb Code     8  mlm32l0xx_it.o(i.RTC_IRQHandler)
    RxChainCalibration                       0x0800527d   Thumb Code   138  sx1276.o(i.RxChainCalibration)
    SCH_ClrEvt                               0x08005311   Thumb Code    24  scheduler.o(i.SCH_ClrEvt)
    SCH_EvtIdle                              0x0800532d   Thumb Code     8  scheduler.o(i.SCH_EvtIdle)
    SCH_Idle                                 0x08005335   Thumb Code    12  main.o(i.SCH_Idle)
    SCH_RegTask                              0x08005341   Thumb Code    18  scheduler.o(i.SCH_RegTask)
    SCH_Run                                  0x08005359   Thumb Code   110  scheduler.o(i.SCH_Run)
    SCH_SetEvt                               0x080053d5   Thumb Code    24  scheduler.o(i.SCH_SetEvt)
    SCH_SetTask                              0x080053f1   Thumb Code    24  scheduler.o(i.SCH_SetTask)
    SCH_WaitEvt                              0x0800540d   Thumb Code    36  scheduler.o(i.SCH_WaitEvt)
    SE_NVM_get                               0x08005435   Thumb Code    22  se_nvm.o(i.SE_NVM_get)
    SE_NVM_get_key_type                      0x08005451   Thumb Code     6  se_nvm.o(i.SE_NVM_get_key_type)
    SE_NVM_set                               0x0800545d   Thumb Code    34  se_nvm.o(i.SE_NVM_set)
    SGFX_SX1276_rx_config                    0x08005485   Thumb Code    48  sgfxsx1276modulation-lib.o(i.SGFX_SX1276_rx_config)
    SGFX_SX1276_rx_setbw                     0x080054b9   Thumb Code    36  sgfxsx1276modulation-lib.o(i.SGFX_SX1276_rx_setbw)
    SGFX_SX1276_rx_start                     0x080054dd   Thumb Code    12  sgfxsx1276modulation-lib.o(i.SGFX_SX1276_rx_start)
    SGFX_SX1276_rx_stop                      0x080054e9   Thumb Code    28  sgfxsx1276modulation-lib.o(i.SGFX_SX1276_rx_stop)
    SGFX_SX1276_stop                         0x08005505   Thumb Code    18  sgfxsx1276modulation-lib.o(i.SGFX_SX1276_stop)
    SGFX_SX1276_tx                           0x08005517   Thumb Code    48  sgfxsx1276modulation-lib.o(i.SGFX_SX1276_tx)
    SGFX_SX1276_tx_config                    0x08005549   Thumb Code    96  sgfxsx1276modulation-lib.o(i.SGFX_SX1276_tx_config)
    SIGFOX_API_get_device_id                 0x080055ad   Thumb Code     8  sigfox_api.o(i.SIGFOX_API_get_device_id)
    SIGFOX_API_get_initial_pac               0x080055b5   Thumb Code    50  sigfox_api.o(i.SIGFOX_API_get_initial_pac)
    SIGFOX_API_open                          0x080055e9   Thumb Code   322  sigfox_api.o(i.SIGFOX_API_open)
    SIGFOX_API_send_frame                    0x08005755   Thumb Code    66  sigfox_api.o(i.SIGFOX_API_send_frame)
    SIGFOX_API_set_std_config                0x0800579d   Thumb Code   114  sigfox_api.o(i.SIGFOX_API_set_std_config)
    SIGFOX_INT_build_frame                   0x08005821   Thumb Code   324  sigfox_internal.o(i.SIGFOX_INT_build_frame)
    SIGFOX_INT_compute_carrier_sense_frequency 0x08005965   Thumb Code    44  sigfox_internal.o(i.SIGFOX_INT_compute_carrier_sense_frequency)
    SIGFOX_INT_compute_channels              0x08005991   Thumb Code   308  sigfox_internal.o(i.SIGFOX_INT_compute_channels)
    SIGFOX_INT_compute_uplink_frequency      0x08005ac9   Thumb Code   118  sigfox_internal.o(i.SIGFOX_INT_compute_uplink_frequency)
    SIGFOX_INT_dc_lbt_channel_pn_max         0x08005b49   Thumb Code    42  sigfox_internal.o(i.SIGFOX_INT_dc_lbt_channel_pn_max)
    SIGFOX_INT_dc_lbt_channel_pn_min         0x08005b73   Thumb Code    26  sigfox_internal.o(i.SIGFOX_INT_dc_lbt_channel_pn_min)
    SIGFOX_INT_downlink_configuration        0x08005b8d   Thumb Code    78  sigfox_internal.o(i.SIGFOX_INT_downlink_configuration)
    SIGFOX_INT_execute_carrier_sense         0x08005bdb   Thumb Code    58  sigfox_internal.o(i.SIGFOX_INT_execute_carrier_sense)
    SIGFOX_INT_execute_communication_sequence 0x08005c15   Thumb Code   332  sigfox_internal.o(i.SIGFOX_INT_execute_communication_sequence)
    SIGFOX_INT_get_device_id                 0x08005d69   Thumb Code    46  sigfox_internal.o(i.SIGFOX_INT_get_device_id)
    SIGFOX_INT_get_macro_channel_index       0x08005d97   Thumb Code    98  sigfox_internal.o(i.SIGFOX_INT_get_macro_channel_index)
    SIGFOX_INT_get_max_micro_channel         0x08005df9   Thumb Code    52  sigfox_internal.o(i.SIGFOX_INT_get_max_micro_channel)
    SIGFOX_INT_get_received_frames           0x08005e2d   Thumb Code   240  sigfox_internal.o(i.SIGFOX_INT_get_received_frames)
    SIGFOX_INT_prepare_transmission          0x08005f1d   Thumb Code   100  sigfox_internal.o(i.SIGFOX_INT_prepare_transmission)
    SIGFOX_INT_process_downlink              0x08005f8d   Thumb Code    66  sigfox_internal.o(i.SIGFOX_INT_process_downlink)
    SIGFOX_INT_process_uplink                0x08005fcf   Thumb Code   616  sigfox_internal.o(i.SIGFOX_INT_process_uplink)
    SIGFOX_INT_randomize                     0x08006237   Thumb Code    20  sigfox_internal.o(i.SIGFOX_INT_randomize)
    SIGFOX_INT_send_single_frame             0x0800624b   Thumb Code   124  sigfox_internal.o(i.SIGFOX_INT_send_single_frame)
    SIGFOX_INT_store_nvm                     0x080062c7   Thumb Code    38  sigfox_internal.o(i.SIGFOX_INT_store_nvm)
    SIGFOX_PN_next_pn                        0x080062ed   Thumb Code    72  sigfox_pn.o(i.SIGFOX_PN_next_pn)
    SIGFOX_SCRAMB_compute                    0x08006339   Thumb Code   100  sigfox_scramb.o(i.SIGFOX_SCRAMB_compute)
    STLL_LowPower                            0x080064eb   Thumb Code    20  st_lowlevel.o(i.STLL_LowPower)
    STLL_RadioPowerGet                       0x08006521   Thumb Code     8  st_lowlevel.o(i.STLL_RadioPowerGet)
    STLL_RadioPowerSetBoard                  0x0800652d   Thumb Code     8  st_lowlevel.o(i.STLL_RadioPowerSetBoard)
    STLL_Radio_DeInit                        0x08006535   Thumb Code    30  st_lowlevel.o(i.STLL_Radio_DeInit)
    STLL_Radio_Init                          0x08006553   Thumb Code    22  st_lowlevel.o(i.STLL_Radio_Init)
    STLL_Radio_IoDeInit                      0x08006569   Thumb Code    72  st_lowlevel.o(i.STLL_Radio_IoDeInit)
    STLL_Radio_IoInit                        0x080065b9   Thumb Code    34  st_lowlevel.o(i.STLL_Radio_IoInit)
    STLL_Radio_ReadFifo                      0x080065e9   Thumb Code    12  st_lowlevel.o(i.STLL_Radio_ReadFifo)
    STLL_Radio_ReadReg                       0x080065f5   Thumb Code     8  st_lowlevel.o(i.STLL_Radio_ReadReg)
    STLL_Radio_SetFreq                       0x080065fd   Thumb Code     8  st_lowlevel.o(i.STLL_Radio_SetFreq)
    STLL_Radio_SetOpMode                     0x08006605   Thumb Code     8  st_lowlevel.o(i.STLL_Radio_SetOpMode)
    STLL_Radio_WriteReg                      0x0800660d   Thumb Code     8  st_lowlevel.o(i.STLL_Radio_WriteReg)
    STLL_RxCarrierSenseGetRssi               0x08006615   Thumb Code    22  st_lowlevel.o(i.STLL_RxCarrierSenseGetRssi)
    STLL_RxCarrierSenseGetStatus             0x08006631   Thumb Code     6  st_lowlevel.o(i.STLL_RxCarrierSenseGetStatus)
    STLL_RxCarrierSenseInitStatus            0x0800663d   Thumb Code     8  st_lowlevel.o(i.STLL_RxCarrierSenseInitStatus)
    STLL_SGFX_SX1276_GetSyncRssi             0x08006649   Thumb Code     8  st_lowlevel.o(i.STLL_SGFX_SX1276_GetSyncRssi)
    STLL_SetClockSource                      0x08006655   Thumb Code    18  st_lowlevel.o(i.STLL_SetClockSource)
    STLL_SetEndOfTxFrame                     0x08006667   Thumb Code    10  st_lowlevel.o(i.STLL_SetEndOfTxFrame)
    STLL_TIM2_SetPeriod                      0x08006671   Thumb Code     8  st_lowlevel.o(i.STLL_TIM2_SetPeriod)
    STLL_TIM2_Start                          0x08006679   Thumb Code     8  st_lowlevel.o(i.STLL_TIM2_Start)
    STLL_TIM2_Stop                           0x08006681   Thumb Code     8  st_lowlevel.o(i.STLL_TIM2_Stop)
    STLL_TX_IRQHandler_CB                    0x08006689   Thumb Code   134  sgfxsx1276modulation-lib.o(i.STLL_TX_IRQHandler_CB)
    STLL_Transmit_DMA_Start                  0x08006719   Thumb Code     8  st_lowlevel.o(i.STLL_Transmit_DMA_Start)
    STLL_Transmit_DMA_Stop                   0x08006721   Thumb Code     8  st_lowlevel.o(i.STLL_Transmit_DMA_Stop)
    STLL_WaitEndOfRxFrame                    0x08006729   Thumb Code    24  st_lowlevel.o(i.STLL_WaitEndOfRxFrame)
    STLL_WaitEndOfTxFrame                    0x08006745   Thumb Code    12  st_lowlevel.o(i.STLL_WaitEndOfTxFrame)
    SVC_Handler                              0x08006751   Thumb Code     2  mlm32l0xx_it.o(i.SVC_Handler)
    SX1276BoardInit                          0x08006755   Thumb Code     6  sx1276.o(i.SX1276BoardInit)
    SX1276GetPaSelect                        0x08006761   Thumb Code    12  mlm32l07x01.o(i.SX1276GetPaSelect)
    SX1276GetWakeUpTime                      0x0800676d   Thumb Code     4  mlm32l07x01.o(i.SX1276GetWakeUpTime)
    SX1276Init                               0x08006771   Thumb Code   122  sx1276.o(i.SX1276Init)
    SX1276IoDeInit                           0x080067fd   Thumb Code    80  mlm32l07x01.o(i.SX1276IoDeInit)
    SX1276IoInit                             0x08006859   Thumb Code   106  mlm32l07x01.o(i.SX1276IoInit)
    SX1276IoIrqInit                          0x080068d5   Thumb Code    58  mlm32l07x01.o(i.SX1276IoIrqInit)
    SX1276OnDio0Irq                          0x08006919   Thumb Code   594  sx1276.o(i.SX1276OnDio0Irq)
    SX1276OnDio1Irq                          0x08006b95   Thumb Code   194  sx1276.o(i.SX1276OnDio1Irq)
    SX1276OnDio2Irq                          0x08006c6d   Thumb Code   170  sx1276.o(i.SX1276OnDio2Irq)
    SX1276OnDio3Irq                          0x08006d25   Thumb Code    76  sx1276.o(i.SX1276OnDio3Irq)
    SX1276OnDio4Irq                          0x08006d79   Thumb Code    24  sx1276.o(i.SX1276OnDio4Irq)
    SX1276OnTimeoutIrq                       0x08006d95   Thumb Code   188  sx1276.o(i.SX1276OnTimeoutIrq)
    SX1276Read                               0x08006e5d   Thumb Code    16  sx1276.o(i.SX1276Read)
    SX1276ReadBuffer                         0x08006e6d   Thumb Code    66  sx1276.o(i.SX1276ReadBuffer)
    SX1276ReadFifo                           0x08006eaf   Thumb Code    14  sx1276.o(i.SX1276ReadFifo)
    SX1276Reset                              0x08006ebd   Thumb Code    74  sx1276.o(i.SX1276Reset)
    SX1276SetAntSw                           0x08006f0d   Thumb Code    60  mlm32l07x01.o(i.SX1276SetAntSw)
    SX1276SetAntSwLowPower                   0x08006f51   Thumb Code   110  mlm32l07x01.o(i.SX1276SetAntSwLowPower)
    SX1276SetChannel                         0x08006fc5   Thumb Code    72  sx1276.o(i.SX1276SetChannel)
    SX1276SetModem                           0x08007015   Thumb Code   106  sx1276.o(i.SX1276SetModem)
    SX1276SetOpMode                          0x08007085   Thumb Code    86  sx1276.o(i.SX1276SetOpMode)
    SX1276SetPublicNetwork                   0x080070e1   Thumb Code    32  sx1276.o(i.SX1276SetPublicNetwork)
    SX1276SetRfTxPower                       0x08007105   Thumb Code   152  mlm32l07x01.o(i.SX1276SetRfTxPower)
    SX1276SetSleep                           0x0800719d   Thumb Code    32  sx1276.o(i.SX1276SetSleep)
    SX1276SetXO                              0x080071c1   Thumb Code    40  mlm32l07x01.o(i.SX1276SetXO)
    SX1276Write                              0x080071e9   Thumb Code    12  sx1276.o(i.SX1276Write)
    SX1276WriteBuffer                        0x080071f5   Thumb Code    66  sx1276.o(i.SX1276WriteBuffer)
    SX1276WriteFifo                          0x08007237   Thumb Code    14  sx1276.o(i.SX1276WriteFifo)
    SYSTEM_initialize                        0x08007245   Thumb Code   106  system.o(i.SYSTEM_initialize)
    SYSTEM_io_reconfig_task                  0x080072c9   Thumb Code    66  system.o(i.SYSTEM_io_reconfig_task)
    SYS_config_timers                        0x08007321   Thumb Code    20  system.o(i.SYS_config_timers)
    SYS_pfail_counter                        0x08007335   Thumb Code   118  system.o(i.SYS_pfail_counter)
    SysTick_Handler                          0x080073b5   Thumb Code     8  mlm32l0xx_it.o(i.SysTick_Handler)
    SystemClock_Config                       0x080073bd   Thumb Code   178  mlm32l0xx_hw.o(i.SystemClock_Config)
    SystemInit                               0x08007479   Thumb Code    66  system_stm32l0xx.o(i.SystemInit)
    TEST_send_task_success                   0x080074cd   Thumb Code    78  system.o(i.TEST_send_task_success)
    TEST_set_cmd_ok                          0x08007541   Thumb Code    48  system.o(i.TEST_set_cmd_ok)
    TEST_vExecute_inst_1                     0x08007575   Thumb Code    36  system.o(i.TEST_vExecute_inst_1)
    TEST_vExecute_inst_2                     0x080075a9   Thumb Code    58  system.o(i.TEST_vExecute_inst_2)
    TEST_vExecute_inst_3                     0x08007601   Thumb Code    76  system.o(i.TEST_vExecute_inst_3)
    TEST_vSend_cmd                           0x08007679   Thumb Code    34  system.o(i.TEST_vSend_cmd)
    TIM3_IRQHandler                          0x080076a1   Thumb Code   132  mlm32l0xx_it.o(i.TIM3_IRQHandler)
    TIMER_initialize                         0x0800773d   Thumb Code    68  timer.o(i.TIMER_initialize)
    TIMER_io_config                          0x0800778d   Thumb Code    64  timer.o(i.TIMER_io_config)
    TIMER_reset_ms_timer                     0x080077d9   Thumb Code    20  timer.o(i.TIMER_reset_ms_timer)
    TX_Start                                 0x080079d9   Thumb Code   144  sgfxsx1276modulation-lib.o(i.TX_Start)
    TimerInit                                0x08007bb1   Thumb Code    14  timeserver.o(i.TimerInit)
    TimerIrqHandler                          0x08007bdd   Thumb Code   116  timeserver.o(i.TimerIrqHandler)
    TimerReset                               0x08007c55   Thumb Code    16  timeserver.o(i.TimerReset)
    TimerSetValue                            0x08007c91   Thumb Code    34  timeserver.o(i.TimerSetValue)
    TimerStart                               0x08007cb5   Thumb Code   108  timeserver.o(i.TimerStart)
    TimerStop                                0x08007d25   Thumb Code    90  timeserver.o(i.TimerStop)
    UART_AdvFeatureConfig                    0x08007d85   Thumb Code   202  stm32l0xx_hal_uart.o(i.UART_AdvFeatureConfig)
    UART_CheckIdleState                      0x08007e51   Thumb Code    90  stm32l0xx_hal_uart.o(i.UART_CheckIdleState)
    UART_SetConfig                           0x08007f61   Thumb Code   510  stm32l0xx_hal_uart.o(i.UART_SetConfig)
    UART_WaitOnFlagUntilTimeout              0x08008191   Thumb Code    98  stm32l0xx_hal_uart.o(i.UART_WaitOnFlagUntilTimeout)
    UCP_initialize                           0x080081f5   Thumb Code   192  ucp.o(i.UCP_initialize)
    UCP_io_configure                         0x080082d9   Thumb Code   136  ucp.o(i.UCP_io_configure)
    UCP_rx_abort                             0x0800836d   Thumb Code    32  ucp.o(i.UCP_rx_abort)
    UCP_rx_int_handler                       0x08008399   Thumb Code   174  ucp.o(i.UCP_rx_int_handler)
    UCP_send_frame                           0x0800844d   Thumb Code    28  ucp.o(i.UCP_send_frame)
    UCP_tx_abort                             0x0800846d   Thumb Code    36  ucp.o(i.UCP_tx_abort)
    UCP_tx_int_handler                       0x08008499   Thumb Code   152  ucp.o(i.UCP_tx_int_handler)
    UCP_tx_packet                            0x08008539   Thumb Code    52  ucp.o(i.UCP_tx_packet)
    UCP_tx_retry                             0x08008571   Thumb Code     2  ucp.o(i.UCP_tx_retry)
    UL_pending_execution                     0x08008573   Thumb Code    12  ul.o(i.UL_pending_execution)
    UL_send_to_sfx                           0x08008581   Thumb Code   194  ul.o(i.UL_send_to_sfx)
    USART1_IRQHandler                        0x08008655   Thumb Code    16  mlm32l0xx_it.o(i.USART1_IRQHandler)
    USART2_IRQHandler                        0x08008669   Thumb Code    16  mlm32l0xx_it.o(i.USART2_IRQHandler)
    UTIL_compare_array                       0x0800867d   Thumb Code    44  util.o(i.UTIL_compare_array)
    __ARM_common_switch8                     0x080086a9   Thumb Code    26  hts221_driver_hl.o(i.__ARM_common_switch8)
    __scatterload_copy                       0x080086c3   Thumb Code    14  handlers.o(i.__scatterload_copy)
    __scatterload_null                       0x080086d1   Thumb Code     2  handlers.o(i.__scatterload_null)
    __scatterload_zeroinit                   0x080086d3   Thumb Code    14  handlers.o(i.__scatterload_zeroinit)
    ascii_to_hex                             0x080086e1   Thumb Code    68  util.o(i.ascii_to_hex)
    ascii_to_hex10                           0x08008729   Thumb Code    74  util.o(i.ascii_to_hex10)
    main                                     0x0800887d   Thumb Code   106  main.o(i.main)
    null_action                              0x08008905   Thumb Code     4  timer.o(i.null_action)
    send_data_request                        0x08008909   Thumb Code    10  system.o(i.send_data_request)
    send_test_data                           0x08008915   Thumb Code    94  system.o(i.send_test_data)
    tiny_vsnprintf_like                      0x080089f1   Thumb Code   338  tiny_vsnprintf.o(i.tiny_vsnprintf_like)
    user_button_init                         0x08008b4d   Thumb Code    52  system.o(i.user_button_init)
    vcom_Dma_IRQHandler                      0x08008b8d   Thumb Code    90  vcom.o(i.vcom_Dma_IRQHandler)
    vcom_Send                                0x08008c3d   Thumb Code   262  vcom.o(i.vcom_Send)
    RadioRegsInit                            0x08008ddc   Data          48  sx1276.o(.constdata)
    FskBandwidths                            0x08008e0c   Data         176  sx1276.o(.constdata)
    AHBPrescTable                            0x08008ebc   Data          16  system_stm32l0xx.o(.constdata)
    PLLMulTable                              0x08008ecc   Data           9  system_stm32l0xx.o(.constdata)
    APBPrescTable                            0x08008ed5   Data           8  system_stm32l0xx.o(.constdata)
    fsync_lut_tx                             0x080090b0   Data          36  sigfox_internal.o(.constdata)
    Region$$Table$$Base                      0x08009134   Number         0  anon$$obj.o(Region$$Table)
    Region$$Table$$Limit                     0x08009174   Number         0  anon$$obj.o(Region$$Table)
    encrypted_sigfox_data                    0x08017000   Data          48  sigfox_data.o(.constdata)
    CREDENTIALS_aes_128_cbc_encrypt          0x08018001   Thumb Code    72  sgfx_credentials_lib.o(i.CREDENTIALS_aes_128_cbc_encrypt)
    CREDENTIALS_aes_128_cbc_encrypt_with_session_key 0x08018049   Thumb Code    52  sgfx_credentials_lib.o(i.CREDENTIALS_aes_128_cbc_encrypt_with_session_key)
    CREDENTIALS_get_dev_id                   0x08018165   Thumb Code    30  sgfx_credentials_lib.o(i.CREDENTIALS_get_dev_id)
    CREDENTIALS_get_initial_pac              0x08018189   Thumb Code    30  sgfx_credentials_lib.o(i.CREDENTIALS_get_initial_pac)
    CREDENTIALS_get_payload_encryption_flag  0x080181f1   Thumb Code     6  sgfx_credentials_lib.o(i.CREDENTIALS_get_payload_encryption_flag)
    CREDENTIALS_wrap_session_key             0x08018271   Thumb Code    66  sgfx_credentials_lib.o(i.CREDENTIALS_wrap_session_key)
    SE_API_close                             0x080182b9   Thumb Code     4  sgfx_cmac_lib.o(i.SE_API_close)
    SE_API_get_device_id                     0x080182bd   Thumb Code    10  sgfx_cmac_lib.o(i.SE_API_get_device_id)
    SE_API_get_initial_pac                   0x080182c7   Thumb Code    10  sgfx_cmac_lib.o(i.SE_API_get_initial_pac)
    SE_API_open                              0x080182d1   Thumb Code     4  sgfx_cmac_lib.o(i.SE_API_open)
    SE_API_secure_uplink_message             0x080182d5   Thumb Code   496  sgfx_cmac_lib.o(i.SE_API_secure_uplink_message)
    SE_API_verify_downlink_message           0x080184c9   Thumb Code   292  sgfx_cmac_lib.o(i.SE_API_verify_downlink_message)
    pow_alpha                                0x0801909a   Data          16  sgfx_cmac_lib.o(.constdata)
    log_alpha                                0x080190aa   Data          16  sgfx_cmac_lib.o(.constdata)
    E2pData                                  0x08080004   Data          88  hw_eeprom.o(eeprom_sect)
    DioIrq                                   0x20000008   Data          24  sx1276.o(.data)
    SystemCoreClock                          0x20000038   Data           4  system_stm32l0xx.o(.data)
    uwTick                                   0x20000040   Data           4  stm32l0xx_hal.o(.data)
    device                                   0x20000048   Data           1  led.o(.data)
    led                                      0x20000049   Data           1  led.o(.data)
    LED_PORT                                 0x2000004c   Data          16  led.o(.data)
    ms_timer_flag                            0x20000078   Data           1  timer.o(.data)
    TIMER_tic_ms_timer                       0x2000007a   Data           2  timer.o(.data)
    TIMER_tic_sec_timer                      0x2000007c   Data           4  timer.o(.data)
    nextbit                                  0x200000b8   Data           4  sgfxsx1276modulation-lib.o(.data)
    modulationLibVersion                     0x200000bc   Data          23  sgfxsx1276modulation-lib.o(.data)
    g_state                                  0x200000d4   Data           1  sigfox_api.o(.data)
    rs                                       0x200000d8   Data           4  sigfox_api.o(.data)
    SX1276                                   0x200001f0   Data         104  sx1276.o(.bss)
    TxTimeoutTimer                           0x20000258   Data          20  sx1276.o(.bss)
    RxTimeoutTimer                           0x2000026c   Data          20  sx1276.o(.bss)
    RxTimeoutSyncWord                        0x20000280   Data          20  sx1276.o(.bss)
    pFlash                                   0x20000294   Data          24  stm32l0xx_hal_flash.o(.bss)
    cm                                       0x200002ac   Data          90  cm.o(.bss)
    CM_TIMEOUT_TIMER                         0x20000308   Data          20  cm.o(.bss)
    LED_blink_task                           0x2000041c   Data          20  led.o(.bss)
    mfg_dll                                  0x20000534   Data         464  mfg.o(.bss)
    mfg_uart                                 0x20000824   Data         112  mfg.o(.bss)
    MFG_rtos_rx_abort_task                   0x20000894   Data          20  mfg.o(.bss)
    MFG_rtos_tx_abort_task                   0x200008a8   Data          20  mfg.o(.bss)
    MFG_rtos_exit_mgf_mode_task              0x200008bc   Data          20  mfg.o(.bss)
    TIMER_ms_timers                          0x200009a8   Data         176  timer.o(.bss)
    TIMER_min_timers                         0x20000a58   Data          24  timer.o(.bss)
    base_timer                               0x20000a70   Data          56  timer.o(.bss)
    rep                                      0x20000aa8   Data          12  rep.o(.bss)
    initial_rep                              0x20000ab4   Data          20  rep.o(.bss)
    recurring_rep                            0x20000ac8   Data          20  rep.o(.bss)
    states                                   0x20000adc   Data         224  system.o(.bss)
    nic_apl                                  0x20000bd0   Data          15  nic.o(.bss)
    nic_dll                                  0x20000bdf   Data          15  nic.o(.bss)
    timer_to_refresh_data                    0x20000bf0   Data          20  nic.o(.bss)
    ucp_dll                                  0x20000c04   Data         128  ucp.o(.bss)
    mm_uart                                  0x20000cc4   Data         112  ucp.o(.bss)
    UCP_rtos_rx_abort_task                   0x20000d34   Data          20  ucp.o(.bss)
    UCP_rtos_tx_abort_task                   0x20000d48   Data          20  ucp.o(.bss)
    __initial_sp                             0x20001ed8   Data           0  startup_stm32l072xx.o(STACK)
    end_app                                  0x20001ed8   Data           8  app_crc.o(.constdata)
    app_crc                                  0x20001ee0   Data           4  app_crc.o(.constdata)



==============================================================================

Memory Map of the image

  Image Entry point : 0x080000c1

  Load Region LR_IROM1 (Base: 0x08000000, Size: 0x00009270, Max: 0x00017000, ABSOLUTE)

    Execution Region ER_IROM1 (Base: 0x08000000, Size: 0x00009174, Max: 0x00017000, ABSOLUTE)

    Base Addr    Size         Type   Attr      Idx    E Section Name        Object

    0x08000000   0x000000c0   Data   RO         6645    RESET               startup_stm32l072xx.o
    0x080000c0   0x00000000   Code   RO        10231  * .ARM.Collect$$$$00000000  mc_p.l(entry.o)
    0x080000c0   0x00000004   Code   RO        10545    .ARM.Collect$$$$00000001  mc_p.l(entry2.o)
    0x080000c4   0x00000004   Code   RO        10548    .ARM.Collect$$$$00000004  mc_p.l(entry5.o)
    0x080000c8   0x00000000   Code   RO        10550    .ARM.Collect$$$$00000008  mc_p.l(entry7b.o)
    0x080000c8   0x00000000   Code   RO        10552    .ARM.Collect$$$$0000000A  mc_p.l(entry8b.o)
    0x080000c8   0x00000008   Code   RO        10553    .ARM.Collect$$$$0000000B  mc_p.l(entry9a.o)
    0x080000d0   0x00000000   Code   RO        10555    .ARM.Collect$$$$0000000D  mc_p.l(entry10a.o)
    0x080000d0   0x00000000   Code   RO        10557    .ARM.Collect$$$$0000000F  mc_p.l(entry11a.o)
    0x080000d0   0x00000004   Code   RO        10546    .ARM.Collect$$$$00002712  mc_p.l(entry2.o)
    0x080000d4   0x0000001c   Code   RO         6646    .text               startup_stm32l072xx.o
    0x080000f0   0x0000002c   Code   RO        10234    .text               mc_p.l(uidiv.o)
    0x0800011c   0x00000028   Code   RO        10236    .text               mc_p.l(idiv.o)
    0x08000144   0x00000060   Code   RO        10238    .text               mc_p.l(uldiv.o)
    0x080001a4   0x00000024   Code   RO        10242    .text               mc_p.l(memcpya.o)
    0x080001c8   0x00000024   Code   RO        10244    .text               mc_p.l(memseta.o)
    0x080001ec   0x0000000e   Code   RO        10246    .text               mc_p.l(strlen.o)
    0x080001fa   0x0000001a   Code   RO        10248    .text               mc_p.l(memcmp.o)
    0x08000214   0x00000014   Code   RO        10513    .text               mc_p.l(uread4.o)
    0x08000228   0x00000020   Code   RO        10562    .text               mc_p.l(llshl.o)
    0x08000248   0x00000022   Code   RO        10564    .text               mc_p.l(llushr.o)
    0x0800026a   0x00000002   PAD
    0x0800026c   0x00000024   Code   RO        10581    .text               mc_p.l(init.o)
    0x08000290   0x00000024   Code   RO         3570    i.ADC_DelayMicroSecond  stm32l0xx_hal_adc.o
    0x080002b4   0x00000064   Code   RO         3572    i.ADC_Enable        stm32l0xx_hal_adc.o
    0x08000318   0x0000001c   Code   RO         6907    i.CM_build_ul_data  cm.o
    0x08000334   0x0000002c   Code   RO         6908    i.CM_build_ul_data_for_1ph_gwh0034  cm.o
    0x08000360   0x00000058   Code   RO         6909    i.CM_build_ul_frame_10_1ph_gwh0034  cm.o
    0x080003b8   0x0000009c   Code   RO         6910    i.CM_build_ul_frame_20_1ph_gwh0034  cm.o
    0x08000454   0x0000008c   Code   RO         6911    i.CM_build_ul_frame_30_1ph_gwh0034  cm.o
    0x080004e0   0x0000002c   Code   RO         6914    i.CM_check_executed_comands  cm.o
    0x0800050c   0x00000028   Code   RO         6915    i.CM_comands_to_meter_inst_10_1ph_ghw0034  cm.o
    0x08000534   0x0000003c   Code   RO         6916    i.CM_comands_to_meter_inst_20_1ph_ghw0034  cm.o
    0x08000570   0x00000050   Code   RO         6917    i.CM_comands_to_meter_inst_30_1ph_ghw0034  cm.o
    0x080005c0   0x00000028   Code   RO         6921    i.CM_err_communication  cm.o
    0x080005e8   0x00000080   Code   RO         6922    i.CM_execute_instruction  cm.o
    0x08000668   0x0000001c   Code   RO         6923    i.CM_frame_factory  cm.o
    0x08000684   0x00000044   Code   RO         6924    i.CM_frame_factory_for_1ph_ghw0034  cm.o
    0x080006c8   0x00000078   Code   RO         6925    i.CM_init_cmd_timeout_timer  cm.o
    0x08000740   0x00000028   Code   RO         6926    i.CM_null_communication  cm.o
    0x08000768   0x00000068   Code   RO         6927    i.CM_rx_data_analize  cm.o
    0x080007d0   0x00000034   Code   RO         8914    i.CRC_2s_complement  util.o
    0x08000804   0x00000038   Code   RO         7165    i.CT_execute_instruction  ct.o
    0x0800083c   0x00000018   Code   RO         7167    i.CT_instruction_01  ct.o
    0x08000854   0x00000018   Code   RO         7168    i.CT_instruction_02  ct.o
    0x0800086c   0x00000018   Code   RO         7169    i.CT_instruction_04  ct.o
    0x08000884   0x00000018   Code   RO         7170    i.CT_instruction_05  ct.o
    0x0800089c   0x00000018   Code   RO         7171    i.CT_instruction_06  ct.o
    0x080008b4   0x0000001c   Code   RO         7172    i.CT_reset_scaling_board  ct.o
    0x080008d0   0x00000080   Code   RO         7237    i.DBG_Init          debug.o
    0x08000950   0x0000002c   Code   RO         7263    i.DL_err_mensaje    dl.o
    0x0800097c   0x00000038   Code   RO         7264    i.DL_err_num_meter  dl.o
    0x080009b4   0x0000008c   Code   RO         7265    i.DL_task           dl.o
    0x08000a40   0x0000000c   Code   RO         8419    i.DMA1_Channel2_3_IRQHandler  mlm32l0xx_it.o
    0x08000a4c   0x00000008   Code   RO         8420    i.DMA1_Channel4_5_6_7_IRQHandler  mlm32l0xx_it.o
    0x08000a54   0x0000001e   Code   RO         4308    i.DMA_SetConfig     stm32l0xx_hal_dma.o
    0x08000a72   0x00000002   PAD
    0x08000a74   0x00000034   Code   RO         7857    i.Delay_Lp          mcu_api.o
    0x08000aa8   0x000000e4   Code   RO         7303    i.EEPROM_check_parameters  eeprom.o
    0x08000b8c   0x00000008   Code   RO         7305    i.EEPROM_initialize  eeprom.o
    0x08000b94   0x0000001a   Code   RO         7308    i.EEPROM_reader     eeprom.o
    0x08000bae   0x00000002   PAD
    0x08000bb0   0x00000040   Code   RO         7313    i.EEPROM_writer     eeprom.o
    0x08000bf0   0x00000010   Code   RO         8422    i.EXTI0_1_IRQHandler  mlm32l0xx_it.o
    0x08000c00   0x00000010   Code   RO         8423    i.EXTI2_3_IRQHandler  mlm32l0xx_it.o
    0x08000c10   0x0000005c   Code   RO         8424    i.EXTI4_15_IRQHandler  mlm32l0xx_it.o
    0x08000c6c   0x00000002   Code   RO         7238    i.Error_Handler     debug.o
    0x08000c6e   0x00000002   PAD
    0x08000c70   0x00000090   Code   RO         6107    i.FLASH_SetErrorCode  stm32l0xx_hal_flash.o
    0x08000d00   0x00000070   Code   RO         6108    i.FLASH_WaitForLastOperation  stm32l0xx_hal_flash.o
    0x08000d70   0x000000aa   Code   RO         5567    i.HAL_ADCEx_Calibration_Start  stm32l0xx_hal_adc_ex.o
    0x08000e1a   0x00000002   PAD
    0x08000e1c   0x00000094   Code   RO         3574    i.HAL_ADC_ConfigChannel  stm32l0xx_hal_adc.o
    0x08000eb0   0x00000006   Code   RO         3581    i.HAL_ADC_GetValue  stm32l0xx_hal_adc.o
    0x08000eb6   0x000000be   Code   RO         3587    i.HAL_ADC_PollForConversion  stm32l0xx_hal_adc.o
    0x08000f74   0x0000005c   Code   RO         3589    i.HAL_ADC_Start     stm32l0xx_hal_adc.o
    0x08000fd0   0x00000010   Code   RO         3977    i.HAL_DBGMCU_EnableDBGSleepMode  stm32l0xx_hal.o
    0x08000fe0   0x00000010   Code   RO         3978    i.HAL_DBGMCU_EnableDBGStandbyMode  stm32l0xx_hal.o
    0x08000ff0   0x00000010   Code   RO         3979    i.HAL_DBGMCU_EnableDBGStopMode  stm32l0xx_hal.o
    0x08001000   0x0000004c   Code   RO         4309    i.HAL_DMA_Abort     stm32l0xx_hal_dma.o
    0x0800104c   0x00000098   Code   RO         4310    i.HAL_DMA_Abort_IT  stm32l0xx_hal_dma.o
    0x080010e4   0x00000108   Code   RO         4315    i.HAL_DMA_Init      stm32l0xx_hal_dma.o
    0x080011ec   0x0000004e   Code   RO         4318    i.HAL_DMA_Start_IT  stm32l0xx_hal_dma.o
    0x0800123a   0x0000000a   Code   RO         8231    i.HAL_Delay         mlm32l0xx_hal_msp.o
    0x08001244   0x00000010   Code   RO         6206    i.HAL_FLASHEx_DATAEEPROM_EnableFixedTimeProgram  stm32l0xx_hal_flash_ex.o
    0x08001254   0x00000014   Code   RO         6208    i.HAL_FLASHEx_DATAEEPROM_Lock  stm32l0xx_hal_flash_ex.o
    0x08001268   0x00000054   Code   RO         6209    i.HAL_FLASHEx_DATAEEPROM_Program  stm32l0xx_hal_flash_ex.o
    0x080012bc   0x00000024   Code   RO         6210    i.HAL_FLASHEx_DATAEEPROM_Unlock  stm32l0xx_hal_flash_ex.o
    0x080012e0   0x00000008   Code   RO         8232    i.HAL_GPIO_EXTI_Callback  mlm32l0xx_hal_msp.o
    0x080012e8   0x00000018   Code   RO         4248    i.HAL_GPIO_EXTI_IRQHandler  stm32l0xx_hal_gpio.o
    0x08001300   0x00000184   Code   RO         4249    i.HAL_GPIO_Init     stm32l0xx_hal_gpio.o
    0x08001484   0x0000000c   Code   RO         4253    i.HAL_GPIO_WritePin  stm32l0xx_hal_gpio.o
    0x08001490   0x0000000c   Code   RO         3985    i.HAL_GetTick       stm32l0xx_hal.o
    0x0800149c   0x000000a0   Code   RO         3986    i.HAL_IncTick       stm32l0xx_hal.o
    0x0800153c   0x00000018   Code   RO         3987    i.HAL_Init          stm32l0xx_hal.o
    0x08001554   0x00000004   Code   RO         3988    i.HAL_InitTick      stm32l0xx_hal.o
    0x08001558   0x00000038   Code   RO         8234    i.HAL_MspInit       mlm32l0xx_hal_msp.o
    0x08001590   0x00000014   Code   RO         4147    i.HAL_NVIC_ClearPendingIRQ  stm32l0xx_hal_cortex.o
    0x080015a4   0x00000014   Code   RO         4149    i.HAL_NVIC_EnableIRQ  stm32l0xx_hal_cortex.o
    0x080015b8   0x0000001c   Code   RO         4150    i.HAL_NVIC_GetPendingIRQ  stm32l0xx_hal_cortex.o
    0x080015d4   0x00000008   Code   RO         4153    i.HAL_NVIC_SetPriority  stm32l0xx_hal_cortex.o
    0x080015dc   0x00000010   Code   RO         4506    i.HAL_PWREx_EnableFastWakeUp  stm32l0xx_hal_pwr_ex.o
    0x080015ec   0x00000010   Code   RO         4508    i.HAL_PWREx_EnableUltraLowPower  stm32l0xx_hal_pwr_ex.o
    0x080015fc   0x00000010   Code   RO         4390    i.HAL_PWR_DisablePVD  stm32l0xx_hal_pwr.o
    0x0800160c   0x000001c0   Code   RO         3859    i.HAL_RCCEx_GetPeriphCLKFreq  stm32l0xx_hal_rcc_ex.o
    0x080017cc   0x0000018c   Code   RO         3862    i.HAL_RCCEx_PeriphCLKConfig  stm32l0xx_hal_rcc_ex.o
    0x08001958   0x00000168   Code   RO         3748    i.HAL_RCC_ClockConfig  stm32l0xx_hal_rcc.o
    0x08001ac0   0x0000000c   Code   RO         3752    i.HAL_RCC_GetHCLKFreq  stm32l0xx_hal_rcc.o
    0x08001acc   0x00000020   Code   RO         3754    i.HAL_RCC_GetPCLK1Freq  stm32l0xx_hal_rcc.o
    0x08001aec   0x00000020   Code   RO         3755    i.HAL_RCC_GetPCLK2Freq  stm32l0xx_hal_rcc.o
    0x08001b0c   0x00000078   Code   RO         3756    i.HAL_RCC_GetSysClockFreq  stm32l0xx_hal_rcc.o
    0x08001b84   0x0000045c   Code   RO         3759    i.HAL_RCC_OscConfig  stm32l0xx_hal_rcc.o
    0x08001fe0   0x0000003c   Code   RO         4701    i.HAL_RTCEx_EnableBypassShadow  stm32l0xx_hal_rtc_ex.o
    0x0800201c   0x00000008   Code   RO         8235    i.HAL_RTC_AlarmAEventCallback  mlm32l0xx_hal_msp.o
    0x08002024   0x000000b8   Code   RO         4562    i.HAL_RTC_DeactivateAlarm  stm32l0xx_hal_rtc.o
    0x080020dc   0x00000044   Code   RO         4564    i.HAL_RTC_GetDate   stm32l0xx_hal_rtc.o
    0x08002120   0x0000005c   Code   RO         4566    i.HAL_RTC_GetTime   stm32l0xx_hal_rtc.o
    0x0800217c   0x000000a4   Code   RO         4567    i.HAL_RTC_Init      stm32l0xx_hal_rtc.o
    0x08002220   0x0000005c   Code   RO         8237    i.HAL_RTC_MspInit   mlm32l0xx_hal_msp.o
    0x0800227c   0x000001a0   Code   RO         4572    i.HAL_RTC_SetAlarm_IT  stm32l0xx_hal_rtc.o
    0x0800241c   0x000000cc   Code   RO         4573    i.HAL_RTC_SetDate   stm32l0xx_hal_rtc.o
    0x080024e8   0x000000f0   Code   RO         4574    i.HAL_RTC_SetTime   stm32l0xx_hal_rtc.o
    0x080025d8   0x00000034   Code   RO         4575    i.HAL_RTC_WaitForSynchro  stm32l0xx_hal_rtc.o
    0x0800260c   0x00000036   Code   RO         2982    i.HAL_SPI_DMAStop   stm32l0xx_hal_spi.o
    0x08002642   0x00000002   Code   RO         2984    i.HAL_SPI_ErrorCallback  stm32l0xx_hal_spi.o
    0x08002644   0x00000084   Code   RO         2988    i.HAL_SPI_Init      stm32l0xx_hal_spi.o
    0x080026c8   0x00000080   Code   RO         8238    i.HAL_SPI_MspInit   mlm32l0xx_hal_msp.o
    0x08002748   0x000002b8   Code   RO         2997    i.HAL_SPI_TransmitReceive  stm32l0xx_hal_spi.o
    0x08002a00   0x000000d0   Code   RO         3000    i.HAL_SPI_Transmit_DMA  stm32l0xx_hal_spi.o
    0x08002ad0   0x00000002   Code   RO         3002    i.HAL_SPI_TxCpltCallback  stm32l0xx_hal_spi.o
    0x08002ad2   0x00000002   Code   RO         3003    i.HAL_SPI_TxHalfCpltCallback  stm32l0xx_hal_spi.o
    0x08002ad4   0x00000018   Code   RO         4155    i.HAL_SYSTICK_CLKSourceConfig  stm32l0xx_hal_cortex.o
    0x08002aec   0x00000030   Code   RO         4157    i.HAL_SYSTICK_Config  stm32l0xx_hal_cortex.o
    0x08002b1c   0x00000048   Code   RO         5539    i.HAL_TIMEx_MasterConfigSynchronization  stm32l0xx_hal_tim_ex.o
    0x08002b64   0x00000034   Code   RO         4918    i.HAL_TIM_Base_Init  stm32l0xx_hal_tim.o
    0x08002b98   0x00000002   Code   RO         4920    i.HAL_TIM_Base_MspInit  stm32l0xx_hal_tim.o
    0x08002b9a   0x00000016   Code   RO         4923    i.HAL_TIM_Base_Start_IT  stm32l0xx_hal_tim.o
    0x08002bb0   0x000000ee   Code   RO         4927    i.HAL_TIM_ConfigClockSource  stm32l0xx_hal_tim.o
    0x08002c9e   0x00000002   Code   RO         4947    i.HAL_TIM_IC_CaptureCallback  stm32l0xx_hal_tim.o
    0x08002ca0   0x00000126   Code   RO         4960    i.HAL_TIM_IRQHandler  stm32l0xx_hal_tim.o
    0x08002dc6   0x00000050   Code   RO         4961    i.HAL_TIM_OC_ConfigChannel  stm32l0xx_hal_tim.o
    0x08002e16   0x00000002   Code   RO         4963    i.HAL_TIM_OC_DelayElapsedCallback  stm32l0xx_hal_tim.o
    0x08002e18   0x00000034   Code   RO         4965    i.HAL_TIM_OC_Init   stm32l0xx_hal_tim.o
    0x08002e4c   0x00000010   Code   RO         8239    i.HAL_TIM_OC_MspInit  mlm32l0xx_hal_msp.o
    0x08002e5c   0x0000001a   Code   RO         4968    i.HAL_TIM_OC_Start  stm32l0xx_hal_tim.o
    0x08002e76   0x00000002   PAD
    0x08002e78   0x00000028   Code   RO         4971    i.HAL_TIM_OC_Stop   stm32l0xx_hal_tim.o
    0x08002ea0   0x00000002   Code   RO         4990    i.HAL_TIM_PWM_PulseFinishedCallback  stm32l0xx_hal_tim.o
    0x08002ea2   0x00000002   Code   RO         4997    i.HAL_TIM_PeriodElapsedCallback  stm32l0xx_hal_tim.o
    0x08002ea4   0x00000002   Code   RO         5001    i.HAL_TIM_TriggerCallback  stm32l0xx_hal_tim.o
    0x08002ea6   0x00000002   Code   RO         5628    i.HAL_UARTEx_WakeupCallback  stm32l0xx_hal_uart_ex.o
    0x08002ea8   0x00000002   Code   RO         3237    i.HAL_UART_ErrorCallback  stm32l0xx_hal_uart.o
    0x08002eaa   0x00000002   PAD
    0x08002eac   0x0000017c   Code   RO         3240    i.HAL_UART_IRQHandler  stm32l0xx_hal_uart.o
    0x08003028   0x0000006c   Code   RO         3241    i.HAL_UART_Init     stm32l0xx_hal_uart.o
    0x08003094   0x00000078   Code   RO         3243    i.HAL_UART_MspInit  stm32l0xx_hal_uart.o
    0x0800310c   0x00000002   Code   RO         3247    i.HAL_UART_RxCpltCallback  stm32l0xx_hal_uart.o
    0x0800310e   0x00000002   Code   RO         3252    i.HAL_UART_TxCpltCallback  stm32l0xx_hal_uart.o
    0x08003110   0x00000094   Code   RO         8308    i.HW_AdcReadChannel  mlm32l0xx_hw.o
    0x080031a4   0x00000030   Code   RO         7389    i.HW_EEPROM_Init    hw_eeprom.o
    0x080031d4   0x00000008   Code   RO         7390    i.HW_EEPROM_Lock    hw_eeprom.o
    0x080031dc   0x0000000c   Code   RO         7392    i.HW_EEPROM_Unlock  hw_eeprom.o
    0x080031e8   0x00000038   Code   RO         7434    i.HW_GPIO_GetBitPos  hw_gpio.o
    0x08003220   0x00000054   Code   RO         7435    i.HW_GPIO_Init      hw_gpio.o
    0x08003274   0x00000018   Code   RO         7436    i.HW_GPIO_IrqHandler  hw_gpio.o
    0x0800328c   0x0000000e   Code   RO         7437    i.HW_GPIO_Read      hw_gpio.o
    0x0800329a   0x00000002   PAD
    0x0800329c   0x0000003c   Code   RO         7438    i.HW_GPIO_SetIrq    hw_gpio.o
    0x080032d8   0x0000000a   Code   RO         7439    i.HW_GPIO_Write     hw_gpio.o
    0x080032e2   0x00000002   PAD
    0x080032e4   0x00000028   Code   RO         8310    i.HW_GetBatteryLevel  mlm32l0xx_hw.o
    0x0800330c   0x00000058   Code   RO         8311    i.HW_GetTemperatureLevel  mlm32l0xx_hw.o
    0x08003364   0x000000b0   Code   RO         8312    i.HW_GpioInit       mlm32l0xx_hw.o
    0x08003414   0x00000040   Code   RO         8313    i.HW_Init           mlm32l0xx_hw.o
    0x08003454   0x00000026   Code   RO         7489    i.HW_RTC_DelayMs    hw_rtc.o
    0x0800347a   0x00000002   PAD
    0x0800347c   0x000000a4   Code   RO         7490    i.HW_RTC_GetCalendarValue  hw_rtc.o
    0x08003520   0x00000004   Code   RO         7491    i.HW_RTC_GetMinimumTimeout  hw_rtc.o
    0x08003524   0x0000000c   Code   RO         7492    i.HW_RTC_GetTimerContext  hw_rtc.o
    0x08003530   0x0000001c   Code   RO         7493    i.HW_RTC_GetTimerElapsedTime  hw_rtc.o
    0x0800354c   0x00000010   Code   RO         7494    i.HW_RTC_GetTimerValue  hw_rtc.o
    0x0800355c   0x0000002c   Code   RO         7495    i.HW_RTC_Init       hw_rtc.o
    0x08003588   0x00000040   Code   RO         7496    i.HW_RTC_IrqHandler  hw_rtc.o
    0x080035c8   0x00000022   Code   RO         7497    i.HW_RTC_SetAlarm   hw_rtc.o
    0x080035ea   0x00000002   PAD
    0x080035ec   0x00000060   Code   RO         7498    i.HW_RTC_SetConfig  hw_rtc.o
    0x0800364c   0x00000018   Code   RO         7499    i.HW_RTC_SetTimerContext  hw_rtc.o
    0x08003664   0x00000118   Code   RO         7500    i.HW_RTC_StartWakeUpAlarm  hw_rtc.o
    0x0800377c   0x0000002c   Code   RO         7501    i.HW_RTC_StopAlarm  hw_rtc.o
    0x080037a8   0x00000010   Code   RO         7503    i.HW_RTC_ms2Tick    hw_rtc.o
    0x080037b8   0x000000b0   Code   RO         7598    i.HW_SPI_ClearIRQ   hw_spi.o
    0x08003868   0x00000020   Code   RO         7600    i.HW_SPI_InOut      hw_spi.o
    0x08003888   0x00000060   Code   RO         7601    i.HW_SPI_Init       hw_spi.o
    0x080038e8   0x00000060   Code   RO         7603    i.HW_SPI_IoInit     hw_spi.o
    0x08003948   0x00000060   Code   RO         7604    i.HW_SPI_IoNssHwInit  hw_spi.o
    0x080039a8   0x00000054   Code   RO         7605    i.HW_SPI_IoNssSwInit  hw_spi.o
    0x080039fc   0x0000001c   Code   RO         7606    i.HW_SPI_Transmit_DMA_Start  hw_spi.o
    0x08003a18   0x00000028   Code   RO         7607    i.HW_SPI_Transmit_DMA_Stop  hw_spi.o
    0x08003a40   0x0000002c   Code   RO         8315    i.HW_SetHSEasSysClock  mlm32l0xx_hw.o
    0x08003a6c   0x00000054   Code   RO         8316    i.HW_SetHSIasSysClock  mlm32l0xx_hw.o
    0x08003ac0   0x00000058   Code   RO         8546    i.HW_TIM2_Init      hw_tim2.o
    0x08003b18   0x00000024   Code   RO         8547    i.HW_TIM2_SetPeriod  hw_tim2.o
    0x08003b3c   0x00000020   Code   RO         8548    i.HW_TIM2_Start     hw_tim2.o
    0x08003b5c   0x00000038   Code   RO         8549    i.HW_TIM2_Stop      hw_tim2.o
    0x08003b94   0x00000004   Code   RO         8425    i.HardFault_Handler  mlm32l0xx_it.o
    0x08003b98   0x00000060   Code   RO         7695    i.LED_diagnosis_led_task  led.o
    0x08003bf8   0x00000030   Code   RO         7696    i.LED_initialize    led.o
    0x08003c28   0x00000002   Code   RO         7697    i.LED_io_configure  led.o
    0x08003c2a   0x00000002   PAD
    0x08003c2c   0x00000080   Code   RO         7698    i.LED_io_initialize  led.o
    0x08003cac   0x00000044   Code   RO         7699    i.LED_test_rgb      led.o
    0x08003cf0   0x00000048   Code   RO         7700    i.LED_turn_off      led.o
    0x08003d38   0x00000050   Code   RO         7702    i.LED_turn_on       led.o
    0x08003d88   0x00000068   Code   RO         6459    i.LL_DMA_Init       stm32l0xx_ll_dma.o
    0x08003df0   0x00000014   Code   RO         9543    i.LL_DMA_IsEnabledChannel  vcom.o
    0x08003e04   0x00000018   Code   RO         6460    i.LL_DMA_SetPeriphRequest  stm32l0xx_ll_dma.o
    0x08003e1c   0x00000014   Code   RO         7608    i.LL_GPIO_SetPinMode  hw_spi.o
    0x08003e30   0x00000014   Code   RO         7609    i.LL_GPIO_SetPinPull  hw_spi.o
    0x08003e44   0x00000014   Code   RO         7610    i.LL_GPIO_SetPinSpeed  hw_spi.o
    0x08003e58   0x00000028   Code   RO         9892    i.LPM_SetOffMode    low_power_manager.o
    0x08003e80   0x00000028   Code   RO         9893    i.LPM_SetStopMode   low_power_manager.o
    0x08003ea8   0x00000060   Code   RO         7858    i.MCU_API_delay     mcu_api.o
    0x08003f08   0x00000004   Code   RO         7859    i.MCU_API_free      mcu_api.o
    0x08003f0c   0x0000001c   Code   RO         7860    i.MCU_API_get_nv_mem  mcu_api.o
    0x08003f28   0x00000022   Code   RO         7862    i.MCU_API_get_voltage_temperature  mcu_api.o
    0x08003f4a   0x00000002   PAD
    0x08003f4c   0x00000018   Code   RO         7863    i.MCU_API_malloc    mcu_api.o
    0x08003f64   0x00000084   Code   RO         7864    i.MCU_API_report_test_result  mcu_api.o
    0x08003fe8   0x00000028   Code   RO         7865    i.MCU_API_set_nv_mem  mcu_api.o
    0x08004010   0x0000002c   Code   RO         7866    i.MCU_API_timer_start  mcu_api.o
    0x0800403c   0x00000028   Code   RO         7867    i.MCU_API_timer_start_carrier_sense  mcu_api.o
    0x08004064   0x00000010   Code   RO         7868    i.MCU_API_timer_stop  mcu_api.o
    0x08004074   0x00000010   Code   RO         7869    i.MCU_API_timer_stop_carrier_sense  mcu_api.o
    0x08004084   0x0000000c   Code   RO         7870    i.MCU_API_timer_wait_for_end  mcu_api.o
    0x08004090   0x00000014   Code   RO         7974    i.MFG_board_assy_sn_read  mfg.o
    0x080040a4   0x00000014   Code   RO         7975    i.MFG_board_assy_sn_write  mfg.o
    0x080040b8   0x00000014   Code   RO         7976    i.MFG_bootloader_pn_read  mfg.o
    0x080040cc   0x00000014   Code   RO         7977    i.MFG_dev_id_read   mfg.o
    0x080040e0   0x00000014   Code   RO         7978    i.MFG_dev_pac_read  mfg.o
    0x080040f4   0x00000038   Code   RO         7979    i.MFG_echo_task     mfg.o
    0x0800412c   0x00000014   Code   RO         7980    i.MFG_ed_read       mfg.o
    0x08004140   0x00000014   Code   RO         7981    i.MFG_ed_write      mfg.o
    0x08004154   0x00000094   Code   RO         7982    i.MFG_execute_procedure  mfg.o
    0x080041e8   0x00000054   Code   RO         7983    i.MFG_execute_read  mfg.o
    0x0800423c   0x00000060   Code   RO         7984    i.MFG_execute_write  mfg.o
    0x0800429c   0x0000000c   Code   RO         7985    i.MFG_exit_mfg_mode  mfg.o
    0x080042a8   0x00000014   Code   RO         7986    i.MFG_fw_pn_read    mfg.o
    0x080042bc   0x00000014   Code   RO         7987    i.MFG_fw_rev_nbr_read  mfg.o
    0x080042d0   0x00000014   Code   RO         7988    i.MFG_fw_ver_nbr_read  mfg.o
    0x080042e4   0x00000014   Code   RO         7989    i.MFG_hw_pn_read    mfg.o
    0x080042f8   0x00000014   Code   RO         7990    i.MFG_hw_pn_write   mfg.o
    0x0800430c   0x00000014   Code   RO         7991    i.MFG_hw_rev_read   mfg.o
    0x08004320   0x00000014   Code   RO         7992    i.MFG_hw_rev_write  mfg.o
    0x08004334   0x00000014   Code   RO         7993    i.MFG_hw_ver_read   mfg.o
    0x08004348   0x00000014   Code   RO         7994    i.MFG_hw_ver_write  mfg.o
    0x0800435c   0x00000130   Code   RO         7995    i.MFG_initialize    mfg.o
    0x0800448c   0x00000094   Code   RO         7996    i.MFG_io_configure  mfg.o
    0x08004520   0x0000005c   Code   RO         7998    i.MFG_mfg_2_mode    mfg.o
    0x0800457c   0x00000014   Code   RO         7999    i.MFG_mfg_module_sn_read  mfg.o
    0x08004590   0x00000014   Code   RO         8000    i.MFG_mfg_module_sn_write  mfg.o
    0x080045a4   0x00000014   Code   RO         8001    i.MFG_mfg_serial_nbr_read  mfg.o
    0x080045b8   0x00000014   Code   RO         8002    i.MFG_mfg_serial_nbr_write  mfg.o
    0x080045cc   0x00000014   Code   RO         8003    i.MFG_mfg_sn_read   mfg.o
    0x080045e0   0x00000014   Code   RO         8004    i.MFG_mfg_sn_write  mfg.o
    0x080045f4   0x0000003c   Code   RO         8005    i.MFG_rx_abort      mfg.o
    0x08004630   0x0000010c   Code   RO         8006    i.MFG_rx_int_handler  mfg.o
    0x0800473c   0x0000020c   Code   RO         8007    i.MFG_rx_task       mfg.o
    0x08004948   0x00000024   Code   RO         8008    i.MFG_send_frame    mfg.o
    0x0800496c   0x00000030   Code   RO         8009    i.MFG_send_iar      mfg.o
    0x0800499c   0x00000014   Code   RO         8010    i.MFG_sgfx_index_read  mfg.o
    0x080049b0   0x00000024   Code   RO         8011    i.MFG_sgfx_index_write  mfg.o
    0x080049d4   0x00000034   Code   RO         8012    i.MFG_tx_abort      mfg.o
    0x08004a08   0x000000a8   Code   RO         8013    i.MFG_tx_int_handler  mfg.o
    0x08004ab0   0x00000040   Code   RO         8014    i.MFG_tx_packet     mfg.o
    0x08004af0   0x00000002   Code   RO         8015    i.MFG_tx_retry      mfg.o
    0x08004af2   0x00000030   Code   RO         8240    i.MSP_GetIRQn       mlm32l0xx_hal_msp.o
    0x08004b22   0x00000002   PAD
    0x08004b24   0x00000018   Code   RO         9274    i.NIC_INST_01_excecute  nic.o
    0x08004b3c   0x00000018   Code   RO         9275    i.NIC_INST_02_excecute  nic.o
    0x08004b54   0x00000018   Code   RO         9276    i.NIC_INST_03_excecute  nic.o
    0x08004b6c   0x00000018   Code   RO         9277    i.NIC_INST_04_excecute  nic.o
    0x08004b84   0x00000018   Code   RO         9278    i.NIC_INST_05_excecute  nic.o
    0x08004b9c   0x00000018   Code   RO         9279    i.NIC_INST_06_excecute  nic.o
    0x08004bb4   0x00000014   Code   RO         9280    i.NIC_INST_10_excecute  nic.o
    0x08004bc8   0x00000014   Code   RO         9281    i.NIC_INST_20_excecute  nic.o
    0x08004bdc   0x00000014   Code   RO         9282    i.NIC_INST_30_excecute  nic.o
    0x08004bf0   0x00000014   Code   RO         9283    i.NIC_INST_50_excecute  nic.o
    0x08004c04   0x00000014   Code   RO         9284    i.NIC_INST_60_excecute  nic.o
    0x08004c18   0x00000018   Code   RO         9285    i.NIC_INST_B0_excecute  nic.o
    0x08004c30   0x00000018   Code   RO         9286    i.NIC_INST_C0_excecute  nic.o
    0x08004c48   0x00000018   Code   RO         9287    i.NIC_INST_D0_excecute  nic.o
    0x08004c60   0x000000d8   Code   RO         9288    i.NIC_apl_mgr       nic.o
    0x08004d38   0x00000048   Code   RO         9290    i.NIC_initialize    nic.o
    0x08004d80   0x00000028   Code   RO         9291    i.NIC_initialize_timer_refresh_data  nic.o
    0x08004da8   0x0000006c   Code   RO         9292    i.NIC_refresh_params  nic.o
    0x08004e14   0x0000003c   Code   RO         9293    i.NIC_run_instruction  nic.o
    0x08004e50   0x00000034   Code   RO         9294    i.NIC_verify_index  nic.o
    0x08004e84   0x00000002   Code   RO         8427    i.NMI_Handler       mlm32l0xx_it.o
    0x08004e86   0x00000002   PAD
    0x08004e88   0x00000044   Code   RO         4159    i.NVIC_SetPriority  stm32l0xx_hal_cortex.o
    0x08004ecc   0x0000000a   Code   RO         7871    i.OnTimerDelayEvt   mcu_api.o
    0x08004ed6   0x00000002   PAD
    0x08004ed8   0x0000000c   Code   RO         8714    i.OnTimerTimeoutCsEvt  st_lowlevel.o
    0x08004ee4   0x0000000a   Code   RO         7872    i.OnTimerTimeoutEvt  mcu_api.o
    0x08004eee   0x00000002   Code   RO         8428    i.PendSV_Handler    mlm32l0xx_it.o
    0x08004ef0   0x00000014   Code   RO         8715    i.RADIO_rx_packet_interrupt_handler  st_lowlevel.o
    0x08004f04   0x00000070   Code   RO         3760    i.RCC_SetFlashLatencyFromMSIRange  stm32l0xx_hal_rcc.o
    0x08004f74   0x00000060   Code   RO         9099    i.REP_init_first_rep  rep.o
    0x08004fd4   0x00000034   Code   RO         9100    i.REP_init_recurring_rep  rep.o
    0x08005008   0x00000030   Code   RO         9101    i.REP_main_managger  rep.o
    0x08005038   0x00000018   Code   RO         9102    i.REP_reconfig_recurring_rep  rep.o
    0x08005050   0x0000001c   Code   RO         9103    i.REP_recurrent_rep  rep.o
    0x0800506c   0x00000048   Code   RO         9104    i.REP_secuence_of_rep  rep.o
    0x080050b4   0x00000014   Code   RO         9105    i.REP_start_recurring_rep  rep.o
    0x080050c8   0x00000008   Code   RO        10099    i.RETURN_CODE       SgfxCoreV231_CM0_Keil.lib(sigfox_internal.o)
    0x080050d0   0x0000000a   Code   RO         8641    i.RF_API_change_frequency  rf_api.o
    0x080050da   0x00000038   Code   RO         8643    i.RF_API_init       rf_api.o
    0x08005112   0x0000003a   Code   RO         8644    i.RF_API_send       rf_api.o
    0x0800514c   0x0000000a   Code   RO         8646    i.RF_API_stop       rf_api.o
    0x08005156   0x00000002   PAD
    0x08005158   0x0000008c   Code   RO         8648    i.RF_API_wait_for_clear_channel  rf_api.o
    0x080051e4   0x00000030   Code   RO         8649    i.RF_API_wait_frame  rf_api.o
    0x08005214   0x00000010   Code   RO         4576    i.RTC_Bcd2ToByte    stm32l0xx_hal_rtc.o
    0x08005224   0x00000016   Code   RO         4577    i.RTC_ByteToBcd2    stm32l0xx_hal_rtc.o
    0x0800523a   0x00000038   Code   RO         4578    i.RTC_EnterInitMode  stm32l0xx_hal_rtc.o
    0x08005272   0x00000008   Code   RO         8429    i.RTC_IRQHandler    mlm32l0xx_it.o
    0x0800527a   0x00000002   PAD
    0x0800527c   0x00000094   Code   RO         1710    i.RxChainCalibration  sx1276.o
    0x08005310   0x0000001c   Code   RO         9661    i.SCH_ClrEvt        scheduler.o
    0x0800532c   0x00000008   Code   RO         9662    i.SCH_EvtIdle       scheduler.o
    0x08005334   0x0000000c   Code   RO         7814    i.SCH_Idle          main.o
    0x08005340   0x00000018   Code   RO         9665    i.SCH_RegTask       scheduler.o
    0x08005358   0x0000007c   Code   RO         9667    i.SCH_Run           scheduler.o
    0x080053d4   0x0000001c   Code   RO         9668    i.SCH_SetEvt        scheduler.o
    0x080053f0   0x0000001c   Code   RO         9669    i.SCH_SetTask       scheduler.o
    0x0800540c   0x00000028   Code   RO         9670    i.SCH_WaitEvt       scheduler.o
    0x08005434   0x0000001c   Code   RO         9968    i.SE_NVM_get        se_nvm.o
    0x08005450   0x0000000c   Code   RO         9969    i.SE_NVM_get_key_type  se_nvm.o
    0x0800545c   0x00000028   Code   RO         9970    i.SE_NVM_set        se_nvm.o
    0x08005484   0x00000034   Code   RO        10000    i.SGFX_SX1276_rx_config  SgfxSTModemSx1276V123_CM0_Keil_O3.lib(sgfxsx1276modulation-lib.o)
    0x080054b8   0x00000024   Code   RO        10001    i.SGFX_SX1276_rx_setbw  SgfxSTModemSx1276V123_CM0_Keil_O3.lib(sgfxsx1276modulation-lib.o)
    0x080054dc   0x0000000c   Code   RO        10002    i.SGFX_SX1276_rx_start  SgfxSTModemSx1276V123_CM0_Keil_O3.lib(sgfxsx1276modulation-lib.o)
    0x080054e8   0x0000001c   Code   RO        10003    i.SGFX_SX1276_rx_stop  SgfxSTModemSx1276V123_CM0_Keil_O3.lib(sgfxsx1276modulation-lib.o)
    0x08005504   0x00000012   Code   RO        10007    i.SGFX_SX1276_stop  SgfxSTModemSx1276V123_CM0_Keil_O3.lib(sgfxsx1276modulation-lib.o)
    0x08005516   0x00000030   Code   RO        10009    i.SGFX_SX1276_tx    SgfxSTModemSx1276V123_CM0_Keil_O3.lib(sgfxsx1276modulation-lib.o)
    0x08005546   0x00000002   PAD
    0x08005548   0x00000064   Code   RO        10010    i.SGFX_SX1276_tx_config  SgfxSTModemSx1276V123_CM0_Keil_O3.lib(sgfxsx1276modulation-lib.o)
    0x080055ac   0x00000008   Code   RO        10054    i.SIGFOX_API_get_device_id  SgfxCoreV231_CM0_Keil.lib(sigfox_api.o)
    0x080055b4   0x00000032   Code   RO        10056    i.SIGFOX_API_get_initial_pac  SgfxCoreV231_CM0_Keil.lib(sigfox_api.o)
    0x080055e6   0x00000002   PAD
    0x080055e8   0x0000016c   Code   RO        10058    i.SIGFOX_API_open   SgfxCoreV231_CM0_Keil.lib(sigfox_api.o)
    0x08005754   0x00000048   Code   RO        10061    i.SIGFOX_API_send_frame  SgfxCoreV231_CM0_Keil.lib(sigfox_api.o)
    0x0800579c   0x00000084   Code   RO        10065    i.SIGFOX_API_set_std_config  SgfxCoreV231_CM0_Keil.lib(sigfox_api.o)
    0x08005820   0x00000144   Code   RO        10100    i.SIGFOX_INT_build_frame  SgfxCoreV231_CM0_Keil.lib(sigfox_internal.o)
    0x08005964   0x0000002c   Code   RO        10101    i.SIGFOX_INT_compute_carrier_sense_frequency  SgfxCoreV231_CM0_Keil.lib(sigfox_internal.o)
    0x08005990   0x00000138   Code   RO        10102    i.SIGFOX_INT_compute_channels  SgfxCoreV231_CM0_Keil.lib(sigfox_internal.o)
    0x08005ac8   0x00000080   Code   RO        10104    i.SIGFOX_INT_compute_uplink_frequency  SgfxCoreV231_CM0_Keil.lib(sigfox_internal.o)
    0x08005b48   0x0000002a   Code   RO        10105    i.SIGFOX_INT_dc_lbt_channel_pn_max  SgfxCoreV231_CM0_Keil.lib(sigfox_internal.o)
    0x08005b72   0x0000001a   Code   RO        10106    i.SIGFOX_INT_dc_lbt_channel_pn_min  SgfxCoreV231_CM0_Keil.lib(sigfox_internal.o)
    0x08005b8c   0x0000004e   Code   RO        10107    i.SIGFOX_INT_downlink_configuration  SgfxCoreV231_CM0_Keil.lib(sigfox_internal.o)
    0x08005bda   0x0000003a   Code   RO        10108    i.SIGFOX_INT_execute_carrier_sense  SgfxCoreV231_CM0_Keil.lib(sigfox_internal.o)
    0x08005c14   0x00000154   Code   RO        10109    i.SIGFOX_INT_execute_communication_sequence  SgfxCoreV231_CM0_Keil.lib(sigfox_internal.o)
    0x08005d68   0x0000002e   Code   RO        10110    i.SIGFOX_INT_get_device_id  SgfxCoreV231_CM0_Keil.lib(sigfox_internal.o)
    0x08005d96   0x00000062   Code   RO        10111    i.SIGFOX_INT_get_macro_channel_index  SgfxCoreV231_CM0_Keil.lib(sigfox_internal.o)
    0x08005df8   0x00000034   Code   RO        10112    i.SIGFOX_INT_get_max_micro_channel  SgfxCoreV231_CM0_Keil.lib(sigfox_internal.o)
    0x08005e2c   0x000000f0   Code   RO        10113    i.SIGFOX_INT_get_received_frames  SgfxCoreV231_CM0_Keil.lib(sigfox_internal.o)
    0x08005f1c   0x00000070   Code   RO        10114    i.SIGFOX_INT_prepare_transmission  SgfxCoreV231_CM0_Keil.lib(sigfox_internal.o)
    0x08005f8c   0x00000042   Code   RO        10115    i.SIGFOX_INT_process_downlink  SgfxCoreV231_CM0_Keil.lib(sigfox_internal.o)
    0x08005fce   0x00000268   Code   RO        10116    i.SIGFOX_INT_process_uplink  SgfxCoreV231_CM0_Keil.lib(sigfox_internal.o)
    0x08006236   0x00000014   Code   RO        10117    i.SIGFOX_INT_randomize  SgfxCoreV231_CM0_Keil.lib(sigfox_internal.o)
    0x0800624a   0x0000007c   Code   RO        10118    i.SIGFOX_INT_send_single_frame  SgfxCoreV231_CM0_Keil.lib(sigfox_internal.o)
    0x080062c6   0x00000026   Code   RO        10119    i.SIGFOX_INT_store_nvm  SgfxCoreV231_CM0_Keil.lib(sigfox_internal.o)
    0x080062ec   0x0000004c   Code   RO        10216    i.SIGFOX_PN_next_pn  SgfxCoreV231_CM0_Keil.lib(sigfox_pn.o)
    0x08006338   0x00000068   Code   RO        10218    i.SIGFOX_SCRAMB_compute  SgfxCoreV231_CM0_Keil.lib(sigfox_scramb.o)
    0x080063a0   0x0000001e   Code   RO         3007    i.SPI_DMAError      stm32l0xx_hal_spi.o
    0x080063be   0x0000000a   Code   RO         3009    i.SPI_DMAHalfTransmitCplt  stm32l0xx_hal_spi.o
    0x080063c8   0x00000070   Code   RO         3012    i.SPI_DMATransmitCplt  stm32l0xx_hal_spi.o
    0x08006438   0x000000b2   Code   RO         3018    i.SPI_WaitOnFlagUntilTimeout  stm32l0xx_hal_spi.o
    0x080064ea   0x00000014   Code   RO         8716    i.STLL_LowPower     st_lowlevel.o
    0x080064fe   0x00000002   PAD
    0x08006500   0x00000020   Code   RO         8717    i.STLL_RX_SYNC_IRQHandler_CB  st_lowlevel.o
    0x08006520   0x0000000c   Code   RO         8718    i.STLL_RadioPowerGet  st_lowlevel.o
    0x0800652c   0x00000008   Code   RO         8719    i.STLL_RadioPowerSetBoard  st_lowlevel.o
    0x08006534   0x0000001e   Code   RO         8721    i.STLL_Radio_DeInit  st_lowlevel.o
    0x08006552   0x00000016   Code   RO         8722    i.STLL_Radio_Init   st_lowlevel.o
    0x08006568   0x00000050   Code   RO         8723    i.STLL_Radio_IoDeInit  st_lowlevel.o
    0x080065b8   0x00000030   Code   RO         8724    i.STLL_Radio_IoInit  st_lowlevel.o
    0x080065e8   0x0000000c   Code   RO         8725    i.STLL_Radio_ReadFifo  st_lowlevel.o
    0x080065f4   0x00000008   Code   RO         8726    i.STLL_Radio_ReadReg  st_lowlevel.o
    0x080065fc   0x00000008   Code   RO         8727    i.STLL_Radio_SetFreq  st_lowlevel.o
    0x08006604   0x00000008   Code   RO         8728    i.STLL_Radio_SetOpMode  st_lowlevel.o
    0x0800660c   0x00000008   Code   RO         8730    i.STLL_Radio_WriteReg  st_lowlevel.o
    0x08006614   0x0000001c   Code   RO         8731    i.STLL_RxCarrierSenseGetRssi  st_lowlevel.o
    0x08006630   0x0000000c   Code   RO         8732    i.STLL_RxCarrierSenseGetStatus  st_lowlevel.o
    0x0800663c   0x0000000c   Code   RO         8733    i.STLL_RxCarrierSenseInitStatus  st_lowlevel.o
    0x08006648   0x0000000c   Code   RO         8734    i.STLL_SGFX_SX1276_GetSyncRssi  st_lowlevel.o
    0x08006654   0x00000012   Code   RO         8735    i.STLL_SetClockSource  st_lowlevel.o
    0x08006666   0x0000000a   Code   RO         8736    i.STLL_SetEndOfTxFrame  st_lowlevel.o
    0x08006670   0x00000008   Code   RO         8738    i.STLL_TIM2_SetPeriod  st_lowlevel.o
    0x08006678   0x00000008   Code   RO         8739    i.STLL_TIM2_Start   st_lowlevel.o
    0x08006680   0x00000008   Code   RO         8740    i.STLL_TIM2_Stop    st_lowlevel.o
    0x08006688   0x00000090   Code   RO        10011    i.STLL_TX_IRQHandler_CB  SgfxSTModemSx1276V123_CM0_Keil_O3.lib(sgfxsx1276modulation-lib.o)
    0x08006718   0x00000008   Code   RO         8741    i.STLL_Transmit_DMA_Start  st_lowlevel.o
    0x08006720   0x00000008   Code   RO         8742    i.STLL_Transmit_DMA_Stop  st_lowlevel.o
    0x08006728   0x0000001c   Code   RO         8743    i.STLL_WaitEndOfRxFrame  st_lowlevel.o
    0x08006744   0x0000000c   Code   RO         8744    i.STLL_WaitEndOfTxFrame  st_lowlevel.o
    0x08006750   0x00000002   Code   RO         8430    i.SVC_Handler       mlm32l0xx_it.o
    0x08006752   0x00000002   PAD
    0x08006754   0x0000000c   Code   RO         1711    i.SX1276BoardInit   sx1276.o
    0x08006760   0x0000000c   Code   RO         2859    i.SX1276GetPaSelect  mlm32l07x01.o
    0x0800676c   0x00000004   Code   RO         2860    i.SX1276GetWakeUpTime  mlm32l07x01.o
    0x08006770   0x0000008c   Code   RO         1715    i.SX1276Init        sx1276.o
    0x080067fc   0x0000005c   Code   RO         2861    i.SX1276IoDeInit    mlm32l07x01.o
    0x08006858   0x0000007c   Code   RO         2862    i.SX1276IoInit      mlm32l07x01.o
    0x080068d4   0x00000044   Code   RO         2863    i.SX1276IoIrqInit   mlm32l07x01.o
    0x08006918   0x0000027c   Code   RO         1717    i.SX1276OnDio0Irq   sx1276.o
    0x08006b94   0x000000d8   Code   RO         1718    i.SX1276OnDio1Irq   sx1276.o
    0x08006c6c   0x000000b8   Code   RO         1719    i.SX1276OnDio2Irq   sx1276.o
    0x08006d24   0x00000054   Code   RO         1720    i.SX1276OnDio3Irq   sx1276.o
    0x08006d78   0x0000001c   Code   RO         1721    i.SX1276OnDio4Irq   sx1276.o
    0x08006d94   0x000000c8   Code   RO         1723    i.SX1276OnTimeoutIrq  sx1276.o
    0x08006e5c   0x00000010   Code   RO         1725    i.SX1276Read        sx1276.o
    0x08006e6c   0x00000042   Code   RO         1726    i.SX1276ReadBuffer  sx1276.o
    0x08006eae   0x0000000e   Code   RO         1727    i.SX1276ReadFifo    sx1276.o
    0x08006ebc   0x00000050   Code   RO         1729    i.SX1276Reset       sx1276.o
    0x08006f0c   0x00000044   Code   RO         2864    i.SX1276SetAntSw    mlm32l07x01.o
    0x08006f50   0x00000074   Code   RO         2865    i.SX1276SetAntSwLowPower  mlm32l07x01.o
    0x08006fc4   0x00000050   Code   RO         1731    i.SX1276SetChannel  sx1276.o
    0x08007014   0x00000070   Code   RO         1733    i.SX1276SetModem    sx1276.o
    0x08007084   0x0000005c   Code   RO         1734    i.SX1276SetOpMode   sx1276.o
    0x080070e0   0x00000024   Code   RO         1735    i.SX1276SetPublicNetwork  sx1276.o
    0x08007104   0x00000098   Code   RO         2866    i.SX1276SetRfTxPower  mlm32l07x01.o
    0x0800719c   0x00000024   Code   RO         1738    i.SX1276SetSleep    sx1276.o
    0x080071c0   0x00000028   Code   RO         2867    i.SX1276SetXO       mlm32l07x01.o
    0x080071e8   0x0000000c   Code   RO         1744    i.SX1276Write       sx1276.o
    0x080071f4   0x00000042   Code   RO         1745    i.SX1276WriteBuffer  sx1276.o
    0x08007236   0x0000000e   Code   RO         1746    i.SX1276WriteFifo   sx1276.o
    0x08007244   0x00000084   Code   RO         9175    i.SYSTEM_initialize  system.o
    0x080072c8   0x00000058   Code   RO         9176    i.SYSTEM_io_reconfig_task  system.o
    0x08007320   0x00000014   Code   RO         9177    i.SYS_config_timers  system.o
    0x08007334   0x00000080   Code   RO         9178    i.SYS_pfail_counter  system.o
    0x080073b4   0x00000008   Code   RO         8431    i.SysTick_Handler   mlm32l0xx_it.o
    0x080073bc   0x000000bc   Code   RO         8321    i.SystemClock_Config  mlm32l0xx_hw.o
    0x08007478   0x00000054   Code   RO         2947    i.SystemInit        system_stm32l0xx.o
    0x080074cc   0x00000074   Code   RO         9179    i.TEST_send_task_success  system.o
    0x08007540   0x00000034   Code   RO         9180    i.TEST_set_cmd_ok   system.o
    0x08007574   0x00000034   Code   RO         9181    i.TEST_vExecute_inst_1  system.o
    0x080075a8   0x00000058   Code   RO         9182    i.TEST_vExecute_inst_2  system.o
    0x08007600   0x00000078   Code   RO         9183    i.TEST_vExecute_inst_3  system.o
    0x08007678   0x00000028   Code   RO         9184    i.TEST_vSend_cmd    system.o
    0x080076a0   0x0000009c   Code   RO         8432    i.TIM3_IRQHandler   mlm32l0xx_it.o
    0x0800773c   0x00000050   Code   RO         8981    i.TIMER_initialize  timer.o
    0x0800778c   0x0000004c   Code   RO         8982    i.TIMER_io_config   timer.o
    0x080077d8   0x0000001c   Code   RO         8989    i.TIMER_reset_ms_timer  timer.o
    0x080077f4   0x00000060   Code   RO         5002    i.TIM_Base_SetConfig  stm32l0xx_hal_tim.o
    0x08007854   0x00000016   Code   RO         5003    i.TIM_CCxChannelCmd  stm32l0xx_hal_tim.o
    0x0800786a   0x00000016   Code   RO         5009    i.TIM_ETR_SetConfig  stm32l0xx_hal_tim.o
    0x08007880   0x00000010   Code   RO         5010    i.TIM_ITRx_SetConfig  stm32l0xx_hal_tim.o
    0x08007890   0x00000030   Code   RO         5011    i.TIM_OC1_SetConfig  stm32l0xx_hal_tim.o
    0x080078c0   0x00000032   Code   RO         5012    i.TIM_OC2_SetConfig  stm32l0xx_hal_tim.o
    0x080078f2   0x00000036   Code   RO         5013    i.TIM_OC3_SetConfig  stm32l0xx_hal_tim.o
    0x08007928   0x00000036   Code   RO         5014    i.TIM_OC4_SetConfig  stm32l0xx_hal_tim.o
    0x0800795e   0x00000022   Code   RO         5016    i.TIM_TI1_ConfigInputStage  stm32l0xx_hal_tim.o
    0x08007980   0x00000026   Code   RO         5018    i.TIM_TI2_ConfigInputStage  stm32l0xx_hal_tim.o
    0x080079a6   0x00000002   PAD
    0x080079a8   0x00000030   Code   RO        10014    i.TX_SetPower       SgfxSTModemSx1276V123_CM0_Keil_O3.lib(sgfxsx1276modulation-lib.o)
    0x080079d8   0x000000a4   Code   RO        10015    i.TX_Start          SgfxSTModemSx1276V123_CM0_Keil_O3.lib(sgfxsx1276modulation-lib.o)
    0x08007a7c   0x00000064   Code   RO        10020    i.TX_Write_Modu_Buffer  SgfxSTModemSx1276V123_CM0_Keil_O3.lib(sgfxsx1276modulation-lib.o)
    0x08007ae0   0x0000004c   Code   RO        10021    i.TX_Write_RampDown_Buffer  SgfxSTModemSx1276V123_CM0_Keil_O3.lib(sgfxsx1276modulation-lib.o)
    0x08007b2c   0x00000060   Code   RO        10022    i.TX_Write_RampUp_Buffer  SgfxSTModemSx1276V123_CM0_Keil_O3.lib(sgfxsx1276modulation-lib.o)
    0x08007b8c   0x00000024   Code   RO        10023    i.TX_read_Bit       SgfxSTModemSx1276V123_CM0_Keil_O3.lib(sgfxsx1276modulation-lib.o)
    0x08007bb0   0x0000000e   Code   RO         9741    i.TimerInit         timeserver.o
    0x08007bbe   0x00000002   PAD
    0x08007bc0   0x0000001c   Code   RO         9742    i.TimerInsertNewHeadTimer  timeserver.o
    0x08007bdc   0x00000078   Code   RO         9743    i.TimerIrqHandler   timeserver.o
    0x08007c54   0x00000010   Code   RO         9744    i.TimerReset        timeserver.o
    0x08007c64   0x0000002c   Code   RO         9745    i.TimerSetTimeout   timeserver.o
    0x08007c90   0x00000022   Code   RO         9746    i.TimerSetValue     timeserver.o
    0x08007cb2   0x00000002   PAD
    0x08007cb4   0x00000070   Code   RO         9747    i.TimerStart        timeserver.o
    0x08007d24   0x00000060   Code   RO         9748    i.TimerStop         timeserver.o
    0x08007d84   0x000000ca   Code   RO         3254    i.UART_AdvFeatureConfig  stm32l0xx_hal_uart.o
    0x08007e4e   0x00000002   PAD
    0x08007e50   0x00000060   Code   RO         3255    i.UART_CheckIdleState  stm32l0xx_hal_uart.o
    0x08007eb0   0x00000014   Code   RO         3256    i.UART_DMAAbortOnError  stm32l0xx_hal_uart.o
    0x08007ec4   0x0000001e   Code   RO         3266    i.UART_EndRxTransfer  stm32l0xx_hal_uart.o
    0x08007ee2   0x0000007e   Code   RO         3268    i.UART_Receive_IT   stm32l0xx_hal_uart.o
    0x08007f60   0x00000230   Code   RO         3269    i.UART_SetConfig    stm32l0xx_hal_uart.o
    0x08008190   0x00000062   Code   RO         3270    i.UART_WaitOnFlagUntilTimeout  stm32l0xx_hal_uart.o
    0x080081f2   0x00000002   PAD
    0x080081f4   0x000000e4   Code   RO         9438    i.UCP_initialize    ucp.o
    0x080082d8   0x00000094   Code   RO         9439    i.UCP_io_configure  ucp.o
    0x0800836c   0x0000002c   Code   RO         9441    i.UCP_rx_abort      ucp.o
    0x08008398   0x000000b4   Code   RO         9442    i.UCP_rx_int_handler  ucp.o
    0x0800844c   0x00000020   Code   RO         9443    i.UCP_send_frame    ucp.o
    0x0800846c   0x0000002c   Code   RO         9444    i.UCP_tx_abort      ucp.o
    0x08008498   0x000000a0   Code   RO         9445    i.UCP_tx_int_handler  ucp.o
    0x08008538   0x00000038   Code   RO         9446    i.UCP_tx_packet     ucp.o
    0x08008570   0x00000002   Code   RO         9447    i.UCP_tx_retry      ucp.o
    0x08008572   0x0000000c   Code   RO         9407    i.UL_pending_execution  ul.o
    0x0800857e   0x00000002   PAD
    0x08008580   0x000000d4   Code   RO         9408    i.UL_send_to_sfx    ul.o
    0x08008654   0x00000014   Code   RO         8433    i.USART1_IRQHandler  mlm32l0xx_it.o
    0x08008668   0x00000014   Code   RO         8434    i.USART2_IRQHandler  mlm32l0xx_it.o
    0x0800867c   0x0000002c   Code   RO         8916    i.UTIL_compare_array  util.o
    0x080086a8   0x0000001a   Code   RO          433    i.__ARM_common_switch8  hts221_driver_hl.o
    0x080086c2   0x0000000e   Code   RO        10587    i.__scatterload_copy  mc_p.l(handlers.o)
    0x080086d0   0x00000002   Code   RO        10588    i.__scatterload_null  mc_p.l(handlers.o)
    0x080086d2   0x0000000e   Code   RO        10589    i.__scatterload_zeroinit  mc_p.l(handlers.o)
    0x080086e0   0x00000048   Code   RO         8918    i.ascii_to_hex      util.o
    0x08008728   0x00000050   Code   RO         8919    i.ascii_to_hex10    util.o
    0x08008778   0x00000104   Code   RO         8616    i.ee_number         tiny_vsnprintf.o
    0x0800887c   0x00000088   Code   RO         7815    i.main              main.o
    0x08008904   0x00000004   Code   RO         8992    i.null_action       timer.o
    0x08008908   0x0000000a   Code   RO         9185    i.send_data_request  system.o
    0x08008912   0x00000002   PAD
    0x08008914   0x00000070   Code   RO         9186    i.send_test_data    system.o
    0x08008984   0x0000006c   Code   RO         7816    i.st_sigfox_open    main.o
    0x080089f0   0x0000015c   Code   RO         8617    i.tiny_vsnprintf_like  tiny_vsnprintf.o
    0x08008b4c   0x00000040   Code   RO         9187    i.user_button_init  system.o
    0x08008b8c   0x0000006c   Code   RO         9546    i.vcom_Dma_IRQHandler  vcom.o
    0x08008bf8   0x00000044   Code   RO         9551    i.vcom_PrintDMA     vcom.o
    0x08008c3c   0x00000110   Code   RO         9553    i.vcom_Send         vcom.o
    0x08008d4c   0x00000090   Code   RO         9555    i.vcom_StartDMA     vcom.o
    0x08008ddc   0x000000e0   Data   RO         1748    .constdata          sx1276.o
    0x08008ebc   0x00000019   Data   RO         2948    .constdata          system_stm32l0xx.o
    0x08008ed5   0x00000008   Data   RO         2949    .constdata          system_stm32l0xx.o
    0x08008edd   0x00000007   Data   RO         6462    .constdata          stm32l0xx_ll_dma.o
    0x08008ee4   0x0000004e   Data   RO         6930    .constdata          cm.o
    0x08008f32   0x0000000c   Data   RO         7266    .constdata          dl.o
    0x08008f3e   0x00000002   PAD
    0x08008f40   0x00000058   Data   RO         7393    .constdata          hw_eeprom.o
    0x08008f98   0x00000018   Data   RO         7505    .constdata          hw_rtc.o
    0x08008fb0   0x00000044   Data   RO         7817    .constdata          main.o
    0x08008ff4   0x00000040   Data   RO         8920    .constdata          util.o
    0x08009034   0x00000007   Data   RO         9557    .constdata          vcom.o
    0x0800903b   0x00000010   Data   RO         9672    .constdata          scheduler.o
    0x0800904b   0x00000001   PAD
    0x0800904c   0x00000064   Data   RO        10025    .constdata          SgfxSTModemSx1276V123_CM0_Keil_O3.lib(sgfxsx1276modulation-lib.o)
    0x080090b0   0x00000024   Data   RO        10120    .constdata          SgfxCoreV231_CM0_Keil.lib(sigfox_internal.o)
    0x080090d4   0x00000010   Data   RO        10219    .constdata          SgfxCoreV231_CM0_Keil.lib(sigfox_scramb.o)
    0x080090e4   0x0000004d   Data   RO         8618    .conststring        tiny_vsnprintf.o
    0x08009131   0x00000003   PAD
    0x08009134   0x00000040   Data   RO        10585    Region$$Table       anon$$obj.o


    Execution Region RW_IRAM1 (Base: 0x20000000, Size: 0x00001ed8, Max: 0x00005000, ABSOLUTE)

    Base Addr    Size         Type   Attr      Idx    E Section Name        Object

    0x20000000   0x00000020   Data   RW         1749    .data               sx1276.o
    0x20000020   0x00000018   Data   RW         2869    .data               mlm32l07x01.o
    0x20000038   0x00000004   Data   RW         2950    .data               system_stm32l0xx.o
    0x2000003c   0x00000008   Data   RW         3997    .data               stm32l0xx_hal.o
    0x20000044   0x00000001   Data   RW         7506    .data               hw_rtc.o
    0x20000045   0x00000003   PAD
    0x20000048   0x00000014   Data   RW         7705    .data               led.o
    0x2000005c   0x00000004   Data   RW         8019    .data               mfg.o
    0x20000060   0x00000002   Data   RW         8323    .data               mlm32l0xx_hw.o
    0x20000062   0x00000002   Data   RW         8436    .data               mlm32l0xx_it.o
    0x20000064   0x00000008   Data   RW         8619    .data               tiny_vsnprintf.o
    0x2000006c   0x00000004   Data   RW         8745    .data               st_lowlevel.o
    0x20000070   0x00000008   Data   RW         8921    .data               util.o
    0x20000078   0x00000008   Data   RW         8994    .data               timer.o
    0x20000080   0x00000001   Data   RW         9189    .data               system.o
    0x20000081   0x00000003   PAD
    0x20000084   0x00000004   Data   RW         9451    .data               ucp.o
    0x20000088   0x00000010   Data   RW         9673    .data               scheduler.o
    0x20000098   0x00000004   Data   RW         9749    .data               timeserver.o
    0x2000009c   0x00000008   Data   RW         9894    .data               low_power_manager.o
    0x200000a4   0x0000002f   Data   RW        10026    .data               SgfxSTModemSx1276V123_CM0_Keil_O3.lib(sgfxsx1276modulation-lib.o)
    0x200000d3   0x00000001   PAD
    0x200000d4   0x00000008   Data   RW        10069    .data               SgfxCoreV231_CM0_Keil.lib(sigfox_api.o)
    0x200000dc   0x00000011   Data   RW        10194    .data               SgfxCredentialsV011_CM0_Keil_O3.lib(sgfx_credentials_lib.o)
    0x200000ed   0x00000003   PAD
    0x200000f0   0x000001a4   Zero   RW         1747    .bss                sx1276.o
    0x20000294   0x00000018   Zero   RW         6120    .bss                stm32l0xx_hal_flash.o
    0x200002ac   0x00000070   Zero   RW         6928    .bss                cm.o
    0x2000031c   0x00000040   Zero   RW         7440    .bss                hw_gpio.o
    0x2000035c   0x00000068   Zero   RW         7504    .bss                hw_rtc.o
    0x200003c4   0x00000058   Zero   RW         7611    .bss                hw_spi.o
    0x2000041c   0x00000014   Zero   RW         7703    .bss                led.o
    0x20000430   0x00000104   Zero   RW         7873    .bss                mcu_api.o
    0x20000534   0x0000039c   Zero   RW         8017    .bss                mfg.o
    0x200008d0   0x00000040   Zero   RW         8241    .bss                mlm32l0xx_hal_msp.o
    0x20000910   0x00000060   Zero   RW         8322    .bss                mlm32l0xx_hw.o
    0x20000970   0x00000038   Zero   RW         8550    .bss                hw_tim2.o
    0x200009a8   0x00000100   Zero   RW         8993    .bss                timer.o
    0x20000aa8   0x00000034   Zero   RW         9107    .bss                rep.o
    0x20000adc   0x000000f4   Zero   RW         9188    .bss                system.o
    0x20000bd0   0x00000034   Zero   RW         9295    .bss                nic.o
    0x20000c04   0x00000158   Zero   RW         9449    .bss                ucp.o
    0x20000d5c   0x000000ac   Zero   RW         9556    .bss                vcom.o
    0x20000e08   0x00000040   Zero   RW         9671    .bss                scheduler.o
    0x20000e48   0x00000c80   Zero   RW        10024    .bss                SgfxSTModemSx1276V123_CM0_Keil_O3.lib(sgfxsx1276modulation-lib.o)
    0x20001ac8   0x00000010   Zero   RW        10192    .bss                SgfxCredentialsV011_CM0_Keil_O3.lib(sgfx_credentials_lib.o)
    0x20001ad8   0x00000400   Zero   RW         6643    STACK               startup_stm32l072xx.o


    Execution Region ER_IROM1_1 (Base: 0x20001ed8, Size: 0x0000000c, Max: 0xffffffff, ABSOLUTE)

    Base Addr    Size         Type   Attr      Idx    E Section Name        Object

    0x20001ed8   0x00000008   Data   RO         6652    .constdata          app_crc.o
    0x20001ee0   0x00000004   Data   RO         6653    .constdata          app_crc.o



  Load Region LR_IROM2 (Base: 0x08017000, Size: 0x00000030, Max: 0x00001000, ABSOLUTE)

    Execution Region ER_IROM2 (Base: 0x08017000, Size: 0x00000030, Max: 0x00001000, ABSOLUTE)

    Base Addr    Size         Type   Attr      Idx    E Section Name        Object

    0x08017000   0x00000030   Data   RO         9958    .constdata          sigfox_data.o



  Load Region LR_IROM3 (Base: 0x08018000, Size: 0x000018c0, Max: 0x00002000, ABSOLUTE)

    Execution Region ER_IROM3 (Base: 0x08018000, Size: 0x000018c0, Max: 0x00002000, ABSOLUTE)

    Base Addr    Size         Type   Attr      Idx    E Section Name        Object

    0x08018000   0x00000048   Code   RO        10171    i.CREDENTIALS_aes_128_cbc_encrypt  SgfxCredentialsV011_CM0_Keil_O3.lib(sgfx_credentials_lib.o)
    0x08018048   0x00000038   Code   RO        10172    i.CREDENTIALS_aes_128_cbc_encrypt_with_session_key  SgfxCredentialsV011_CM0_Keil_O3.lib(sgfx_credentials_lib.o)
    0x08018080   0x000000e4   Code   RO        10173    i.CREDENTIALS_get_cra  SgfxCredentialsV011_CM0_Keil_O3.lib(sgfx_credentials_lib.o)
    0x08018164   0x00000024   Code   RO        10174    i.CREDENTIALS_get_dev_id  SgfxCredentialsV011_CM0_Keil_O3.lib(sgfx_credentials_lib.o)
    0x08018188   0x00000024   Code   RO        10175    i.CREDENTIALS_get_initial_pac  SgfxCredentialsV011_CM0_Keil_O3.lib(sgfx_credentials_lib.o)
    0x080181ac   0x00000044   Code   RO        10176    i.CREDENTIALS_get_key  SgfxCredentialsV011_CM0_Keil_O3.lib(sgfx_credentials_lib.o)
    0x080181f0   0x0000000c   Code   RO        10177    i.CREDENTIALS_get_payload_encryption_flag  SgfxCredentialsV011_CM0_Keil_O3.lib(sgfx_credentials_lib.o)
    0x080181fc   0x00000074   Code   RO        10178    i.CREDENTIALS_get_signature  SgfxCredentialsV011_CM0_Keil_O3.lib(sgfx_credentials_lib.o)
    0x08018270   0x00000048   Code   RO        10180    i.CREDENTIALS_wrap_session_key  SgfxCredentialsV011_CM0_Keil_O3.lib(sgfx_credentials_lib.o)
    0x080182b8   0x00000004   Code   RO        10142    i.SE_API_close      SgfxCmacV100_CM0_Keil_O3.lib(sgfx_cmac_lib.o)
    0x080182bc   0x0000000a   Code   RO        10143    i.SE_API_get_device_id  SgfxCmacV100_CM0_Keil_O3.lib(sgfx_cmac_lib.o)
    0x080182c6   0x0000000a   Code   RO        10144    i.SE_API_get_initial_pac  SgfxCmacV100_CM0_Keil_O3.lib(sgfx_cmac_lib.o)
    0x080182d0   0x00000004   Code   RO        10147    i.SE_API_open       SgfxCmacV100_CM0_Keil_O3.lib(sgfx_cmac_lib.o)
    0x080182d4   0x000001f4   Code   RO        10148    i.SE_API_secure_uplink_message  SgfxCmacV100_CM0_Keil_O3.lib(sgfx_cmac_lib.o)
    0x080184c8   0x00000128   Code   RO        10150    i.SE_API_verify_downlink_message  SgfxCmacV100_CM0_Keil_O3.lib(sgfx_cmac_lib.o)
    0x080185f0   0x0000009c   Code   RO        10151    i.SIGFOX_DECODE_dewhitening  SgfxCmacV100_CM0_Keil_O3.lib(sgfx_cmac_lib.o)
    0x0801868c   0x00000028   Code   RO        10152    i.SIGFOX_DECODE_dewhitening_pn  SgfxCmacV100_CM0_Keil_O3.lib(sgfx_cmac_lib.o)
    0x080186b4   0x00000046   Code   RO        10153    i.SIGFOX_HMAC_compute_aes  SgfxCmacV100_CM0_Keil_O3.lib(sgfx_cmac_lib.o)
    0x080186fa   0x000000ea   Code   RO        10154    i.SIGFOX_encrypt_decrypt_frame  SgfxCmacV100_CM0_Keil_O3.lib(sgfx_cmac_lib.o)
    0x080187e4   0x00000008   Code   RO        10181    i.add_round_key     SgfxCredentialsV011_CM0_Keil_O3.lib(sgfx_credentials_lib.o)
    0x080187ec   0x00000082   Code   RO        10182    i.aes_cbc_decrypt   SgfxCredentialsV011_CM0_Keil_O3.lib(sgfx_credentials_lib.o)
    0x0801886e   0x00000078   Code   RO        10183    i.aes_cbc_encrypt   SgfxCredentialsV011_CM0_Keil_O3.lib(sgfx_credentials_lib.o)
    0x080188e6   0x00000002   PAD
    0x080188e8   0x000000fc   Code   RO        10184    i.aes_set_key       SgfxCredentialsV011_CM0_Keil_O3.lib(sgfx_credentials_lib.o)
    0x080189e4   0x00000084   Code   RO        10185    i.copy_and_key      SgfxCredentialsV011_CM0_Keil_O3.lib(sgfx_credentials_lib.o)
    0x08018a68   0x00000042   Code   RO        10186    i.copy_block        SgfxCredentialsV011_CM0_Keil_O3.lib(sgfx_credentials_lib.o)
    0x08018aaa   0x00000002   PAD
    0x08018aac   0x00000280   Code   RO        10187    i.inv_mix_sub_columns  SgfxCredentialsV011_CM0_Keil_O3.lib(sgfx_credentials_lib.o)
    0x08018d2c   0x00000068   Code   RO        10188    i.inv_shift_sub_rows  SgfxCredentialsV011_CM0_Keil_O3.lib(sgfx_credentials_lib.o)
    0x08018d94   0x0000021c   Code   RO        10189    i.mix_sub_columns   SgfxCredentialsV011_CM0_Keil_O3.lib(sgfx_credentials_lib.o)
    0x08018fb0   0x00000068   Code   RO        10190    i.shift_sub_rows    SgfxCredentialsV011_CM0_Keil_O3.lib(sgfx_credentials_lib.o)
    0x08019018   0x00000082   Code   RO        10191    i.xor_block         SgfxCredentialsV011_CM0_Keil_O3.lib(sgfx_credentials_lib.o)
    0x0801909a   0x00000020   Data   RO        10156    .constdata          SgfxCmacV100_CM0_Keil_O3.lib(sgfx_cmac_lib.o)
    0x080190ba   0x00000804   Data   RO        10193    .constdata          SgfxCredentialsV011_CM0_Keil_O3.lib(sgfx_credentials_lib.o)



  Load Region EEPROM (Base: 0x08080000, Size: 0x00000000, Max: 0xffffffff, ABSOLUTE)

    Execution Region EEPROM (Base: 0x08080000, Size: 0x0000005c, Max: 0xffffffff, ABSOLUTE)

    Base Addr    Size         Type   Attr      Idx    E Section Name        Object

    0x08080000   0x0000005c   Zero   RW         7394    eeprom_sect         hw_eeprom.o


==============================================================================

Image component sizes


      Code (inc. data)   RO Data    RW Data    ZI Data      Debug   Object Name

         0          0         12          0          0        738   app_crc.o
         0          0          0          0          0       8228   at.o
         0          0          0          0          0       1968   b-l072z-lrwan1.o
      1208        170         78          0        112      14475   cm.o
       204         44          0          0          0       3962   ct.o
       130          8          0          0          0       1431   debug.o
       240         36         12          0          0       3338   dl.o
       326         28          0          0          0       3822   eeprom.o
         0          0          0          0          0       4508   hts221_driver.o
        26          0          0          0          0         72   hts221_driver_hl.o
        68         10         88          0         92       2303   hw_eeprom.o
       248         26          0          0         64       4656   hw_gpio.o
       864        100         24          1        104      10708   hw_rtc.o
       708         62          0          0         88      22792   hw_spi.o
       212         20          0          0         56       2410   hw_tim2.o
       494         50          0         20         20       7226   led.o
        80         12          0          8          0       2159   low_power_manager.o
       256         34         68          0          0       4846   main.o
       558        112          0          0        260      12080   mcu_api.o
      2658        372          0          4        924      47531   mfg.o
       676         54          0         24          0      12678   mlm32l07x01.o
       366         34          0          0         64       5188   mlm32l0xx_hal_msp.o
       832        104          0          2         96       6775   mlm32l0xx_hw.o
       366         32          0          2          0       7881   mlm32l0xx_it.o
       864        166          0          0         52      13693   nic.o
       340         66          0          0         52       5985   rep.o
       322          4          0          0          0       5632   rf_api.o
       280         36         16         16         64       6528   scheduler.o
        80         18          0          0          0       2688   se_nvm.o
         0          0         48          0          0        624   sigfox_data.o
       500         66          0          4          0      18554   st_lowlevel.o
        28          8        192          0       1024        668   startup_stm32l072xx.o
       248         44          0          8          0       5736   stm32l0xx_hal.o
       572         26          0          0          0       5687   stm32l0xx_hal_adc.o
       170          0          0          0          0       1650   stm32l0xx_hal_adc_ex.o
       216         38          0          0          0      13431   stm32l0xx_hal_cortex.o
       600         14          0          0          0       4861   stm32l0xx_hal_dma.o
       256         16          0          0         24       1990   stm32l0xx_hal_flash.o
       156         30          0          0          0       3035   stm32l0xx_hal_flash_ex.o
       424         38          0          0          0       3351   stm32l0xx_hal_gpio.o
        16          4          0          0          0        593   stm32l0xx_hal_pwr.o
        32          8          0          0          0       1233   stm32l0xx_hal_pwr_ex.o
      1784        120          0          0          0       7836   stm32l0xx_hal_rcc.o
       844         56          0          0          0       3609   stm32l0xx_hal_rcc_ex.o
      1514         26          0          0          0      10480   stm32l0xx_hal_rtc.o
        60          0          0          0          0       1303   stm32l0xx_hal_rtc_ex.o
      1426         14          0          0          0       9700   stm32l0xx_hal_spi.o
      1250         20          0          0          0      18459   stm32l0xx_hal_tim.o
        72          0          0          0          0       1360   stm32l0xx_hal_tim_ex.o
      1746        114          0          0          0      12899   stm32l0xx_hal_uart.o
         2          0          0          0          0       1196   stm32l0xx_hal_uart_ex.o
       128         10          7          0          0      17050   stm32l0xx_ll_dma.o
      2272        170        224         32        420     466870   sx1276.o
      1022        226          0          1        244       9516   system.o
        84         18         33          4          0       1831   system_stm32l0xx.o
       188         32          0          8        256       5697   timer.o
       464         18          0          4          0       7564   timeserver.o
         0          0          0          0          0        564   tiny_sscanf.o
       608         16         77          8          0       4586   tiny_vsnprintf.o
       894         90          0          4        344       8738   ucp.o
       224         18          0          0          0       1712   ul.o
       248         14         64          8          0       4077   util.o
       612         56          7          0        172      34094   vcom.o

    ----------------------------------------------------------------------
     31118       2908       1020        164       4532     916855   Object Totals
         0          0         64          0          0          0   (incl. Generated)
        52          0          6          6          0          0   (incl. Padding)

    ----------------------------------------------------------------------

      Code (inc. data)   RO Data    RW Data    ZI Data      Debug   Library Member Name

      1324         12         32          0          0        728   sgfx_cmac_lib.o
       626         66          0          8          0        356   sigfox_api.o
      2772         42         36          0          0       1464   sigfox_internal.o
        76          4          0          0          0         76   sigfox_pn.o
       104          4         16          0          0         76   sigfox_scramb.o
      2922        116       2052         17         16       1476   sgfx_credentials_lib.o
       958         90        100         47       3200        984   sgfxsx1276modulation-lib.o
         0          0          0          0          0          0   entry.o
         0          0          0          0          0          0   entry10a.o
         0          0          0          0          0          0   entry11a.o
         8          4          0          0          0          0   entry2.o
         4          0          0          0          0          0   entry5.o
         0          0          0          0          0          0   entry7b.o
         0          0          0          0          0          0   entry8b.o
         8          4          0          0          0          0   entry9a.o
        30          0          0          0          0          0   handlers.o
        40          0          0          0          0         72   idiv.o
        36          8          0          0          0         68   init.o
        32          0          0          0          0         68   llshl.o
        34          0          0          0          0         68   llushr.o
        26          0          0          0          0         72   memcmp.o
        36          0          0          0          0         60   memcpya.o
        36          0          0          0          0        100   memseta.o
        14          0          0          0          0         60   strlen.o
        44          0          0          0          0         72   uidiv.o
        96          0          0          0          0         84   uldiv.o
        20          0          0          0          0         60   uread4.o

    ----------------------------------------------------------------------
      9256        350       2238         76       3216       5944   Library Totals
        10          0          2          4          0          0   (incl. Padding)

    ----------------------------------------------------------------------

      Code (inc. data)   RO Data    RW Data    ZI Data      Debug   Library Name

      1324         12         32          0          0        728   SgfxCmacV100_CM0_Keil_O3.lib
      3578        116         52          8          0       1972   SgfxCoreV231_CM0_Keil.lib
      2922        116       2052         17         16       1476   SgfxCredentialsV011_CM0_Keil_O3.lib
       958         90        100         47       3200        984   SgfxSTModemSx1276V123_CM0_Keil_O3.lib
       464         16          0          0          0        784   mc_p.l

    ----------------------------------------------------------------------
      9256        350       2238         76       3216       5944   Library Totals

    ----------------------------------------------------------------------

==============================================================================


      Code (inc. data)   RO Data    RW Data    ZI Data      Debug   

     40374       3258       3258        240       7748     900775   Grand Totals
     40374       3258       3258        240       7748     900775   ELF Image Totals
     40374       3258       3258        240          0          0   ROM Totals

==============================================================================

    Total RO  Size (Code + RO Data)                43632 (  42.61kB)
    Total RW  Size (RW Data + ZI Data)              7988 (   7.80kB)
    Total ROM Size (Code + RO Data + RW Data)      43872 (  42.84kB)

==============================================================================

