<!doctype html public "-//w3c//dtd html 4.0 transitional//en">
<html><head>
<title>Static Call Graph - [.\mlm32l07x01Lib\PR002420v01_ENIC_APFW.axf]</title></head>
<body><HR>
<H1>Static Call Graph for image .\mlm32l07x01Lib\PR002420v01_ENIC_APFW.axf</H1><HR>
<BR><P>#&#060CALLGRAPH&#062# ARM Linker, 5060422: Last Updated: Mon Feb 08 16:25:05 2021
<BR><P>
<H3>Maximum Stack Usage =       1528 bytes + Unknown(Cycles, Untraceable Function Pointers)</H3><H3>
Call chain for Maximum Stack Depth:</H3>
UL_send_to_sfx &rArr; SIGFOX_API_send_frame &rArr; SIGFOX_INT_execute_communication_sequence &rArr; SIGFOX_INT_prepare_transmission &rArr; SIGFOX_INT_build_frame &rArr; SE_API_secure_uplink_message &rArr; SIGFOX_encrypt_decrypt_frame &rArr; CREDENTIALS_aes_128_cbc_encrypt &rArr; CREDENTIALS_get_key &rArr; CREDENTIALS_get_cra &rArr; CREDENTIALS_get_signature &rArr; aes_cbc_encrypt &rArr; mix_sub_columns
<P>
<H3>
Mutually Recursive functions
</H3> <LI><a href="#[12]">ADC1_COMP_IRQHandler</a>&nbsp;&nbsp;&nbsp;&rArr;&nbsp;&nbsp;&nbsp;<a href="#[12]">ADC1_COMP_IRQHandler</a><BR>
 <LI><a href="#[2]">HardFault_Handler</a>&nbsp;&nbsp;&nbsp;&rArr;&nbsp;&nbsp;&nbsp;<a href="#[2]">HardFault_Handler</a><BR>
 <LI><a href="#[b9]">Error_Handler</a>&nbsp;&nbsp;&nbsp;&rArr;&nbsp;&nbsp;&nbsp;<a href="#[b9]">Error_Handler</a><BR>
</UL>
<P>
<H3>
Function Pointers
</H3><UL>
 <LI><a href="#[12]">ADC1_COMP_IRQHandler</a> from startup_stm32l072xx.o(.text) referenced from startup_stm32l072xx.o(RESET)
 <LI><a href="#[28]">CM_null_communication</a> from cm.o(i.CM_null_communication) referenced from cm.o(i.CM_init_cmd_timeout_timer)
 <LI><a href="#[27]">CM_rx_data_analize</a> from cm.o(i.CM_rx_data_analize) referenced from cm.o(i.CM_execute_instruction)
 <LI><a href="#[27]">CM_rx_data_analize</a> from cm.o(i.CM_rx_data_analize) referenced from main.o(i.main)
 <LI><a href="#[63]">DL_task</a> from dl.o(i.DL_task) referenced from main.o(i.main)
 <LI><a href="#[f]">DMA1_Channel1_IRQHandler</a> from startup_stm32l072xx.o(.text) referenced from startup_stm32l072xx.o(RESET)
 <LI><a href="#[10]">DMA1_Channel2_3_IRQHandler</a> from mlm32l0xx_it.o(i.DMA1_Channel2_3_IRQHandler) referenced from startup_stm32l072xx.o(RESET)
 <LI><a href="#[11]">DMA1_Channel4_5_6_7_IRQHandler</a> from mlm32l0xx_it.o(i.DMA1_Channel4_5_6_7_IRQHandler) referenced from startup_stm32l072xx.o(RESET)
 <LI><a href="#[b]">EXTI0_1_IRQHandler</a> from mlm32l0xx_it.o(i.EXTI0_1_IRQHandler) referenced from startup_stm32l072xx.o(RESET)
 <LI><a href="#[c]">EXTI2_3_IRQHandler</a> from mlm32l0xx_it.o(i.EXTI2_3_IRQHandler) referenced from startup_stm32l072xx.o(RESET)
 <LI><a href="#[d]">EXTI4_15_IRQHandler</a> from mlm32l0xx_it.o(i.EXTI4_15_IRQHandler) referenced from startup_stm32l072xx.o(RESET)
 <LI><a href="#[9]">FLASH_IRQHandler</a> from startup_stm32l072xx.o(.text) referenced from startup_stm32l072xx.o(RESET)
 <LI><a href="#[2]">HardFault_Handler</a> from mlm32l0xx_it.o(i.HardFault_Handler) referenced from startup_stm32l072xx.o(RESET)
 <LI><a href="#[1c]">I2C1_IRQHandler</a> from startup_stm32l072xx.o(.text) referenced from startup_stm32l072xx.o(RESET)
 <LI><a href="#[1d]">I2C2_IRQHandler</a> from startup_stm32l072xx.o(.text) referenced from startup_stm32l072xx.o(RESET)
 <LI><a href="#[1a]">I2C3_IRQHandler</a> from startup_stm32l072xx.o(.text) referenced from startup_stm32l072xx.o(RESET)
 <LI><a href="#[2e]">LED_diagnosis_led_task</a> from led.o(i.LED_diagnosis_led_task) referenced from led.o(i.LED_initialize)
 <LI><a href="#[13]">LPTIM1_IRQHandler</a> from startup_stm32l072xx.o(.text) referenced from startup_stm32l072xx.o(RESET)
 <LI><a href="#[41]">MFG_board_assy_sn_read</a> from mfg.o(i.MFG_board_assy_sn_read) referenced from mfg.o(i.MFG_rx_task)
 <LI><a href="#[4e]">MFG_board_assy_sn_write</a> from mfg.o(i.MFG_board_assy_sn_write) referenced from mfg.o(i.MFG_rx_task)
 <LI><a href="#[43]">MFG_bootloader_pn_read</a> from mfg.o(i.MFG_bootloader_pn_read) referenced from mfg.o(i.MFG_rx_task)
 <LI><a href="#[44]">MFG_dev_id_read</a> from mfg.o(i.MFG_dev_id_read) referenced from mfg.o(i.MFG_rx_task)
 <LI><a href="#[45]">MFG_dev_pac_read</a> from mfg.o(i.MFG_dev_pac_read) referenced from mfg.o(i.MFG_rx_task)
 <LI><a href="#[37]">MFG_echo_task</a> from mfg.o(i.MFG_echo_task) referenced from mfg.o(i.MFG_initialize)
 <LI><a href="#[39]">MFG_ed_read</a> from mfg.o(i.MFG_ed_read) referenced from mfg.o(i.MFG_rx_task)
 <LI><a href="#[4a]">MFG_ed_write</a> from mfg.o(i.MFG_ed_write) referenced from mfg.o(i.MFG_rx_task)
 <LI><a href="#[35]">MFG_exit_mfg_mode</a> from mfg.o(i.MFG_exit_mfg_mode) referenced from mfg.o(i.MFG_initialize)
 <LI><a href="#[3f]">MFG_fw_pn_read</a> from mfg.o(i.MFG_fw_pn_read) referenced from mfg.o(i.MFG_rx_task)
 <LI><a href="#[3d]">MFG_fw_rev_nbr_read</a> from mfg.o(i.MFG_fw_rev_nbr_read) referenced from mfg.o(i.MFG_rx_task)
 <LI><a href="#[3c]">MFG_fw_ver_nbr_read</a> from mfg.o(i.MFG_fw_ver_nbr_read) referenced from mfg.o(i.MFG_rx_task)
 <LI><a href="#[40]">MFG_hw_pn_read</a> from mfg.o(i.MFG_hw_pn_read) referenced from mfg.o(i.MFG_rx_task)
 <LI><a href="#[4d]">MFG_hw_pn_write</a> from mfg.o(i.MFG_hw_pn_write) referenced from mfg.o(i.MFG_rx_task)
 <LI><a href="#[3b]">MFG_hw_rev_read</a> from mfg.o(i.MFG_hw_rev_read) referenced from mfg.o(i.MFG_rx_task)
 <LI><a href="#[47]">MFG_hw_rev_write</a> from mfg.o(i.MFG_hw_rev_write) referenced from mfg.o(i.MFG_rx_task)
 <LI><a href="#[3a]">MFG_hw_ver_read</a> from mfg.o(i.MFG_hw_ver_read) referenced from mfg.o(i.MFG_rx_task)
 <LI><a href="#[4b]">MFG_hw_ver_write</a> from mfg.o(i.MFG_hw_ver_write) referenced from mfg.o(i.MFG_rx_task)
 <LI><a href="#[31]">MFG_io_configure</a> from mfg.o(i.MFG_io_configure) referenced from mfg.o(i.MFG_initialize)
 <LI><a href="#[50]">MFG_mfg_2_mode</a> from mfg.o(i.MFG_mfg_2_mode) referenced from mfg.o(i.MFG_rx_task)
 <LI><a href="#[42]">MFG_mfg_module_sn_read</a> from mfg.o(i.MFG_mfg_module_sn_read) referenced from mfg.o(i.MFG_rx_task)
 <LI><a href="#[4f]">MFG_mfg_module_sn_write</a> from mfg.o(i.MFG_mfg_module_sn_write) referenced from mfg.o(i.MFG_rx_task)
 <LI><a href="#[3e]">MFG_mfg_serial_nbr_read</a> from mfg.o(i.MFG_mfg_serial_nbr_read) referenced from mfg.o(i.MFG_rx_task)
 <LI><a href="#[4c]">MFG_mfg_serial_nbr_write</a> from mfg.o(i.MFG_mfg_serial_nbr_write) referenced from mfg.o(i.MFG_rx_task)
 <LI><a href="#[38]">MFG_mfg_sn_read</a> from mfg.o(i.MFG_mfg_sn_read) referenced from mfg.o(i.MFG_rx_task)
 <LI><a href="#[49]">MFG_mfg_sn_write</a> from mfg.o(i.MFG_mfg_sn_write) referenced from mfg.o(i.MFG_rx_task)
 <LI><a href="#[32]">MFG_rx_abort</a> from mfg.o(i.MFG_rx_abort) referenced from mfg.o(i.MFG_initialize)
 <LI><a href="#[32]">MFG_rx_abort</a> from mfg.o(i.MFG_rx_abort) referenced from mfg.o(i.MFG_rx_abort)
 <LI><a href="#[36]">MFG_rx_task</a> from mfg.o(i.MFG_rx_task) referenced from mfg.o(i.MFG_initialize)
 <LI><a href="#[46]">MFG_sgfx_index_read</a> from mfg.o(i.MFG_sgfx_index_read) referenced from mfg.o(i.MFG_rx_task)
 <LI><a href="#[48]">MFG_sgfx_index_write</a> from mfg.o(i.MFG_sgfx_index_write) referenced from mfg.o(i.MFG_rx_task)
 <LI><a href="#[33]">MFG_tx_abort</a> from mfg.o(i.MFG_tx_abort) referenced from mfg.o(i.MFG_initialize)
 <LI><a href="#[33]">MFG_tx_abort</a> from mfg.o(i.MFG_tx_abort) referenced from mfg.o(i.MFG_tx_abort)
 <LI><a href="#[34]">MFG_tx_retry</a> from mfg.o(i.MFG_tx_retry) referenced from mfg.o(i.MFG_initialize)
 <LI><a href="#[61]">NIC_apl_mgr</a> from nic.o(i.NIC_apl_mgr) referenced from main.o(i.main)
 <LI><a href="#[51]">NIC_refresh_params</a> from nic.o(i.NIC_refresh_params) referenced from nic.o(i.NIC_initialize_timer_refresh_data)
 <LI><a href="#[1]">NMI_Handler</a> from mlm32l0xx_it.o(i.NMI_Handler) referenced from startup_stm32l072xx.o(RESET)
 <LI><a href="#[29]">OnTimerDelayEvt</a> from mcu_api.o(i.OnTimerDelayEvt) referenced from mcu_api.o(i.Delay_Lp)
 <LI><a href="#[30]">OnTimerTimeoutCsEvt</a> from st_lowlevel.o(i.OnTimerTimeoutCsEvt) referenced from mcu_api.o(i.MCU_API_timer_start_carrier_sense)
 <LI><a href="#[2f]">OnTimerTimeoutEvt</a> from mcu_api.o(i.OnTimerTimeoutEvt) referenced from mcu_api.o(i.MCU_API_timer_start)
 <LI><a href="#[7]">PVD_IRQHandler</a> from startup_stm32l072xx.o(.text) referenced from startup_stm32l072xx.o(RESET)
 <LI><a href="#[4]">PendSV_Handler</a> from mlm32l0xx_it.o(i.PendSV_Handler) referenced from startup_stm32l072xx.o(RESET)
 <LI><a href="#[54]">RADIO_rx_packet_interrupt_handler</a> from st_lowlevel.o(i.RADIO_rx_packet_interrupt_handler) referenced from st_lowlevel.o(i.STLL_Radio_IoInit)
 <LI><a href="#[a]">RCC_CRS_IRQHandler</a> from startup_stm32l072xx.o(.text) referenced from startup_stm32l072xx.o(RESET)
 <LI><a href="#[52]">REP_main_managger</a> from rep.o(i.REP_main_managger) referenced from rep.o(i.REP_init_first_rep)
 <LI><a href="#[52]">REP_main_managger</a> from rep.o(i.REP_main_managger) referenced from main.o(i.main)
 <LI><a href="#[53]">REP_recurrent_rep</a> from rep.o(i.REP_recurrent_rep) referenced from rep.o(i.REP_init_recurring_rep)
 <LI><a href="#[22]">RNG_LPUART1_IRQHandler</a> from startup_stm32l072xx.o(.text) referenced from startup_stm32l072xx.o(RESET)
 <LI><a href="#[8]">RTC_IRQHandler</a> from mlm32l0xx_it.o(i.RTC_IRQHandler) referenced from startup_stm32l072xx.o(RESET)
 <LI><a href="#[0]">Reset_Handler</a> from startup_stm32l072xx.o(.text) referenced from startup_stm32l072xx.o(RESET)
 <LI><a href="#[1e]">SPI1_IRQHandler</a> from startup_stm32l072xx.o(.text) referenced from startup_stm32l072xx.o(RESET)
 <LI><a href="#[1f]">SPI2_IRQHandler</a> from startup_stm32l072xx.o(.text) referenced from startup_stm32l072xx.o(RESET)
 <LI><a href="#[2c]">SPI_DMAError</a> from stm32l0xx_hal_spi.o(i.SPI_DMAError) referenced from stm32l0xx_hal_spi.o(i.HAL_SPI_Transmit_DMA)
 <LI><a href="#[2a]">SPI_DMAHalfTransmitCplt</a> from stm32l0xx_hal_spi.o(i.SPI_DMAHalfTransmitCplt) referenced from stm32l0xx_hal_spi.o(i.HAL_SPI_Transmit_DMA)
 <LI><a href="#[2b]">SPI_DMATransmitCplt</a> from stm32l0xx_hal_spi.o(i.SPI_DMATransmitCplt) referenced from stm32l0xx_hal_spi.o(i.HAL_SPI_Transmit_DMA)
 <LI><a href="#[55]">STLL_RX_SYNC_IRQHandler_CB</a> from st_lowlevel.o(i.STLL_RX_SYNC_IRQHandler_CB) referenced from st_lowlevel.o(i.STLL_Radio_IoInit)
 <LI><a href="#[3]">SVC_Handler</a> from mlm32l0xx_it.o(i.SVC_Handler) referenced from startup_stm32l072xx.o(RESET)
 <LI><a href="#[6b]">SX1276GetWakeUpTime</a> from mlm32l07x01.o(i.SX1276GetWakeUpTime) referenced from mlm32l07x01.o(.data)
 <LI><a href="#[6c]">SX1276IoIrqInit</a> from mlm32l07x01.o(i.SX1276IoIrqInit) referenced from mlm32l07x01.o(.data)
 <LI><a href="#[65]">SX1276OnDio0Irq</a> from sx1276.o(i.SX1276OnDio0Irq) referenced from sx1276.o(.data)
 <LI><a href="#[66]">SX1276OnDio1Irq</a> from sx1276.o(i.SX1276OnDio1Irq) referenced from sx1276.o(.data)
 <LI><a href="#[67]">SX1276OnDio2Irq</a> from sx1276.o(i.SX1276OnDio2Irq) referenced from sx1276.o(.data)
 <LI><a href="#[68]">SX1276OnDio3Irq</a> from sx1276.o(i.SX1276OnDio3Irq) referenced from sx1276.o(.data)
 <LI><a href="#[69]">SX1276OnDio4Irq</a> from sx1276.o(i.SX1276OnDio4Irq) referenced from sx1276.o(.data)
 <LI><a href="#[56]">SX1276OnTimeoutIrq</a> from sx1276.o(i.SX1276OnTimeoutIrq) referenced from sx1276.o(i.SX1276Init)
 <LI><a href="#[6f]">SX1276SetAntSw</a> from mlm32l07x01.o(i.SX1276SetAntSw) referenced from mlm32l07x01.o(.data)
 <LI><a href="#[6e]">SX1276SetAntSwLowPower</a> from mlm32l07x01.o(i.SX1276SetAntSwLowPower) referenced from mlm32l07x01.o(.data)
 <LI><a href="#[6d]">SX1276SetRfTxPower</a> from mlm32l07x01.o(i.SX1276SetRfTxPower) referenced from mlm32l07x01.o(.data)
 <LI><a href="#[6a]">SX1276SetXO</a> from mlm32l07x01.o(i.SX1276SetXO) referenced from mlm32l07x01.o(.data)
 <LI><a href="#[57]">SYSTEM_io_reconfig_task</a> from system.o(i.SYSTEM_io_reconfig_task) referenced from system.o(i.SYSTEM_initialize)
 <LI><a href="#[5]">SysTick_Handler</a> from mlm32l0xx_it.o(i.SysTick_Handler) referenced from startup_stm32l072xx.o(RESET)
 <LI><a href="#[25]">SystemInit</a> from system_stm32l0xx.o(i.SystemInit) referenced from startup_stm32l072xx.o(.text)
 <LI><a href="#[5a]">TEST_send_task_success</a> from system.o(i.TEST_send_task_success) referenced from system.o(i.SYSTEM_initialize)
 <LI><a href="#[59]">TEST_set_cmd_ok</a> from system.o(i.TEST_set_cmd_ok) referenced from system.o(i.SYSTEM_initialize)
 <LI><a href="#[19]">TIM21_IRQHandler</a> from startup_stm32l072xx.o(.text) referenced from startup_stm32l072xx.o(RESET)
 <LI><a href="#[1b]">TIM22_IRQHandler</a> from startup_stm32l072xx.o(.text) referenced from startup_stm32l072xx.o(RESET)
 <LI><a href="#[15]">TIM2_IRQHandler</a> from startup_stm32l072xx.o(.text) referenced from startup_stm32l072xx.o(RESET)
 <LI><a href="#[16]">TIM3_IRQHandler</a> from mlm32l0xx_it.o(i.TIM3_IRQHandler) referenced from startup_stm32l072xx.o(RESET)
 <LI><a href="#[17]">TIM6_DAC_IRQHandler</a> from startup_stm32l072xx.o(.text) referenced from startup_stm32l072xx.o(RESET)
 <LI><a href="#[18]">TIM7_IRQHandler</a> from startup_stm32l072xx.o(.text) referenced from startup_stm32l072xx.o(RESET)
 <LI><a href="#[e]">TSC_IRQHandler</a> from startup_stm32l072xx.o(.text) referenced from startup_stm32l072xx.o(RESET)
 <LI><a href="#[5c]">TX_read_Bit</a> from sgfxsx1276modulation-lib.o(i.TX_read_Bit) referenced from sgfxsx1276modulation-lib.o(i.TX_Start)
 <LI><a href="#[2d]">UART_DMAAbortOnError</a> from stm32l0xx_hal_uart.o(i.UART_DMAAbortOnError) referenced from stm32l0xx_hal_uart.o(i.HAL_UART_IRQHandler)
 <LI><a href="#[5d]">UCP_io_configure</a> from ucp.o(i.UCP_io_configure) referenced from ucp.o(i.UCP_initialize)
 <LI><a href="#[5e]">UCP_rx_abort</a> from ucp.o(i.UCP_rx_abort) referenced from ucp.o(i.UCP_initialize)
 <LI><a href="#[5e]">UCP_rx_abort</a> from ucp.o(i.UCP_rx_abort) referenced from ucp.o(i.UCP_rx_abort)
 <LI><a href="#[5f]">UCP_tx_abort</a> from ucp.o(i.UCP_tx_abort) referenced from ucp.o(i.UCP_initialize)
 <LI><a href="#[5f]">UCP_tx_abort</a> from ucp.o(i.UCP_tx_abort) referenced from ucp.o(i.UCP_tx_abort)
 <LI><a href="#[60]">UCP_tx_retry</a> from ucp.o(i.UCP_tx_retry) referenced from ucp.o(i.UCP_initialize)
 <LI><a href="#[62]">UL_send_to_sfx</a> from ul.o(i.UL_send_to_sfx) referenced from main.o(i.main)
 <LI><a href="#[20]">USART1_IRQHandler</a> from mlm32l0xx_it.o(i.USART1_IRQHandler) referenced from startup_stm32l072xx.o(RESET)
 <LI><a href="#[21]">USART2_IRQHandler</a> from mlm32l0xx_it.o(i.USART2_IRQHandler) referenced from startup_stm32l072xx.o(RESET)
 <LI><a href="#[14]">USART4_5_IRQHandler</a> from startup_stm32l072xx.o(.text) referenced from startup_stm32l072xx.o(RESET)
 <LI><a href="#[23]">USB_IRQHandler</a> from startup_stm32l072xx.o(.text) referenced from startup_stm32l072xx.o(RESET)
 <LI><a href="#[6]">WWDG_IRQHandler</a> from startup_stm32l072xx.o(.text) referenced from startup_stm32l072xx.o(RESET)
 <LI><a href="#[26]">__main</a> from entry.o(.ARM.Collect$$$$00000000) referenced from startup_stm32l072xx.o(.text)
 <LI><a href="#[24]">main</a> from main.o(i.main) referenced from entry9a.o(.ARM.Collect$$$$0000000B)
 <LI><a href="#[5b]">null_action</a> from timer.o(i.null_action) referenced from timer.o(i.TIMER_initialize)
 <LI><a href="#[5b]">null_action</a> from timer.o(i.null_action) referenced from timer.o(i.TIMER_reset_ms_timer)
 <LI><a href="#[5b]">null_action</a> from timer.o(i.null_action) referenced from ucp.o(i.UCP_initialize)
 <LI><a href="#[64]">send_data_request</a> from system.o(i.send_data_request) referenced from system.o(i.send_test_data)
 <LI><a href="#[64]">send_data_request</a> from system.o(i.send_data_request) referenced from system.o(i.user_button_init)
 <LI><a href="#[58]">send_test_data</a> from system.o(i.send_test_data) referenced from system.o(i.SYSTEM_initialize)
</UL>
<P>
<H3>
Global Symbols
</H3>
<P><STRONG><a name="[26]"></a>__main</STRONG> (Thumb, 0 bytes, Stack size unknown bytes, entry.o(.ARM.Collect$$$$00000000))
<BR>[Address Reference Count : 1]<UL><LI> startup_stm32l072xx.o(.text)
</UL>
<P><STRONG><a name="[21c]"></a>_main_stk</STRONG> (Thumb, 0 bytes, Stack size unknown bytes, entry2.o(.ARM.Collect$$$$00000001))

<P><STRONG><a name="[70]"></a>_main_scatterload</STRONG> (Thumb, 0 bytes, Stack size unknown bytes, entry5.o(.ARM.Collect$$$$00000004))
<BR><BR>[Calls]<UL><LI><a href="#[71]">&gt;&gt;</a>&nbsp;&nbsp;&nbsp;__scatterload
</UL>

<P><STRONG><a name="[7a]"></a>__main_after_scatterload</STRONG> (Thumb, 0 bytes, Stack size unknown bytes, entry5.o(.ARM.Collect$$$$00000004))
<BR><BR>[Called By]<UL><LI><a href="#[71]">&gt;&gt;</a>&nbsp;&nbsp;&nbsp;__scatterload
</UL>

<P><STRONG><a name="[21d]"></a>_main_clock</STRONG> (Thumb, 0 bytes, Stack size unknown bytes, entry7b.o(.ARM.Collect$$$$00000008))

<P><STRONG><a name="[21e]"></a>_main_cpp_init</STRONG> (Thumb, 0 bytes, Stack size unknown bytes, entry8b.o(.ARM.Collect$$$$0000000A))

<P><STRONG><a name="[21f]"></a>_main_init</STRONG> (Thumb, 0 bytes, Stack size unknown bytes, entry9a.o(.ARM.Collect$$$$0000000B))

<P><STRONG><a name="[220]"></a>__rt_final_cpp</STRONG> (Thumb, 0 bytes, Stack size unknown bytes, entry10a.o(.ARM.Collect$$$$0000000D))

<P><STRONG><a name="[221]"></a>__rt_final_exit</STRONG> (Thumb, 0 bytes, Stack size unknown bytes, entry11a.o(.ARM.Collect$$$$0000000F))

<P><STRONG><a name="[0]"></a>Reset_Handler</STRONG> (Thumb, 8 bytes, Stack size 0 bytes, startup_stm32l072xx.o(.text))
<BR>[Address Reference Count : 1]<UL><LI> startup_stm32l072xx.o(RESET)
</UL>
<P><STRONG><a name="[12]"></a>ADC1_COMP_IRQHandler</STRONG> (Thumb, 0 bytes, Stack size 0 bytes, startup_stm32l072xx.o(.text))
<BR><BR>[Calls]<UL><LI><a href="#[12]">&gt;&gt;</a>&nbsp;&nbsp;&nbsp;ADC1_COMP_IRQHandler
</UL>
<BR>[Called By]<UL><LI><a href="#[12]">&gt;&gt;</a>&nbsp;&nbsp;&nbsp;ADC1_COMP_IRQHandler
</UL>
<BR>[Address Reference Count : 1]<UL><LI> startup_stm32l072xx.o(RESET)
</UL>
<P><STRONG><a name="[f]"></a>DMA1_Channel1_IRQHandler</STRONG> (Thumb, 0 bytes, Stack size 0 bytes, startup_stm32l072xx.o(.text))
<BR>[Address Reference Count : 1]<UL><LI> startup_stm32l072xx.o(RESET)
</UL>
<P><STRONG><a name="[9]"></a>FLASH_IRQHandler</STRONG> (Thumb, 0 bytes, Stack size 0 bytes, startup_stm32l072xx.o(.text))
<BR>[Address Reference Count : 1]<UL><LI> startup_stm32l072xx.o(RESET)
</UL>
<P><STRONG><a name="[1c]"></a>I2C1_IRQHandler</STRONG> (Thumb, 0 bytes, Stack size 0 bytes, startup_stm32l072xx.o(.text))
<BR>[Address Reference Count : 1]<UL><LI> startup_stm32l072xx.o(RESET)
</UL>
<P><STRONG><a name="[1d]"></a>I2C2_IRQHandler</STRONG> (Thumb, 0 bytes, Stack size 0 bytes, startup_stm32l072xx.o(.text))
<BR>[Address Reference Count : 1]<UL><LI> startup_stm32l072xx.o(RESET)
</UL>
<P><STRONG><a name="[1a]"></a>I2C3_IRQHandler</STRONG> (Thumb, 0 bytes, Stack size 0 bytes, startup_stm32l072xx.o(.text))
<BR>[Address Reference Count : 1]<UL><LI> startup_stm32l072xx.o(RESET)
</UL>
<P><STRONG><a name="[13]"></a>LPTIM1_IRQHandler</STRONG> (Thumb, 0 bytes, Stack size 0 bytes, startup_stm32l072xx.o(.text))
<BR>[Address Reference Count : 1]<UL><LI> startup_stm32l072xx.o(RESET)
</UL>
<P><STRONG><a name="[7]"></a>PVD_IRQHandler</STRONG> (Thumb, 0 bytes, Stack size 0 bytes, startup_stm32l072xx.o(.text))
<BR>[Address Reference Count : 1]<UL><LI> startup_stm32l072xx.o(RESET)
</UL>
<P><STRONG><a name="[a]"></a>RCC_CRS_IRQHandler</STRONG> (Thumb, 0 bytes, Stack size 0 bytes, startup_stm32l072xx.o(.text))
<BR>[Address Reference Count : 1]<UL><LI> startup_stm32l072xx.o(RESET)
</UL>
<P><STRONG><a name="[22]"></a>RNG_LPUART1_IRQHandler</STRONG> (Thumb, 0 bytes, Stack size 0 bytes, startup_stm32l072xx.o(.text))
<BR>[Address Reference Count : 1]<UL><LI> startup_stm32l072xx.o(RESET)
</UL>
<P><STRONG><a name="[1e]"></a>SPI1_IRQHandler</STRONG> (Thumb, 0 bytes, Stack size 0 bytes, startup_stm32l072xx.o(.text))
<BR>[Address Reference Count : 1]<UL><LI> startup_stm32l072xx.o(RESET)
</UL>
<P><STRONG><a name="[1f]"></a>SPI2_IRQHandler</STRONG> (Thumb, 0 bytes, Stack size 0 bytes, startup_stm32l072xx.o(.text))
<BR>[Address Reference Count : 1]<UL><LI> startup_stm32l072xx.o(RESET)
</UL>
<P><STRONG><a name="[19]"></a>TIM21_IRQHandler</STRONG> (Thumb, 0 bytes, Stack size 0 bytes, startup_stm32l072xx.o(.text))
<BR>[Address Reference Count : 1]<UL><LI> startup_stm32l072xx.o(RESET)
</UL>
<P><STRONG><a name="[1b]"></a>TIM22_IRQHandler</STRONG> (Thumb, 0 bytes, Stack size 0 bytes, startup_stm32l072xx.o(.text))
<BR>[Address Reference Count : 1]<UL><LI> startup_stm32l072xx.o(RESET)
</UL>
<P><STRONG><a name="[15]"></a>TIM2_IRQHandler</STRONG> (Thumb, 0 bytes, Stack size 0 bytes, startup_stm32l072xx.o(.text))
<BR>[Address Reference Count : 1]<UL><LI> startup_stm32l072xx.o(RESET)
</UL>
<P><STRONG><a name="[17]"></a>TIM6_DAC_IRQHandler</STRONG> (Thumb, 0 bytes, Stack size 0 bytes, startup_stm32l072xx.o(.text))
<BR>[Address Reference Count : 1]<UL><LI> startup_stm32l072xx.o(RESET)
</UL>
<P><STRONG><a name="[18]"></a>TIM7_IRQHandler</STRONG> (Thumb, 0 bytes, Stack size 0 bytes, startup_stm32l072xx.o(.text))
<BR>[Address Reference Count : 1]<UL><LI> startup_stm32l072xx.o(RESET)
</UL>
<P><STRONG><a name="[e]"></a>TSC_IRQHandler</STRONG> (Thumb, 0 bytes, Stack size 0 bytes, startup_stm32l072xx.o(.text))
<BR>[Address Reference Count : 1]<UL><LI> startup_stm32l072xx.o(RESET)
</UL>
<P><STRONG><a name="[14]"></a>USART4_5_IRQHandler</STRONG> (Thumb, 0 bytes, Stack size 0 bytes, startup_stm32l072xx.o(.text))
<BR>[Address Reference Count : 1]<UL><LI> startup_stm32l072xx.o(RESET)
</UL>
<P><STRONG><a name="[23]"></a>USB_IRQHandler</STRONG> (Thumb, 0 bytes, Stack size 0 bytes, startup_stm32l072xx.o(.text))
<BR>[Address Reference Count : 1]<UL><LI> startup_stm32l072xx.o(RESET)
</UL>
<P><STRONG><a name="[6]"></a>WWDG_IRQHandler</STRONG> (Thumb, 0 bytes, Stack size 0 bytes, startup_stm32l072xx.o(.text))
<BR>[Address Reference Count : 1]<UL><LI> startup_stm32l072xx.o(RESET)
</UL>
<P><STRONG><a name="[222]"></a>__aeabi_uidiv</STRONG> (Thumb, 0 bytes, Stack size 12 bytes, uidiv.o(.text), UNUSED)

<P><STRONG><a name="[73]"></a>__aeabi_uidivmod</STRONG> (Thumb, 44 bytes, Stack size 12 bytes, uidiv.o(.text))
<BR><BR>[Stack]<UL><LI>Max Depth = 12<LI>Call Chain = __aeabi_uidivmod
</UL>
<BR>[Called By]<UL><LI><a href="#[18b]">&gt;&gt;</a>&nbsp;&nbsp;&nbsp;SX1276SetChannel
<LI><a href="#[7b]">&gt;&gt;</a>&nbsp;&nbsp;&nbsp;ADC_DelayMicroSecond
<LI><a href="#[d0]">&gt;&gt;</a>&nbsp;&nbsp;&nbsp;HAL_RCC_GetSysClockFreq
<LI><a href="#[ce]">&gt;&gt;</a>&nbsp;&nbsp;&nbsp;HAL_RCCEx_GetPeriphCLKFreq
<LI><a href="#[115]">&gt;&gt;</a>&nbsp;&nbsp;&nbsp;UART_SetConfig
<LI><a href="#[123]">&gt;&gt;</a>&nbsp;&nbsp;&nbsp;HW_GetBatteryLevel
<LI><a href="#[124]">&gt;&gt;</a>&nbsp;&nbsp;&nbsp;HW_GetTemperatureLevel
<LI><a href="#[134]">&gt;&gt;</a>&nbsp;&nbsp;&nbsp;HW_RTC_StartWakeUpAlarm
<LI><a href="#[1f8]">&gt;&gt;</a>&nbsp;&nbsp;&nbsp;ee_number
<LI><a href="#[1db]">&gt;&gt;</a>&nbsp;&nbsp;&nbsp;SystemClock_Config
<LI><a href="#[72]">&gt;&gt;</a>&nbsp;&nbsp;&nbsp;__aeabi_idivmod
<LI><a href="#[204]">&gt;&gt;</a>&nbsp;&nbsp;&nbsp;aes_set_key
<LI><a href="#[1aa]">&gt;&gt;</a>&nbsp;&nbsp;&nbsp;SE_API_secure_uplink_message
<LI><a href="#[1b6]">&gt;&gt;</a>&nbsp;&nbsp;&nbsp;SIGFOX_INT_process_uplink
<LI><a href="#[1ae]">&gt;&gt;</a>&nbsp;&nbsp;&nbsp;SIGFOX_INT_dc_lbt_channel_pn_min
<LI><a href="#[1ad]">&gt;&gt;</a>&nbsp;&nbsp;&nbsp;SIGFOX_INT_dc_lbt_channel_pn_max
<LI><a href="#[1a9]">&gt;&gt;</a>&nbsp;&nbsp;&nbsp;SIGFOX_INT_build_frame
<LI><a href="#[1b0]">&gt;&gt;</a>&nbsp;&nbsp;&nbsp;SIGFOX_INT_compute_uplink_frequency
<LI><a href="#[199]">&gt;&gt;</a>&nbsp;&nbsp;&nbsp;TX_Start
</UL>

<P><STRONG><a name="[223]"></a>__aeabi_idiv</STRONG> (Thumb, 0 bytes, Stack size 16 bytes, idiv.o(.text), UNUSED)

<P><STRONG><a name="[72]"></a>__aeabi_idivmod</STRONG> (Thumb, 40 bytes, Stack size 16 bytes, idiv.o(.text))
<BR><BR>[Stack]<UL><LI>Max Depth = 28<LI>Call Chain = __aeabi_idivmod &rArr; __aeabi_uidivmod
</UL>
<BR>[Calls]<UL><LI><a href="#[73]">&gt;&gt;</a>&nbsp;&nbsp;&nbsp;__aeabi_uidivmod
</UL>
<BR>[Called By]<UL><LI><a href="#[124]">&gt;&gt;</a>&nbsp;&nbsp;&nbsp;HW_GetTemperatureLevel
<LI><a href="#[180]">&gt;&gt;</a>&nbsp;&nbsp;&nbsp;RF_API_wait_for_clear_channel
<LI><a href="#[1b1]">&gt;&gt;</a>&nbsp;&nbsp;&nbsp;SIGFOX_INT_get_macro_channel_index
<LI><a href="#[1a9]">&gt;&gt;</a>&nbsp;&nbsp;&nbsp;SIGFOX_INT_build_frame
</UL>

<P><STRONG><a name="[74]"></a>__aeabi_uldivmod</STRONG> (Thumb, 96 bytes, Stack size 48 bytes, uldiv.o(.text))
<BR><BR>[Stack]<UL><LI>Max Depth = 56<LI>Call Chain = __aeabi_uldivmod &rArr; __aeabi_llsr
</UL>
<BR>[Calls]<UL><LI><a href="#[75]">&gt;&gt;</a>&nbsp;&nbsp;&nbsp;__aeabi_llsr
<LI><a href="#[76]">&gt;&gt;</a>&nbsp;&nbsp;&nbsp;__aeabi_llsl
</UL>
<BR>[Called By]<UL><LI><a href="#[115]">&gt;&gt;</a>&nbsp;&nbsp;&nbsp;UART_SetConfig
<LI><a href="#[137]">&gt;&gt;</a>&nbsp;&nbsp;&nbsp;HW_RTC_ms2Tick
<LI><a href="#[c3]">&gt;&gt;</a>&nbsp;&nbsp;&nbsp;HW_RTC_DelayMs
</UL>

<P><STRONG><a name="[84]"></a>__aeabi_memcpy</STRONG> (Thumb, 36 bytes, Stack size 0 bytes, memcpya.o(.text))
<BR><BR>[Called By]<UL><LI><a href="#[14d]">&gt;&gt;</a>&nbsp;&nbsp;&nbsp;vcom_Send
<LI><a href="#[63]">&gt;&gt;</a>&nbsp;&nbsp;&nbsp;DL_task
<LI><a href="#[a7]">&gt;&gt;</a>&nbsp;&nbsp;&nbsp;DL_err_num_meter
<LI><a href="#[a6]">&gt;&gt;</a>&nbsp;&nbsp;&nbsp;DL_err_mensaje
<LI><a href="#[92]">&gt;&gt;</a>&nbsp;&nbsp;&nbsp;UCP_send_frame
<LI><a href="#[27]">&gt;&gt;</a>&nbsp;&nbsp;&nbsp;CM_rx_data_analize
<LI><a href="#[28]">&gt;&gt;</a>&nbsp;&nbsp;&nbsp;CM_null_communication
<LI><a href="#[8f]">&gt;&gt;</a>&nbsp;&nbsp;&nbsp;CM_err_communication
<LI><a href="#[8e]">&gt;&gt;</a>&nbsp;&nbsp;&nbsp;CM_comands_to_meter_inst_30_1ph_ghw0034
<LI><a href="#[8d]">&gt;&gt;</a>&nbsp;&nbsp;&nbsp;CM_comands_to_meter_inst_20_1ph_ghw0034
<LI><a href="#[8c]">&gt;&gt;</a>&nbsp;&nbsp;&nbsp;CM_comands_to_meter_inst_10_1ph_ghw0034
<LI><a href="#[81]">&gt;&gt;</a>&nbsp;&nbsp;&nbsp;CM_build_ul_frame_30_1ph_gwh0034
<LI><a href="#[83]">&gt;&gt;</a>&nbsp;&nbsp;&nbsp;CM_build_ul_frame_20_1ph_gwh0034
<LI><a href="#[82]">&gt;&gt;</a>&nbsp;&nbsp;&nbsp;CM_build_ul_frame_10_1ph_gwh0034
<LI><a href="#[157]">&gt;&gt;</a>&nbsp;&nbsp;&nbsp;MFG_execute_write
<LI><a href="#[156]">&gt;&gt;</a>&nbsp;&nbsp;&nbsp;MFG_execute_read
<LI><a href="#[155]">&gt;&gt;</a>&nbsp;&nbsp;&nbsp;MFG_execute_procedure
<LI><a href="#[62]">&gt;&gt;</a>&nbsp;&nbsp;&nbsp;UL_send_to_sfx
<LI><a href="#[1e8]">&gt;&gt;</a>&nbsp;&nbsp;&nbsp;TEST_vExecute_inst_3
<LI><a href="#[1e7]">&gt;&gt;</a>&nbsp;&nbsp;&nbsp;TEST_vExecute_inst_2
<LI><a href="#[1e6]">&gt;&gt;</a>&nbsp;&nbsp;&nbsp;TEST_vExecute_inst_1
<LI><a href="#[154]">&gt;&gt;</a>&nbsp;&nbsp;&nbsp;MFG_send_frame
<LI><a href="#[203]">&gt;&gt;</a>&nbsp;&nbsp;&nbsp;CREDENTIALS_get_key
<LI><a href="#[207]">&gt;&gt;</a>&nbsp;&nbsp;&nbsp;CREDENTIALS_get_cra
<LI><a href="#[20b]">&gt;&gt;</a>&nbsp;&nbsp;&nbsp;CREDENTIALS_get_initial_pac
<LI><a href="#[20a]">&gt;&gt;</a>&nbsp;&nbsp;&nbsp;CREDENTIALS_get_dev_id
</UL>

<P><STRONG><a name="[11b]"></a>__aeabi_memcpy4</STRONG> (Thumb, 0 bytes, Stack size 0 bytes, memcpya.o(.text))
<BR><BR>[Called By]<UL><LI><a href="#[14d]">&gt;&gt;</a>&nbsp;&nbsp;&nbsp;vcom_Send
<LI><a href="#[88]">&gt;&gt;</a>&nbsp;&nbsp;&nbsp;ascii_to_hex10
<LI><a href="#[89]">&gt;&gt;</a>&nbsp;&nbsp;&nbsp;ascii_to_hex
<LI><a href="#[14a]">&gt;&gt;</a>&nbsp;&nbsp;&nbsp;MCU_API_delay
<LI><a href="#[24]">&gt;&gt;</a>&nbsp;&nbsp;&nbsp;main
<LI><a href="#[134]">&gt;&gt;</a>&nbsp;&nbsp;&nbsp;HW_RTC_StartWakeUpAlarm
<LI><a href="#[119]">&gt;&gt;</a>&nbsp;&nbsp;&nbsp;HW_EEPROM_Init
<LI><a href="#[1e7]">&gt;&gt;</a>&nbsp;&nbsp;&nbsp;TEST_vExecute_inst_2
<LI><a href="#[179]">&gt;&gt;</a>&nbsp;&nbsp;&nbsp;SGFX_SX1276_tx_config
<LI><a href="#[17a]">&gt;&gt;</a>&nbsp;&nbsp;&nbsp;SGFX_SX1276_rx_config
</UL>

<P><STRONG><a name="[224]"></a>__aeabi_memcpy8</STRONG> (Thumb, 0 bytes, Stack size 0 bytes, memcpya.o(.text), UNUSED)

<P><STRONG><a name="[78]"></a>__aeabi_memset</STRONG> (Thumb, 14 bytes, Stack size 0 bytes, memseta.o(.text))
<BR><BR>[Called By]<UL><LI><a href="#[82]">&gt;&gt;</a>&nbsp;&nbsp;&nbsp;CM_build_ul_frame_10_1ph_gwh0034
<LI><a href="#[79]">&gt;&gt;</a>&nbsp;&nbsp;&nbsp;_memset$wrapper
<LI><a href="#[77]">&gt;&gt;</a>&nbsp;&nbsp;&nbsp;__aeabi_memclr
</UL>

<P><STRONG><a name="[225]"></a>__aeabi_memset4</STRONG> (Thumb, 0 bytes, Stack size 0 bytes, memseta.o(.text), UNUSED)

<P><STRONG><a name="[226]"></a>__aeabi_memset8</STRONG> (Thumb, 0 bytes, Stack size 0 bytes, memseta.o(.text), UNUSED)

<P><STRONG><a name="[77]"></a>__aeabi_memclr</STRONG> (Thumb, 4 bytes, Stack size 0 bytes, memseta.o(.text))
<BR><BR>[Calls]<UL><LI><a href="#[78]">&gt;&gt;</a>&nbsp;&nbsp;&nbsp;__aeabi_memset
</UL>
<BR>[Called By]<UL><LI><a href="#[51]">&gt;&gt;</a>&nbsp;&nbsp;&nbsp;NIC_refresh_params
<LI><a href="#[1de]">&gt;&gt;</a>&nbsp;&nbsp;&nbsp;UCP_initialize
<LI><a href="#[16c]">&gt;&gt;</a>&nbsp;&nbsp;&nbsp;NIC_initialize
<LI><a href="#[ab]">&gt;&gt;</a>&nbsp;&nbsp;&nbsp;STLL_TX_IRQHandler_CB
<LI><a href="#[158]">&gt;&gt;</a>&nbsp;&nbsp;&nbsp;MFG_initialize
<LI><a href="#[199]">&gt;&gt;</a>&nbsp;&nbsp;&nbsp;TX_Start
</UL>

<P><STRONG><a name="[a0]"></a>__aeabi_memclr4</STRONG> (Thumb, 0 bytes, Stack size 0 bytes, memseta.o(.text))
<BR><BR>[Called By]<UL><LI><a href="#[14d]">&gt;&gt;</a>&nbsp;&nbsp;&nbsp;vcom_Send
<LI><a href="#[1d1]">&gt;&gt;</a>&nbsp;&nbsp;&nbsp;SX1276Reset
<LI><a href="#[6e]">&gt;&gt;</a>&nbsp;&nbsp;&nbsp;SX1276SetAntSwLowPower
<LI><a href="#[129]">&gt;&gt;</a>&nbsp;&nbsp;&nbsp;SX1276IoInit
<LI><a href="#[1c2]">&gt;&gt;</a>&nbsp;&nbsp;&nbsp;SX1276IoDeInit
<LI><a href="#[9f]">&gt;&gt;</a>&nbsp;&nbsp;&nbsp;DBG_Init
<LI><a href="#[155]">&gt;&gt;</a>&nbsp;&nbsp;&nbsp;MFG_execute_procedure
<LI><a href="#[e9]">&gt;&gt;</a>&nbsp;&nbsp;&nbsp;HW_SPI_IoInit
<LI><a href="#[1de]">&gt;&gt;</a>&nbsp;&nbsp;&nbsp;UCP_initialize
<LI><a href="#[1dd]">&gt;&gt;</a>&nbsp;&nbsp;&nbsp;user_button_init
<LI><a href="#[190]">&gt;&gt;</a>&nbsp;&nbsp;&nbsp;STLL_Radio_Init
<LI><a href="#[196]">&gt;&gt;</a>&nbsp;&nbsp;&nbsp;STLL_Radio_DeInit
<LI><a href="#[1db]">&gt;&gt;</a>&nbsp;&nbsp;&nbsp;SystemClock_Config
<LI><a href="#[125]">&gt;&gt;</a>&nbsp;&nbsp;&nbsp;HW_Init
<LI><a href="#[cb]">&gt;&gt;</a>&nbsp;&nbsp;&nbsp;HW_GpioInit
<LI><a href="#[158]">&gt;&gt;</a>&nbsp;&nbsp;&nbsp;MFG_initialize
<LI><a href="#[1aa]">&gt;&gt;</a>&nbsp;&nbsp;&nbsp;SE_API_secure_uplink_message
</UL>

<P><STRONG><a name="[227]"></a>__aeabi_memclr8</STRONG> (Thumb, 0 bytes, Stack size 0 bytes, memseta.o(.text), UNUSED)

<P><STRONG><a name="[79]"></a>_memset$wrapper</STRONG> (Thumb, 18 bytes, Stack size 8 bytes, memseta.o(.text), UNUSED)
<BR><BR>[Calls]<UL><LI><a href="#[78]">&gt;&gt;</a>&nbsp;&nbsp;&nbsp;__aeabi_memset
</UL>

<P><STRONG><a name="[1fc]"></a>strlen</STRONG> (Thumb, 14 bytes, Stack size 0 bytes, strlen.o(.text))
<BR><BR>[Called By]<UL><LI><a href="#[1fb]">&gt;&gt;</a>&nbsp;&nbsp;&nbsp;tiny_vsnprintf_like
</UL>

<P><STRONG><a name="[b1]"></a>memcmp</STRONG> (Thumb, 26 bytes, Stack size 12 bytes, memcmp.o(.text))
<BR><BR>[Stack]<UL><LI>Max Depth = 12<LI>Call Chain = memcmp
</UL>
<BR>[Called By]<UL><LI><a href="#[b0]">&gt;&gt;</a>&nbsp;&nbsp;&nbsp;EEPROM_check_parameters
</UL>

<P><STRONG><a name="[212]"></a>__aeabi_uread4</STRONG> (Thumb, 20 bytes, Stack size 0 bytes, uread4.o(.text))
<BR><BR>[Called By]<UL><LI><a href="#[211]">&gt;&gt;</a>&nbsp;&nbsp;&nbsp;SIGFOX_DECODE_dewhitening
</UL>

<P><STRONG><a name="[228]"></a>__rt_uread4</STRONG> (Thumb, 0 bytes, Stack size 0 bytes, uread4.o(.text), UNUSED)

<P><STRONG><a name="[229]"></a>_uread4</STRONG> (Thumb, 0 bytes, Stack size 0 bytes, uread4.o(.text), UNUSED)

<P><STRONG><a name="[76]"></a>__aeabi_llsl</STRONG> (Thumb, 32 bytes, Stack size 8 bytes, llshl.o(.text))
<BR><BR>[Stack]<UL><LI>Max Depth = 8<LI>Call Chain = __aeabi_llsl
</UL>
<BR>[Called By]<UL><LI><a href="#[74]">&gt;&gt;</a>&nbsp;&nbsp;&nbsp;__aeabi_uldivmod
</UL>

<P><STRONG><a name="[22a]"></a>_ll_shift_l</STRONG> (Thumb, 0 bytes, Stack size 8 bytes, llshl.o(.text), UNUSED)

<P><STRONG><a name="[75]"></a>__aeabi_llsr</STRONG> (Thumb, 34 bytes, Stack size 8 bytes, llushr.o(.text))
<BR><BR>[Stack]<UL><LI>Max Depth = 8<LI>Call Chain = __aeabi_llsr
</UL>
<BR>[Called By]<UL><LI><a href="#[74]">&gt;&gt;</a>&nbsp;&nbsp;&nbsp;__aeabi_uldivmod
</UL>

<P><STRONG><a name="[22b]"></a>_ll_ushift_r</STRONG> (Thumb, 0 bytes, Stack size 8 bytes, llushr.o(.text), UNUSED)

<P><STRONG><a name="[71]"></a>__scatterload</STRONG> (Thumb, 28 bytes, Stack size 0 bytes, init.o(.text))
<BR><BR>[Calls]<UL><LI><a href="#[7a]">&gt;&gt;</a>&nbsp;&nbsp;&nbsp;__main_after_scatterload
</UL>
<BR>[Called By]<UL><LI><a href="#[70]">&gt;&gt;</a>&nbsp;&nbsp;&nbsp;_main_scatterload
</UL>

<P><STRONG><a name="[22c]"></a>__scatterload_rt2</STRONG> (Thumb, 0 bytes, Stack size 0 bytes, init.o(.text), UNUSED)

<P><STRONG><a name="[7e]"></a>CM_build_ul_data</STRONG> (Thumb, 24 bytes, Stack size 8 bytes, cm.o(i.CM_build_ul_data))
<BR><BR>[Stack]<UL><LI>Max Depth = 240<LI>Call Chain = CM_build_ul_data &rArr; CM_build_ul_data_for_1ph_gwh0034 &rArr; CM_build_ul_frame_30_1ph_gwh0034 &rArr; CM_check_executed_comands &rArr; CM_execute_instruction &rArr; TimerReset &rArr; TimerStart &rArr; TimerInsertNewHeadTimer &rArr; TimerSetTimeout &rArr; HW_RTC_SetAlarm &rArr; HW_RTC_StartWakeUpAlarm &rArr; HAL_RTC_SetAlarm_IT
</UL>
<BR>[Calls]<UL><LI><a href="#[7f]">&gt;&gt;</a>&nbsp;&nbsp;&nbsp;__ARM_common_switch8
<LI><a href="#[80]">&gt;&gt;</a>&nbsp;&nbsp;&nbsp;CM_build_ul_data_for_1ph_gwh0034
</UL>
<BR>[Called By]<UL><LI><a href="#[27]">&gt;&gt;</a>&nbsp;&nbsp;&nbsp;CM_rx_data_analize
</UL>

<P><STRONG><a name="[80]"></a>CM_build_ul_data_for_1ph_gwh0034</STRONG> (Thumb, 40 bytes, Stack size 8 bytes, cm.o(i.CM_build_ul_data_for_1ph_gwh0034))
<BR><BR>[Stack]<UL><LI>Max Depth = 232<LI>Call Chain = CM_build_ul_data_for_1ph_gwh0034 &rArr; CM_build_ul_frame_30_1ph_gwh0034 &rArr; CM_check_executed_comands &rArr; CM_execute_instruction &rArr; TimerReset &rArr; TimerStart &rArr; TimerInsertNewHeadTimer &rArr; TimerSetTimeout &rArr; HW_RTC_SetAlarm &rArr; HW_RTC_StartWakeUpAlarm &rArr; HAL_RTC_SetAlarm_IT
</UL>
<BR>[Calls]<UL><LI><a href="#[81]">&gt;&gt;</a>&nbsp;&nbsp;&nbsp;CM_build_ul_frame_30_1ph_gwh0034
<LI><a href="#[83]">&gt;&gt;</a>&nbsp;&nbsp;&nbsp;CM_build_ul_frame_20_1ph_gwh0034
<LI><a href="#[82]">&gt;&gt;</a>&nbsp;&nbsp;&nbsp;CM_build_ul_frame_10_1ph_gwh0034
</UL>
<BR>[Called By]<UL><LI><a href="#[7e]">&gt;&gt;</a>&nbsp;&nbsp;&nbsp;CM_build_ul_data
</UL>

<P><STRONG><a name="[82]"></a>CM_build_ul_frame_10_1ph_gwh0034</STRONG> (Thumb, 72 bytes, Stack size 24 bytes, cm.o(i.CM_build_ul_frame_10_1ph_gwh0034))
<BR><BR>[Stack]<UL><LI>Max Depth = 200<LI>Call Chain = CM_build_ul_frame_10_1ph_gwh0034 &rArr; CM_check_executed_comands &rArr; CM_execute_instruction &rArr; TimerReset &rArr; TimerStart &rArr; TimerInsertNewHeadTimer &rArr; TimerSetTimeout &rArr; HW_RTC_SetAlarm &rArr; HW_RTC_StartWakeUpAlarm &rArr; HAL_RTC_SetAlarm_IT
</UL>
<BR>[Calls]<UL><LI><a href="#[85]">&gt;&gt;</a>&nbsp;&nbsp;&nbsp;EEPROM_writer
<LI><a href="#[86]">&gt;&gt;</a>&nbsp;&nbsp;&nbsp;EEPROM_reader
<LI><a href="#[87]">&gt;&gt;</a>&nbsp;&nbsp;&nbsp;CM_check_executed_comands
<LI><a href="#[78]">&gt;&gt;</a>&nbsp;&nbsp;&nbsp;__aeabi_memset
<LI><a href="#[84]">&gt;&gt;</a>&nbsp;&nbsp;&nbsp;__aeabi_memcpy
</UL>
<BR>[Called By]<UL><LI><a href="#[80]">&gt;&gt;</a>&nbsp;&nbsp;&nbsp;CM_build_ul_data_for_1ph_gwh0034
</UL>

<P><STRONG><a name="[83]"></a>CM_build_ul_frame_20_1ph_gwh0034</STRONG> (Thumb, 144 bytes, Stack size 40 bytes, cm.o(i.CM_build_ul_frame_20_1ph_gwh0034))
<BR><BR>[Stack]<UL><LI>Max Depth = 216<LI>Call Chain = CM_build_ul_frame_20_1ph_gwh0034 &rArr; CM_check_executed_comands &rArr; CM_execute_instruction &rArr; TimerReset &rArr; TimerStart &rArr; TimerInsertNewHeadTimer &rArr; TimerSetTimeout &rArr; HW_RTC_SetAlarm &rArr; HW_RTC_StartWakeUpAlarm &rArr; HAL_RTC_SetAlarm_IT
</UL>
<BR>[Calls]<UL><LI><a href="#[88]">&gt;&gt;</a>&nbsp;&nbsp;&nbsp;ascii_to_hex10
<LI><a href="#[87]">&gt;&gt;</a>&nbsp;&nbsp;&nbsp;CM_check_executed_comands
<LI><a href="#[84]">&gt;&gt;</a>&nbsp;&nbsp;&nbsp;__aeabi_memcpy
</UL>
<BR>[Called By]<UL><LI><a href="#[80]">&gt;&gt;</a>&nbsp;&nbsp;&nbsp;CM_build_ul_data_for_1ph_gwh0034
</UL>

<P><STRONG><a name="[81]"></a>CM_build_ul_frame_30_1ph_gwh0034</STRONG> (Thumb, 126 bytes, Stack size 48 bytes, cm.o(i.CM_build_ul_frame_30_1ph_gwh0034))
<BR><BR>[Stack]<UL><LI>Max Depth = 224<LI>Call Chain = CM_build_ul_frame_30_1ph_gwh0034 &rArr; CM_check_executed_comands &rArr; CM_execute_instruction &rArr; TimerReset &rArr; TimerStart &rArr; TimerInsertNewHeadTimer &rArr; TimerSetTimeout &rArr; HW_RTC_SetAlarm &rArr; HW_RTC_StartWakeUpAlarm &rArr; HAL_RTC_SetAlarm_IT
</UL>
<BR>[Calls]<UL><LI><a href="#[89]">&gt;&gt;</a>&nbsp;&nbsp;&nbsp;ascii_to_hex
<LI><a href="#[87]">&gt;&gt;</a>&nbsp;&nbsp;&nbsp;CM_check_executed_comands
<LI><a href="#[84]">&gt;&gt;</a>&nbsp;&nbsp;&nbsp;__aeabi_memcpy
</UL>
<BR>[Called By]<UL><LI><a href="#[80]">&gt;&gt;</a>&nbsp;&nbsp;&nbsp;CM_build_ul_data_for_1ph_gwh0034
</UL>

<P><STRONG><a name="[87]"></a>CM_check_executed_comands</STRONG> (Thumb, 36 bytes, Stack size 8 bytes, cm.o(i.CM_check_executed_comands))
<BR><BR>[Stack]<UL><LI>Max Depth = 176<LI>Call Chain = CM_check_executed_comands &rArr; CM_execute_instruction &rArr; TimerReset &rArr; TimerStart &rArr; TimerInsertNewHeadTimer &rArr; TimerSetTimeout &rArr; HW_RTC_SetAlarm &rArr; HW_RTC_StartWakeUpAlarm &rArr; HAL_RTC_SetAlarm_IT
</UL>
<BR>[Calls]<UL><LI><a href="#[8a]">&gt;&gt;</a>&nbsp;&nbsp;&nbsp;SCH_SetTask
<LI><a href="#[8b]">&gt;&gt;</a>&nbsp;&nbsp;&nbsp;CM_execute_instruction
</UL>
<BR>[Called By]<UL><LI><a href="#[81]">&gt;&gt;</a>&nbsp;&nbsp;&nbsp;CM_build_ul_frame_30_1ph_gwh0034
<LI><a href="#[83]">&gt;&gt;</a>&nbsp;&nbsp;&nbsp;CM_build_ul_frame_20_1ph_gwh0034
<LI><a href="#[82]">&gt;&gt;</a>&nbsp;&nbsp;&nbsp;CM_build_ul_frame_10_1ph_gwh0034
</UL>

<P><STRONG><a name="[8c]"></a>CM_comands_to_meter_inst_10_1ph_ghw0034</STRONG> (Thumb, 32 bytes, Stack size 8 bytes, cm.o(i.CM_comands_to_meter_inst_10_1ph_ghw0034))
<BR><BR>[Stack]<UL><LI>Max Depth = 8<LI>Call Chain = CM_comands_to_meter_inst_10_1ph_ghw0034
</UL>
<BR>[Calls]<UL><LI><a href="#[84]">&gt;&gt;</a>&nbsp;&nbsp;&nbsp;__aeabi_memcpy
</UL>
<BR>[Called By]<UL><LI><a href="#[94]">&gt;&gt;</a>&nbsp;&nbsp;&nbsp;CM_frame_factory_for_1ph_ghw0034
</UL>

<P><STRONG><a name="[8d]"></a>CM_comands_to_meter_inst_20_1ph_ghw0034</STRONG> (Thumb, 52 bytes, Stack size 8 bytes, cm.o(i.CM_comands_to_meter_inst_20_1ph_ghw0034))
<BR><BR>[Stack]<UL><LI>Max Depth = 8<LI>Call Chain = CM_comands_to_meter_inst_20_1ph_ghw0034
</UL>
<BR>[Calls]<UL><LI><a href="#[84]">&gt;&gt;</a>&nbsp;&nbsp;&nbsp;__aeabi_memcpy
</UL>
<BR>[Called By]<UL><LI><a href="#[94]">&gt;&gt;</a>&nbsp;&nbsp;&nbsp;CM_frame_factory_for_1ph_ghw0034
</UL>

<P><STRONG><a name="[8e]"></a>CM_comands_to_meter_inst_30_1ph_ghw0034</STRONG> (Thumb, 72 bytes, Stack size 8 bytes, cm.o(i.CM_comands_to_meter_inst_30_1ph_ghw0034))
<BR><BR>[Stack]<UL><LI>Max Depth = 8<LI>Call Chain = CM_comands_to_meter_inst_30_1ph_ghw0034
</UL>
<BR>[Calls]<UL><LI><a href="#[84]">&gt;&gt;</a>&nbsp;&nbsp;&nbsp;__aeabi_memcpy
</UL>
<BR>[Called By]<UL><LI><a href="#[94]">&gt;&gt;</a>&nbsp;&nbsp;&nbsp;CM_frame_factory_for_1ph_ghw0034
</UL>

<P><STRONG><a name="[8f]"></a>CM_err_communication</STRONG> (Thumb, 26 bytes, Stack size 8 bytes, cm.o(i.CM_err_communication))
<BR><BR>[Stack]<UL><LI>Max Depth = 8<LI>Call Chain = CM_err_communication
</UL>
<BR>[Calls]<UL><LI><a href="#[8a]">&gt;&gt;</a>&nbsp;&nbsp;&nbsp;SCH_SetTask
<LI><a href="#[84]">&gt;&gt;</a>&nbsp;&nbsp;&nbsp;__aeabi_memcpy
</UL>
<BR>[Called By]<UL><LI><a href="#[27]">&gt;&gt;</a>&nbsp;&nbsp;&nbsp;CM_rx_data_analize
</UL>

<P><STRONG><a name="[8b]"></a>CM_execute_instruction</STRONG> (Thumb, 116 bytes, Stack size 24 bytes, cm.o(i.CM_execute_instruction))
<BR><BR>[Stack]<UL><LI>Max Depth = 168<LI>Call Chain = CM_execute_instruction &rArr; TimerReset &rArr; TimerStart &rArr; TimerInsertNewHeadTimer &rArr; TimerSetTimeout &rArr; HW_RTC_SetAlarm &rArr; HW_RTC_StartWakeUpAlarm &rArr; HAL_RTC_SetAlarm_IT
</UL>
<BR>[Calls]<UL><LI><a href="#[93]">&gt;&gt;</a>&nbsp;&nbsp;&nbsp;TimerStart
<LI><a href="#[92]">&gt;&gt;</a>&nbsp;&nbsp;&nbsp;UCP_send_frame
<LI><a href="#[90]">&gt;&gt;</a>&nbsp;&nbsp;&nbsp;TimerReset
<LI><a href="#[91]">&gt;&gt;</a>&nbsp;&nbsp;&nbsp;CM_frame_factory
</UL>
<BR>[Called By]<UL><LI><a href="#[87]">&gt;&gt;</a>&nbsp;&nbsp;&nbsp;CM_check_executed_comands
<LI><a href="#[15e]">&gt;&gt;</a>&nbsp;&nbsp;&nbsp;NIC_run_instruction
</UL>

<P><STRONG><a name="[91]"></a>CM_frame_factory</STRONG> (Thumb, 24 bytes, Stack size 8 bytes, cm.o(i.CM_frame_factory))
<BR><BR>[Stack]<UL><LI>Max Depth = 24<LI>Call Chain = CM_frame_factory &rArr; CM_frame_factory_for_1ph_ghw0034 &rArr; CM_comands_to_meter_inst_30_1ph_ghw0034
</UL>
<BR>[Calls]<UL><LI><a href="#[7f]">&gt;&gt;</a>&nbsp;&nbsp;&nbsp;__ARM_common_switch8
<LI><a href="#[94]">&gt;&gt;</a>&nbsp;&nbsp;&nbsp;CM_frame_factory_for_1ph_ghw0034
</UL>
<BR>[Called By]<UL><LI><a href="#[8b]">&gt;&gt;</a>&nbsp;&nbsp;&nbsp;CM_execute_instruction
</UL>

<P><STRONG><a name="[94]"></a>CM_frame_factory_for_1ph_ghw0034</STRONG> (Thumb, 58 bytes, Stack size 8 bytes, cm.o(i.CM_frame_factory_for_1ph_ghw0034))
<BR><BR>[Stack]<UL><LI>Max Depth = 16<LI>Call Chain = CM_frame_factory_for_1ph_ghw0034 &rArr; CM_comands_to_meter_inst_30_1ph_ghw0034
</UL>
<BR>[Calls]<UL><LI><a href="#[8e]">&gt;&gt;</a>&nbsp;&nbsp;&nbsp;CM_comands_to_meter_inst_30_1ph_ghw0034
<LI><a href="#[8d]">&gt;&gt;</a>&nbsp;&nbsp;&nbsp;CM_comands_to_meter_inst_20_1ph_ghw0034
<LI><a href="#[8c]">&gt;&gt;</a>&nbsp;&nbsp;&nbsp;CM_comands_to_meter_inst_10_1ph_ghw0034
</UL>
<BR>[Called By]<UL><LI><a href="#[91]">&gt;&gt;</a>&nbsp;&nbsp;&nbsp;CM_frame_factory
</UL>

<P><STRONG><a name="[95]"></a>CM_init_cmd_timeout_timer</STRONG> (Thumb, 108 bytes, Stack size 16 bytes, cm.o(i.CM_init_cmd_timeout_timer))
<BR><BR>[Stack]<UL><LI>Max Depth = 152<LI>Call Chain = CM_init_cmd_timeout_timer &rArr; TimerSetValue &rArr; TimerStop &rArr; TimerSetTimeout &rArr; HW_RTC_SetAlarm &rArr; HW_RTC_StartWakeUpAlarm &rArr; HAL_RTC_SetAlarm_IT
</UL>
<BR>[Calls]<UL><LI><a href="#[97]">&gt;&gt;</a>&nbsp;&nbsp;&nbsp;TimerSetValue
<LI><a href="#[96]">&gt;&gt;</a>&nbsp;&nbsp;&nbsp;TimerInit
<LI><a href="#[85]">&gt;&gt;</a>&nbsp;&nbsp;&nbsp;EEPROM_writer
<LI><a href="#[86]">&gt;&gt;</a>&nbsp;&nbsp;&nbsp;EEPROM_reader
</UL>
<BR>[Called By]<UL><LI><a href="#[16d]">&gt;&gt;</a>&nbsp;&nbsp;&nbsp;SYS_config_timers
</UL>

<P><STRONG><a name="[28]"></a>CM_null_communication</STRONG> (Thumb, 26 bytes, Stack size 8 bytes, cm.o(i.CM_null_communication))
<BR><BR>[Stack]<UL><LI>Max Depth = 8<LI>Call Chain = CM_null_communication
</UL>
<BR>[Calls]<UL><LI><a href="#[8a]">&gt;&gt;</a>&nbsp;&nbsp;&nbsp;SCH_SetTask
<LI><a href="#[84]">&gt;&gt;</a>&nbsp;&nbsp;&nbsp;__aeabi_memcpy
</UL>
<BR>[Address Reference Count : 1]<UL><LI> cm.o(i.CM_init_cmd_timeout_timer)
</UL>
<P><STRONG><a name="[27]"></a>CM_rx_data_analize</STRONG> (Thumb, 94 bytes, Stack size 16 bytes, cm.o(i.CM_rx_data_analize))
<BR><BR>[Stack]<UL><LI>Max Depth = 256<LI>Call Chain = CM_rx_data_analize &rArr; CM_build_ul_data &rArr; CM_build_ul_data_for_1ph_gwh0034 &rArr; CM_build_ul_frame_30_1ph_gwh0034 &rArr; CM_check_executed_comands &rArr; CM_execute_instruction &rArr; TimerReset &rArr; TimerStart &rArr; TimerInsertNewHeadTimer &rArr; TimerSetTimeout &rArr; HW_RTC_SetAlarm &rArr; HW_RTC_StartWakeUpAlarm &rArr; HAL_RTC_SetAlarm_IT
</UL>
<BR>[Calls]<UL><LI><a href="#[98]">&gt;&gt;</a>&nbsp;&nbsp;&nbsp;TimerStop
<LI><a href="#[90]">&gt;&gt;</a>&nbsp;&nbsp;&nbsp;TimerReset
<LI><a href="#[8f]">&gt;&gt;</a>&nbsp;&nbsp;&nbsp;CM_err_communication
<LI><a href="#[7e]">&gt;&gt;</a>&nbsp;&nbsp;&nbsp;CM_build_ul_data
<LI><a href="#[84]">&gt;&gt;</a>&nbsp;&nbsp;&nbsp;__aeabi_memcpy
</UL>
<BR>[Address Reference Count : 2]<UL><LI> cm.o(i.CM_execute_instruction)
<LI> main.o(i.main)
</UL>
<P><STRONG><a name="[a9]"></a>CRC_2s_complement</STRONG> (Thumb, 48 bytes, Stack size 8 bytes, util.o(i.CRC_2s_complement))
<BR><BR>[Stack]<UL><LI>Max Depth = 8<LI>Call Chain = CRC_2s_complement
</UL>
<BR>[Called By]<UL><LI><a href="#[109]">&gt;&gt;</a>&nbsp;&nbsp;&nbsp;MFG_rx_int_handler
<LI><a href="#[63]">&gt;&gt;</a>&nbsp;&nbsp;&nbsp;DL_task
<LI><a href="#[15a]">&gt;&gt;</a>&nbsp;&nbsp;&nbsp;MFG_send_iar
<LI><a href="#[157]">&gt;&gt;</a>&nbsp;&nbsp;&nbsp;MFG_execute_write
<LI><a href="#[156]">&gt;&gt;</a>&nbsp;&nbsp;&nbsp;MFG_execute_read
<LI><a href="#[155]">&gt;&gt;</a>&nbsp;&nbsp;&nbsp;MFG_execute_procedure
<LI><a href="#[62]">&gt;&gt;</a>&nbsp;&nbsp;&nbsp;UL_send_to_sfx
<LI><a href="#[36]">&gt;&gt;</a>&nbsp;&nbsp;&nbsp;MFG_rx_task
</UL>

<P><STRONG><a name="[99]"></a>CT_execute_instruction</STRONG> (Thumb, 52 bytes, Stack size 8 bytes, ct.o(i.CT_execute_instruction))
<BR><BR>[Stack]<UL><LI>Max Depth = 16<LI>Call Chain = CT_execute_instruction &rArr; __ARM_common_switch8
</UL>
<BR>[Calls]<UL><LI><a href="#[7f]">&gt;&gt;</a>&nbsp;&nbsp;&nbsp;__ARM_common_switch8
<LI><a href="#[9e]">&gt;&gt;</a>&nbsp;&nbsp;&nbsp;CT_instruction_06
<LI><a href="#[9d]">&gt;&gt;</a>&nbsp;&nbsp;&nbsp;CT_instruction_05
<LI><a href="#[9c]">&gt;&gt;</a>&nbsp;&nbsp;&nbsp;CT_instruction_04
<LI><a href="#[9b]">&gt;&gt;</a>&nbsp;&nbsp;&nbsp;CT_instruction_02
<LI><a href="#[9a]">&gt;&gt;</a>&nbsp;&nbsp;&nbsp;CT_instruction_01
</UL>
<BR>[Called By]<UL><LI><a href="#[15e]">&gt;&gt;</a>&nbsp;&nbsp;&nbsp;NIC_run_instruction
</UL>

<P><STRONG><a name="[9a]"></a>CT_instruction_01</STRONG> (Thumb, 20 bytes, Stack size 8 bytes, ct.o(i.CT_instruction_01))
<BR><BR>[Stack]<UL><LI>Max Depth = 8<LI>Call Chain = CT_instruction_01
</UL>
<BR>[Calls]<UL><LI><a href="#[8a]">&gt;&gt;</a>&nbsp;&nbsp;&nbsp;SCH_SetTask
</UL>
<BR>[Called By]<UL><LI><a href="#[99]">&gt;&gt;</a>&nbsp;&nbsp;&nbsp;CT_execute_instruction
</UL>

<P><STRONG><a name="[9b]"></a>CT_instruction_02</STRONG> (Thumb, 20 bytes, Stack size 8 bytes, ct.o(i.CT_instruction_02))
<BR><BR>[Stack]<UL><LI>Max Depth = 8<LI>Call Chain = CT_instruction_02
</UL>
<BR>[Calls]<UL><LI><a href="#[8a]">&gt;&gt;</a>&nbsp;&nbsp;&nbsp;SCH_SetTask
</UL>
<BR>[Called By]<UL><LI><a href="#[99]">&gt;&gt;</a>&nbsp;&nbsp;&nbsp;CT_execute_instruction
</UL>

<P><STRONG><a name="[9c]"></a>CT_instruction_04</STRONG> (Thumb, 20 bytes, Stack size 8 bytes, ct.o(i.CT_instruction_04))
<BR><BR>[Stack]<UL><LI>Max Depth = 8<LI>Call Chain = CT_instruction_04
</UL>
<BR>[Calls]<UL><LI><a href="#[8a]">&gt;&gt;</a>&nbsp;&nbsp;&nbsp;SCH_SetTask
</UL>
<BR>[Called By]<UL><LI><a href="#[99]">&gt;&gt;</a>&nbsp;&nbsp;&nbsp;CT_execute_instruction
</UL>

<P><STRONG><a name="[9d]"></a>CT_instruction_05</STRONG> (Thumb, 20 bytes, Stack size 8 bytes, ct.o(i.CT_instruction_05))
<BR><BR>[Stack]<UL><LI>Max Depth = 8<LI>Call Chain = CT_instruction_05
</UL>
<BR>[Calls]<UL><LI><a href="#[8a]">&gt;&gt;</a>&nbsp;&nbsp;&nbsp;SCH_SetTask
</UL>
<BR>[Called By]<UL><LI><a href="#[99]">&gt;&gt;</a>&nbsp;&nbsp;&nbsp;CT_execute_instruction
</UL>

<P><STRONG><a name="[9e]"></a>CT_instruction_06</STRONG> (Thumb, 20 bytes, Stack size 8 bytes, ct.o(i.CT_instruction_06))
<BR><BR>[Stack]<UL><LI>Max Depth = 8<LI>Call Chain = CT_instruction_06
</UL>
<BR>[Calls]<UL><LI><a href="#[8a]">&gt;&gt;</a>&nbsp;&nbsp;&nbsp;SCH_SetTask
</UL>
<BR>[Called By]<UL><LI><a href="#[99]">&gt;&gt;</a>&nbsp;&nbsp;&nbsp;CT_execute_instruction
</UL>

<P><STRONG><a name="[1f7]"></a>CT_reset_scaling_board</STRONG> (Thumb, 18 bytes, Stack size 0 bytes, ct.o(i.CT_reset_scaling_board))
<BR><BR>[Called By]<UL><LI><a href="#[1f6]">&gt;&gt;</a>&nbsp;&nbsp;&nbsp;UL_pending_execution
</UL>

<P><STRONG><a name="[9f]"></a>DBG_Init</STRONG> (Thumb, 120 bytes, Stack size 40 bytes, debug.o(i.DBG_Init))
<BR><BR>[Stack]<UL><LI>Max Depth = 64<LI>Call Chain = DBG_Init &rArr; HAL_GPIO_Init
</UL>
<BR>[Calls]<UL><LI><a href="#[a1]">&gt;&gt;</a>&nbsp;&nbsp;&nbsp;HAL_GPIO_Init
<LI><a href="#[a2]">&gt;&gt;</a>&nbsp;&nbsp;&nbsp;HAL_GPIO_WritePin
<LI><a href="#[a4]">&gt;&gt;</a>&nbsp;&nbsp;&nbsp;HAL_DBGMCU_EnableDBGStopMode
<LI><a href="#[a5]">&gt;&gt;</a>&nbsp;&nbsp;&nbsp;HAL_DBGMCU_EnableDBGStandbyMode
<LI><a href="#[a3]">&gt;&gt;</a>&nbsp;&nbsp;&nbsp;HAL_DBGMCU_EnableDBGSleepMode
<LI><a href="#[a0]">&gt;&gt;</a>&nbsp;&nbsp;&nbsp;__aeabi_memclr4
</UL>
<BR>[Called By]<UL><LI><a href="#[1da]">&gt;&gt;</a>&nbsp;&nbsp;&nbsp;SYSTEM_initialize
</UL>

<P><STRONG><a name="[a6]"></a>DL_err_mensaje</STRONG> (Thumb, 30 bytes, Stack size 8 bytes, dl.o(i.DL_err_mensaje))
<BR><BR>[Stack]<UL><LI>Max Depth = 8<LI>Call Chain = DL_err_mensaje
</UL>
<BR>[Calls]<UL><LI><a href="#[8a]">&gt;&gt;</a>&nbsp;&nbsp;&nbsp;SCH_SetTask
<LI><a href="#[84]">&gt;&gt;</a>&nbsp;&nbsp;&nbsp;__aeabi_memcpy
</UL>
<BR>[Called By]<UL><LI><a href="#[63]">&gt;&gt;</a>&nbsp;&nbsp;&nbsp;DL_task
<LI><a href="#[62]">&gt;&gt;</a>&nbsp;&nbsp;&nbsp;UL_send_to_sfx
<LI><a href="#[61]">&gt;&gt;</a>&nbsp;&nbsp;&nbsp;NIC_apl_mgr
</UL>

<P><STRONG><a name="[a7]"></a>DL_err_num_meter</STRONG> (Thumb, 42 bytes, Stack size 8 bytes, dl.o(i.DL_err_num_meter))
<BR><BR>[Stack]<UL><LI>Max Depth = 8<LI>Call Chain = DL_err_num_meter
</UL>
<BR>[Calls]<UL><LI><a href="#[8a]">&gt;&gt;</a>&nbsp;&nbsp;&nbsp;SCH_SetTask
<LI><a href="#[84]">&gt;&gt;</a>&nbsp;&nbsp;&nbsp;__aeabi_memcpy
</UL>
<BR>[Called By]<UL><LI><a href="#[63]">&gt;&gt;</a>&nbsp;&nbsp;&nbsp;DL_task
</UL>

<P><STRONG><a name="[63]"></a>DL_task</STRONG> (Thumb, 132 bytes, Stack size 32 bytes, dl.o(i.DL_task))
<BR><BR>[Stack]<UL><LI>Max Depth = 52<LI>Call Chain = DL_task &rArr; UTIL_compare_array
</UL>
<BR>[Calls]<UL><LI><a href="#[a8]">&gt;&gt;</a>&nbsp;&nbsp;&nbsp;UTIL_compare_array
<LI><a href="#[a9]">&gt;&gt;</a>&nbsp;&nbsp;&nbsp;CRC_2s_complement
<LI><a href="#[a7]">&gt;&gt;</a>&nbsp;&nbsp;&nbsp;DL_err_num_meter
<LI><a href="#[a6]">&gt;&gt;</a>&nbsp;&nbsp;&nbsp;DL_err_mensaje
<LI><a href="#[8a]">&gt;&gt;</a>&nbsp;&nbsp;&nbsp;SCH_SetTask
<LI><a href="#[84]">&gt;&gt;</a>&nbsp;&nbsp;&nbsp;__aeabi_memcpy
</UL>
<BR>[Address Reference Count : 1]<UL><LI> main.o(i.main)
</UL>
<P><STRONG><a name="[10]"></a>DMA1_Channel2_3_IRQHandler</STRONG> (Thumb, 12 bytes, Stack size 8 bytes, mlm32l0xx_it.o(i.DMA1_Channel2_3_IRQHandler))
<BR><BR>[Stack]<UL><LI>Max Depth = 72<LI>Call Chain = DMA1_Channel2_3_IRQHandler &rArr; STLL_TX_IRQHandler_CB &rArr; STLL_Transmit_DMA_Stop &rArr; HW_SPI_Transmit_DMA_Stop &rArr; HAL_SPI_DMAStop &rArr; HAL_DMA_Abort
</UL>
<BR>[Calls]<UL><LI><a href="#[aa]">&gt;&gt;</a>&nbsp;&nbsp;&nbsp;HW_SPI_ClearIRQ
<LI><a href="#[ab]">&gt;&gt;</a>&nbsp;&nbsp;&nbsp;STLL_TX_IRQHandler_CB
</UL>
<BR>[Address Reference Count : 1]<UL><LI> startup_stm32l072xx.o(RESET)
</UL>
<P><STRONG><a name="[11]"></a>DMA1_Channel4_5_6_7_IRQHandler</STRONG> (Thumb, 8 bytes, Stack size 8 bytes, mlm32l0xx_it.o(i.DMA1_Channel4_5_6_7_IRQHandler))
<BR><BR>[Stack]<UL><LI>Max Depth = 144<LI>Call Chain = DMA1_Channel4_5_6_7_IRQHandler &rArr; vcom_Dma_IRQHandler &rArr; vcom_PrintDMA &rArr; vcom_StartDMA &rArr; LL_DMA_Init &rArr; LL_DMA_SetPeriphRequest
</UL>
<BR>[Calls]<UL><LI><a href="#[ac]">&gt;&gt;</a>&nbsp;&nbsp;&nbsp;vcom_Dma_IRQHandler
</UL>
<BR>[Address Reference Count : 1]<UL><LI> startup_stm32l072xx.o(RESET)
</UL>
<P><STRONG><a name="[b0]"></a>EEPROM_check_parameters</STRONG> (Thumb, 210 bytes, Stack size 48 bytes, eeprom.o(i.EEPROM_check_parameters))
<BR><BR>[Stack]<UL><LI>Max Depth = 912<LI>Call Chain = EEPROM_check_parameters &rArr; SIGFOX_API_get_device_id &rArr; SIGFOX_INT_get_device_id &rArr; SE_API_get_device_id &rArr; CREDENTIALS_get_dev_id &rArr; CREDENTIALS_get_cra &rArr; CREDENTIALS_get_signature &rArr; aes_cbc_encrypt &rArr; mix_sub_columns
</UL>
<BR>[Calls]<UL><LI><a href="#[85]">&gt;&gt;</a>&nbsp;&nbsp;&nbsp;EEPROM_writer
<LI><a href="#[86]">&gt;&gt;</a>&nbsp;&nbsp;&nbsp;EEPROM_reader
<LI><a href="#[b3]">&gt;&gt;</a>&nbsp;&nbsp;&nbsp;SIGFOX_API_get_initial_pac
<LI><a href="#[b2]">&gt;&gt;</a>&nbsp;&nbsp;&nbsp;SIGFOX_API_get_device_id
<LI><a href="#[b1]">&gt;&gt;</a>&nbsp;&nbsp;&nbsp;memcmp
</UL>
<BR>[Called By]<UL><LI><a href="#[b4]">&gt;&gt;</a>&nbsp;&nbsp;&nbsp;EEPROM_initialize
</UL>

<P><STRONG><a name="[b4]"></a>EEPROM_initialize</STRONG> (Thumb, 8 bytes, Stack size 8 bytes, eeprom.o(i.EEPROM_initialize))
<BR><BR>[Stack]<UL><LI>Max Depth = 920<LI>Call Chain = EEPROM_initialize &rArr; EEPROM_check_parameters &rArr; SIGFOX_API_get_device_id &rArr; SIGFOX_INT_get_device_id &rArr; SE_API_get_device_id &rArr; CREDENTIALS_get_dev_id &rArr; CREDENTIALS_get_cra &rArr; CREDENTIALS_get_signature &rArr; aes_cbc_encrypt &rArr; mix_sub_columns
</UL>
<BR>[Calls]<UL><LI><a href="#[b0]">&gt;&gt;</a>&nbsp;&nbsp;&nbsp;EEPROM_check_parameters
</UL>
<BR>[Called By]<UL><LI><a href="#[1da]">&gt;&gt;</a>&nbsp;&nbsp;&nbsp;SYSTEM_initialize
</UL>

<P><STRONG><a name="[86]"></a>EEPROM_reader</STRONG> (Thumb, 26 bytes, Stack size 8 bytes, eeprom.o(i.EEPROM_reader))
<BR><BR>[Stack]<UL><LI>Max Depth = 8<LI>Call Chain = EEPROM_reader
</UL>
<BR>[Called By]<UL><LI><a href="#[95]">&gt;&gt;</a>&nbsp;&nbsp;&nbsp;CM_init_cmd_timeout_timer
<LI><a href="#[82]">&gt;&gt;</a>&nbsp;&nbsp;&nbsp;CM_build_ul_frame_10_1ph_gwh0034
<LI><a href="#[48]">&gt;&gt;</a>&nbsp;&nbsp;&nbsp;MFG_sgfx_index_write
<LI><a href="#[46]">&gt;&gt;</a>&nbsp;&nbsp;&nbsp;MFG_sgfx_index_read
<LI><a href="#[38]">&gt;&gt;</a>&nbsp;&nbsp;&nbsp;MFG_mfg_sn_read
<LI><a href="#[3e]">&gt;&gt;</a>&nbsp;&nbsp;&nbsp;MFG_mfg_serial_nbr_read
<LI><a href="#[42]">&gt;&gt;</a>&nbsp;&nbsp;&nbsp;MFG_mfg_module_sn_read
<LI><a href="#[3a]">&gt;&gt;</a>&nbsp;&nbsp;&nbsp;MFG_hw_ver_read
<LI><a href="#[3b]">&gt;&gt;</a>&nbsp;&nbsp;&nbsp;MFG_hw_rev_read
<LI><a href="#[40]">&gt;&gt;</a>&nbsp;&nbsp;&nbsp;MFG_hw_pn_read
<LI><a href="#[3c]">&gt;&gt;</a>&nbsp;&nbsp;&nbsp;MFG_fw_ver_nbr_read
<LI><a href="#[3d]">&gt;&gt;</a>&nbsp;&nbsp;&nbsp;MFG_fw_rev_nbr_read
<LI><a href="#[3f]">&gt;&gt;</a>&nbsp;&nbsp;&nbsp;MFG_fw_pn_read
<LI><a href="#[39]">&gt;&gt;</a>&nbsp;&nbsp;&nbsp;MFG_ed_read
<LI><a href="#[45]">&gt;&gt;</a>&nbsp;&nbsp;&nbsp;MFG_dev_pac_read
<LI><a href="#[44]">&gt;&gt;</a>&nbsp;&nbsp;&nbsp;MFG_dev_id_read
<LI><a href="#[43]">&gt;&gt;</a>&nbsp;&nbsp;&nbsp;MFG_bootloader_pn_read
<LI><a href="#[41]">&gt;&gt;</a>&nbsp;&nbsp;&nbsp;MFG_board_assy_sn_read
<LI><a href="#[1e1]">&gt;&gt;</a>&nbsp;&nbsp;&nbsp;SYS_pfail_counter
<LI><a href="#[b0]">&gt;&gt;</a>&nbsp;&nbsp;&nbsp;EEPROM_check_parameters
<LI><a href="#[51]">&gt;&gt;</a>&nbsp;&nbsp;&nbsp;NIC_refresh_params
<LI><a href="#[16c]">&gt;&gt;</a>&nbsp;&nbsp;&nbsp;NIC_initialize
<LI><a href="#[172]">&gt;&gt;</a>&nbsp;&nbsp;&nbsp;REP_init_recurring_rep
</UL>

<P><STRONG><a name="[85]"></a>EEPROM_writer</STRONG> (Thumb, 54 bytes, Stack size 24 bytes, eeprom.o(i.EEPROM_writer))
<BR><BR>[Stack]<UL><LI>Max Depth = 108<LI>Call Chain = EEPROM_writer &rArr; HAL_Delay &rArr; HW_RTC_DelayMs &rArr; HW_RTC_GetTimerValue &rArr; HW_RTC_GetCalendarValue &rArr; HAL_RTC_GetTime
</UL>
<BR>[Calls]<UL><LI><a href="#[b5]">&gt;&gt;</a>&nbsp;&nbsp;&nbsp;HAL_FLASHEx_DATAEEPROM_Unlock
<LI><a href="#[b6]">&gt;&gt;</a>&nbsp;&nbsp;&nbsp;HAL_FLASHEx_DATAEEPROM_Program
<LI><a href="#[b7]">&gt;&gt;</a>&nbsp;&nbsp;&nbsp;HAL_FLASHEx_DATAEEPROM_Lock
<LI><a href="#[af]">&gt;&gt;</a>&nbsp;&nbsp;&nbsp;HAL_Delay
</UL>
<BR>[Called By]<UL><LI><a href="#[95]">&gt;&gt;</a>&nbsp;&nbsp;&nbsp;CM_init_cmd_timeout_timer
<LI><a href="#[82]">&gt;&gt;</a>&nbsp;&nbsp;&nbsp;CM_build_ul_frame_10_1ph_gwh0034
<LI><a href="#[48]">&gt;&gt;</a>&nbsp;&nbsp;&nbsp;MFG_sgfx_index_write
<LI><a href="#[49]">&gt;&gt;</a>&nbsp;&nbsp;&nbsp;MFG_mfg_sn_write
<LI><a href="#[4c]">&gt;&gt;</a>&nbsp;&nbsp;&nbsp;MFG_mfg_serial_nbr_write
<LI><a href="#[4f]">&gt;&gt;</a>&nbsp;&nbsp;&nbsp;MFG_mfg_module_sn_write
<LI><a href="#[4b]">&gt;&gt;</a>&nbsp;&nbsp;&nbsp;MFG_hw_ver_write
<LI><a href="#[47]">&gt;&gt;</a>&nbsp;&nbsp;&nbsp;MFG_hw_rev_write
<LI><a href="#[4d]">&gt;&gt;</a>&nbsp;&nbsp;&nbsp;MFG_hw_pn_write
<LI><a href="#[4a]">&gt;&gt;</a>&nbsp;&nbsp;&nbsp;MFG_ed_write
<LI><a href="#[4e]">&gt;&gt;</a>&nbsp;&nbsp;&nbsp;MFG_board_assy_sn_write
<LI><a href="#[1e1]">&gt;&gt;</a>&nbsp;&nbsp;&nbsp;SYS_pfail_counter
<LI><a href="#[b0]">&gt;&gt;</a>&nbsp;&nbsp;&nbsp;EEPROM_check_parameters
<LI><a href="#[16e]">&gt;&gt;</a>&nbsp;&nbsp;&nbsp;NIC_verify_index
</UL>

<P><STRONG><a name="[b]"></a>EXTI0_1_IRQHandler</STRONG> (Thumb, 16 bytes, Stack size 8 bytes, mlm32l0xx_it.o(i.EXTI0_1_IRQHandler))
<BR><BR>[Stack]<UL><LI>Max Depth = 32<LI>Call Chain = EXTI0_1_IRQHandler &rArr; HAL_GPIO_EXTI_IRQHandler &rArr; HAL_GPIO_EXTI_Callback &rArr; HW_GPIO_IrqHandler
</UL>
<BR>[Calls]<UL><LI><a href="#[b8]">&gt;&gt;</a>&nbsp;&nbsp;&nbsp;HAL_GPIO_EXTI_IRQHandler
</UL>
<BR>[Address Reference Count : 1]<UL><LI> startup_stm32l072xx.o(RESET)
</UL>
<P><STRONG><a name="[c]"></a>EXTI2_3_IRQHandler</STRONG> (Thumb, 16 bytes, Stack size 8 bytes, mlm32l0xx_it.o(i.EXTI2_3_IRQHandler))
<BR><BR>[Stack]<UL><LI>Max Depth = 32<LI>Call Chain = EXTI2_3_IRQHandler &rArr; HAL_GPIO_EXTI_IRQHandler &rArr; HAL_GPIO_EXTI_Callback &rArr; HW_GPIO_IrqHandler
</UL>
<BR>[Calls]<UL><LI><a href="#[b8]">&gt;&gt;</a>&nbsp;&nbsp;&nbsp;HAL_GPIO_EXTI_IRQHandler
</UL>
<BR>[Address Reference Count : 1]<UL><LI> startup_stm32l072xx.o(RESET)
</UL>
<P><STRONG><a name="[d]"></a>EXTI4_15_IRQHandler</STRONG> (Thumb, 92 bytes, Stack size 8 bytes, mlm32l0xx_it.o(i.EXTI4_15_IRQHandler))
<BR><BR>[Stack]<UL><LI>Max Depth = 32<LI>Call Chain = EXTI4_15_IRQHandler &rArr; HAL_GPIO_EXTI_IRQHandler &rArr; HAL_GPIO_EXTI_Callback &rArr; HW_GPIO_IrqHandler
</UL>
<BR>[Calls]<UL><LI><a href="#[b8]">&gt;&gt;</a>&nbsp;&nbsp;&nbsp;HAL_GPIO_EXTI_IRQHandler
</UL>
<BR>[Address Reference Count : 1]<UL><LI> startup_stm32l072xx.o(RESET)
</UL>
<P><STRONG><a name="[b9]"></a>Error_Handler</STRONG> (Thumb, 2 bytes, Stack size 0 bytes, debug.o(i.Error_Handler))
<BR><BR>[Calls]<UL><LI><a href="#[b9]">&gt;&gt;</a>&nbsp;&nbsp;&nbsp;Error_Handler
</UL>
<BR>[Called By]<UL><LI><a href="#[b9]">&gt;&gt;</a>&nbsp;&nbsp;&nbsp;Error_Handler
<LI><a href="#[126]">&gt;&gt;</a>&nbsp;&nbsp;&nbsp;HW_SPI_Init
<LI><a href="#[1db]">&gt;&gt;</a>&nbsp;&nbsp;&nbsp;SystemClock_Config
<LI><a href="#[de]">&gt;&gt;</a>&nbsp;&nbsp;&nbsp;HAL_RTC_MspInit
</UL>

<P><STRONG><a name="[ba]"></a>FLASH_WaitForLastOperation</STRONG> (Thumb, 106 bytes, Stack size 16 bytes, stm32l0xx_hal_flash.o(i.FLASH_WaitForLastOperation))
<BR><BR>[Stack]<UL><LI>Max Depth = 24<LI>Call Chain = FLASH_WaitForLastOperation &rArr; FLASH_SetErrorCode
</UL>
<BR>[Calls]<UL><LI><a href="#[7d]">&gt;&gt;</a>&nbsp;&nbsp;&nbsp;HAL_GetTick
<LI><a href="#[bb]">&gt;&gt;</a>&nbsp;&nbsp;&nbsp;FLASH_SetErrorCode
</UL>
<BR>[Called By]<UL><LI><a href="#[b6]">&gt;&gt;</a>&nbsp;&nbsp;&nbsp;HAL_FLASHEx_DATAEEPROM_Program
</UL>

<P><STRONG><a name="[bc]"></a>HAL_ADCEx_Calibration_Start</STRONG> (Thumb, 170 bytes, Stack size 24 bytes, stm32l0xx_hal_adc_ex.o(i.HAL_ADCEx_Calibration_Start))
<BR><BR>[Stack]<UL><LI>Max Depth = 24<LI>Call Chain = HAL_ADCEx_Calibration_Start
</UL>
<BR>[Calls]<UL><LI><a href="#[7d]">&gt;&gt;</a>&nbsp;&nbsp;&nbsp;HAL_GetTick
</UL>
<BR>[Called By]<UL><LI><a href="#[117]">&gt;&gt;</a>&nbsp;&nbsp;&nbsp;HW_AdcReadChannel
</UL>

<P><STRONG><a name="[bd]"></a>HAL_ADC_ConfigChannel</STRONG> (Thumb, 140 bytes, Stack size 24 bytes, stm32l0xx_hal_adc.o(i.HAL_ADC_ConfigChannel))
<BR><BR>[Stack]<UL><LI>Max Depth = 52<LI>Call Chain = HAL_ADC_ConfigChannel &rArr; ADC_DelayMicroSecond &rArr; __aeabi_uidivmod
</UL>
<BR>[Calls]<UL><LI><a href="#[7b]">&gt;&gt;</a>&nbsp;&nbsp;&nbsp;ADC_DelayMicroSecond
</UL>
<BR>[Called By]<UL><LI><a href="#[117]">&gt;&gt;</a>&nbsp;&nbsp;&nbsp;HW_AdcReadChannel
</UL>

<P><STRONG><a name="[118]"></a>HAL_ADC_GetValue</STRONG> (Thumb, 6 bytes, Stack size 0 bytes, stm32l0xx_hal_adc.o(i.HAL_ADC_GetValue))
<BR><BR>[Called By]<UL><LI><a href="#[117]">&gt;&gt;</a>&nbsp;&nbsp;&nbsp;HW_AdcReadChannel
</UL>

<P><STRONG><a name="[be]"></a>HAL_ADC_PollForConversion</STRONG> (Thumb, 190 bytes, Stack size 24 bytes, stm32l0xx_hal_adc.o(i.HAL_ADC_PollForConversion))
<BR><BR>[Stack]<UL><LI>Max Depth = 24<LI>Call Chain = HAL_ADC_PollForConversion
</UL>
<BR>[Calls]<UL><LI><a href="#[7d]">&gt;&gt;</a>&nbsp;&nbsp;&nbsp;HAL_GetTick
</UL>
<BR>[Called By]<UL><LI><a href="#[117]">&gt;&gt;</a>&nbsp;&nbsp;&nbsp;HW_AdcReadChannel
</UL>

<P><STRONG><a name="[bf]"></a>HAL_ADC_Start</STRONG> (Thumb, 86 bytes, Stack size 16 bytes, stm32l0xx_hal_adc.o(i.HAL_ADC_Start))
<BR><BR>[Stack]<UL><LI>Max Depth = 68<LI>Call Chain = HAL_ADC_Start &rArr; ADC_Enable &rArr; ADC_DelayMicroSecond &rArr; __aeabi_uidivmod
</UL>
<BR>[Calls]<UL><LI><a href="#[7c]">&gt;&gt;</a>&nbsp;&nbsp;&nbsp;ADC_Enable
</UL>
<BR>[Called By]<UL><LI><a href="#[117]">&gt;&gt;</a>&nbsp;&nbsp;&nbsp;HW_AdcReadChannel
</UL>

<P><STRONG><a name="[a3]"></a>HAL_DBGMCU_EnableDBGSleepMode</STRONG> (Thumb, 12 bytes, Stack size 0 bytes, stm32l0xx_hal.o(i.HAL_DBGMCU_EnableDBGSleepMode))
<BR><BR>[Called By]<UL><LI><a href="#[9f]">&gt;&gt;</a>&nbsp;&nbsp;&nbsp;DBG_Init
</UL>

<P><STRONG><a name="[a5]"></a>HAL_DBGMCU_EnableDBGStandbyMode</STRONG> (Thumb, 12 bytes, Stack size 0 bytes, stm32l0xx_hal.o(i.HAL_DBGMCU_EnableDBGStandbyMode))
<BR><BR>[Called By]<UL><LI><a href="#[9f]">&gt;&gt;</a>&nbsp;&nbsp;&nbsp;DBG_Init
</UL>

<P><STRONG><a name="[a4]"></a>HAL_DBGMCU_EnableDBGStopMode</STRONG> (Thumb, 12 bytes, Stack size 0 bytes, stm32l0xx_hal.o(i.HAL_DBGMCU_EnableDBGStopMode))
<BR><BR>[Called By]<UL><LI><a href="#[9f]">&gt;&gt;</a>&nbsp;&nbsp;&nbsp;DBG_Init
</UL>

<P><STRONG><a name="[c0]"></a>HAL_DMA_Abort</STRONG> (Thumb, 76 bytes, Stack size 24 bytes, stm32l0xx_hal_dma.o(i.HAL_DMA_Abort))
<BR><BR>[Stack]<UL><LI>Max Depth = 24<LI>Call Chain = HAL_DMA_Abort
</UL>
<BR>[Calls]<UL><LI><a href="#[7d]">&gt;&gt;</a>&nbsp;&nbsp;&nbsp;HAL_GetTick
</UL>
<BR>[Called By]<UL><LI><a href="#[e6]">&gt;&gt;</a>&nbsp;&nbsp;&nbsp;HAL_SPI_DMAStop
</UL>

<P><STRONG><a name="[10c]"></a>HAL_DMA_Abort_IT</STRONG> (Thumb, 148 bytes, Stack size 16 bytes, stm32l0xx_hal_dma.o(i.HAL_DMA_Abort_IT))
<BR><BR>[Stack]<UL><LI>Max Depth = 16<LI>Call Chain = HAL_DMA_Abort_IT
</UL>
<BR>[Called By]<UL><LI><a href="#[107]">&gt;&gt;</a>&nbsp;&nbsp;&nbsp;HAL_UART_IRQHandler
</UL>

<P><STRONG><a name="[ea]"></a>HAL_DMA_Init</STRONG> (Thumb, 254 bytes, Stack size 16 bytes, stm32l0xx_hal_dma.o(i.HAL_DMA_Init))
<BR><BR>[Stack]<UL><LI>Max Depth = 16<LI>Call Chain = HAL_DMA_Init
</UL>
<BR>[Called By]<UL><LI><a href="#[e8]">&gt;&gt;</a>&nbsp;&nbsp;&nbsp;HAL_SPI_MspInit
</UL>

<P><STRONG><a name="[c1]"></a>HAL_DMA_Start_IT</STRONG> (Thumb, 78 bytes, Stack size 24 bytes, stm32l0xx_hal_dma.o(i.HAL_DMA_Start_IT))
<BR><BR>[Stack]<UL><LI>Max Depth = 32<LI>Call Chain = HAL_DMA_Start_IT &rArr; DMA_SetConfig
</UL>
<BR>[Calls]<UL><LI><a href="#[c2]">&gt;&gt;</a>&nbsp;&nbsp;&nbsp;DMA_SetConfig
</UL>
<BR>[Called By]<UL><LI><a href="#[ed]">&gt;&gt;</a>&nbsp;&nbsp;&nbsp;HAL_SPI_Transmit_DMA
</UL>

<P><STRONG><a name="[af]"></a>HAL_Delay</STRONG> (Thumb, 10 bytes, Stack size 8 bytes, mlm32l0xx_hal_msp.o(i.HAL_Delay))
<BR><BR>[Stack]<UL><LI>Max Depth = 84<LI>Call Chain = HAL_Delay &rArr; HW_RTC_DelayMs &rArr; HW_RTC_GetTimerValue &rArr; HW_RTC_GetCalendarValue &rArr; HAL_RTC_GetTime
</UL>
<BR>[Calls]<UL><LI><a href="#[c3]">&gt;&gt;</a>&nbsp;&nbsp;&nbsp;HW_RTC_DelayMs
</UL>
<BR>[Called By]<UL><LI><a href="#[14d]">&gt;&gt;</a>&nbsp;&nbsp;&nbsp;vcom_Send
<LI><a href="#[1d1]">&gt;&gt;</a>&nbsp;&nbsp;&nbsp;SX1276Reset
<LI><a href="#[6a]">&gt;&gt;</a>&nbsp;&nbsp;&nbsp;SX1276SetXO
<LI><a href="#[85]">&gt;&gt;</a>&nbsp;&nbsp;&nbsp;EEPROM_writer
<LI><a href="#[14c]">&gt;&gt;</a>&nbsp;&nbsp;&nbsp;MCU_API_report_test_result
<LI><a href="#[ad]">&gt;&gt;</a>&nbsp;&nbsp;&nbsp;Delay_Lp
<LI><a href="#[147]">&gt;&gt;</a>&nbsp;&nbsp;&nbsp;LED_test_rgb
<LI><a href="#[180]">&gt;&gt;</a>&nbsp;&nbsp;&nbsp;RF_API_wait_for_clear_channel
</UL>

<P><STRONG><a name="[11a]"></a>HAL_FLASHEx_DATAEEPROM_EnableFixedTimeProgram</STRONG> (Thumb, 12 bytes, Stack size 0 bytes, stm32l0xx_hal_flash_ex.o(i.HAL_FLASHEx_DATAEEPROM_EnableFixedTimeProgram))
<BR><BR>[Called By]<UL><LI><a href="#[11d]">&gt;&gt;</a>&nbsp;&nbsp;&nbsp;HW_EEPROM_Unlock
<LI><a href="#[119]">&gt;&gt;</a>&nbsp;&nbsp;&nbsp;HW_EEPROM_Init
</UL>

<P><STRONG><a name="[b7]"></a>HAL_FLASHEx_DATAEEPROM_Lock</STRONG> (Thumb, 14 bytes, Stack size 0 bytes, stm32l0xx_hal_flash_ex.o(i.HAL_FLASHEx_DATAEEPROM_Lock))
<BR><BR>[Called By]<UL><LI><a href="#[85]">&gt;&gt;</a>&nbsp;&nbsp;&nbsp;EEPROM_writer
<LI><a href="#[11c]">&gt;&gt;</a>&nbsp;&nbsp;&nbsp;HW_EEPROM_Lock
<LI><a href="#[119]">&gt;&gt;</a>&nbsp;&nbsp;&nbsp;HW_EEPROM_Init
</UL>

<P><STRONG><a name="[b6]"></a>HAL_FLASHEx_DATAEEPROM_Program</STRONG> (Thumb, 76 bytes, Stack size 24 bytes, stm32l0xx_hal_flash_ex.o(i.HAL_FLASHEx_DATAEEPROM_Program))
<BR><BR>[Stack]<UL><LI>Max Depth = 48<LI>Call Chain = HAL_FLASHEx_DATAEEPROM_Program &rArr; FLASH_WaitForLastOperation &rArr; FLASH_SetErrorCode
</UL>
<BR>[Calls]<UL><LI><a href="#[ba]">&gt;&gt;</a>&nbsp;&nbsp;&nbsp;FLASH_WaitForLastOperation
</UL>
<BR>[Called By]<UL><LI><a href="#[85]">&gt;&gt;</a>&nbsp;&nbsp;&nbsp;EEPROM_writer
</UL>

<P><STRONG><a name="[b5]"></a>HAL_FLASHEx_DATAEEPROM_Unlock</STRONG> (Thumb, 24 bytes, Stack size 0 bytes, stm32l0xx_hal_flash_ex.o(i.HAL_FLASHEx_DATAEEPROM_Unlock))
<BR><BR>[Called By]<UL><LI><a href="#[85]">&gt;&gt;</a>&nbsp;&nbsp;&nbsp;EEPROM_writer
<LI><a href="#[11d]">&gt;&gt;</a>&nbsp;&nbsp;&nbsp;HW_EEPROM_Unlock
<LI><a href="#[119]">&gt;&gt;</a>&nbsp;&nbsp;&nbsp;HW_EEPROM_Init
</UL>

<P><STRONG><a name="[c4]"></a>HAL_GPIO_EXTI_Callback</STRONG> (Thumb, 8 bytes, Stack size 8 bytes, mlm32l0xx_hal_msp.o(i.HAL_GPIO_EXTI_Callback))
<BR><BR>[Stack]<UL><LI>Max Depth = 16<LI>Call Chain = HAL_GPIO_EXTI_Callback &rArr; HW_GPIO_IrqHandler
</UL>
<BR>[Calls]<UL><LI><a href="#[c5]">&gt;&gt;</a>&nbsp;&nbsp;&nbsp;HW_GPIO_IrqHandler
</UL>
<BR>[Called By]<UL><LI><a href="#[b8]">&gt;&gt;</a>&nbsp;&nbsp;&nbsp;HAL_GPIO_EXTI_IRQHandler
</UL>

<P><STRONG><a name="[b8]"></a>HAL_GPIO_EXTI_IRQHandler</STRONG> (Thumb, 18 bytes, Stack size 8 bytes, stm32l0xx_hal_gpio.o(i.HAL_GPIO_EXTI_IRQHandler))
<BR><BR>[Stack]<UL><LI>Max Depth = 24<LI>Call Chain = HAL_GPIO_EXTI_IRQHandler &rArr; HAL_GPIO_EXTI_Callback &rArr; HW_GPIO_IrqHandler
</UL>
<BR>[Calls]<UL><LI><a href="#[c4]">&gt;&gt;</a>&nbsp;&nbsp;&nbsp;HAL_GPIO_EXTI_Callback
</UL>
<BR>[Called By]<UL><LI><a href="#[d]">&gt;&gt;</a>&nbsp;&nbsp;&nbsp;EXTI4_15_IRQHandler
<LI><a href="#[c]">&gt;&gt;</a>&nbsp;&nbsp;&nbsp;EXTI2_3_IRQHandler
<LI><a href="#[b]">&gt;&gt;</a>&nbsp;&nbsp;&nbsp;EXTI0_1_IRQHandler
</UL>

<P><STRONG><a name="[a1]"></a>HAL_GPIO_Init</STRONG> (Thumb, 356 bytes, Stack size 24 bytes, stm32l0xx_hal_gpio.o(i.HAL_GPIO_Init))
<BR><BR>[Stack]<UL><LI>Max Depth = 24<LI>Call Chain = HAL_GPIO_Init
</UL>
<BR>[Called By]<UL><LI><a href="#[11e]">&gt;&gt;</a>&nbsp;&nbsp;&nbsp;HW_GPIO_Init
<LI><a href="#[113]">&gt;&gt;</a>&nbsp;&nbsp;&nbsp;HAL_UART_MspInit
<LI><a href="#[9f]">&gt;&gt;</a>&nbsp;&nbsp;&nbsp;DBG_Init
<LI><a href="#[146]">&gt;&gt;</a>&nbsp;&nbsp;&nbsp;LED_io_initialize
<LI><a href="#[cb]">&gt;&gt;</a>&nbsp;&nbsp;&nbsp;HW_GpioInit
</UL>

<P><STRONG><a name="[a2]"></a>HAL_GPIO_WritePin</STRONG> (Thumb, 12 bytes, Stack size 0 bytes, stm32l0xx_hal_gpio.o(i.HAL_GPIO_WritePin))
<BR><BR>[Called By]<UL><LI><a href="#[122]">&gt;&gt;</a>&nbsp;&nbsp;&nbsp;HW_GPIO_Write
<LI><a href="#[9f]">&gt;&gt;</a>&nbsp;&nbsp;&nbsp;DBG_Init
<LI><a href="#[144]">&gt;&gt;</a>&nbsp;&nbsp;&nbsp;LED_turn_on
<LI><a href="#[143]">&gt;&gt;</a>&nbsp;&nbsp;&nbsp;LED_turn_off
</UL>

<P><STRONG><a name="[7d]"></a>HAL_GetTick</STRONG> (Thumb, 6 bytes, Stack size 0 bytes, stm32l0xx_hal.o(i.HAL_GetTick))
<BR><BR>[Called By]<UL><LI><a href="#[c0]">&gt;&gt;</a>&nbsp;&nbsp;&nbsp;HAL_DMA_Abort
<LI><a href="#[ec]">&gt;&gt;</a>&nbsp;&nbsp;&nbsp;SPI_WaitOnFlagUntilTimeout
<LI><a href="#[d2]">&gt;&gt;</a>&nbsp;&nbsp;&nbsp;HAL_RCCEx_PeriphCLKConfig
<LI><a href="#[d5]">&gt;&gt;</a>&nbsp;&nbsp;&nbsp;HAL_RCC_OscConfig
<LI><a href="#[d3]">&gt;&gt;</a>&nbsp;&nbsp;&nbsp;HAL_RCC_ClockConfig
<LI><a href="#[be]">&gt;&gt;</a>&nbsp;&nbsp;&nbsp;HAL_ADC_PollForConversion
<LI><a href="#[7c]">&gt;&gt;</a>&nbsp;&nbsp;&nbsp;ADC_Enable
<LI><a href="#[1f3]">&gt;&gt;</a>&nbsp;&nbsp;&nbsp;UART_WaitOnFlagUntilTimeout
<LI><a href="#[116]">&gt;&gt;</a>&nbsp;&nbsp;&nbsp;UART_CheckIdleState
<LI><a href="#[df]">&gt;&gt;</a>&nbsp;&nbsp;&nbsp;RTC_EnterInitMode
<LI><a href="#[e4]">&gt;&gt;</a>&nbsp;&nbsp;&nbsp;HAL_RTC_WaitForSynchro
<LI><a href="#[e1]">&gt;&gt;</a>&nbsp;&nbsp;&nbsp;HAL_RTC_SetAlarm_IT
<LI><a href="#[d9]">&gt;&gt;</a>&nbsp;&nbsp;&nbsp;HAL_RTC_DeactivateAlarm
<LI><a href="#[bc]">&gt;&gt;</a>&nbsp;&nbsp;&nbsp;HAL_ADCEx_Calibration_Start
<LI><a href="#[ba]">&gt;&gt;</a>&nbsp;&nbsp;&nbsp;FLASH_WaitForLastOperation
</UL>

<P><STRONG><a name="[1e2]"></a>HAL_IncTick</STRONG> (Thumb, 138 bytes, Stack size 24 bytes, stm32l0xx_hal.o(i.HAL_IncTick))
<BR><BR>[Stack]<UL><LI>Max Depth = 24<LI>Call Chain = HAL_IncTick
</UL>
<BR>[Called By]<UL><LI><a href="#[5]">&gt;&gt;</a>&nbsp;&nbsp;&nbsp;SysTick_Handler
</UL>

<P><STRONG><a name="[c6]"></a>HAL_Init</STRONG> (Thumb, 20 bytes, Stack size 8 bytes, stm32l0xx_hal.o(i.HAL_Init))
<BR><BR>[Stack]<UL><LI>Max Depth = 88<LI>Call Chain = HAL_Init &rArr; HAL_MspInit &rArr; HW_GpioInit &rArr; HAL_GPIO_Init
</UL>
<BR>[Calls]<UL><LI><a href="#[c7]">&gt;&gt;</a>&nbsp;&nbsp;&nbsp;HAL_MspInit
</UL>
<BR>[Called By]<UL><LI><a href="#[1da]">&gt;&gt;</a>&nbsp;&nbsp;&nbsp;SYSTEM_initialize
</UL>

<P><STRONG><a name="[d4]"></a>HAL_InitTick</STRONG> (Thumb, 4 bytes, Stack size 0 bytes, stm32l0xx_hal.o(i.HAL_InitTick))
<BR><BR>[Called By]<UL><LI><a href="#[d5]">&gt;&gt;</a>&nbsp;&nbsp;&nbsp;HAL_RCC_OscConfig
<LI><a href="#[d3]">&gt;&gt;</a>&nbsp;&nbsp;&nbsp;HAL_RCC_ClockConfig
</UL>

<P><STRONG><a name="[c7]"></a>HAL_MspInit</STRONG> (Thumb, 46 bytes, Stack size 8 bytes, mlm32l0xx_hal_msp.o(i.HAL_MspInit))
<BR><BR>[Stack]<UL><LI>Max Depth = 80<LI>Call Chain = HAL_MspInit &rArr; HW_GpioInit &rArr; HAL_GPIO_Init
</UL>
<BR>[Calls]<UL><LI><a href="#[c9]">&gt;&gt;</a>&nbsp;&nbsp;&nbsp;HAL_PWREx_EnableUltraLowPower
<LI><a href="#[ca]">&gt;&gt;</a>&nbsp;&nbsp;&nbsp;HAL_PWREx_EnableFastWakeUp
<LI><a href="#[c8]">&gt;&gt;</a>&nbsp;&nbsp;&nbsp;HAL_PWR_DisablePVD
<LI><a href="#[cb]">&gt;&gt;</a>&nbsp;&nbsp;&nbsp;HW_GpioInit
</UL>
<BR>[Called By]<UL><LI><a href="#[c6]">&gt;&gt;</a>&nbsp;&nbsp;&nbsp;HAL_Init
</UL>

<P><STRONG><a name="[1e9]"></a>HAL_NVIC_ClearPendingIRQ</STRONG> (Thumb, 14 bytes, Stack size 0 bytes, stm32l0xx_hal_cortex.o(i.HAL_NVIC_ClearPendingIRQ))
<BR><BR>[Called By]<UL><LI><a href="#[21]">&gt;&gt;</a>&nbsp;&nbsp;&nbsp;USART2_IRQHandler
<LI><a href="#[20]">&gt;&gt;</a>&nbsp;&nbsp;&nbsp;USART1_IRQHandler
<LI><a href="#[16]">&gt;&gt;</a>&nbsp;&nbsp;&nbsp;TIM3_IRQHandler
</UL>

<P><STRONG><a name="[e0]"></a>HAL_NVIC_EnableIRQ</STRONG> (Thumb, 14 bytes, Stack size 0 bytes, stm32l0xx_hal_cortex.o(i.HAL_NVIC_EnableIRQ))
<BR><BR>[Called By]<UL><LI><a href="#[120]">&gt;&gt;</a>&nbsp;&nbsp;&nbsp;HW_GPIO_SetIrq
<LI><a href="#[113]">&gt;&gt;</a>&nbsp;&nbsp;&nbsp;HAL_UART_MspInit
<LI><a href="#[1fe]">&gt;&gt;</a>&nbsp;&nbsp;&nbsp;vcom_StartDMA
<LI><a href="#[5d]">&gt;&gt;</a>&nbsp;&nbsp;&nbsp;UCP_io_configure
<LI><a href="#[e8]">&gt;&gt;</a>&nbsp;&nbsp;&nbsp;HAL_SPI_MspInit
<LI><a href="#[de]">&gt;&gt;</a>&nbsp;&nbsp;&nbsp;HAL_RTC_MspInit
<LI><a href="#[31]">&gt;&gt;</a>&nbsp;&nbsp;&nbsp;MFG_io_configure
</UL>

<P><STRONG><a name="[1ff]"></a>HAL_NVIC_GetPendingIRQ</STRONG> (Thumb, 24 bytes, Stack size 0 bytes, stm32l0xx_hal_cortex.o(i.HAL_NVIC_GetPendingIRQ))
<BR><BR>[Called By]<UL><LI><a href="#[14d]">&gt;&gt;</a>&nbsp;&nbsp;&nbsp;vcom_Send
</UL>

<P><STRONG><a name="[cc]"></a>HAL_NVIC_SetPriority</STRONG> (Thumb, 8 bytes, Stack size 8 bytes, stm32l0xx_hal_cortex.o(i.HAL_NVIC_SetPriority))
<BR><BR>[Stack]<UL><LI>Max Depth = 8<LI>Call Chain = HAL_NVIC_SetPriority
</UL>
<BR>[Calls]<UL><LI><a href="#[cd]">&gt;&gt;</a>&nbsp;&nbsp;&nbsp;NVIC_SetPriority
</UL>
<BR>[Called By]<UL><LI><a href="#[120]">&gt;&gt;</a>&nbsp;&nbsp;&nbsp;HW_GPIO_SetIrq
<LI><a href="#[113]">&gt;&gt;</a>&nbsp;&nbsp;&nbsp;HAL_UART_MspInit
<LI><a href="#[1fe]">&gt;&gt;</a>&nbsp;&nbsp;&nbsp;vcom_StartDMA
<LI><a href="#[5d]">&gt;&gt;</a>&nbsp;&nbsp;&nbsp;UCP_io_configure
<LI><a href="#[1db]">&gt;&gt;</a>&nbsp;&nbsp;&nbsp;SystemClock_Config
<LI><a href="#[e8]">&gt;&gt;</a>&nbsp;&nbsp;&nbsp;HAL_SPI_MspInit
<LI><a href="#[de]">&gt;&gt;</a>&nbsp;&nbsp;&nbsp;HAL_RTC_MspInit
<LI><a href="#[31]">&gt;&gt;</a>&nbsp;&nbsp;&nbsp;MFG_io_configure
</UL>

<P><STRONG><a name="[ca]"></a>HAL_PWREx_EnableFastWakeUp</STRONG> (Thumb, 12 bytes, Stack size 0 bytes, stm32l0xx_hal_pwr_ex.o(i.HAL_PWREx_EnableFastWakeUp))
<BR><BR>[Called By]<UL><LI><a href="#[c7]">&gt;&gt;</a>&nbsp;&nbsp;&nbsp;HAL_MspInit
</UL>

<P><STRONG><a name="[c9]"></a>HAL_PWREx_EnableUltraLowPower</STRONG> (Thumb, 12 bytes, Stack size 0 bytes, stm32l0xx_hal_pwr_ex.o(i.HAL_PWREx_EnableUltraLowPower))
<BR><BR>[Called By]<UL><LI><a href="#[c7]">&gt;&gt;</a>&nbsp;&nbsp;&nbsp;HAL_MspInit
</UL>

<P><STRONG><a name="[c8]"></a>HAL_PWR_DisablePVD</STRONG> (Thumb, 12 bytes, Stack size 0 bytes, stm32l0xx_hal_pwr.o(i.HAL_PWR_DisablePVD))
<BR><BR>[Called By]<UL><LI><a href="#[c7]">&gt;&gt;</a>&nbsp;&nbsp;&nbsp;HAL_MspInit
</UL>

<P><STRONG><a name="[ce]"></a>HAL_RCCEx_GetPeriphCLKFreq</STRONG> (Thumb, 406 bytes, Stack size 24 bytes, stm32l0xx_hal_rcc_ex.o(i.HAL_RCCEx_GetPeriphCLKFreq))
<BR><BR>[Stack]<UL><LI>Max Depth = 44<LI>Call Chain = HAL_RCCEx_GetPeriphCLKFreq &rArr; HAL_RCC_GetSysClockFreq &rArr; __aeabi_uidivmod
</UL>
<BR>[Calls]<UL><LI><a href="#[d0]">&gt;&gt;</a>&nbsp;&nbsp;&nbsp;HAL_RCC_GetSysClockFreq
<LI><a href="#[cf]">&gt;&gt;</a>&nbsp;&nbsp;&nbsp;HAL_RCC_GetPCLK2Freq
<LI><a href="#[d1]">&gt;&gt;</a>&nbsp;&nbsp;&nbsp;HAL_RCC_GetPCLK1Freq
<LI><a href="#[73]">&gt;&gt;</a>&nbsp;&nbsp;&nbsp;__aeabi_uidivmod
</UL>
<BR>[Called By]<UL><LI><a href="#[115]">&gt;&gt;</a>&nbsp;&nbsp;&nbsp;UART_SetConfig
</UL>

<P><STRONG><a name="[d2]"></a>HAL_RCCEx_PeriphCLKConfig</STRONG> (Thumb, 382 bytes, Stack size 24 bytes, stm32l0xx_hal_rcc_ex.o(i.HAL_RCCEx_PeriphCLKConfig))
<BR><BR>[Stack]<UL><LI>Max Depth = 24<LI>Call Chain = HAL_RCCEx_PeriphCLKConfig
</UL>
<BR>[Calls]<UL><LI><a href="#[7d]">&gt;&gt;</a>&nbsp;&nbsp;&nbsp;HAL_GetTick
</UL>
<BR>[Called By]<UL><LI><a href="#[de]">&gt;&gt;</a>&nbsp;&nbsp;&nbsp;HAL_RTC_MspInit
</UL>

<P><STRONG><a name="[d3]"></a>HAL_RCC_ClockConfig</STRONG> (Thumb, 340 bytes, Stack size 24 bytes, stm32l0xx_hal_rcc.o(i.HAL_RCC_ClockConfig))
<BR><BR>[Stack]<UL><LI>Max Depth = 44<LI>Call Chain = HAL_RCC_ClockConfig &rArr; HAL_RCC_GetSysClockFreq &rArr; __aeabi_uidivmod
</UL>
<BR>[Calls]<UL><LI><a href="#[7d]">&gt;&gt;</a>&nbsp;&nbsp;&nbsp;HAL_GetTick
<LI><a href="#[d4]">&gt;&gt;</a>&nbsp;&nbsp;&nbsp;HAL_InitTick
<LI><a href="#[d0]">&gt;&gt;</a>&nbsp;&nbsp;&nbsp;HAL_RCC_GetSysClockFreq
</UL>
<BR>[Called By]<UL><LI><a href="#[1db]">&gt;&gt;</a>&nbsp;&nbsp;&nbsp;SystemClock_Config
</UL>

<P><STRONG><a name="[1e3]"></a>HAL_RCC_GetHCLKFreq</STRONG> (Thumb, 6 bytes, Stack size 0 bytes, stm32l0xx_hal_rcc.o(i.HAL_RCC_GetHCLKFreq))
<BR><BR>[Called By]<UL><LI><a href="#[1db]">&gt;&gt;</a>&nbsp;&nbsp;&nbsp;SystemClock_Config
</UL>

<P><STRONG><a name="[d1]"></a>HAL_RCC_GetPCLK1Freq</STRONG> (Thumb, 20 bytes, Stack size 0 bytes, stm32l0xx_hal_rcc.o(i.HAL_RCC_GetPCLK1Freq))
<BR><BR>[Called By]<UL><LI><a href="#[ce]">&gt;&gt;</a>&nbsp;&nbsp;&nbsp;HAL_RCCEx_GetPeriphCLKFreq
<LI><a href="#[115]">&gt;&gt;</a>&nbsp;&nbsp;&nbsp;UART_SetConfig
</UL>

<P><STRONG><a name="[cf]"></a>HAL_RCC_GetPCLK2Freq</STRONG> (Thumb, 20 bytes, Stack size 0 bytes, stm32l0xx_hal_rcc.o(i.HAL_RCC_GetPCLK2Freq))
<BR><BR>[Called By]<UL><LI><a href="#[ce]">&gt;&gt;</a>&nbsp;&nbsp;&nbsp;HAL_RCCEx_GetPeriphCLKFreq
<LI><a href="#[115]">&gt;&gt;</a>&nbsp;&nbsp;&nbsp;UART_SetConfig
</UL>

<P><STRONG><a name="[d0]"></a>HAL_RCC_GetSysClockFreq</STRONG> (Thumb, 100 bytes, Stack size 8 bytes, stm32l0xx_hal_rcc.o(i.HAL_RCC_GetSysClockFreq))
<BR><BR>[Stack]<UL><LI>Max Depth = 20<LI>Call Chain = HAL_RCC_GetSysClockFreq &rArr; __aeabi_uidivmod
</UL>
<BR>[Calls]<UL><LI><a href="#[73]">&gt;&gt;</a>&nbsp;&nbsp;&nbsp;__aeabi_uidivmod
</UL>
<BR>[Called By]<UL><LI><a href="#[d3]">&gt;&gt;</a>&nbsp;&nbsp;&nbsp;HAL_RCC_ClockConfig
<LI><a href="#[ce]">&gt;&gt;</a>&nbsp;&nbsp;&nbsp;HAL_RCCEx_GetPeriphCLKFreq
<LI><a href="#[115]">&gt;&gt;</a>&nbsp;&nbsp;&nbsp;UART_SetConfig
</UL>

<P><STRONG><a name="[d5]"></a>HAL_RCC_OscConfig</STRONG> (Thumb, 1116 bytes, Stack size 24 bytes, stm32l0xx_hal_rcc.o(i.HAL_RCC_OscConfig))
<BR><BR>[Stack]<UL><LI>Max Depth = 40<LI>Call Chain = HAL_RCC_OscConfig &rArr; RCC_SetFlashLatencyFromMSIRange
</UL>
<BR>[Calls]<UL><LI><a href="#[7d]">&gt;&gt;</a>&nbsp;&nbsp;&nbsp;HAL_GetTick
<LI><a href="#[d4]">&gt;&gt;</a>&nbsp;&nbsp;&nbsp;HAL_InitTick
<LI><a href="#[d6]">&gt;&gt;</a>&nbsp;&nbsp;&nbsp;RCC_SetFlashLatencyFromMSIRange
</UL>
<BR>[Called By]<UL><LI><a href="#[1db]">&gt;&gt;</a>&nbsp;&nbsp;&nbsp;SystemClock_Config
<LI><a href="#[de]">&gt;&gt;</a>&nbsp;&nbsp;&nbsp;HAL_RTC_MspInit
</UL>

<P><STRONG><a name="[135]"></a>HAL_RTCEx_EnableBypassShadow</STRONG> (Thumb, 60 bytes, Stack size 12 bytes, stm32l0xx_hal_rtc_ex.o(i.HAL_RTCEx_EnableBypassShadow))
<BR><BR>[Stack]<UL><LI>Max Depth = 12<LI>Call Chain = HAL_RTCEx_EnableBypassShadow
</UL>
<BR>[Called By]<UL><LI><a href="#[12f]">&gt;&gt;</a>&nbsp;&nbsp;&nbsp;HW_RTC_SetConfig
</UL>

<P><STRONG><a name="[d7]"></a>HAL_RTC_AlarmAEventCallback</STRONG> (Thumb, 8 bytes, Stack size 8 bytes, mlm32l0xx_hal_msp.o(i.HAL_RTC_AlarmAEventCallback))
<BR><BR>[Stack]<UL><LI>Max Depth = 128<LI>Call Chain = HAL_RTC_AlarmAEventCallback &rArr; TimerIrqHandler &rArr; TimerSetTimeout &rArr; HW_RTC_SetAlarm &rArr; HW_RTC_StartWakeUpAlarm &rArr; HAL_RTC_SetAlarm_IT
</UL>
<BR>[Calls]<UL><LI><a href="#[d8]">&gt;&gt;</a>&nbsp;&nbsp;&nbsp;TimerIrqHandler
</UL>
<BR>[Called By]<UL><LI><a href="#[131]">&gt;&gt;</a>&nbsp;&nbsp;&nbsp;HW_RTC_IrqHandler
</UL>

<P><STRONG><a name="[d9]"></a>HAL_RTC_DeactivateAlarm</STRONG> (Thumb, 184 bytes, Stack size 24 bytes, stm32l0xx_hal_rtc.o(i.HAL_RTC_DeactivateAlarm))
<BR><BR>[Stack]<UL><LI>Max Depth = 24<LI>Call Chain = HAL_RTC_DeactivateAlarm
</UL>
<BR>[Calls]<UL><LI><a href="#[7d]">&gt;&gt;</a>&nbsp;&nbsp;&nbsp;HAL_GetTick
</UL>
<BR>[Called By]<UL><LI><a href="#[136]">&gt;&gt;</a>&nbsp;&nbsp;&nbsp;HW_RTC_StopAlarm
<LI><a href="#[127]">&gt;&gt;</a>&nbsp;&nbsp;&nbsp;HW_RTC_Init
</UL>

<P><STRONG><a name="[da]"></a>HAL_RTC_GetDate</STRONG> (Thumb, 68 bytes, Stack size 8 bytes, stm32l0xx_hal_rtc.o(i.HAL_RTC_GetDate))
<BR><BR>[Stack]<UL><LI>Max Depth = 8<LI>Call Chain = HAL_RTC_GetDate
</UL>
<BR>[Calls]<UL><LI><a href="#[db]">&gt;&gt;</a>&nbsp;&nbsp;&nbsp;RTC_Bcd2ToByte
</UL>
<BR>[Called By]<UL><LI><a href="#[12d]">&gt;&gt;</a>&nbsp;&nbsp;&nbsp;HW_RTC_GetCalendarValue
</UL>

<P><STRONG><a name="[dc]"></a>HAL_RTC_GetTime</STRONG> (Thumb, 88 bytes, Stack size 12 bytes, stm32l0xx_hal_rtc.o(i.HAL_RTC_GetTime))
<BR><BR>[Stack]<UL><LI>Max Depth = 12<LI>Call Chain = HAL_RTC_GetTime
</UL>
<BR>[Calls]<UL><LI><a href="#[db]">&gt;&gt;</a>&nbsp;&nbsp;&nbsp;RTC_Bcd2ToByte
</UL>
<BR>[Called By]<UL><LI><a href="#[12d]">&gt;&gt;</a>&nbsp;&nbsp;&nbsp;HW_RTC_GetCalendarValue
</UL>

<P><STRONG><a name="[dd]"></a>HAL_RTC_Init</STRONG> (Thumb, 160 bytes, Stack size 16 bytes, stm32l0xx_hal_rtc.o(i.HAL_RTC_Init))
<BR><BR>[Stack]<UL><LI>Max Depth = 152<LI>Call Chain = HAL_RTC_Init &rArr; HAL_RTC_MspInit &rArr; HAL_RCC_OscConfig &rArr; RCC_SetFlashLatencyFromMSIRange
</UL>
<BR>[Calls]<UL><LI><a href="#[df]">&gt;&gt;</a>&nbsp;&nbsp;&nbsp;RTC_EnterInitMode
<LI><a href="#[de]">&gt;&gt;</a>&nbsp;&nbsp;&nbsp;HAL_RTC_MspInit
</UL>
<BR>[Called By]<UL><LI><a href="#[12f]">&gt;&gt;</a>&nbsp;&nbsp;&nbsp;HW_RTC_SetConfig
</UL>

<P><STRONG><a name="[de]"></a>HAL_RTC_MspInit</STRONG> (Thumb, 86 bytes, Stack size 96 bytes, mlm32l0xx_hal_msp.o(i.HAL_RTC_MspInit))
<BR><BR>[Stack]<UL><LI>Max Depth = 136<LI>Call Chain = HAL_RTC_MspInit &rArr; HAL_RCC_OscConfig &rArr; RCC_SetFlashLatencyFromMSIRange
</UL>
[...]
</UL>
<BR>[Calls]<UL><LI><a href="#[93]">&gt;&gt;</a>&nbsp;&nbsp;&nbsp;TimerStart
</UL>
<BR>[Address Reference Count : 1]<UL><LI> mfg.o(i.MFG_rx_task)
</UL>
<P><STRONG><a name="[42]"></a>MFG_mfg_module_sn_read</STRONG> (Thumb, 16 bytes, Stack size 8 bytes, mfg.o(i.MFG_mfg_module_sn_read))
<BR><BR>[Stack]<UL><LI>Max Depth = 16<LI>Call Chain = MFG_mfg_module_sn_read &rArr; EEPROM_reader
</UL>
<BR>[Calls]<UL><LI><a href="#[86]">&gt;&gt;</a>&nbsp;&nbsp;&nbsp;EEPROM_reader
</UL>
<BR>[Address Reference Count : 1]<UL><LI> mfg.o(i.MFG_rx_task)
</UL>
<P><STRONG><a name="[4f]"></a>MFG_mfg_module_sn_write</STRONG> (Thumb, 16 bytes, Stack size 8 bytes, mfg.o(i.MFG_mfg_module_sn_write))
<BR><BR>[Stack]<UL><LI>Max Depth = 116<LI>Call Chain = MFG_mfg_module_sn_write &rArr; EEPROM_writer &rArr; HAL_Delay &rArr; HW_RTC_DelayMs &rArr; HW_RTC_GetTimerValue &rArr; HW_RTC_GetCalendarValue &rArr; HAL_RTC_GetTime
</UL>
<BR>[Calls]<UL><LI><a href="#[85]">&gt;&gt;</a>&nbsp;&nbsp;&nbsp;EEPROM_writer
</UL>
<BR>[Address Reference Count : 1]<UL><LI> mfg.o(i.MFG_rx_task)
</UL>
<P><STRONG><a name="[3e]"></a>MFG_mfg_serial_nbr_read</STRONG> (Thumb, 16 bytes, Stack size 8 bytes, mfg.o(i.MFG_mfg_serial_nbr_read))
<BR><BR>[Stack]<UL><LI>Max Depth = 16<LI>Call Chain = MFG_mfg_serial_nbr_read &rArr; EEPROM_reader
</UL>
<BR>[Calls]<UL><LI><a href="#[86]">&gt;&gt;</a>&nbsp;&nbsp;&nbsp;EEPROM_reader
</UL>
<BR>[Address Reference Count : 1]<UL><LI> mfg.o(i.MFG_rx_task)
</UL>
<P><STRONG><a name="[4c]"></a>MFG_mfg_serial_nbr_write</STRONG> (Thumb, 16 bytes, Stack size 8 bytes, mfg.o(i.MFG_mfg_serial_nbr_write))
<BR><BR>[Stack]<UL><LI>Max Depth = 116<LI>Call Chain = MFG_mfg_serial_nbr_write &rArr; EEPROM_writer &rArr; HAL_Delay &rArr; HW_RTC_DelayMs &rArr; HW_RTC_GetTimerValue &rArr; HW_RTC_GetCalendarValue &rArr; HAL_RTC_GetTime
</UL>
<BR>[Calls]<UL><LI><a href="#[85]">&gt;&gt;</a>&nbsp;&nbsp;&nbsp;EEPROM_writer
</UL>
<BR>[Address Reference Count : 1]<UL><LI> mfg.o(i.MFG_rx_task)
</UL>
<P><STRONG><a name="[38]"></a>MFG_mfg_sn_read</STRONG> (Thumb, 16 bytes, Stack size 8 bytes, mfg.o(i.MFG_mfg_sn_read))
<BR><BR>[Stack]<UL><LI>Max Depth = 16<LI>Call Chain = MFG_mfg_sn_read &rArr; EEPROM_reader
</UL>
<BR>[Calls]<UL><LI><a href="#[86]">&gt;&gt;</a>&nbsp;&nbsp;&nbsp;EEPROM_reader
</UL>
<BR>[Address Reference Count : 1]<UL><LI> mfg.o(i.MFG_rx_task)
</UL>
<P><STRONG><a name="[49]"></a>MFG_mfg_sn_write</STRONG> (Thumb, 16 bytes, Stack size 8 bytes, mfg.o(i.MFG_mfg_sn_write))
<BR><BR>[Stack]<UL><LI>Max Depth = 116<LI>Call Chain = MFG_mfg_sn_write &rArr; EEPROM_writer &rArr; HAL_Delay &rArr; HW_RTC_DelayMs &rArr; HW_RTC_GetTimerValue &rArr; HW_RTC_GetCalendarValue &rArr; HAL_RTC_GetTime
</UL>
<BR>[Calls]<UL><LI><a href="#[85]">&gt;&gt;</a>&nbsp;&nbsp;&nbsp;EEPROM_writer
</UL>
<BR>[Address Reference Count : 1]<UL><LI> mfg.o(i.MFG_rx_task)
</UL>
<P><STRONG><a name="[15a]"></a>MFG_send_iar</STRONG> (Thumb, 44 bytes, Stack size 8 bytes, mfg.o(i.MFG_send_iar))
<BR><BR>[Stack]<UL><LI>Max Depth = 24<LI>Call Chain = MFG_send_iar &rArr; MFG_send_frame &rArr; MFG_tx_packet
</UL>
<BR>[Calls]<UL><LI><a href="#[a9]">&gt;&gt;</a>&nbsp;&nbsp;&nbsp;CRC_2s_complement
<LI><a href="#[154]">&gt;&gt;</a>&nbsp;&nbsp;&nbsp;MFG_send_frame
</UL>
<BR>[Called By]<UL><LI><a href="#[36]">&gt;&gt;</a>&nbsp;&nbsp;&nbsp;MFG_rx_task
</UL>

<P><STRONG><a name="[46]"></a>MFG_sgfx_index_read</STRONG> (Thumb, 16 bytes, Stack size 8 bytes, mfg.o(i.MFG_sgfx_index_read))
<BR><BR>[Stack]<UL><LI>Max Depth = 16<LI>Call Chain = MFG_sgfx_index_read &rArr; EEPROM_reader
</UL>
<BR>[Calls]<UL><LI><a href="#[86]">&gt;&gt;</a>&nbsp;&nbsp;&nbsp;EEPROM_reader
</UL>
<BR>[Address Reference Count : 1]<UL><LI> mfg.o(i.MFG_rx_task)
</UL>
<P><STRONG><a name="[48]"></a>MFG_sgfx_index_write</STRONG> (Thumb, 28 bytes, Stack size 8 bytes, mfg.o(i.MFG_sgfx_index_write))
<BR><BR>[Stack]<UL><LI>Max Depth = 116<LI>Call Chain = MFG_sgfx_index_write &rArr; EEPROM_writer &rArr; HAL_Delay &rArr; HW_RTC_DelayMs &rArr; HW_RTC_GetTimerValue &rArr; HW_RTC_GetCalendarValue &rArr; HAL_RTC_GetTime
</UL>
<BR>[Calls]<UL><LI><a href="#[85]">&gt;&gt;</a>&nbsp;&nbsp;&nbsp;EEPROM_writer
<LI><a href="#[86]">&gt;&gt;</a>&nbsp;&nbsp;&nbsp;EEPROM_reader
</UL>
<BR>[Address Reference Count : 1]<UL><LI> mfg.o(i.MFG_rx_task)
</UL>
<P><STRONG><a name="[1f8]"></a>ee_number</STRONG> (Thumb, 254 bytes, Stack size 120 bytes, tiny_vsnprintf.o(i.ee_number))
<BR><BR>[Stack]<UL><LI>Max Depth = 132<LI>Call Chain = ee_number &rArr; __aeabi_uidivmod
</UL>
<BR>[Calls]<UL><LI><a href="#[73]">&gt;&gt;</a>&nbsp;&nbsp;&nbsp;__aeabi_uidivmod
</UL>
<BR>[Called By]<UL><LI><a href="#[1fb]">&gt;&gt;</a>&nbsp;&nbsp;&nbsp;tiny_vsnprintf_like
</UL>

<P><STRONG><a name="[54]"></a>RADIO_rx_packet_interrupt_handler</STRONG> (Thumb, 16 bytes, Stack size 8 bytes, st_lowlevel.o(i.RADIO_rx_packet_interrupt_handler))
<BR><BR>[Stack]<UL><LI>Max Depth = 8<LI>Call Chain = RADIO_rx_packet_interrupt_handler
</UL>
<BR>[Calls]<UL><LI><a href="#[170]">&gt;&gt;</a>&nbsp;&nbsp;&nbsp;SCH_SetEvt
</UL>
<BR>[Address Reference Count : 1]<UL><LI> st_lowlevel.o(i.STLL_Radio_IoInit)
</UL>
<P><STRONG><a name="[55]"></a>STLL_RX_SYNC_IRQHandler_CB</STRONG> (Thumb, 24 bytes, Stack size 8 bytes, st_lowlevel.o(i.STLL_RX_SYNC_IRQHandler_CB))
<BR><BR>[Stack]<UL><LI>Max Depth = 112<LI>Call Chain = STLL_RX_SYNC_IRQHandler_CB &rArr; STLL_Radio_ReadReg &rArr; SX1276Read &rArr; SX1276ReadBuffer &rArr; HW_SPI_InOut &rArr; HAL_SPI_TransmitReceive &rArr; SPI_WaitOnFlagUntilTimeout
</UL>
<BR>[Calls]<UL><LI><a href="#[194]">&gt;&gt;</a>&nbsp;&nbsp;&nbsp;STLL_Radio_ReadReg
</UL>
<BR>[Address Reference Count : 1]<UL><LI> st_lowlevel.o(i.STLL_Radio_IoInit)
</UL>
<P><STRONG><a name="[200]"></a>LL_DMA_IsEnabledChannel</STRONG> (Thumb, 16 bytes, Stack size 0 bytes, vcom.o(i.LL_DMA_IsEnabledChannel))
<BR><BR>[Called By]<UL><LI><a href="#[14d]">&gt;&gt;</a>&nbsp;&nbsp;&nbsp;vcom_Send
</UL>

<P><STRONG><a name="[1fd]"></a>vcom_PrintDMA</STRONG> (Thumb, 62 bytes, Stack size 24 bytes, vcom.o(i.vcom_PrintDMA))
<BR><BR>[Stack]<UL><LI>Max Depth = 120<LI>Call Chain = vcom_PrintDMA &rArr; vcom_StartDMA &rArr; LL_DMA_Init &rArr; LL_DMA_SetPeriphRequest
</UL>
<BR>[Calls]<UL><LI><a href="#[132]">&gt;&gt;</a>&nbsp;&nbsp;&nbsp;LPM_SetStopMode
<LI><a href="#[1fe]">&gt;&gt;</a>&nbsp;&nbsp;&nbsp;vcom_StartDMA
</UL>
<BR>[Called By]<UL><LI><a href="#[14d]">&gt;&gt;</a>&nbsp;&nbsp;&nbsp;vcom_Send
<LI><a href="#[ac]">&gt;&gt;</a>&nbsp;&nbsp;&nbsp;vcom_Dma_IRQHandler
</UL>

<P><STRONG><a name="[1fe]"></a>vcom_StartDMA</STRONG> (Thumb, 126 bytes, Stack size 64 bytes, vcom.o(i.vcom_StartDMA))
<BR><BR>[Stack]<UL><LI>Max Depth = 96<LI>Call Chain = vcom_StartDMA &rArr; LL_DMA_Init &rArr; LL_DMA_SetPeriphRequest
</UL>
<BR>[Calls]<UL><LI><a href="#[cc]">&gt;&gt;</a>&nbsp;&nbsp;&nbsp;HAL_NVIC_SetPriority
<LI><a href="#[e0]">&gt;&gt;</a>&nbsp;&nbsp;&nbsp;HAL_NVIC_EnableIRQ
<LI><a href="#[148]">&gt;&gt;</a>&nbsp;&nbsp;&nbsp;LL_DMA_Init
</UL>
<BR>[Called By]<UL><LI><a href="#[1fd]">&gt;&gt;</a>&nbsp;&nbsp;&nbsp;vcom_PrintDMA
</UL>

<P><STRONG><a name="[1ef]"></a>TimerInsertNewHeadTimer</STRONG> (Thumb, 24 bytes, Stack size 8 bytes, timeserver.o(i.TimerInsertNewHeadTimer))
<BR><BR>[Stack]<UL><LI>Max Depth = 112<LI>Call Chain = TimerInsertNewHeadTimer &rArr; TimerSetTimeout &rArr; HW_RTC_SetAlarm &rArr; HW_RTC_StartWakeUpAlarm &rArr; HAL_RTC_SetAlarm_IT
</UL>
<BR>[Calls]<UL><LI><a href="#[1f0]">&gt;&gt;</a>&nbsp;&nbsp;&nbsp;TimerSetTimeout
</UL>
<BR>[Called By]<UL><LI><a href="#[93]">&gt;&gt;</a>&nbsp;&nbsp;&nbsp;TimerStart
</UL>

<P><STRONG><a name="[1f0]"></a>TimerSetTimeout</STRONG> (Thumb, 44 bytes, Stack size 16 bytes, timeserver.o(i.TimerSetTimeout))
<BR><BR>[Stack]<UL><LI>Max Depth = 104<LI>Call Chain = TimerSetTimeout &rArr; HW_RTC_SetAlarm &rArr; HW_RTC_StartWakeUpAlarm &rArr; HAL_RTC_SetAlarm_IT
</UL>
<BR>[Calls]<UL><LI><a href="#[133]">&gt;&gt;</a>&nbsp;&nbsp;&nbsp;HW_RTC_SetAlarm
<LI><a href="#[12e]">&gt;&gt;</a>&nbsp;&nbsp;&nbsp;HW_RTC_GetTimerElapsedTime
<LI><a href="#[1f2]">&gt;&gt;</a>&nbsp;&nbsp;&nbsp;HW_RTC_GetMinimumTimeout
</UL>
<BR>[Called By]<UL><LI><a href="#[98]">&gt;&gt;</a>&nbsp;&nbsp;&nbsp;TimerStop
<LI><a href="#[1ef]">&gt;&gt;</a>&nbsp;&nbsp;&nbsp;TimerInsertNewHeadTimer
<LI><a href="#[d8]">&gt;&gt;</a>&nbsp;&nbsp;&nbsp;TimerIrqHandler
</UL>

<P><STRONG><a name="[1ed]"></a>TX_SetPower</STRONG> (Thumb, 40 bytes, Stack size 0 bytes, sgfxsx1276modulation-lib.o(i.TX_SetPower))
<BR><BR>[Called By]<UL><LI><a href="#[199]">&gt;&gt;</a>&nbsp;&nbsp;&nbsp;TX_Start
</UL>

<P><STRONG><a name="[1cc]"></a>TX_Write_Modu_Buffer</STRONG> (Thumb, 92 bytes, Stack size 16 bytes, sgfxsx1276modulation-lib.o(i.TX_Write_Modu_Buffer))
<BR><BR>[Stack]<UL><LI>Max Depth = 16<LI>Call Chain = TX_Write_Modu_Buffer
</UL>
<BR>[Called By]<UL><LI><a href="#[ab]">&gt;&gt;</a>&nbsp;&nbsp;&nbsp;STLL_TX_IRQHandler_CB
</UL>

<P><STRONG><a name="[1cd]"></a>TX_Write_RampDown_Buffer</STRONG> (Thumb, 62 bytes, Stack size 8 bytes, sgfxsx1276modulation-lib.o(i.TX_Write_RampDown_Buffer))
<BR><BR>[Stack]<UL><LI>Max Depth = 8<LI>Call Chain = TX_Write_RampDown_Buffer
</UL>
<BR>[Called By]<UL><LI><a href="#[ab]">&gt;&gt;</a>&nbsp;&nbsp;&nbsp;STLL_TX_IRQHandler_CB
</UL>

<P><STRONG><a name="[1ee]"></a>TX_Write_RampUp_Buffer</STRONG> (Thumb, 80 bytes, Stack size 12 bytes, sgfxsx1276modulation-lib.o(i.TX_Write_RampUp_Buffer))
<BR><BR>[Stack]<UL><LI>Max Depth = 12<LI>Call Chain = TX_Write_RampUp_Buffer
</UL>
<BR>[Called By]<UL><LI><a href="#[199]">&gt;&gt;</a>&nbsp;&nbsp;&nbsp;TX_Start
</UL>

<P><STRONG><a name="[5c]"></a>TX_read_Bit</STRONG> (Thumb, 30 bytes, Stack size 0 bytes, sgfxsx1276modulation-lib.o(i.TX_read_Bit))
<BR>[Address Reference Count : 1]<UL><LI> sgfxsx1276modulation-lib.o(i.TX_Start)
</UL>
<P><STRONG><a name="[211]"></a>SIGFOX_DECODE_dewhitening</STRONG> (Thumb, 152 bytes, Stack size 32 bytes, sgfx_cmac_lib.o(i.SIGFOX_DECODE_dewhitening))
<BR><BR>[Stack]<UL><LI>Max Depth = 44<LI>Call Chain = SIGFOX_DECODE_dewhitening &rArr; SIGFOX_DECODE_dewhitening_pn
</UL>
<BR>[Calls]<UL><LI><a href="#[213]">&gt;&gt;</a>&nbsp;&nbsp;&nbsp;SIGFOX_DECODE_dewhitening_pn
<LI><a href="#[20d]">&gt;&gt;</a>&nbsp;&nbsp;&nbsp;SE_NVM_get
<LI><a href="#[212]">&gt;&gt;</a>&nbsp;&nbsp;&nbsp;__aeabi_uread4
</UL>
<BR>[Called By]<UL><LI><a href="#[1ba]">&gt;&gt;</a>&nbsp;&nbsp;&nbsp;SE_API_verify_downlink_message
</UL>

<P><STRONG><a name="[213]"></a>SIGFOX_DECODE_dewhitening_pn</STRONG> (Thumb, 40 bytes, Stack size 12 bytes, sgfx_cmac_lib.o(i.SIGFOX_DECODE_dewhitening_pn))
<BR><BR>[Stack]<UL><LI>Max Depth = 12<LI>Call Chain = SIGFOX_DECODE_dewhitening_pn
</UL>
<BR>[Called By]<UL><LI><a href="#[211]">&gt;&gt;</a>&nbsp;&nbsp;&nbsp;SIGFOX_DECODE_dewhitening
</UL>

<P><STRONG><a name="[210]"></a>SIGFOX_HMAC_compute_aes</STRONG> (Thumb, 70 bytes, Stack size 56 bytes, sgfx_cmac_lib.o(i.SIGFOX_HMAC_compute_aes))
<BR><BR>[Stack]<UL><LI>Max Depth = 1200<LI>Call Chain = SIGFOX_HMAC_compute_aes &rArr; CREDENTIALS_aes_128_cbc_encrypt &rArr; CREDENTIALS_get_key &rArr; CREDENTIALS_get_cra &rArr; CREDENTIALS_get_signature &rArr; aes_cbc_encrypt &rArr; mix_sub_columns
</UL>
<BR>[Calls]<UL><LI><a href="#[201]">&gt;&gt;</a>&nbsp;&nbsp;&nbsp;CREDENTIALS_aes_128_cbc_encrypt
</UL>
<BR>[Called By]<UL><LI><a href="#[1aa]">&gt;&gt;</a>&nbsp;&nbsp;&nbsp;SE_API_secure_uplink_message
</UL>

<P><STRONG><a name="[20f]"></a>SIGFOX_encrypt_decrypt_frame</STRONG> (Thumb, 234 bytes, Stack size 80 bytes, sgfx_cmac_lib.o(i.SIGFOX_encrypt_decrypt_frame))
<BR><BR>[Stack]<UL><LI>Max Depth = 1224<LI>Call Chain = SIGFOX_encrypt_decrypt_frame &rArr; CREDENTIALS_aes_128_cbc_encrypt &rArr; CREDENTIALS_get_key &rArr; CREDENTIALS_get_cra &rArr; CREDENTIALS_get_signature &rArr; aes_cbc_encrypt &rArr; mix_sub_columns
</UL>
<BR>[Calls]<UL><LI><a href="#[20c]">&gt;&gt;</a>&nbsp;&nbsp;&nbsp;CREDENTIALS_wrap_session_key
<LI><a href="#[206]">&gt;&gt;</a>&nbsp;&nbsp;&nbsp;CREDENTIALS_aes_128_cbc_encrypt_with_session_key
<LI><a href="#[201]">&gt;&gt;</a>&nbsp;&nbsp;&nbsp;CREDENTIALS_aes_128_cbc_encrypt
<LI><a href="#[20d]">&gt;&gt;</a>&nbsp;&nbsp;&nbsp;SE_NVM_get
</UL>
<BR>[Called By]<UL><LI><a href="#[1ba]">&gt;&gt;</a>&nbsp;&nbsp;&nbsp;SE_API_verify_downlink_message
<LI><a href="#[1aa]">&gt;&gt;</a>&nbsp;&nbsp;&nbsp;SE_API_secure_uplink_message
</UL>

<P><STRONG><a name="[207]"></a>CREDENTIALS_get_cra</STRONG> (Thumb, 208 bytes, Stack size 384 bytes, sgfx_credentials_lib.o(i.CREDENTIALS_get_cra))
<BR><BR>[Stack]<UL><LI>Max Depth = 784<LI>Call Chain = CREDENTIALS_get_cra &rArr; CREDENTIALS_get_signature &rArr; aes_cbc_encrypt &rArr; mix_sub_columns
</UL>
<BR>[Calls]<UL><LI><a href="#[84]">&gt;&gt;</a>&nbsp;&nbsp;&nbsp;__aeabi_memcpy
<LI><a href="#[204]">&gt;&gt;</a>&nbsp;&nbsp;&nbsp;aes_set_key
<LI><a href="#[205]">&gt;&gt;</a>&nbsp;&nbsp;&nbsp;aes_cbc_encrypt
<LI><a href="#[209]">&gt;&gt;</a>&nbsp;&nbsp;&nbsp;aes_cbc_decrypt
<LI><a href="#[208]">&gt;&gt;</a>&nbsp;&nbsp;&nbsp;CREDENTIALS_get_signature
</UL>
<BR>[Called By]<UL><LI><a href="#[203]">&gt;&gt;</a>&nbsp;&nbsp;&nbsp;CREDENTIALS_get_key
<LI><a href="#[20b]">&gt;&gt;</a>&nbsp;&nbsp;&nbsp;CREDENTIALS_get_initial_pac
<LI><a href="#[20a]">&gt;&gt;</a>&nbsp;&nbsp;&nbsp;CREDENTIALS_get_dev_id
</UL>

<P><STRONG><a name="[203]"></a>CREDENTIALS_get_key</STRONG> (Thumb, 58 bytes, Stack size 56 bytes, sgfx_credentials_lib.o(i.CREDENTIALS_get_key))
<BR><BR>[Stack]<UL><LI>Max Depth = 840<LI>Call Chain = CREDENTIALS_get_key &rArr; CREDENTIALS_get_cra &rArr; CREDENTIALS_get_signature &rArr; aes_cbc_encrypt &rArr; mix_sub_columns
</UL>
<BR>[Calls]<UL><LI><a href="#[84]">&gt;&gt;</a>&nbsp;&nbsp;&nbsp;__aeabi_memcpy
<LI><a href="#[207]">&gt;&gt;</a>&nbsp;&nbsp;&nbsp;CREDENTIALS_get_cra
</UL>
<BR>[Called By]<UL><LI><a href="#[20c]">&gt;&gt;</a>&nbsp;&nbsp;&nbsp;CREDENTIALS_wrap_session_key
<LI><a href="#[201]">&gt;&gt;</a>&nbsp;&nbsp;&nbsp;CREDENTIALS_aes_128_cbc_encrypt
</UL>

<P><STRONG><a name="[208]"></a>CREDENTIALS_get_signature</STRONG> (Thumb, 92 bytes, Stack size 312 bytes, sgfx_credentials_lib.o(i.CREDENTIALS_get_signature))
<BR><BR>[Stack]<UL><LI>Max Depth = 400<LI>Call Chain = CREDENTIALS_get_signature &rArr; aes_cbc_encrypt &rArr; mix_sub_columns
</UL>
<BR>[Calls]<UL><LI><a href="#[204]">&gt;&gt;</a>&nbsp;&nbsp;&nbsp;aes_set_key
<LI><a href="#[205]">&gt;&gt;</a>&nbsp;&nbsp;&nbsp;aes_cbc_encrypt
</UL>
<BR>[Called By]<UL><LI><a href="#[207]">&gt;&gt;</a>&nbsp;&nbsp;&nbsp;CREDENTIALS_get_cra
</UL>

<P><STRONG><a name="[214]"></a>add_round_key</STRONG> (Thumb, 8 bytes, Stack size 8 bytes, sgfx_credentials_lib.o(i.add_round_key))
<BR><BR>[Stack]<UL><LI>Max Depth = 8<LI>Call Chain = add_round_key
</UL>
<BR>[Calls]<UL><LI><a href="#[215]">&gt;&gt;</a>&nbsp;&nbsp;&nbsp;xor_block
</UL>
<BR>[Called By]<UL><LI><a href="#[205]">&gt;&gt;</a>&nbsp;&nbsp;&nbsp;aes_cbc_encrypt
<LI><a href="#[209]">&gt;&gt;</a>&nbsp;&nbsp;&nbsp;aes_cbc_decrypt
</UL>

<P><STRONG><a name="[209]"></a>aes_cbc_decrypt</STRONG> (Thumb, 130 bytes, Stack size 72 bytes, sgfx_credentials_lib.o(i.aes_cbc_decrypt))
<BR><BR>[Stack]<UL><LI>Max Depth = 112<LI>Call Chain = aes_cbc_decrypt &rArr; inv_mix_sub_columns
</UL>
<BR>[Calls]<UL><LI><a href="#[215]">&gt;&gt;</a>&nbsp;&nbsp;&nbsp;xor_block
<LI><a href="#[218]">&gt;&gt;</a>&nbsp;&nbsp;&nbsp;inv_shift_sub_rows
<LI><a href="#[219]">&gt;&gt;</a>&nbsp;&nbsp;&nbsp;inv_mix_sub_columns
<LI><a href="#[216]">&gt;&gt;</a>&nbsp;&nbsp;&nbsp;copy_block
<LI><a href="#[217]">&gt;&gt;</a>&nbsp;&nbsp;&nbsp;copy_and_key
<LI><a href="#[214]">&gt;&gt;</a>&nbsp;&nbsp;&nbsp;add_round_key
</UL>
<BR>[Called By]<UL><LI><a href="#[207]">&gt;&gt;</a>&nbsp;&nbsp;&nbsp;CREDENTIALS_get_cra
</UL>

<P><STRONG><a name="[205]"></a>aes_cbc_encrypt</STRONG> (Thumb, 120 bytes, Stack size 56 bytes, sgfx_credentials_lib.o(i.aes_cbc_encrypt))
<BR><BR>[Stack]<UL><LI>Max Depth = 88<LI>Call Chain = aes_cbc_encrypt &rArr; mix_sub_columns
</UL>
<BR>[Calls]<UL><LI><a href="#[215]">&gt;&gt;</a>&nbsp;&nbsp;&nbsp;xor_block
<LI><a href="#[21b]">&gt;&gt;</a>&nbsp;&nbsp;&nbsp;shift_sub_rows
<LI><a href="#[21a]">&gt;&gt;</a>&nbsp;&nbsp;&nbsp;mix_sub_columns
<LI><a href="#[216]">&gt;&gt;</a>&nbsp;&nbsp;&nbsp;copy_block
<LI><a href="#[217]">&gt;&gt;</a>&nbsp;&nbsp;&nbsp;copy_and_key
<LI><a href="#[214]">&gt;&gt;</a>&nbsp;&nbsp;&nbsp;add_round_key
</UL>
<BR>[Called By]<UL><LI><a href="#[208]">&gt;&gt;</a>&nbsp;&nbsp;&nbsp;CREDENTIALS_get_signature
<LI><a href="#[207]">&gt;&gt;</a>&nbsp;&nbsp;&nbsp;CREDENTIALS_get_cra
<LI><a href="#[20c]">&gt;&gt;</a>&nbsp;&nbsp;&nbsp;CREDENTIALS_wrap_session_key
<LI><a href="#[206]">&gt;&gt;</a>&nbsp;&nbsp;&nbsp;CREDENTIALS_aes_128_cbc_encrypt_with_session_key
<LI><a href="#[201]">&gt;&gt;</a>&nbsp;&nbsp;&nbsp;CREDENTIALS_aes_128_cbc_encrypt
</UL>

<P><STRONG><a name="[204]"></a>aes_set_key</STRONG> (Thumb, 248 bytes, Stack size 56 bytes, sgfx_credentials_lib.o(i.aes_set_key))
<BR><BR>[Stack]<UL><LI>Max Depth = 68<LI>Call Chain = aes_set_key &rArr; __aeabi_uidivmod
</UL>
<BR>[Calls]<UL><LI><a href="#[73]">&gt;&gt;</a>&nbsp;&nbsp;&nbsp;__aeabi_uidivmod
</UL>
<BR>[Called By]<UL><LI><a href="#[208]">&gt;&gt;</a>&nbsp;&nbsp;&nbsp;CREDENTIALS_get_signature
<LI><a href="#[207]">&gt;&gt;</a>&nbsp;&nbsp;&nbsp;CREDENTIALS_get_cra
<LI><a href="#[20c]">&gt;&gt;</a>&nbsp;&nbsp;&nbsp;CREDENTIALS_wrap_session_key
<LI><a href="#[206]">&gt;&gt;</a>&nbsp;&nbsp;&nbsp;CREDENTIALS_aes_128_cbc_encrypt_with_session_key
<LI><a href="#[201]">&gt;&gt;</a>&nbsp;&nbsp;&nbsp;CREDENTIALS_aes_128_cbc_encrypt
</UL>

<P><STRONG><a name="[217]"></a>copy_and_key</STRONG> (Thumb, 132 bytes, Stack size 8 bytes, sgfx_credentials_lib.o(i.copy_and_key))
<BR><BR>[Stack]<UL><LI>Max Depth = 8<LI>Call Chain = copy_and_key
</UL>
<BR>[Called By]<UL><LI><a href="#[205]">&gt;&gt;</a>&nbsp;&nbsp;&nbsp;aes_cbc_encrypt
<LI><a href="#[209]">&gt;&gt;</a>&nbsp;&nbsp;&nbsp;aes_cbc_decrypt
</UL>

<P><STRONG><a name="[216]"></a>copy_block</STRONG> (Thumb, 66 bytes, Stack size 0 bytes, sgfx_credentials_lib.o(i.copy_block))
<BR><BR>[Called By]<UL><LI><a href="#[21a]">&gt;&gt;</a>&nbsp;&nbsp;&nbsp;mix_sub_columns
<LI><a href="#[219]">&gt;&gt;</a>&nbsp;&nbsp;&nbsp;inv_mix_sub_columns
<LI><a href="#[205]">&gt;&gt;</a>&nbsp;&nbsp;&nbsp;aes_cbc_encrypt
<LI><a href="#[209]">&gt;&gt;</a>&nbsp;&nbsp;&nbsp;aes_cbc_decrypt
</UL>

<P><STRONG><a name="[219]"></a>inv_mix_sub_columns</STRONG> (Thumb, 628 bytes, Stack size 40 bytes, sgfx_credentials_lib.o(i.inv_mix_sub_columns))
<BR><BR>[Stack]<UL><LI>Max Depth = 40<LI>Call Chain = inv_mix_sub_columns
</UL>
<BR>[Calls]<UL><LI><a href="#[216]">&gt;&gt;</a>&nbsp;&nbsp;&nbsp;copy_block
</UL>
<BR>[Called By]<UL><LI><a href="#[209]">&gt;&gt;</a>&nbsp;&nbsp;&nbsp;aes_cbc_decrypt
</UL>

<P><STRONG><a name="[218]"></a>inv_shift_sub_rows</STRONG> (Thumb, 100 bytes, Stack size 0 bytes, sgfx_credentials_lib.o(i.inv_shift_sub_rows))
<BR><BR>[Called By]<UL><LI><a href="#[209]">&gt;&gt;</a>&nbsp;&nbsp;&nbsp;aes_cbc_decrypt
</UL>

<P><STRONG><a name="[21a]"></a>mix_sub_columns</STRONG> (Thumb, 530 bytes, Stack size 32 bytes, sgfx_credentials_lib.o(i.mix_sub_columns))
<BR><BR>[Stack]<UL><LI>Max Depth = 32<LI>Call Chain = mix_sub_columns
</UL>
<BR>[Calls]<UL><LI><a href="#[216]">&gt;&gt;</a>&nbsp;&nbsp;&nbsp;copy_block
</UL>
<BR>[Called By]<UL><LI><a href="#[205]">&gt;&gt;</a>&nbsp;&nbsp;&nbsp;aes_cbc_encrypt
</UL>

<P><STRONG><a name="[21b]"></a>shift_sub_rows</STRONG> (Thumb, 100 bytes, Stack size 0 bytes, sgfx_credentials_lib.o(i.shift_sub_rows))
<BR><BR>[Called By]<UL><LI><a href="#[205]">&gt;&gt;</a>&nbsp;&nbsp;&nbsp;aes_cbc_encrypt
</UL>

<P><STRONG><a name="[215]"></a>xor_block</STRONG> (Thumb, 130 bytes, Stack size 0 bytes, sgfx_credentials_lib.o(i.xor_block))
<BR><BR>[Called By]<UL><LI><a href="#[205]">&gt;&gt;</a>&nbsp;&nbsp;&nbsp;aes_cbc_encrypt
<LI><a href="#[209]">&gt;&gt;</a>&nbsp;&nbsp;&nbsp;aes_cbc_decrypt
<LI><a href="#[214]">&gt;&gt;</a>&nbsp;&nbsp;&nbsp;add_round_key
</UL>
<P>
<H3>
Undefined Global Symbols
</H3><HR></body></html>
