Component: ARM Compiler 5.06 update 4 (build 422) Tool: armlink [4d35d2]

==============================================================================

Section Cross References

    b-l072z-lrwan1.o(i.BSP_LED_Init) refers to stm32l0xx_hal_gpio.o(i.HAL_GPIO_Init) for HAL_GPIO_Init
    b-l072z-lrwan1.o(i.BSP_LED_Init) refers to b-l072z-lrwan1.o(.constdata) for .constdata
    b-l072z-lrwan1.o(i.BSP_LED_Init) refers to b-l072z-lrwan1.o(.data) for .data
    b-l072z-lrwan1.o(i.BSP_LED_Off) refers to stm32l0xx_hal_gpio.o(i.HAL_GPIO_WritePin) for HAL_GPIO_WritePin
    b-l072z-lrwan1.o(i.BSP_LED_Off) refers to b-l072z-lrwan1.o(.constdata) for .constdata
    b-l072z-lrwan1.o(i.BSP_LED_Off) refers to b-l072z-lrwan1.o(.data) for .data
    b-l072z-lrwan1.o(i.BSP_LED_On) refers to stm32l0xx_hal_gpio.o(i.HAL_GPIO_WritePin) for HAL_GPIO_WritePin
    b-l072z-lrwan1.o(i.BSP_LED_On) refers to b-l072z-lrwan1.o(.constdata) for .constdata
    b-l072z-lrwan1.o(i.BSP_LED_On) refers to b-l072z-lrwan1.o(.data) for .data
    b-l072z-lrwan1.o(i.BSP_LED_Toggle) refers to stm32l0xx_hal_gpio.o(i.HAL_GPIO_TogglePin) for HAL_GPIO_TogglePin
    b-l072z-lrwan1.o(i.BSP_LED_Toggle) refers to b-l072z-lrwan1.o(.constdata) for .constdata
    b-l072z-lrwan1.o(i.BSP_LED_Toggle) refers to b-l072z-lrwan1.o(.data) for .data
    b-l072z-lrwan1.o(i.BSP_PB_GetState) refers to stm32l0xx_hal_gpio.o(i.HAL_GPIO_ReadPin) for HAL_GPIO_ReadPin
    b-l072z-lrwan1.o(i.BSP_PB_GetState) refers to b-l072z-lrwan1.o(.constdata) for .constdata
    b-l072z-lrwan1.o(i.BSP_PB_GetState) refers to b-l072z-lrwan1.o(.data) for .data
    b-l072z-lrwan1.o(i.BSP_PB_Init) refers to stm32l0xx_hal_gpio.o(i.HAL_GPIO_Init) for HAL_GPIO_Init
    b-l072z-lrwan1.o(i.BSP_PB_Init) refers to stm32l0xx_hal_cortex.o(i.HAL_NVIC_EnableIRQ) for HAL_NVIC_EnableIRQ
    b-l072z-lrwan1.o(i.BSP_PB_Init) refers to b-l072z-lrwan1.o(.constdata) for .constdata
    b-l072z-lrwan1.o(i.BSP_PB_Init) refers to b-l072z-lrwan1.o(.data) for .data
    mlm32l07x01.o(i.SX1276IoDeInit) refers to memseta.o(.text) for __aeabi_memclr4
    mlm32l07x01.o(i.SX1276IoDeInit) refers to hw_gpio.o(i.HW_GPIO_Init) for HW_GPIO_Init
    mlm32l07x01.o(i.SX1276IoInit) refers to memseta.o(.text) for __aeabi_memclr4
    mlm32l07x01.o(i.SX1276IoInit) refers to sx1276.o(i.SX1276BoardInit) for SX1276BoardInit
    mlm32l07x01.o(i.SX1276IoInit) refers to hw_gpio.o(i.HW_GPIO_Init) for HW_GPIO_Init
    mlm32l07x01.o(i.SX1276IoInit) refers to mlm32l07x01.o(.data) for .data
    mlm32l07x01.o(i.SX1276IoIrqInit) refers to hw_gpio.o(i.HW_GPIO_SetIrq) for HW_GPIO_SetIrq
    mlm32l07x01.o(i.SX1276SetAntSw) refers to sx1276.o(i.SX1276Read) for SX1276Read
    mlm32l07x01.o(i.SX1276SetAntSw) refers to hw_gpio.o(i.HW_GPIO_Write) for HW_GPIO_Write
    mlm32l07x01.o(i.SX1276SetAntSw) refers to sx1276.o(.bss) for SX1276
    mlm32l07x01.o(i.SX1276SetAntSwLowPower) refers to memseta.o(.text) for __aeabi_memclr4
    mlm32l07x01.o(i.SX1276SetAntSwLowPower) refers to hw_gpio.o(i.HW_GPIO_Init) for HW_GPIO_Init
    mlm32l07x01.o(i.SX1276SetAntSwLowPower) refers to hw_gpio.o(i.HW_GPIO_Write) for HW_GPIO_Write
    mlm32l07x01.o(i.SX1276SetRfTxPower) refers to sx1276.o(i.SX1276Read) for SX1276Read
    mlm32l07x01.o(i.SX1276SetRfTxPower) refers to mlm32l07x01.o(i.SX1276GetPaSelect) for SX1276GetPaSelect
    mlm32l07x01.o(i.SX1276SetRfTxPower) refers to sx1276.o(i.SX1276Write) for SX1276Write
    mlm32l07x01.o(i.SX1276SetXO) refers to hw_gpio.o(i.HW_GPIO_Write) for HW_GPIO_Write
    mlm32l07x01.o(i.SX1276SetXO) refers to mlm32l0xx_hal_msp.o(i.HAL_Delay) for HAL_Delay
    mlm32l07x01.o(.constdata) refers to mlm32l07x01.o(i.SX1276IoInit) for SX1276IoInit
    mlm32l07x01.o(.constdata) refers to mlm32l07x01.o(i.SX1276IoDeInit) for SX1276IoDeInit
    mlm32l07x01.o(.constdata) refers to sx1276.o(i.SX1276Init) for SX1276Init
    mlm32l07x01.o(.constdata) refers to sx1276.o(i.SX1276GetStatus) for SX1276GetStatus
    mlm32l07x01.o(.constdata) refers to sx1276.o(i.SX1276SetModem) for SX1276SetModem
    mlm32l07x01.o(.constdata) refers to sx1276.o(i.SX1276SetChannel) for SX1276SetChannel
    mlm32l07x01.o(.constdata) refers to sx1276.o(i.SX1276IsChannelFree) for SX1276IsChannelFree
    mlm32l07x01.o(.constdata) refers to sx1276.o(i.SX1276Random) for SX1276Random
    mlm32l07x01.o(.constdata) refers to sx1276.o(i.SX1276SetRxConfig) for SX1276SetRxConfig
    mlm32l07x01.o(.constdata) refers to sx1276.o(i.SX1276SetTxConfig) for SX1276SetTxConfig
    mlm32l07x01.o(.constdata) refers to mlm32l07x01.o(i.SX1276CheckRfFrequency) for SX1276CheckRfFrequency
    mlm32l07x01.o(.constdata) refers to sx1276.o(i.SX1276GetTimeOnAir) for SX1276GetTimeOnAir
    mlm32l07x01.o(.constdata) refers to sx1276.o(i.SX1276Send) for SX1276Send
    mlm32l07x01.o(.constdata) refers to sx1276.o(i.SX1276SetSleep) for SX1276SetSleep
    mlm32l07x01.o(.constdata) refers to sx1276.o(i.SX1276SetStby) for SX1276SetStby
    mlm32l07x01.o(.constdata) refers to sx1276.o(i.SX1276SetRx) for SX1276SetRx
[...]
    HW_GPIO_SetIrq                           0x080033c1   Thumb Code    56  hw_gpio.o(i.HW_GPIO_SetIrq)
    HW_GPIO_Write                            0x080033fd   Thumb Code    10  hw_gpio.o(i.HW_GPIO_Write)
    HW_GetBatteryLevel                       0x08003409   Thumb Code    28  mlm32l0xx_hw.o(i.HW_GetBatteryLevel)
    HW_GetTemperatureLevel                   0x08003431   Thumb Code    72  mlm32l0xx_hw.o(i.HW_GetTemperatureLevel)
    HW_GpioInit                              0x08003489   Thumb Code   150  mlm32l0xx_hw.o(i.HW_GpioInit)
    HW_Init                                  0x08003539   Thumb Code    66  mlm32l0xx_hw.o(i.HW_Init)
    HW_RTC_DeInit                            0x080035d1   Thumb Code    16  hw_rtc.o(i.HW_RTC_DeInit)
    HW_RTC_DelayMs                           0x080035e9   Thumb Code    38  hw_rtc.o(i.HW_RTC_DelayMs)
    HW_RTC_GetMinimumTimeout                 0x080036b5   Thumb Code     4  hw_rtc.o(i.HW_RTC_GetMinimumTimeout)
    HW_RTC_GetTimerContext                   0x080036b9   Thumb Code     6  hw_rtc.o(i.HW_RTC_GetTimerContext)
    HW_RTC_GetTimerElapsedTime               0x080036c5   Thumb Code    22  hw_rtc.o(i.HW_RTC_GetTimerElapsedTime)
    HW_RTC_GetTimerValue                     0x080036e1   Thumb Code    16  hw_rtc.o(i.HW_RTC_GetTimerValue)
    HW_RTC_Init                              0x080036f1   Thumb Code    34  hw_rtc.o(i.HW_RTC_Init)
    HW_RTC_IrqHandler                        0x0800371d   Thumb Code    54  hw_rtc.o(i.HW_RTC_IrqHandler)
    HW_RTC_SetAlarm                          0x0800375d   Thumb Code    34  hw_rtc.o(i.HW_RTC_SetAlarm)
    HW_RTC_SetTimerContext                   0x080037e1   Thumb Code    18  hw_rtc.o(i.HW_RTC_SetTimerContext)
    HW_RTC_StopAlarm                         0x08003911   Thumb Code    36  hw_rtc.o(i.HW_RTC_StopAlarm)
    HW_RTC_ms2Tick                           0x0800393d   Thumb Code    16  hw_rtc.o(i.HW_RTC_ms2Tick)
    HW_SPI_ClearIRQ                          0x0800394d   Thumb Code   166  hw_spi.o(i.HW_SPI_ClearIRQ)
    HW_SPI_InOut                             0x080039fd   Thumb Code    28  hw_spi.o(i.HW_SPI_InOut)
    HW_SPI_Init                              0x08003a1d   Thumb Code    78  hw_spi.o(i.HW_SPI_Init)
    HW_SPI_IoInit                            0x08003a7d   Thumb Code    92  hw_spi.o(i.HW_SPI_IoInit)
    HW_SPI_IoNssHwInit                       0x08003add   Thumb Code    88  hw_spi.o(i.HW_SPI_IoNssHwInit)
    HW_SPI_IoNssSwInit                       0x08003b3d   Thumb Code    76  hw_spi.o(i.HW_SPI_IoNssSwInit)
    HW_SPI_Transmit_DMA_Start                0x08003b91   Thumb Code    22  hw_spi.o(i.HW_SPI_Transmit_DMA_Start)
    HW_SPI_Transmit_DMA_Stop                 0x08003bad   Thumb Code    36  hw_spi.o(i.HW_SPI_Transmit_DMA_Stop)
    HW_SetHSEasSysClock                      0x08003bd5   Thumb Code    40  mlm32l0xx_hw.o(i.HW_SetHSEasSysClock)
    HW_SetHSIasSysClock                      0x08003c01   Thumb Code    80  mlm32l0xx_hw.o(i.HW_SetHSIasSysClock)
    HW_TIM2_Init                             0x08003c55   Thumb Code    84  hw_tim2.o(i.HW_TIM2_Init)
    HW_TIM2_SetPeriod                        0x08003cad   Thumb Code    30  hw_tim2.o(i.HW_TIM2_SetPeriod)
    HW_TIM2_Start                            0x08003cd1   Thumb Code    28  hw_tim2.o(i.HW_TIM2_Start)
    HW_TIM2_Stop                             0x08003cf1   Thumb Code    50  hw_tim2.o(i.HW_TIM2_Stop)
    HardFault_Handler                        0x08003d29   Thumb Code     4  mlm32l0xx_it.o(i.HardFault_Handler)
    IsNewCharReceived                        0x08003d2d   Thumb Code    28  vcom.o(i.IsNewCharReceived)
    LL_DMA_Init                              0x08003d4d   Thumb Code    94  stm32l0xx_ll_dma.o(i.LL_DMA_Init)
    LL_LPUART_Init                           0x08003e09   Thumb Code   106  stm32l0xx_ll_lpuart.o(i.LL_LPUART_Init)
    LL_RCC_GetLPUARTClockFreq                0x08003e79   Thumb Code    76  stm32l0xx_ll_rcc.o(i.LL_RCC_GetLPUARTClockFreq)
    LPM_EnterLowPower                        0x08003eed   Thumb Code    46  low_power_manager.o(i.LPM_EnterLowPower)
    LPM_EnterOffMode                         0x08003f21   Thumb Code    44  mlm32l0xx_hw.o(i.LPM_EnterOffMode)
    LPM_EnterSleepMode                       0x08003f51   Thumb Code    12  mlm32l0xx_hw.o(i.LPM_EnterSleepMode)
    LPM_EnterStopMode                        0x08003f5d   Thumb Code    36  mlm32l0xx_hw.o(i.LPM_EnterStopMode)
    LPM_ExitOffMode                          0x08003f85   Thumb Code     2  low_power_manager.o(i.LPM_ExitOffMode)
    LPM_ExitSleepMode                        0x08003f87   Thumb Code     2  low_power_manager.o(i.LPM_ExitSleepMode)
    LPM_ExitStopMode                         0x08003f89   Thumb Code    72  mlm32l0xx_hw.o(i.LPM_ExitStopMode)
    LPM_SetOffMode                           0x08003fd5   Thumb Code    34  low_power_manager.o(i.LPM_SetOffMode)
    LPM_SetStopMode                          0x08003ffd   Thumb Code    34  low_power_manager.o(i.LPM_SetStopMode)
    MCU_API_delay                            0x08004025   Thumb Code    90  mcu_api.o(i.MCU_API_delay)
    MCU_API_free                             0x08004085   Thumb Code     4  mcu_api.o(i.MCU_API_free)
    MCU_API_get_nv_mem                       0x08004089   Thumb Code    22  mcu_api.o(i.MCU_API_get_nv_mem)
    MCU_API_get_version                      0x080040a5   Thumb Code    20  mcu_api.o(i.MCU_API_get_version)
    MCU_API_get_voltage_temperature          0x080040bd   Thumb Code    34  mcu_api.o(i.MCU_API_get_voltage_temperature)
    MCU_API_malloc                           0x080040e1   Thumb Code    18  mcu_api.o(i.MCU_API_malloc)
    MCU_API_report_test_result               0x080040f9   Thumb Code    78  mcu_api.o(i.MCU_API_report_test_result)
    MCU_API_set_nv_mem                       0x0800417d   Thumb Code    34  mcu_api.o(i.MCU_API_set_nv_mem)
    MCU_API_timer_start                      0x080041a5   Thumb Code    36  mcu_api.o(i.MCU_API_timer_start)
    MCU_API_timer_start_carrier_sense        0x080041d1   Thumb Code    30  mcu_api.o(i.MCU_API_timer_start_carrier_sense)
    MCU_API_timer_stop                       0x080041f9   Thumb Code    12  mcu_api.o(i.MCU_API_timer_stop)
    MCU_API_timer_stop_carrier_sense         0x08004209   Thumb Code    12  mcu_api.o(i.MCU_API_timer_stop_carrier_sense)
    MCU_API_timer_wait_for_end               0x08004219   Thumb Code    12  mcu_api.o(i.MCU_API_timer_wait_for_end)
    MSP_GetIRQn                              0x08004225   Thumb Code    48  mlm32l0xx_hal_msp.o(i.MSP_GetIRQn)
    NMI_Handler                              0x08004255   Thumb Code     2  mlm32l0xx_it.o(i.NMI_Handler)
    OnTimerTimeoutCsEvt                      0x080042a9   Thumb Code     8  st_lowlevel.o(i.OnTimerTimeoutCsEvt)
    PendSV_Handler                           0x080042bf   Thumb Code     2  mlm32l0xx_it.o(i.PendSV_Handler)
    RCC_GetHCLKClockFreq                     0x080042d5   Thumb Code    18  stm32l0xx_ll_rcc.o(i.RCC_GetHCLKClockFreq)
    RCC_GetPCLK1ClockFreq                    0x080042f1   Thumb Code    16  stm32l0xx_ll_rcc.o(i.RCC_GetPCLK1ClockFreq)
    RCC_GetSystemClockFreq                   0x08004309   Thumb Code    52  stm32l0xx_ll_rcc.o(i.RCC_GetSystemClockFreq)
    RCC_PLL_GetFreqDomain_SYS                0x0800434d   Thumb Code    48  stm32l0xx_ll_rcc.o(i.RCC_PLL_GetFreqDomain_SYS)
    RETURN_CODE                              0x080043f9   Thumb Code     8  sigfox_internal.o(i.RETURN_CODE)
    RF_API_change_frequency                  0x08004401   Thumb Code    10  rf_api.o(i.RF_API_change_frequency)
    RF_API_get_version                       0x0800440d   Thumb Code    38  rf_api.o(i.RF_API_get_version)
    RF_API_init                              0x0800443d   Thumb Code    56  rf_api.o(i.RF_API_init)
    RF_API_send                              0x08004475   Thumb Code    58  rf_api.o(i.RF_API_send)
    RF_API_start_continuous_transmission     0x080044af   Thumb Code    48  rf_api.o(i.RF_API_start_continuous_transmission)
    RF_API_stop                              0x080044df   Thumb Code    10  rf_api.o(i.RF_API_stop)
    RF_API_stop_continuous_transmission      0x080044e9   Thumb Code    18  rf_api.o(i.RF_API_stop_continuous_transmission)
    RF_API_wait_for_clear_channel            0x080044fd   Thumb Code   136  rf_api.o(i.RF_API_wait_for_clear_channel)
    RF_API_wait_frame                        0x08004589   Thumb Code    48  rf_api.o(i.RF_API_wait_frame)
    RNG_LPUART1_IRQHandler                   0x080045b9   Thumb Code     8  mlm32l0xx_it.o(i.RNG_LPUART1_IRQHandler)
    RTC_Bcd2ToByte                           0x080045c1   Thumb Code    16  stm32l0xx_hal_rtc.o(i.RTC_Bcd2ToByte)
    RTC_ByteToBcd2                           0x080045d1   Thumb Code    22  stm32l0xx_hal_rtc.o(i.RTC_ByteToBcd2)
    RTC_EnterInitMode                        0x080045e7   Thumb Code    56  stm32l0xx_hal_rtc.o(i.RTC_EnterInitMode)
    RTC_IRQHandler                           0x0800461f   Thumb Code     8  mlm32l0xx_it.o(i.RTC_IRQHandler)
    RxChainCalibration                       0x08004629   Thumb Code   138  sx1276.o(i.RxChainCalibration)
    SCH_ClrEvt                               0x080046bd   Thumb Code    24  scheduler.o(i.SCH_ClrEvt)
    SCH_EvtIdle                              0x080046d9   Thumb Code     8  scheduler.o(i.SCH_EvtIdle)
    SCH_Idle                                 0x080046e1   Thumb Code    18  main.o(i.SCH_Idle)
    SCH_RegTask                              0x080046f5   Thumb Code    18  scheduler.o(i.SCH_RegTask)
    SCH_Run                                  0x0800470d   Thumb Code   110  scheduler.o(i.SCH_Run)
    SCH_SetEvt                               0x08004789   Thumb Code    24  scheduler.o(i.SCH_SetEvt)
    SCH_SetTask                              0x080047a5   Thumb Code    24  scheduler.o(i.SCH_SetTask)
    SCH_WaitEvt                              0x080047c1   Thumb Code    36  scheduler.o(i.SCH_WaitEvt)
    SE_NVM_get                               0x080047e9   Thumb Code    22  se_nvm.o(i.SE_NVM_get)
    SE_NVM_get_key_type                      0x08004805   Thumb Code     6  se_nvm.o(i.SE_NVM_get_key_type)
    SE_NVM_set                               0x08004811   Thumb Code    34  se_nvm.o(i.SE_NVM_set)
    SE_NVM_set_key_type                      0x08004839   Thumb Code    18  se_nvm.o(i.SE_NVM_set_key_type)
    SGFX_SX1276_getPower                     0x08004851   Thumb Code     8  sgfxsx1276modulation-lib.o(i.SGFX_SX1276_getPower)
    SGFX_SX1276_get_version                  0x08004859   Thumb Code     4  sgfxsx1276modulation-lib.o(i.SGFX_SX1276_get_version)
    SGFX_SX1276_rx_config                    0x08004861   Thumb Code    48  sgfxsx1276modulation-lib.o(i.SGFX_SX1276_rx_config)
    SGFX_SX1276_rx_setbw                     0x08004895   Thumb Code    36  sgfxsx1276modulation-lib.o(i.SGFX_SX1276_rx_setbw)
    SGFX_SX1276_rx_start                     0x080048b9   Thumb Code    12  sgfxsx1276modulation-lib.o(i.SGFX_SX1276_rx_start)
    SGFX_SX1276_rx_stop                      0x080048c5   Thumb Code    28  sgfxsx1276modulation-lib.o(i.SGFX_SX1276_rx_stop)
    SGFX_SX1276_setPower                     0x080048e1   Thumb Code    22  sgfxsx1276modulation-lib.o(i.SGFX_SX1276_setPower)
    SGFX_SX1276_start_txtest_cw              0x080048f7   Thumb Code    28  sgfxsx1276modulation-lib.o(i.SGFX_SX1276_start_txtest_cw)
    SGFX_SX1276_start_txtest_prbs9           0x08004913   Thumb Code    32  sgfxsx1276modulation-lib.o(i.SGFX_SX1276_start_txtest_prbs9)
    SGFX_SX1276_stop                         0x08004933   Thumb Code    18  sgfxsx1276modulation-lib.o(i.SGFX_SX1276_stop)
    SGFX_SX1276_stop_txtest                  0x08004945   Thumb Code    28  sgfxsx1276modulation-lib.o(i.SGFX_SX1276_stop_txtest)
    SGFX_SX1276_tx                           0x08004961   Thumb Code    48  sgfxsx1276modulation-lib.o(i.SGFX_SX1276_tx)
    SGFX_SX1276_tx_config                    0x08004991   Thumb Code    96  sgfxsx1276modulation-lib.o(i.SGFX_SX1276_tx_config)
    SIGFOX_API_close                         0x080049f5   Thumb Code    40  sigfox_api.o(i.SIGFOX_API_close)
    SIGFOX_API_get_device_id                 0x08004a21   Thumb Code     8  sigfox_api.o(i.SIGFOX_API_get_device_id)
    SIGFOX_API_get_initial_pac               0x08004a29   Thumb Code    50  sigfox_api.o(i.SIGFOX_API_get_initial_pac)
    SIGFOX_API_get_version                   0x08004a5d   Thumb Code    72  sigfox_api.o(i.SIGFOX_API_get_version)
    SIGFOX_API_open                          0x08004aa9   Thumb Code   322  sigfox_api.o(i.SIGFOX_API_open)
    SIGFOX_API_receive_test_frame            0x08004c15   Thumb Code   124  sigfox_api.o(i.SIGFOX_API_receive_test_frame)
    SIGFOX_API_send_bit                      0x08004c99   Thumb Code    56  sigfox_api.o(i.SIGFOX_API_send_bit)
    SIGFOX_API_send_frame                    0x08004cd5   Thumb Code    66  sigfox_api.o(i.SIGFOX_API_send_frame)
    SIGFOX_API_send_outofband                0x08004d1d   Thumb Code    50  sigfox_api.o(i.SIGFOX_API_send_outofband)
    SIGFOX_API_send_test_frame               0x08004d55   Thumb Code   154  sigfox_api.o(i.SIGFOX_API_send_test_frame)
    SIGFOX_API_set_std_config                0x08004df9   Thumb Code   114  sigfox_api.o(i.SIGFOX_API_set_std_config)
    SIGFOX_API_start_continuous_transmission 0x08004e7d   Thumb Code    74  sigfox_api.o(i.SIGFOX_API_start_continuous_transmission)
    SIGFOX_API_stop_continuous_transmission  0x08004ecd   Thumb Code    48  sigfox_api.o(i.SIGFOX_API_stop_continuous_transmission)
    SIGFOX_INT_build_frame                   0x08004f01   Thumb Code   324  sigfox_internal.o(i.SIGFOX_INT_build_frame)
    SIGFOX_INT_compute_carrier_sense_frequency 0x08005045   Thumb Code    44  sigfox_internal.o(i.SIGFOX_INT_compute_carrier_sense_frequency)
    SIGFOX_INT_compute_channels              0x08005071   Thumb Code   308  sigfox_internal.o(i.SIGFOX_INT_compute_channels)
    SIGFOX_INT_compute_downlink_frequency    0x080051a9   Thumb Code     4  sigfox_internal.o(i.SIGFOX_INT_compute_downlink_frequency)
    SIGFOX_INT_compute_uplink_frequency      0x080051ad   Thumb Code   118  sigfox_internal.o(i.SIGFOX_INT_compute_uplink_frequency)
    SIGFOX_INT_dc_lbt_channel_pn_max         0x0800522d   Thumb Code    42  sigfox_internal.o(i.SIGFOX_INT_dc_lbt_channel_pn_max)
    SIGFOX_INT_dc_lbt_channel_pn_min         0x08005257   Thumb Code    26  sigfox_internal.o(i.SIGFOX_INT_dc_lbt_channel_pn_min)
    SIGFOX_INT_downlink_configuration        0x08005271   Thumb Code    78  sigfox_internal.o(i.SIGFOX_INT_downlink_configuration)
    SIGFOX_INT_execute_carrier_sense         0x080052bf   Thumb Code    58  sigfox_internal.o(i.SIGFOX_INT_execute_carrier_sense)
    SIGFOX_INT_execute_communication_sequence 0x080052f9   Thumb Code   332  sigfox_internal.o(i.SIGFOX_INT_execute_communication_sequence)
    SIGFOX_INT_get_device_id                 0x0800544d   Thumb Code    46  sigfox_internal.o(i.SIGFOX_INT_get_device_id)
    SIGFOX_INT_get_macro_channel_index       0x0800547b   Thumb Code    98  sigfox_internal.o(i.SIGFOX_INT_get_macro_channel_index)
    SIGFOX_INT_get_max_micro_channel         0x080054dd   Thumb Code    52  sigfox_internal.o(i.SIGFOX_INT_get_max_micro_channel)
    SIGFOX_INT_get_received_frames           0x08005511   Thumb Code   240  sigfox_internal.o(i.SIGFOX_INT_get_received_frames)
    SIGFOX_INT_prepare_transmission          0x08005601   Thumb Code   100  sigfox_internal.o(i.SIGFOX_INT_prepare_transmission)
    SIGFOX_INT_process_downlink              0x08005671   Thumb Code    66  sigfox_internal.o(i.SIGFOX_INT_process_downlink)
    SIGFOX_INT_process_uplink                0x080056b3   Thumb Code   616  sigfox_internal.o(i.SIGFOX_INT_process_uplink)
    SIGFOX_INT_randomize                     0x0800591b   Thumb Code    20  sigfox_internal.o(i.SIGFOX_INT_randomize)
    SIGFOX_INT_send_single_frame             0x0800592f   Thumb Code   124  sigfox_internal.o(i.SIGFOX_INT_send_single_frame)
    SIGFOX_INT_store_nvm                     0x080059ab   Thumb Code    38  sigfox_internal.o(i.SIGFOX_INT_store_nvm)
    SIGFOX_PN_next_pn                        0x080059d1   Thumb Code    72  sigfox_pn.o(i.SIGFOX_PN_next_pn)
    SIGFOX_SCRAMB_compute                    0x08005a1d   Thumb Code   100  sigfox_scramb.o(i.SIGFOX_SCRAMB_compute)
    STLL_LowPower                            0x08005c13   Thumb Code    20  st_lowlevel.o(i.STLL_LowPower)
    STLL_RadioPowerGet                       0x08005c49   Thumb Code     8  st_lowlevel.o(i.STLL_RadioPowerGet)
    STLL_RadioPowerSetBoard                  0x08005c55   Thumb Code     8  st_lowlevel.o(i.STLL_RadioPowerSetBoard)
    STLL_RadioPowerSetEeprom                 0x08005c5d   Thumb Code    18  st_lowlevel.o(i.STLL_RadioPowerSetEeprom)
    STLL_Radio_DeInit                        0x08005c75   Thumb Code    30  st_lowlevel.o(i.STLL_Radio_DeInit)
    STLL_Radio_Init                          0x08005c93   Thumb Code    22  st_lowlevel.o(i.STLL_Radio_Init)
    STLL_Radio_IoDeInit                      0x08005ca9   Thumb Code    72  st_lowlevel.o(i.STLL_Radio_IoDeInit)
    STLL_Radio_IoInit                        0x08005cf9   Thumb Code    34  st_lowlevel.o(i.STLL_Radio_IoInit)
    STLL_Radio_ReadFifo                      0x08005d29   Thumb Code    12  st_lowlevel.o(i.STLL_Radio_ReadFifo)
    STLL_Radio_ReadReg                       0x08005d35   Thumb Code     8  st_lowlevel.o(i.STLL_Radio_ReadReg)
    STLL_Radio_SetFreq                       0x08005d3d   Thumb Code     8  st_lowlevel.o(i.STLL_Radio_SetFreq)
    STLL_Radio_SetOpMode                     0x08005d45   Thumb Code     8  st_lowlevel.o(i.STLL_Radio_SetOpMode)
    STLL_Radio_WriteReg                      0x08005d4d   Thumb Code     8  st_lowlevel.o(i.STLL_Radio_WriteReg)
    STLL_RxCarrierSenseGetRssi               0x08005d55   Thumb Code    22  st_lowlevel.o(i.STLL_RxCarrierSenseGetRssi)
    STLL_RxCarrierSenseGetStatus             0x08005d71   Thumb Code     6  st_lowlevel.o(i.STLL_RxCarrierSenseGetStatus)
    STLL_RxCarrierSenseInitStatus            0x08005d7d   Thumb Code     8  st_lowlevel.o(i.STLL_RxCarrierSenseInitStatus)
    STLL_SGFX_SX1276_GetSyncRssi             0x08005d89   Thumb Code     8  st_lowlevel.o(i.STLL_SGFX_SX1276_GetSyncRssi)
    STLL_SetClockSource                      0x08005d95   Thumb Code    18  st_lowlevel.o(i.STLL_SetClockSource)
    STLL_SetEndOfTxFrame                     0x08005da7   Thumb Code    10  st_lowlevel.o(i.STLL_SetEndOfTxFrame)
    STLL_TIM2_SetPeriod                      0x08005db1   Thumb Code     8  st_lowlevel.o(i.STLL_TIM2_SetPeriod)
    STLL_TIM2_Start                          0x08005db9   Thumb Code     8  st_lowlevel.o(i.STLL_TIM2_Start)
    STLL_TIM2_Stop                           0x08005dc1   Thumb Code     8  st_lowlevel.o(i.STLL_TIM2_Stop)
    STLL_TX_IRQHandler_CB                    0x08005dc9   Thumb Code   134  sgfxsx1276modulation-lib.o(i.STLL_TX_IRQHandler_CB)
    STLL_Transmit_DMA_Start                  0x08005e59   Thumb Code     8  st_lowlevel.o(i.STLL_Transmit_DMA_Start)
    STLL_Transmit_DMA_Stop                   0x08005e61   Thumb Code     8  st_lowlevel.o(i.STLL_Transmit_DMA_Stop)
    STLL_WaitEndOfRxFrame                    0x08005e69   Thumb Code    24  st_lowlevel.o(i.STLL_WaitEndOfRxFrame)
    STLL_WaitEndOfTxFrame                    0x08005e85   Thumb Code    12  st_lowlevel.o(i.STLL_WaitEndOfTxFrame)
    SVC_Handler                              0x08005e91   Thumb Code     2  mlm32l0xx_it.o(i.SVC_Handler)
    SX1276BoardInit                          0x08005e95   Thumb Code     6  sx1276.o(i.SX1276BoardInit)
    SX1276GetPaSelect                        0x08005ea1   Thumb Code    12  mlm32l07x01.o(i.SX1276GetPaSelect)
    SX1276GetWakeUpTime                      0x08005ead   Thumb Code     4  mlm32l07x01.o(i.SX1276GetWakeUpTime)
    SX1276Init                               0x08005eb1   Thumb Code   122  sx1276.o(i.SX1276Init)
    SX1276IoDeInit                           0x08005f3d   Thumb Code    80  mlm32l07x01.o(i.SX1276IoDeInit)
    SX1276IoInit                             0x08005f99   Thumb Code   106  mlm32l07x01.o(i.SX1276IoInit)
    SX1276IoIrqInit                          0x08006015   Thumb Code    58  mlm32l07x01.o(i.SX1276IoIrqInit)
    SX1276OnDio0Irq                          0x08006059   Thumb Code   594  sx1276.o(i.SX1276OnDio0Irq)
    SX1276OnDio1Irq                          0x080062d5   Thumb Code   194  sx1276.o(i.SX1276OnDio1Irq)
    SX1276OnDio2Irq                          0x080063ad   Thumb Code   170  sx1276.o(i.SX1276OnDio2Irq)
    SX1276OnDio3Irq                          0x08006465   Thumb Code    76  sx1276.o(i.SX1276OnDio3Irq)
    SX1276OnDio4Irq                          0x080064b9   Thumb Code    24  sx1276.o(i.SX1276OnDio4Irq)
    SX1276OnTimeoutIrq                       0x080064d5   Thumb Code   188  sx1276.o(i.SX1276OnTimeoutIrq)
    SX1276Read                               0x0800659d   Thumb Code    16  sx1276.o(i.SX1276Read)
    SX1276ReadBuffer                         0x080065ad   Thumb Code    66  sx1276.o(i.SX1276ReadBuffer)
    SX1276ReadFifo                           0x080065ef   Thumb Code    14  sx1276.o(i.SX1276ReadFifo)
    SX1276Reset                              0x080065fd   Thumb Code    74  sx1276.o(i.SX1276Reset)
    SX1276SetAntSw                           0x0800664d   Thumb Code    60  mlm32l07x01.o(i.SX1276SetAntSw)
    SX1276SetAntSwLowPower                   0x08006691   Thumb Code   110  mlm32l07x01.o(i.SX1276SetAntSwLowPower)
    SX1276SetChannel                         0x08006705   Thumb Code    72  sx1276.o(i.SX1276SetChannel)
    SX1276SetModem                           0x08006755   Thumb Code   106  sx1276.o(i.SX1276SetModem)
    SX1276SetOpMode                          0x080067c5   Thumb Code    86  sx1276.o(i.SX1276SetOpMode)
    SX1276SetPublicNetwork                   0x08006821   Thumb Code    32  sx1276.o(i.SX1276SetPublicNetwork)
    SX1276SetRfTxPower                       0x08006845   Thumb Code   152  mlm32l07x01.o(i.SX1276SetRfTxPower)
    SX1276SetSleep                           0x080068dd   Thumb Code    32  sx1276.o(i.SX1276SetSleep)
    SX1276SetXO                              0x08006901   Thumb Code    40  mlm32l07x01.o(i.SX1276SetXO)
    SX1276Write                              0x08006929   Thumb Code    12  sx1276.o(i.SX1276Write)
    SX1276WriteBuffer                        0x08006935   Thumb Code    66  sx1276.o(i.SX1276WriteBuffer)
    SX1276WriteFifo                          0x08006977   Thumb Code    14  sx1276.o(i.SX1276WriteFifo)
    SysTick_Handler                          0x08006985   Thumb Code     8  mlm32l0xx_it.o(i.SysTick_Handler)
    SystemClock_Config                       0x0800698d   Thumb Code   130  mlm32l0xx_hw.o(i.SystemClock_Config)
    SystemInit                               0x08006a19   Thumb Code    66  system_stm32l0xx.o(i.SystemInit)
    TX_Start                                 0x08006c09   Thumb Code   144  sgfxsx1276modulation-lib.o(i.TX_Start)
    TX_Start_CW                              0x08006cad   Thumb Code    84  sgfxsx1276modulation-lib.o(i.TX_Start_CW)
    TX_Start_PRBS9                           0x08006d11   Thumb Code   144  sgfxsx1276modulation-lib.o(i.TX_Start_PRBS9)
    TX_Stop_DMA                              0x08006db5   Thumb Code    12  sgfxsx1276modulation-lib.o(i.TX_Stop_DMA)
    TX_Stop_Rf_Carrier                       0x08006dc1   Thumb Code    52  sgfxsx1276modulation-lib.o(i.TX_Stop_Rf_Carrier)
    TimerInit                                0x08006f31   Thumb Code    14  timeserver.o(i.TimerInit)
    TimerIrqHandler                          0x08006f5d   Thumb Code   116  timeserver.o(i.TimerIrqHandler)
    TimerSetValue                            0x08007001   Thumb Code    34  timeserver.o(i.TimerSetValue)
    TimerStart                               0x08007025   Thumb Code   108  timeserver.o(i.TimerStart)
    TimerStop                                0x08007095   Thumb Code    90  timeserver.o(i.TimerStop)
    __0sprintf$6                             0x080070f5   Thumb Code    36  printf6.o(i.__0sprintf$6)
    __1sprintf$6                             0x080070f5   Thumb Code     0  printf6.o(i.__0sprintf$6)
    __2sprintf                               0x080070f5   Thumb Code     0  printf6.o(i.__0sprintf$6)
    __ARM_common_switch8                     0x0800711d   Thumb Code    26  sx1276.o(i.__ARM_common_switch8)
    __scatterload_copy                       0x08007137   Thumb Code    14  handlers.o(i.__scatterload_copy)
    __scatterload_null                       0x08007145   Thumb Code     2  handlers.o(i.__scatterload_null)
    __scatterload_zeroinit                   0x08007147   Thumb Code    14  handlers.o(i.__scatterload_zeroinit)
    main                                     0x080075e9   Thumb Code    68  main.o(i.main)
    tiny_sscanf                              0x08007961   Thumb Code    20  tiny_sscanf.o(i.tiny_sscanf)
    tiny_vsnprintf_like                      0x08007bc9   Thumb Code   338  tiny_vsnprintf.o(i.tiny_vsnprintf_like)
    vcom_Dma_IRQHandler                      0x08007d25   Thumb Code    90  vcom.o(i.vcom_Dma_IRQHandler)
    vcom_IRQHandler                          0x08007d91   Thumb Code   196  vcom.o(i.vcom_IRQHandler)
    vcom_Init                                0x08007e5d   Thumb Code   120  vcom.o(i.vcom_Init)
    vcom_IoInit                              0x08007edd   Thumb Code    50  vcom.o(i.vcom_IoInit)
    vcom_ReceiveInit                         0x08007f55   Thumb Code    50  vcom.o(i.vcom_ReceiveInit)
    vcom_Send                                0x08007f8d   Thumb Code   244  vcom.o(i.vcom_Send)
    BUTTON_IRQn                              0x0800811c   Data           1  b-l072z-lrwan1.o(.constdata)
    BUTTON_PIN                               0x0800811e   Data           2  b-l072z-lrwan1.o(.constdata)
    LED_PIN                                  0x08008120   Data           8  b-l072z-lrwan1.o(.constdata)
    RadioRegsInit                            0x08008128   Data          48  sx1276.o(.constdata)
    FskBandwidths                            0x08008158   Data         176  sx1276.o(.constdata)
    AHBPrescTable                            0x08008208   Data          16  system_stm32l0xx.o(.constdata)
    PLLMulTable                              0x08008218   Data           9  system_stm32l0xx.o(.constdata)
    APBPrescTable                            0x08008221   Data           8  system_stm32l0xx.o(.constdata)
    rx_gfsk_pattern                          0x080085cd   Data          15  addon_sigfox_verified_api.o(.constdata)
    fsync_lut_tx                             0x080085dc   Data          36  sigfox_internal.o(.constdata)
    Region$$Table$$Base                      0x08008bec   Number         0  anon$$obj.o(Region$$Table)
    Region$$Table$$Limit                     0x08008c1c   Number         0  anon$$obj.o(Region$$Table)
    encrypted_sigfox_data                    0x08017000   Data          48  sigfox_data.o(.constdata)
    CREDENTIALS_aes_128_cbc_encrypt          0x08018001   Thumb Code    72  sgfx_credentials_lib.o(i.CREDENTIALS_aes_128_cbc_encrypt)
    CREDENTIALS_aes_128_cbc_encrypt_with_session_key 0x08018049   Thumb Code    52  sgfx_credentials_lib.o(i.CREDENTIALS_aes_128_cbc_encrypt_with_session_key)
    CREDENTIALS_get_dev_id                   0x08018165   Thumb Code    30  sgfx_credentials_lib.o(i.CREDENTIALS_get_dev_id)
    CREDENTIALS_get_initial_pac              0x08018189   Thumb Code    30  sgfx_credentials_lib.o(i.CREDENTIALS_get_initial_pac)
    CREDENTIALS_get_payload_encryption_flag  0x080181f1   Thumb Code     6  sgfx_credentials_lib.o(i.CREDENTIALS_get_payload_encryption_flag)
    CREDENTIALS_get_version                  0x08018271   Thumb Code     4  sgfx_credentials_lib.o(i.CREDENTIALS_get_version)
    CREDENTIALS_wrap_session_key             0x08018279   Thumb Code    66  sgfx_credentials_lib.o(i.CREDENTIALS_wrap_session_key)
    SE_API_close                             0x080182c1   Thumb Code     4  sgfx_cmac_lib.o(i.SE_API_close)
    SE_API_get_device_id                     0x080182c5   Thumb Code    10  sgfx_cmac_lib.o(i.SE_API_get_device_id)
    SE_API_get_initial_pac                   0x080182cf   Thumb Code    10  sgfx_cmac_lib.o(i.SE_API_get_initial_pac)
    SE_API_get_version                       0x080182d9   Thumb Code    42  sgfx_cmac_lib.o(i.SE_API_get_version)
    SE_API_open                              0x0801830d   Thumb Code     4  sgfx_cmac_lib.o(i.SE_API_open)
    SE_API_secure_uplink_message             0x08018311   Thumb Code   496  sgfx_cmac_lib.o(i.SE_API_secure_uplink_message)
    SE_API_verify_downlink_message           0x08018505   Thumb Code   292  sgfx_cmac_lib.o(i.SE_API_verify_downlink_message)
    pow_alpha                                0x080190d6   Data          16  sgfx_cmac_lib.o(.constdata)
    log_alpha                                0x080190e6   Data          16  sgfx_cmac_lib.o(.constdata)
    E2pData                                  0x08080004   Data          88  hw_eeprom.o(eeprom_sect)
    BUTTON_PORT                              0x20000000   Data           4  b-l072z-lrwan1.o(.data)
    LED_PORT                                 0x20000004   Data          16  b-l072z-lrwan1.o(.data)
    DioIrq                                   0x20000034   Data          24  sx1276.o(.data)
    SystemCoreClock                          0x2000004c   Data           4  system_stm32l0xx.o(.data)
    uwTick                                   0x20000050   Data           4  stm32l0xx_hal.o(.data)
    nextbit                                  0x200000b8   Data           4  sgfxsx1276modulation-lib.o(.data)
    modulationLibVersion                     0x200000bc   Data          23  sgfxsx1276modulation-lib.o(.data)
    g_state                                  0x200000d4   Data           1  sigfox_api.o(.data)
    rs                                       0x200000d8   Data           4  sigfox_api.o(.data)
    config_words_rc2                         0x200000dc   Data          12  addon_sigfox_verified_api.o(.data)
    config_words_rc4                         0x200000e8   Data          12  addon_sigfox_verified_api.o(.data)
    config_words_lbt                         0x200000f4   Data          12  addon_sigfox_verified_api.o(.data)
    se_api_version                           0x20000100   Data          30  sgfx_cmac_lib.o(.data)
    SX1276                                   0x20000230   Data         104  sx1276.o(.bss)
    TxTimeoutTimer                           0x20000298   Data          20  sx1276.o(.bss)
    RxTimeoutTimer                           0x200002ac   Data          20  sx1276.o(.bss)
    RxTimeoutSyncWord                        0x200002c0   Data          20  sx1276.o(.bss)
    __initial_sp                             0x20001790   Data           0  startup_stm32l072xx.o(STACK)



==============================================================================

Memory Map of the image

  Image Entry point : 0x080000c1

  Load Region LR_IROM1 (Base: 0x08000000, Size: 0x00008d4c, Max: 0x00017000, ABSOLUTE, COMPRESSED[0x00008cb0])

    Execution Region ER_IROM1 (Base: 0x08000000, Size: 0x00008c1c, Max: 0x00017000, ABSOLUTE)

    Base Addr    Size         Type   Attr      Idx    E Section Name        Object

    0x08000000   0x000000c0   Data   RO         4153    RESET               startup_stm32l072xx.o
    0x080000c0   0x00000000   Code   RO         6275  * .ARM.Collect$$$$00000000  mc_p.l(entry.o)
    0x080000c0   0x00000004   Code   RO         6575    .ARM.Collect$$$$00000001  mc_p.l(entry2.o)
    0x080000c4   0x00000004   Code   RO         6578    .ARM.Collect$$$$00000004  mc_p.l(entry5.o)
    0x080000c8   0x00000000   Code   RO         6580    .ARM.Collect$$$$00000008  mc_p.l(entry7b.o)
    0x080000c8   0x00000000   Code   RO         6582    .ARM.Collect$$$$0000000A  mc_p.l(entry8b.o)
    0x080000c8   0x00000008   Code   RO         6583    .ARM.Collect$$$$0000000B  mc_p.l(entry9a.o)
    0x080000d0   0x00000000   Code   RO         6585    .ARM.Collect$$$$0000000D  mc_p.l(entry10a.o)
    0x080000d0   0x00000000   Code   RO         6587    .ARM.Collect$$$$0000000F  mc_p.l(entry11a.o)
    0x080000d0   0x00000004   Code   RO         6576    .ARM.Collect$$$$00002712  mc_p.l(entry2.o)
    0x080000d4   0x0000001c   Code   RO         4154    .text               startup_stm32l072xx.o
    0x080000f0   0x0000002c   Code   RO         6278    .text               mc_p.l(uidiv.o)
    0x0800011c   0x00000028   Code   RO         6280    .text               mc_p.l(idiv.o)
    0x08000144   0x00000060   Code   RO         6282    .text               mc_p.l(uldiv.o)
    0x080001a4   0x0000007a   Code   RO         6284    .text               mc_p.l(llmul.o)
    0x0800021e   0x00000024   Code   RO         6286    .text               mc_p.l(memcpya.o)
    0x08000242   0x00000024   Code   RO         6288    .text               mc_p.l(memseta.o)
    0x08000266   0x0000000e   Code   RO         6290    .text               mc_p.l(strlen.o)
    0x08000274   0x0000001e   Code   RO         6292    .text               mc_p.l(strncmp.o)
    0x08000292   0x00000014   Code   RO         6557    .text               mc_p.l(uread4.o)
    0x080002a6   0x00000020   Code   RO         6592    .text               mc_p.l(llshl.o)
    0x080002c6   0x00000022   Code   RO         6594    .text               mc_p.l(llushr.o)
    0x080002e8   0x00000024   Code   RO         6609    .text               mc_p.l(init.o)
    0x0800030c   0x00000056   Code   RO         6621    .text               mc_p.l(__dczerorl2.o)
    0x08000362   0x00000002   PAD
    0x08000364   0x00000024   Code   RO         1227    i.ADC_DelayMicroSecond  stm32l0xx_hal_adc.o
    0x08000388   0x00000064   Code   RO         1229    i.ADC_Enable        stm32l0xx_hal_adc.o
    0x080003ec   0x0000003e   Code   RO         6129    i.ADDON_SIGFOX_VERIFIED_API_get_first_activated_macro_channel  SgfxAddonV020_CM0_Keil.lib(addon_sigfox_verified_api.o)
    0x0800042a   0x00000002   PAD
    0x0800042c   0x00000070   Code   RO         6131    i.ADDON_SIGFOX_VERIFIED_API_init  SgfxAddonV020_CM0_Keil.lib(addon_sigfox_verified_api.o)
    0x0800049c   0x000000de   Code   RO         6132    i.ADDON_SIGFOX_VERIFIED_API_send_tx_protocol  SgfxAddonV020_CM0_Keil.lib(addon_sigfox_verified_api.o)
    0x0800057a   0x00000010   Code   RO         6133    i.ADDON_SIGFOX_VERIFIED_API_sleep  SgfxAddonV020_CM0_Keil.lib(addon_sigfox_verified_api.o)
    0x0800058a   0x00000002   PAD
    0x0800058c   0x000003a0   Code   RO         6134    i.ADDON_SIGFOX_VERIFIED_API_test_mode  SgfxAddonV020_CM0_Keil.lib(addon_sigfox_verified_api.o)
    0x0800092c   0x00000150   Code   RO         5019    i.AT_ChannelConfigFcc_set  at.o
    0x08000a7c   0x0000003c   Code   RO         5020    i.AT_DevId_get      at.o
    0x08000ab8   0x00000038   Code   RO         5021    i.AT_DevPac_get     at.o
    0x08000af0   0x0000001c   Code   RO         5022    i.AT_PublicKey_get  at.o
    0x08000b0c   0x0000002a   Code   RO         5023    i.AT_PublicKey_set  at.o
    0x08000b36   0x00000002   PAD
    0x08000b38   0x0000007c   Code   RO         5024    i.AT_SendBit        at.o
    0x08000bb4   0x0000009c   Code   RO         5025    i.AT_SendFrame      at.o
    0x08000c50   0x0000001c   Code   RO         5026    i.AT_bat_get        at.o
    0x08000c6c   0x00000024   Code   RO         5027    i.AT_echo_get       at.o
    0x08000c90   0x00000040   Code   RO         5028    i.AT_echo_set       at.o
    0x08000cd0   0x0000000c   Code   RO         5029    i.AT_outOfBand_run  at.o
    0x08000cdc   0x0000001c   Code   RO         5030    i.AT_power_get      at.o
    0x08000cf8   0x0000002c   Code   RO         5031    i.AT_power_set      at.o
    0x08000d24   0x00000048   Code   RO         5032    i.AT_rc_get         at.o
    0x08000d6c   0x00000178   Code   RO         5033    i.AT_rc_set         at.o
    0x08000ee4   0x0000001c   Code   RO         5034    i.AT_reset          at.o
    0x08000f00   0x0000000a   Code   RO         5035    i.AT_restore_factory_settings  at.o
    0x08000f0a   0x00000004   Code   RO         5036    i.AT_return_error   at.o
    0x08000f0e   0x00000002   PAD
    0x08000f10   0x00000020   Code   RO         5038    i.AT_rssi_cal_get   at.o
    0x08000f30   0x00000030   Code   RO         5039    i.AT_rssi_cal_set   at.o
    0x08000f60   0x00000070   Code   RO         5040    i.AT_test_cw        at.o
    0x08000fd0   0x00000072   Code   RO         5041    i.AT_test_mode      at.o
    0x08001042   0x00000002   PAD
    0x08001044   0x00000094   Code   RO         5042    i.AT_test_pn        at.o
    0x080010d8   0x0000008c   Code   RO         5043    i.AT_version_get    at.o
    0x08001164   0x00000064   Code   RO            4    i.BSP_LED_Init      b-l072z-lrwan1.o
    0x080011c8   0x00000020   Code   RO            5    i.BSP_LED_Off       b-l072z-lrwan1.o
    0x080011e8   0x00000020   Code   RO            6    i.BSP_LED_On        b-l072z-lrwan1.o
    0x08001208   0x0000000c   Code   RO         4968    i.CMD_Init          command.o
    0x08001214   0x00000074   Code   RO         4969    i.CMD_Process       command.o
    0x08001288   0x00000060   Code   RO         4160    i.DBG_Init          debug.o
    0x080012e8   0x0000000c   Code   RO         4807    i.DMA1_Channel2_3_IRQHandler  mlm32l0xx_it.o
    0x080012f4   0x00000008   Code   RO         4808    i.DMA1_Channel4_5_6_7_IRQHandler  mlm32l0xx_it.o
    0x080012fc   0x0000001e   Code   RO         1958    i.DMA_SetConfig     stm32l0xx_hal_dma.o
    0x0800131a   0x00000002   PAD
    0x0800131c   0x00000034   Code   RO         5316    i.Delay_Lp          mcu_api.o
    0x08001350   0x00000010   Code   RO         4810    i.EXTI0_1_IRQHandler  mlm32l0xx_it.o
    0x08001360   0x00000010   Code   RO         4811    i.EXTI2_3_IRQHandler  mlm32l0xx_it.o
    0x08001370   0x0000005c   Code   RO         4812    i.EXTI4_15_IRQHandler  mlm32l0xx_it.o
    0x080013cc   0x00000002   Code   RO         4161    i.Error_Handler     debug.o
    0x080013ce   0x00000002   PAD
    0x080013d0   0x00000020   Code   RO         4691    i.GetNewChar        vcom.o
    0x080013f0   0x000000aa   Code   RO         3217    i.HAL_ADCEx_Calibration_Start  stm32l0xx_hal_adc_ex.o
    0x0800149a   0x00000002   PAD
    0x0800149c   0x00000094   Code   RO         1231    i.HAL_ADC_ConfigChannel  stm32l0xx_hal_adc.o
    0x08001530   0x00000006   Code   RO         1238    i.HAL_ADC_GetValue  stm32l0xx_hal_adc.o
    0x08001536   0x00000002   PAD
    0x08001538   0x000001c4   Code   RO         1240    i.HAL_ADC_Init      stm32l0xx_hal_adc.o
    0x080016fc   0x00000002   Code   RO         1243    i.HAL_ADC_MspInit   stm32l0xx_hal_adc.o
    0x080016fe   0x000000be   Code   RO         1244    i.HAL_ADC_PollForConversion  stm32l0xx_hal_adc.o
    0x080017bc   0x0000005c   Code   RO         1246    i.HAL_ADC_Start     stm32l0xx_hal_adc.o
    0x08001818   0x00000010   Code   RO         1631    i.HAL_DBGMCU_DisableDBGSleepMode  stm32l0xx_hal.o
    0x08001828   0x00000010   Code   RO         1632    i.HAL_DBGMCU_DisableDBGStandbyMode  stm32l0xx_hal.o
    0x08001838   0x00000010   Code   RO         1633    i.HAL_DBGMCU_DisableDBGStopMode  stm32l0xx_hal.o
    0x08001848   0x0000004c   Code   RO         1959    i.HAL_DMA_Abort     stm32l0xx_hal_dma.o
    0x08001894   0x00000108   Code   RO         1965    i.HAL_DMA_Init      stm32l0xx_hal_dma.o
    0x0800199c   0x0000004e   Code   RO         1968    i.HAL_DMA_Start_IT  stm32l0xx_hal_dma.o
    0x080019ea   0x0000000a   Code   RO         4500    i.HAL_Delay         mlm32l0xx_hal_msp.o
    0x080019f4   0x00000010   Code   RO         3856    i.HAL_FLASHEx_DATAEEPROM_EnableFixedTimeProgram  stm32l0xx_hal_flash_ex.o
    0x08001a04   0x00000014   Code   RO         3858    i.HAL_FLASHEx_DATAEEPROM_Lock  stm32l0xx_hal_flash_ex.o
    0x08001a18   0x00000024   Code   RO         3860    i.HAL_FLASHEx_DATAEEPROM_Unlock  stm32l0xx_hal_flash_ex.o
    0x08001a3c   0x00000008   Code   RO         4501    i.HAL_GPIO_EXTI_Callback  mlm32l0xx_hal_msp.o
    0x08001a44   0x00000018   Code   RO         1898    i.HAL_GPIO_EXTI_IRQHandler  stm32l0xx_hal_gpio.o
    0x08001a5c   0x00000184   Code   RO         1899    i.HAL_GPIO_Init     stm32l0xx_hal_gpio.o
    0x08001be0   0x0000000c   Code   RO         1903    i.HAL_GPIO_WritePin  stm32l0xx_hal_gpio.o
    0x08001bec   0x0000000c   Code   RO         1642    i.HAL_GetTick       stm32l0xx_hal.o
    0x08001bf8   0x00000010   Code   RO         1643    i.HAL_IncTick       stm32l0xx_hal.o
    0x08001c08   0x00000020   Code   RO         1644    i.HAL_Init          stm32l0xx_hal.o
    0x08001c28   0x00000004   Code   RO         4502    i.HAL_InitTick      mlm32l0xx_hal_msp.o
    0x08001c2c   0x00000030   Code   RO         4503    i.HAL_MspInit       mlm32l0xx_hal_msp.o
    0x08001c5c   0x00000014   Code   RO         1799    i.HAL_NVIC_EnableIRQ  stm32l0xx_hal_cortex.o
    0x08001c70   0x0000001c   Code   RO         1800    i.HAL_NVIC_GetPendingIRQ  stm32l0xx_hal_cortex.o
    0x08001c8c   0x00000008   Code   RO         1803    i.HAL_NVIC_SetPriority  stm32l0xx_hal_cortex.o
    0x08001c94   0x00000010   Code   RO         2156    i.HAL_PWREx_EnableFastWakeUp  stm32l0xx_hal_pwr_ex.o
    0x08001ca4   0x00000010   Code   RO         2158    i.HAL_PWREx_EnableUltraLowPower  stm32l0xx_hal_pwr_ex.o
    0x08001cb4   0x00000010   Code   RO         2040    i.HAL_PWR_DisablePVD  stm32l0xx_hal_pwr.o
    0x08001cc4   0x00000030   Code   RO         2049    i.HAL_PWR_EnterSLEEPMode  stm32l0xx_hal_pwr.o
    0x08001cf4   0x00000020   Code   RO         2050    i.HAL_PWR_EnterSTANDBYMode  stm32l0xx_hal_pwr.o
    0x08001d14   0x00000034   Code   RO         2051    i.HAL_PWR_EnterSTOPMode  stm32l0xx_hal_pwr.o
    0x08001d48   0x0000018c   Code   RO         1519    i.HAL_RCCEx_PeriphCLKConfig  stm32l0xx_hal_rcc_ex.o
    0x08001ed4   0x00000168   Code   RO         1405    i.HAL_RCC_ClockConfig  stm32l0xx_hal_rcc.o
    0x0800203c   0x00000078   Code   RO         1413    i.HAL_RCC_GetSysClockFreq  stm32l0xx_hal_rcc.o
    0x080020b4   0x0000045c   Code   RO         1416    i.HAL_RCC_OscConfig  stm32l0xx_hal_rcc.o
    0x08002510   0x0000003c   Code   RO         2351    i.HAL_RTCEx_EnableBypassShadow  stm32l0xx_hal_rtc_ex.o
    0x0800254c   0x00000008   Code   RO         4504    i.HAL_RTC_AlarmAEventCallback  mlm32l0xx_hal_msp.o
    0x08002554   0x000000d4   Code   RO         2211    i.HAL_RTC_DeInit    stm32l0xx_hal_rtc.o
    0x08002628   0x000000b8   Code   RO         2212    i.HAL_RTC_DeactivateAlarm  stm32l0xx_hal_rtc.o
    0x080026e0   0x00000044   Code   RO         2214    i.HAL_RTC_GetDate   stm32l0xx_hal_rtc.o
    0x08002724   0x0000005c   Code   RO         2216    i.HAL_RTC_GetTime   stm32l0xx_hal_rtc.o
    0x08002780   0x000000a4   Code   RO         2217    i.HAL_RTC_Init      stm32l0xx_hal_rtc.o
    0x08002824   0x00000014   Code   RO         4505    i.HAL_RTC_MspDeInit  mlm32l0xx_hal_msp.o
    0x08002838   0x0000005c   Code   RO         4506    i.HAL_RTC_MspInit   mlm32l0xx_hal_msp.o
    0x08002894   0x000001a0   Code   RO         2222    i.HAL_RTC_SetAlarm_IT  stm32l0xx_hal_rtc.o
    0x08002a34   0x000000cc   Code   RO         2223    i.HAL_RTC_SetDate   stm32l0xx_hal_rtc.o
    0x08002b00   0x000000f0   Code   RO         2224    i.HAL_RTC_SetTime   stm32l0xx_hal_rtc.o
    0x08002bf0   0x00000034   Code   RO         2225    i.HAL_RTC_WaitForSynchro  stm32l0xx_hal_rtc.o
    0x08002c24   0x00000036   Code   RO          648    i.HAL_SPI_DMAStop   stm32l0xx_hal_spi.o
    0x08002c5a   0x00000002   Code   RO          650    i.HAL_SPI_ErrorCallback  stm32l0xx_hal_spi.o
    0x08002c5c   0x00000084   Code   RO          654    i.HAL_SPI_Init      stm32l0xx_hal_spi.o
    0x08002ce0   0x00000080   Code   RO         4507    i.HAL_SPI_MspInit   mlm32l0xx_hal_msp.o
    0x08002d60   0x000002b8   Code   RO          663    i.HAL_SPI_TransmitReceive  stm32l0xx_hal_spi.o
    0x08003018   0x000000d0   Code   RO          666    i.HAL_SPI_Transmit_DMA  stm32l0xx_hal_spi.o
    0x080030e8   0x00000002   Code   RO          668    i.HAL_SPI_TxCpltCallback  stm32l0xx_hal_spi.o
    0x080030ea   0x00000002   Code   RO          669    i.HAL_SPI_TxHalfCpltCallback  stm32l0xx_hal_spi.o
    0x080030ec   0x00000050   Code   RO         2611    i.HAL_TIM_OC_ConfigChannel  stm32l0xx_hal_tim.o
    0x0800313c   0x00000034   Code   RO         2615    i.HAL_TIM_OC_Init   stm32l0xx_hal_tim.o
    0x08003170   0x00000010   Code   RO         4508    i.HAL_TIM_OC_MspInit  mlm32l0xx_hal_msp.o
    0x08003180   0x0000001a   Code   RO         2618    i.HAL_TIM_OC_Start  stm32l0xx_hal_tim.o
    0x0800319a   0x00000002   PAD
    0x0800319c   0x00000028   Code   RO         2621    i.HAL_TIM_OC_Stop   stm32l0xx_hal_tim.o
    0x080031c4   0x0000005c   Code   RO         4576    i.HW_AdcInit        mlm32l0xx_hw.o
    0x08003220   0x00000094   Code   RO         4577    i.HW_AdcReadChannel  mlm32l0xx_hw.o
    0x080032b4   0x00000030   Code   RO         5271    i.HW_EEPROM_Init    hw_eeprom.o
    0x080032e4   0x00000008   Code   RO         5272    i.HW_EEPROM_Lock    hw_eeprom.o
    0x080032ec   0x00000024   Code   RO         5273    i.HW_EEPROM_RestoreFs  hw_eeprom.o
    0x08003310   0x0000000c   Code   RO         5274    i.HW_EEPROM_Unlock  hw_eeprom.o
    0x0800331c   0x00000038   Code   RO         4186    i.HW_GPIO_GetBitPos  hw_gpio.o
    0x08003354   0x00000054   Code   RO         4187    i.HW_GPIO_Init      hw_gpio.o
    0x080033a8   0x00000018   Code   RO         4188    i.HW_GPIO_IrqHandler  hw_gpio.o
    0x080033c0   0x0000003c   Code   RO         4190    i.HW_GPIO_SetIrq    hw_gpio.o
    0x080033fc   0x0000000a   Code   RO         4191    i.HW_GPIO_Write     hw_gpio.o
    0x08003406   0x00000002   PAD
    0x08003408   0x00000028   Code   RO         4579    i.HW_GetBatteryLevel  mlm32l0xx_hw.o
    0x08003430   0x00000058   Code   RO         4580    i.HW_GetTemperatureLevel  mlm32l0xx_hw.o
    0x08003488   0x000000b0   Code   RO         4581    i.HW_GpioInit       mlm32l0xx_hw.o
    0x08003538   0x00000048   Code   RO         4582    i.HW_Init           mlm32l0xx_hw.o
    0x08003580   0x00000050   Code   RO         4583    i.HW_IoDeInit       mlm32l0xx_hw.o
    0x080035d0   0x00000018   Code   RO         4240    i.HW_RTC_DeInit     hw_rtc.o
    0x080035e8   0x00000026   Code   RO         4241    i.HW_RTC_DelayMs    hw_rtc.o
    0x0800360e   0x00000002   PAD
    0x08003610   0x000000a4   Code   RO         4242    i.HW_RTC_GetCalendarValue  hw_rtc.o
    0x080036b4   0x00000004   Code   RO         4243    i.HW_RTC_GetMinimumTimeout  hw_rtc.o
    0x080036b8   0x0000000c   Code   RO         4244    i.HW_RTC_GetTimerContext  hw_rtc.o
    0x080036c4   0x0000001c   Code   RO         4245    i.HW_RTC_GetTimerElapsedTime  hw_rtc.o
    0x080036e0   0x00000010   Code   RO         4246    i.HW_RTC_GetTimerValue  hw_rtc.o
    0x080036f0   0x0000002c   Code   RO         4247    i.HW_RTC_Init       hw_rtc.o
    0x0800371c   0x00000040   Code   RO         4248    i.HW_RTC_IrqHandler  hw_rtc.o
    0x0800375c   0x00000022   Code   RO         4249    i.HW_RTC_SetAlarm   hw_rtc.o
    0x0800377e   0x00000002   PAD
    0x08003780   0x00000060   Code   RO         4250    i.HW_RTC_SetConfig  hw_rtc.o
    0x080037e0   0x00000018   Code   RO         4251    i.HW_RTC_SetTimerContext  hw_rtc.o
    0x080037f8   0x00000118   Code   RO         4252    i.HW_RTC_StartWakeUpAlarm  hw_rtc.o
    0x08003910   0x0000002c   Code   RO         4253    i.HW_RTC_StopAlarm  hw_rtc.o
    0x0800393c   0x00000010   Code   RO         4255    i.HW_RTC_ms2Tick    hw_rtc.o
    0x0800394c   0x000000b0   Code   RO         4356    i.HW_SPI_ClearIRQ   hw_spi.o
    0x080039fc   0x00000020   Code   RO         4358    i.HW_SPI_InOut      hw_spi.o
    0x08003a1c   0x00000060   Code   RO         4359    i.HW_SPI_Init       hw_spi.o
    0x08003a7c   0x00000060   Code   RO         4361    i.HW_SPI_IoInit     hw_spi.o
    0x08003adc   0x00000060   Code   RO         4362    i.HW_SPI_IoNssHwInit  hw_spi.o
    0x08003b3c   0x00000054   Code   RO         4363    i.HW_SPI_IoNssSwInit  hw_spi.o
    0x08003b90   0x0000001c   Code   RO         4364    i.HW_SPI_Transmit_DMA_Start  hw_spi.o
    0x08003bac   0x00000028   Code   RO         4365    i.HW_SPI_Transmit_DMA_Stop  hw_spi.o
    0x08003bd4   0x0000002c   Code   RO         4584    i.HW_SetHSEasSysClock  mlm32l0xx_hw.o
    0x08003c00   0x00000054   Code   RO         4585    i.HW_SetHSIasSysClock  mlm32l0xx_hw.o
    0x08003c54   0x00000058   Code   RO         4923    i.HW_TIM2_Init      hw_tim2.o
    0x08003cac   0x00000024   Code   RO         4924    i.HW_TIM2_SetPeriod  hw_tim2.o
    0x08003cd0   0x00000020   Code   RO         4925    i.HW_TIM2_Start     hw_tim2.o
    0x08003cf0   0x00000038   Code   RO         4926    i.HW_TIM2_Stop      hw_tim2.o
    0x08003d28   0x00000004   Code   RO         4813    i.HardFault_Handler  mlm32l0xx_it.o
    0x08003d2c   0x00000020   Code   RO         4692    i.IsNewCharReceived  vcom.o
    0x08003d4c   0x00000068   Code   RO         4109    i.LL_DMA_Init       stm32l0xx_ll_dma.o
    0x08003db4   0x00000018   Code   RO         4110    i.LL_DMA_SetPeriphRequest  stm32l0xx_ll_dma.o
    0x08003dcc   0x00000014   Code   RO         4366    i.LL_GPIO_SetPinMode  hw_spi.o
    0x08003de0   0x00000014   Code   RO         4367    i.LL_GPIO_SetPinPull  hw_spi.o
    0x08003df4   0x00000014   Code   RO         4368    i.LL_GPIO_SetPinSpeed  hw_spi.o
    0x08003e08   0x00000070   Code   RO         3961    i.LL_LPUART_Init    stm32l0xx_ll_lpuart.o
    0x08003e78   0x00000054   Code   RO         4005    i.LL_RCC_GetLPUARTClockFreq  stm32l0xx_ll_rcc.o
    0x08003ecc   0x00000010   Code   RO         4010    i.LL_RCC_HSI_IsReady  stm32l0xx_ll_rcc.o
    0x08003edc   0x00000010   Code   RO         4011    i.LL_RCC_LSE_IsReady  stm32l0xx_ll_rcc.o
    0x08003eec   0x00000034   Code   RO         5925    i.LPM_EnterLowPower  low_power_manager.o
    0x08003f20   0x00000030   Code   RO         4586    i.LPM_EnterOffMode  mlm32l0xx_hw.o
    0x08003f50   0x0000000c   Code   RO         4587    i.LPM_EnterSleepMode  mlm32l0xx_hw.o
    0x08003f5c   0x00000028   Code   RO         4588    i.LPM_EnterStopMode  mlm32l0xx_hw.o
    0x08003f84   0x00000002   Code   RO         5929    i.LPM_ExitOffMode   low_power_manager.o
    0x08003f86   0x00000002   Code   RO         5930    i.LPM_ExitSleepMode  low_power_manager.o
    0x08003f88   0x0000004c   Code   RO         4589    i.LPM_ExitStopMode  mlm32l0xx_hw.o
    0x08003fd4   0x00000028   Code   RO         5933    i.LPM_SetOffMode    low_power_manager.o
    0x08003ffc   0x00000028   Code   RO         5934    i.LPM_SetStopMode   low_power_manager.o
    0x08004024   0x00000060   Code   RO         5317    i.MCU_API_delay     mcu_api.o
    0x08004084   0x00000004   Code   RO         5318    i.MCU_API_free      mcu_api.o
    0x08004088   0x0000001c   Code   RO         5319    i.MCU_API_get_nv_mem  mcu_api.o
    0x080040a4   0x00000018   Code   RO         5320    i.MCU_API_get_version  mcu_api.o
    0x080040bc   0x00000022   Code   RO         5321    i.MCU_API_get_voltage_temperature  mcu_api.o
    0x080040de   0x00000002   PAD
    0x080040e0   0x00000018   Code   RO         5322    i.MCU_API_malloc    mcu_api.o
    0x080040f8   0x00000084   Code   RO         5323    i.MCU_API_report_test_result  mcu_api.o
    0x0800417c   0x00000028   Code   RO         5324    i.MCU_API_set_nv_mem  mcu_api.o
    0x080041a4   0x0000002c   Code   RO         5325    i.MCU_API_timer_start  mcu_api.o
    0x080041d0   0x00000028   Code   RO         5326    i.MCU_API_timer_start_carrier_sense  mcu_api.o
    0x080041f8   0x00000010   Code   RO         5327    i.MCU_API_timer_stop  mcu_api.o
    0x08004208   0x00000010   Code   RO         5328    i.MCU_API_timer_stop_carrier_sense  mcu_api.o
    0x08004218   0x0000000c   Code   RO         5329    i.MCU_API_timer_wait_for_end  mcu_api.o
    0x08004224   0x00000030   Code   RO         4509    i.MSP_GetIRQn       mlm32l0xx_hal_msp.o
    0x08004254   0x00000002   Code   RO         4815    i.NMI_Handler       mlm32l0xx_it.o
    0x08004256   0x00000002   PAD
    0x08004258   0x00000044   Code   RO         1809    i.NVIC_SetPriority  stm32l0xx_hal_cortex.o
    0x0800429c   0x0000000a   Code   RO         5330    i.OnTimerDelayEvt   mcu_api.o
    0x080042a6   0x00000002   PAD
    0x080042a8   0x0000000c   Code   RO         5502    i.OnTimerTimeoutCsEvt  st_lowlevel.o
    0x080042b4   0x0000000a   Code   RO         5331    i.OnTimerTimeoutEvt  mcu_api.o
    0x080042be   0x00000002   Code   RO         4816    i.PendSV_Handler    mlm32l0xx_it.o
    0x080042c0   0x00000014   Code   RO         5503    i.RADIO_rx_packet_interrupt_handler  st_lowlevel.o
    0x080042d4   0x0000001c   Code   RO         4012    i.RCC_GetHCLKClockFreq  stm32l0xx_ll_rcc.o
    0x080042f0   0x00000018   Code   RO         4013    i.RCC_GetPCLK1ClockFreq  stm32l0xx_ll_rcc.o
    0x08004308   0x00000044   Code   RO         4015    i.RCC_GetSystemClockFreq  stm32l0xx_ll_rcc.o
    0x0800434c   0x0000003c   Code   RO         4016    i.RCC_PLL_GetFreqDomain_SYS  stm32l0xx_ll_rcc.o
    0x08004388   0x00000070   Code   RO         1417    i.RCC_SetFlashLatencyFromMSIRange  stm32l0xx_hal_rcc.o
    0x080043f8   0x00000008   Code   RO         6143    i.RETURN_CODE       SgfxCoreV231_CM0_Keil.lib(sigfox_internal.o)
    0x08004400   0x0000000a   Code   RO         5429    i.RF_API_change_frequency  rf_api.o
    0x0800440a   0x00000002   PAD
    0x0800440c   0x00000030   Code   RO         5430    i.RF_API_get_version  rf_api.o
    0x0800443c   0x00000038   Code   RO         5431    i.RF_API_init       rf_api.o
    0x08004474   0x0000003a   Code   RO         5432    i.RF_API_send       rf_api.o
    0x080044ae   0x00000030   Code   RO         5433    i.RF_API_start_continuous_transmission  rf_api.o
    0x080044de   0x0000000a   Code   RO         5434    i.RF_API_stop       rf_api.o
    0x080044e8   0x00000012   Code   RO         5435    i.RF_API_stop_continuous_transmission  rf_api.o
    0x080044fa   0x00000002   PAD
    0x080044fc   0x0000008c   Code   RO         5436    i.RF_API_wait_for_clear_channel  rf_api.o
    0x08004588   0x00000030   Code   RO         5437    i.RF_API_wait_frame  rf_api.o
    0x080045b8   0x00000008   Code   RO         4817    i.RNG_LPUART1_IRQHandler  mlm32l0xx_it.o
    0x080045c0   0x00000010   Code   RO         2226    i.RTC_Bcd2ToByte    stm32l0xx_hal_rtc.o
    0x080045d0   0x00000016   Code   RO         2227    i.RTC_ByteToBcd2    stm32l0xx_hal_rtc.o
    0x080045e6   0x00000038   Code   RO         2228    i.RTC_EnterInitMode  stm32l0xx_hal_rtc.o
    0x0800461e   0x00000008   Code   RO         4818    i.RTC_IRQHandler    mlm32l0xx_it.o
    0x08004626   0x00000002   PAD
    0x08004628   0x00000094   Code   RO          361    i.RxChainCalibration  sx1276.o
    0x080046bc   0x0000001c   Code   RO         5702    i.SCH_ClrEvt        scheduler.o
    0x080046d8   0x00000008   Code   RO         5703    i.SCH_EvtIdle       scheduler.o
    0x080046e0   0x00000012   Code   RO         4453    i.SCH_Idle          main.o
    0x080046f2   0x00000002   PAD
    0x080046f4   0x00000018   Code   RO         5706    i.SCH_RegTask       scheduler.o
    0x0800470c   0x0000007c   Code   RO         5708    i.SCH_Run           scheduler.o
    0x08004788   0x0000001c   Code   RO         5709    i.SCH_SetEvt        scheduler.o
    0x080047a4   0x0000001c   Code   RO         5710    i.SCH_SetTask       scheduler.o
    0x080047c0   0x00000028   Code   RO         5711    i.SCH_WaitEvt       scheduler.o
    0x080047e8   0x0000001c   Code   RO         6009    i.SE_NVM_get        se_nvm.o
    0x08004804   0x0000000c   Code   RO         6010    i.SE_NVM_get_key_type  se_nvm.o
    0x08004810   0x00000028   Code   RO         6011    i.SE_NVM_set        se_nvm.o
    0x08004838   0x00000018   Code   RO         6012    i.SE_NVM_set_key_type  se_nvm.o
    0x08004850   0x00000008   Code   RO         6042    i.SGFX_SX1276_getPower  SgfxSTModemSx1276V123_CM0_Keil_O3.lib(sgfxsx1276modulation-lib.o)
    0x08004858   0x00000008   Code   RO         6043    i.SGFX_SX1276_get_version  SgfxSTModemSx1276V123_CM0_Keil_O3.lib(sgfxsx1276modulation-lib.o)
    0x08004860   0x00000034   Code   RO         6044    i.SGFX_SX1276_rx_config  SgfxSTModemSx1276V123_CM0_Keil_O3.lib(sgfxsx1276modulation-lib.o)
    0x08004894   0x00000024   Code   RO         6045    i.SGFX_SX1276_rx_setbw  SgfxSTModemSx1276V123_CM0_Keil_O3.lib(sgfxsx1276modulation-lib.o)
    0x080048b8   0x0000000c   Code   RO         6046    i.SGFX_SX1276_rx_start  SgfxSTModemSx1276V123_CM0_Keil_O3.lib(sgfxsx1276modulation-lib.o)
    0x080048c4   0x0000001c   Code   RO         6047    i.SGFX_SX1276_rx_stop  SgfxSTModemSx1276V123_CM0_Keil_O3.lib(sgfxsx1276modulation-lib.o)
    0x080048e0   0x00000016   Code   RO         6048    i.SGFX_SX1276_setPower  SgfxSTModemSx1276V123_CM0_Keil_O3.lib(sgfxsx1276modulation-lib.o)
    0x080048f6   0x0000001c   Code   RO         6049    i.SGFX_SX1276_start_txtest_cw  SgfxSTModemSx1276V123_CM0_Keil_O3.lib(sgfxsx1276modulation-lib.o)
    0x08004912   0x00000020   Code   RO         6050    i.SGFX_SX1276_start_txtest_prbs9  SgfxSTModemSx1276V123_CM0_Keil_O3.lib(sgfxsx1276modulation-lib.o)
    0x08004932   0x00000012   Code   RO         6051    i.SGFX_SX1276_stop  SgfxSTModemSx1276V123_CM0_Keil_O3.lib(sgfxsx1276modulation-lib.o)
    0x08004944   0x0000001c   Code   RO         6052    i.SGFX_SX1276_stop_txtest  SgfxSTModemSx1276V123_CM0_Keil_O3.lib(sgfxsx1276modulation-lib.o)
    0x08004960   0x00000030   Code   RO         6053    i.SGFX_SX1276_tx    SgfxSTModemSx1276V123_CM0_Keil_O3.lib(sgfxsx1276modulation-lib.o)
    0x08004990   0x00000064   Code   RO         6054    i.SGFX_SX1276_tx_config  SgfxSTModemSx1276V123_CM0_Keil_O3.lib(sgfxsx1276modulation-lib.o)
    0x080049f4   0x0000002c   Code   RO         6097    i.SIGFOX_API_close  SgfxCoreV231_CM0_Keil.lib(sigfox_api.o)
    0x08004a20   0x00000008   Code   RO         6098    i.SIGFOX_API_get_device_id  SgfxCoreV231_CM0_Keil.lib(sigfox_api.o)
    0x08004a28   0x00000032   Code   RO         6100    i.SIGFOX_API_get_initial_pac  SgfxCoreV231_CM0_Keil.lib(sigfox_api.o)
    0x08004a5a   0x00000002   PAD
    0x08004a5c   0x0000004c   Code   RO         6101    i.SIGFOX_API_get_version  SgfxCoreV231_CM0_Keil.lib(sigfox_api.o)
    0x08004aa8   0x0000016c   Code   RO         6102    i.SIGFOX_API_open   SgfxCoreV231_CM0_Keil.lib(sigfox_api.o)
    0x08004c14   0x00000084   Code   RO         6103    i.SIGFOX_API_receive_test_frame  SgfxCoreV231_CM0_Keil.lib(sigfox_api.o)
    0x08004c98   0x0000003c   Code   RO         6104    i.SIGFOX_API_send_bit  SgfxCoreV231_CM0_Keil.lib(sigfox_api.o)
    0x08004cd4   0x00000048   Code   RO         6105    i.SIGFOX_API_send_frame  SgfxCoreV231_CM0_Keil.lib(sigfox_api.o)
    0x08004d1c   0x00000038   Code   RO         6106    i.SIGFOX_API_send_outofband  SgfxCoreV231_CM0_Keil.lib(sigfox_api.o)
    0x08004d54   0x000000a4   Code   RO         6107    i.SIGFOX_API_send_test_frame  SgfxCoreV231_CM0_Keil.lib(sigfox_api.o)
    0x08004df8   0x00000084   Code   RO         6109    i.SIGFOX_API_set_std_config  SgfxCoreV231_CM0_Keil.lib(sigfox_api.o)
    0x08004e7c   0x00000050   Code   RO         6110    i.SIGFOX_API_start_continuous_transmission  SgfxCoreV231_CM0_Keil.lib(sigfox_api.o)
    0x08004ecc   0x00000034   Code   RO         6111    i.SIGFOX_API_stop_continuous_transmission  SgfxCoreV231_CM0_Keil.lib(sigfox_api.o)
    0x08004f00   0x00000144   Code   RO         6144    i.SIGFOX_INT_build_frame  SgfxCoreV231_CM0_Keil.lib(sigfox_internal.o)
    0x08005044   0x0000002c   Code   RO         6145    i.SIGFOX_INT_compute_carrier_sense_frequency  SgfxCoreV231_CM0_Keil.lib(sigfox_internal.o)
    0x08005070   0x00000138   Code   RO         6146    i.SIGFOX_INT_compute_channels  SgfxCoreV231_CM0_Keil.lib(sigfox_internal.o)
    0x080051a8   0x00000004   Code   RO         6147    i.SIGFOX_INT_compute_downlink_frequency  SgfxCoreV231_CM0_Keil.lib(sigfox_internal.o)
    0x080051ac   0x00000080   Code   RO         6148    i.SIGFOX_INT_compute_uplink_frequency  SgfxCoreV231_CM0_Keil.lib(sigfox_internal.o)
    0x0800522c   0x0000002a   Code   RO         6149    i.SIGFOX_INT_dc_lbt_channel_pn_max  SgfxCoreV231_CM0_Keil.lib(sigfox_internal.o)
    0x08005256   0x0000001a   Code   RO         6150    i.SIGFOX_INT_dc_lbt_channel_pn_min  SgfxCoreV231_CM0_Keil.lib(sigfox_internal.o)
    0x08005270   0x0000004e   Code   RO         6151    i.SIGFOX_INT_downlink_configuration  SgfxCoreV231_CM0_Keil.lib(sigfox_internal.o)
    0x080052be   0x0000003a   Code   RO         6152    i.SIGFOX_INT_execute_carrier_sense  SgfxCoreV231_CM0_Keil.lib(sigfox_internal.o)
    0x080052f8   0x00000154   Code   RO         6153    i.SIGFOX_INT_execute_communication_sequence  SgfxCoreV231_CM0_Keil.lib(sigfox_internal.o)
    0x0800544c   0x0000002e   Code   RO         6154    i.SIGFOX_INT_get_device_id  SgfxCoreV231_CM0_Keil.lib(sigfox_internal.o)
    0x0800547a   0x00000062   Code   RO         6155    i.SIGFOX_INT_get_macro_channel_index  SgfxCoreV231_CM0_Keil.lib(sigfox_internal.o)
    0x080054dc   0x00000034   Code   RO         6156    i.SIGFOX_INT_get_max_micro_channel  SgfxCoreV231_CM0_Keil.lib(sigfox_internal.o)
    0x08005510   0x000000f0   Code   RO         6157    i.SIGFOX_INT_get_received_frames  SgfxCoreV231_CM0_Keil.lib(sigfox_internal.o)
    0x08005600   0x00000070   Code   RO         6158    i.SIGFOX_INT_prepare_transmission  SgfxCoreV231_CM0_Keil.lib(sigfox_internal.o)
    0x08005670   0x00000042   Code   RO         6159    i.SIGFOX_INT_process_downlink  SgfxCoreV231_CM0_Keil.lib(sigfox_internal.o)
    0x080056b2   0x00000268   Code   RO         6160    i.SIGFOX_INT_process_uplink  SgfxCoreV231_CM0_Keil.lib(sigfox_internal.o)
    0x0800591a   0x00000014   Code   RO         6161    i.SIGFOX_INT_randomize  SgfxCoreV231_CM0_Keil.lib(sigfox_internal.o)
    0x0800592e   0x0000007c   Code   RO         6162    i.SIGFOX_INT_send_single_frame  SgfxCoreV231_CM0_Keil.lib(sigfox_internal.o)
    0x080059aa   0x00000026   Code   RO         6163    i.SIGFOX_INT_store_nvm  SgfxCoreV231_CM0_Keil.lib(sigfox_internal.o)
    0x080059d0   0x0000004c   Code   RO         6260    i.SIGFOX_PN_next_pn  SgfxCoreV231_CM0_Keil.lib(sigfox_pn.o)
    0x08005a1c   0x00000068   Code   RO         6262    i.SIGFOX_SCRAMB_compute  SgfxCoreV231_CM0_Keil.lib(sigfox_scramb.o)
    0x08005a84   0x00000044   Code   RO         5044    i.SIGFOX_reopen_and_reconf  at.o
    0x08005ac8   0x0000001e   Code   RO          673    i.SPI_DMAError      stm32l0xx_hal_spi.o
    0x08005ae6   0x0000000a   Code   RO          675    i.SPI_DMAHalfTransmitCplt  stm32l0xx_hal_spi.o
    0x08005af0   0x00000070   Code   RO          678    i.SPI_DMATransmitCplt  stm32l0xx_hal_spi.o
    0x08005b60   0x000000b2   Code   RO          684    i.SPI_WaitOnFlagUntilTimeout  stm32l0xx_hal_spi.o
    0x08005c12   0x00000014   Code   RO         5504    i.STLL_LowPower     st_lowlevel.o
    0x08005c26   0x00000002   PAD
    0x08005c28   0x00000020   Code   RO         5505    i.STLL_RX_SYNC_IRQHandler_CB  st_lowlevel.o
    0x08005c48   0x0000000c   Code   RO         5506    i.STLL_RadioPowerGet  st_lowlevel.o
    0x08005c54   0x00000008   Code   RO         5507    i.STLL_RadioPowerSetBoard  st_lowlevel.o
    0x08005c5c   0x00000018   Code   RO         5508    i.STLL_RadioPowerSetEeprom  st_lowlevel.o
    0x08005c74   0x0000001e   Code   RO         5509    i.STLL_Radio_DeInit  st_lowlevel.o
    0x08005c92   0x00000016   Code   RO         5510    i.STLL_Radio_Init   st_lowlevel.o
    0x08005ca8   0x00000050   Code   RO         5511    i.STLL_Radio_IoDeInit  st_lowlevel.o
    0x08005cf8   0x00000030   Code   RO         5512    i.STLL_Radio_IoInit  st_lowlevel.o
    0x08005d28   0x0000000c   Code   RO         5513    i.STLL_Radio_ReadFifo  st_lowlevel.o
    0x08005d34   0x00000008   Code   RO         5514    i.STLL_Radio_ReadReg  st_lowlevel.o
    0x08005d3c   0x00000008   Code   RO         5515    i.STLL_Radio_SetFreq  st_lowlevel.o
    0x08005d44   0x00000008   Code   RO         5516    i.STLL_Radio_SetOpMode  st_lowlevel.o
    0x08005d4c   0x00000008   Code   RO         5518    i.STLL_Radio_WriteReg  st_lowlevel.o
    0x08005d54   0x0000001c   Code   RO         5519    i.STLL_RxCarrierSenseGetRssi  st_lowlevel.o
    0x08005d70   0x0000000c   Code   RO         5520    i.STLL_RxCarrierSenseGetStatus  st_lowlevel.o
    0x08005d7c   0x0000000c   Code   RO         5521    i.STLL_RxCarrierSenseInitStatus  st_lowlevel.o
    0x08005d88   0x0000000c   Code   RO         5522    i.STLL_SGFX_SX1276_GetSyncRssi  st_lowlevel.o
    0x08005d94   0x00000012   Code   RO         5523    i.STLL_SetClockSource  st_lowlevel.o
    0x08005da6   0x0000000a   Code   RO         5524    i.STLL_SetEndOfTxFrame  st_lowlevel.o
    0x08005db0   0x00000008   Code   RO         5526    i.STLL_TIM2_SetPeriod  st_lowlevel.o
    0x08005db8   0x00000008   Code   RO         5527    i.STLL_TIM2_Start   st_lowlevel.o
    0x08005dc0   0x00000008   Code   RO         5528    i.STLL_TIM2_Stop    st_lowlevel.o
    0x08005dc8   0x00000090   Code   RO         6055    i.STLL_TX_IRQHandler_CB  SgfxSTModemSx1276V123_CM0_Keil_O3.lib(sgfxsx1276modulation-lib.o)
    0x08005e58   0x00000008   Code   RO         5529    i.STLL_Transmit_DMA_Start  st_lowlevel.o
    0x08005e60   0x00000008   Code   RO         5530    i.STLL_Transmit_DMA_Stop  st_lowlevel.o
    0x08005e68   0x0000001c   Code   RO         5531    i.STLL_WaitEndOfRxFrame  st_lowlevel.o
    0x08005e84   0x0000000c   Code   RO         5532    i.STLL_WaitEndOfTxFrame  st_lowlevel.o
    0x08005e90   0x00000002   Code   RO         4819    i.SVC_Handler       mlm32l0xx_it.o
    0x08005e92   0x00000002   PAD
    0x08005e94   0x0000000c   Code   RO          362    i.SX1276BoardInit   sx1276.o
    0x08005ea0   0x0000000c   Code   RO          186    i.SX1276GetPaSelect  mlm32l07x01.o
    0x08005eac   0x00000004   Code   RO          187    i.SX1276GetWakeUpTime  mlm32l07x01.o
    0x08005eb0   0x0000008c   Code   RO          366    i.SX1276Init        sx1276.o
    0x08005f3c   0x0000005c   Code   RO          188    i.SX1276IoDeInit    mlm32l07x01.o
    0x08005f98   0x0000007c   Code   RO          189    i.SX1276IoInit      mlm32l07x01.o
    0x08006014   0x00000044   Code   RO          190    i.SX1276IoIrqInit   mlm32l07x01.o
    0x08006058   0x0000027c   Code   RO          368    i.SX1276OnDio0Irq   sx1276.o
    0x080062d4   0x000000d8   Code   RO          369    i.SX1276OnDio1Irq   sx1276.o
    0x080063ac   0x000000b8   Code   RO          370    i.SX1276OnDio2Irq   sx1276.o
    0x08006464   0x00000054   Code   RO          371    i.SX1276OnDio3Irq   sx1276.o
    0x080064b8   0x0000001c   Code   RO          372    i.SX1276OnDio4Irq   sx1276.o
    0x080064d4   0x000000c8   Code   RO          374    i.SX1276OnTimeoutIrq  sx1276.o
    0x0800659c   0x00000010   Code   RO          376    i.SX1276Read        sx1276.o
    0x080065ac   0x00000042   Code   RO          377    i.SX1276ReadBuffer  sx1276.o
    0x080065ee   0x0000000e   Code   RO          378    i.SX1276ReadFifo    sx1276.o
    0x080065fc   0x00000050   Code   RO          380    i.SX1276Reset       sx1276.o
    0x0800664c   0x00000044   Code   RO          191    i.SX1276SetAntSw    mlm32l07x01.o
    0x08006690   0x00000074   Code   RO          192    i.SX1276SetAntSwLowPower  mlm32l07x01.o
    0x08006704   0x00000050   Code   RO          382    i.SX1276SetChannel  sx1276.o
    0x08006754   0x00000070   Code   RO          384    i.SX1276SetModem    sx1276.o
    0x080067c4   0x0000005c   Code   RO          385    i.SX1276SetOpMode   sx1276.o
    0x08006820   0x00000024   Code   RO          386    i.SX1276SetPublicNetwork  sx1276.o
    0x08006844   0x00000098   Code   RO          193    i.SX1276SetRfTxPower  mlm32l07x01.o
    0x080068dc   0x00000024   Code   RO          389    i.SX1276SetSleep    sx1276.o
    0x08006900   0x00000028   Code   RO          194    i.SX1276SetXO       mlm32l07x01.o
    0x08006928   0x0000000c   Code   RO          395    i.SX1276Write       sx1276.o
    0x08006934   0x00000042   Code   RO          396    i.SX1276WriteBuffer  sx1276.o
    0x08006976   0x0000000e   Code   RO          397    i.SX1276WriteFifo   sx1276.o
    0x08006984   0x00000008   Code   RO         4820    i.SysTick_Handler   mlm32l0xx_it.o
    0x0800698c   0x0000008c   Code   RO         4590    i.SystemClock_Config  mlm32l0xx_hw.o
    0x08006a18   0x00000054   Code   RO          613    i.SystemInit        system_stm32l0xx.o
    0x08006a6c   0x00000060   Code   RO         2652    i.TIM_Base_SetConfig  stm32l0xx_hal_tim.o
    0x08006acc   0x00000016   Code   RO         2653    i.TIM_CCxChannelCmd  stm32l0xx_hal_tim.o
    0x08006ae2   0x00000030   Code   RO         2661    i.TIM_OC1_SetConfig  stm32l0xx_hal_tim.o
    0x08006b12   0x00000032   Code   RO         2662    i.TIM_OC2_SetConfig  stm32l0xx_hal_tim.o
    0x08006b44   0x00000036   Code   RO         2663    i.TIM_OC3_SetConfig  stm32l0xx_hal_tim.o
    0x08006b7a   0x00000036   Code   RO         2664    i.TIM_OC4_SetConfig  stm32l0xx_hal_tim.o
    0x08006bb0   0x00000004   Code   RO         6056    i.TX_CW_gen_next    SgfxSTModemSx1276V123_CM0_Keil_O3.lib(sgfxsx1276modulation-lib.o)
    0x08006bb4   0x00000024   Code   RO         6057    i.TX_Prbs9_gen_next  SgfxSTModemSx1276V123_CM0_Keil_O3.lib(sgfxsx1276modulation-lib.o)
    0x08006bd8   0x00000030   Code   RO         6058    i.TX_SetPower       SgfxSTModemSx1276V123_CM0_Keil_O3.lib(sgfxsx1276modulation-lib.o)
    0x08006c08   0x000000a4   Code   RO         6059    i.TX_Start          SgfxSTModemSx1276V123_CM0_Keil_O3.lib(sgfxsx1276modulation-lib.o)
    0x08006cac   0x00000064   Code   RO         6060    i.TX_Start_CW       SgfxSTModemSx1276V123_CM0_Keil_O3.lib(sgfxsx1276modulation-lib.o)
    0x08006d10   0x000000a4   Code   RO         6061    i.TX_Start_PRBS9    SgfxSTModemSx1276V123_CM0_Keil_O3.lib(sgfxsx1276modulation-lib.o)
    0x08006db4   0x0000000c   Code   RO         6062    i.TX_Stop_DMA       SgfxSTModemSx1276V123_CM0_Keil_O3.lib(sgfxsx1276modulation-lib.o)
    0x08006dc0   0x0000003c   Code   RO         6063    i.TX_Stop_Rf_Carrier  SgfxSTModemSx1276V123_CM0_Keil_O3.lib(sgfxsx1276modulation-lib.o)
    0x08006dfc   0x00000064   Code   RO         6064    i.TX_Write_Modu_Buffer  SgfxSTModemSx1276V123_CM0_Keil_O3.lib(sgfxsx1276modulation-lib.o)
    0x08006e60   0x0000004c   Code   RO         6065    i.TX_Write_RampDown_Buffer  SgfxSTModemSx1276V123_CM0_Keil_O3.lib(sgfxsx1276modulation-lib.o)
    0x08006eac   0x00000060   Code   RO         6066    i.TX_Write_RampUp_Buffer  SgfxSTModemSx1276V123_CM0_Keil_O3.lib(sgfxsx1276modulation-lib.o)
    0x08006f0c   0x00000024   Code   RO         6067    i.TX_read_Bit       SgfxSTModemSx1276V123_CM0_Keil_O3.lib(sgfxsx1276modulation-lib.o)
    0x08006f30   0x0000000e   Code   RO         5782    i.TimerInit         timeserver.o
    0x08006f3e   0x00000002   PAD
    0x08006f40   0x0000001c   Code   RO         5783    i.TimerInsertNewHeadTimer  timeserver.o
    0x08006f5c   0x00000078   Code   RO         5784    i.TimerIrqHandler   timeserver.o
    0x08006fd4   0x0000002c   Code   RO         5786    i.TimerSetTimeout   timeserver.o
    0x08007000   0x00000022   Code   RO         5787    i.TimerSetValue     timeserver.o
    0x08007022   0x00000002   PAD
    0x08007024   0x00000070   Code   RO         5788    i.TimerStart        timeserver.o
    0x08007094   0x00000060   Code   RO         5789    i.TimerStop         timeserver.o
    0x080070f4   0x00000028   Code   RO         6453    i.__0sprintf$6      mc_p.l(printf6.o)
    0x0800711c   0x0000001a   Code   RO          594    i.__ARM_common_switch8  sx1276.o
    0x08007136   0x0000000e   Code   RO         6615    i.__scatterload_copy  mc_p.l(handlers.o)
    0x08007144   0x00000002   Code   RO         6616    i.__scatterload_null  mc_p.l(handlers.o)
    0x08007146   0x0000000e   Code   RO         6617    i.__scatterload_zeroinit  mc_p.l(handlers.o)
    0x08007154   0x00000304   Code   RO         6458    i._printf_core      mc_p.l(printf6.o)
    0x08007458   0x00000020   Code   RO         6459    i._printf_post_padding  mc_p.l(printf6.o)
    0x08007478   0x0000002c   Code   RO         6460    i._printf_pre_padding  mc_p.l(printf6.o)
    0x080074a4   0x0000000a   Code   RO         6462    i._sputc            mc_p.l(printf6.o)
    0x080074ae   0x00000002   PAD
    0x080074b0   0x00000018   Code   RO         4970    i.com_error         command.o
    0x080074c8   0x00000104   Code   RO         5249    i.ee_number         tiny_vsnprintf.o
    0x080075cc   0x0000001c   Code   RO         5045    i.isHex             at.o
    0x080075e8   0x00000048   Code   RO         4454    i.main              main.o
    0x08007630   0x00000180   Code   RO         4971    i.parse_cmd         command.o
    0x080077b0   0x00000020   Code   RO         5046    i.print_n           at.o
    0x080077d0   0x00000038   Code   RO         5047    i.print_rx          at.o
    0x08007808   0x000000e8   Code   RO         4455    i.st_sigfox_open    main.o
    0x080078f0   0x00000070   Code   RO         5048    i.stringToData      at.o
    0x08007960   0x00000014   Code   RO         5222    i.tiny_sscanf       tiny_sscanf.o
    0x08007974   0x00000254   Code   RO         5223    i.tiny_vfscanf      tiny_sscanf.o
    0x08007bc8   0x0000015c   Code   RO         5250    i.tiny_vsnprintf_like  tiny_vsnprintf.o
    0x08007d24   0x0000006c   Code   RO         4694    i.vcom_Dma_IRQHandler  vcom.o
    0x08007d90   0x000000cc   Code   RO         4695    i.vcom_IRQHandler   vcom.o
    0x08007e5c   0x00000080   Code   RO         4696    i.vcom_Init         vcom.o
    0x08007edc   0x00000032   Code   RO         4698    i.vcom_IoInit       vcom.o
    0x08007f0e   0x00000002   PAD
    0x08007f10   0x00000044   Code   RO         4699    i.vcom_PrintDMA     vcom.o
    0x08007f54   0x00000038   Code   RO         4700    i.vcom_ReceiveInit  vcom.o
    0x08007f8c   0x00000100   Code   RO         4701    i.vcom_Send         vcom.o
    0x0800808c   0x00000090   Code   RO         4703    i.vcom_StartDMA     vcom.o
    0x0800811c   0x0000000c   Data   RO           10    .constdata          b-l072z-lrwan1.o
    0x08008128   0x000000e0   Data   RO          399    .constdata          sx1276.o
    0x08008208   0x00000019   Data   RO          614    .constdata          system_stm32l0xx.o
    0x08008221   0x00000008   Data   RO          615    .constdata          system_stm32l0xx.o
    0x08008229   0x00000007   Data   RO         4112    .constdata          stm32l0xx_ll_dma.o
    0x08008230   0x00000018   Data   RO         4257    .constdata          hw_rtc.o
    0x08008248   0x00000007   Data   RO         4705    .constdata          vcom.o
    0x0800824f   0x00000001   PAD
    0x08008250   0x0000021c   Data   RO         4973    .constdata          command.o
    0x0800846c   0x00000080   Data   RO         5049    .constdata          at.o
    0x080084ec   0x00000058   Data   RO         5275    .constdata          hw_eeprom.o
    0x08008544   0x00000010   Data   RO         5713    .constdata          scheduler.o
    0x08008554   0x00000064   Data   RO         6069    .constdata          SgfxSTModemSx1276V123_CM0_Keil_O3.lib(sgfxsx1276modulation-lib.o)
    0x080085b8   0x0000000e   Data   RO         6112    .constdata          SgfxCoreV231_CM0_Keil.lib(sigfox_api.o)
    0x080085c6   0x00000016   Data   RO         6135    .constdata          SgfxAddonV020_CM0_Keil.lib(addon_sigfox_verified_api.o)
    0x080085dc   0x00000024   Data   RO         6164    .constdata          SgfxCoreV231_CM0_Keil.lib(sigfox_internal.o)
    0x08008600   0x00000010   Data   RO         6263    .constdata          SgfxCoreV231_CM0_Keil.lib(sigfox_scramb.o)
    0x08008610   0x0000058a   Data   RO         4974    .conststring        command.o
    0x08008b9a   0x00000002   PAD
    0x08008b9c   0x0000004d   Data   RO         5251    .conststring        tiny_vsnprintf.o
    0x08008be9   0x00000003   PAD
    0x08008bec   0x00000030   Data   RO         6613    Region$$Table       anon$$obj.o


    Execution Region RW_IRAM1 (Base: 0x20000000, Size: 0x00001790, Max: 0x00005000, ABSOLUTE, COMPRESSED[0x00000094])

    Base Addr    Size         Type   Attr      Idx    E Section Name        Object

    0x20000000   0x00000014   Data   RW           11    .data               b-l072z-lrwan1.o
    0x20000014   0x00000018   Data   RW          196    .data               mlm32l07x01.o
    0x2000002c   0x00000020   Data   RW          400    .data               sx1276.o
    0x2000004c   0x00000004   Data   RW          616    .data               system_stm32l0xx.o
    0x20000050   0x00000004   Data   RW         1654    .data               stm32l0xx_hal.o
    0x20000054   0x00000001   Data   RW         4258    .data               hw_rtc.o
    0x20000055   0x00000002   Data   RW         4592    .data               mlm32l0xx_hw.o
    0x20000057   0x00000001   PAD
    0x20000058   0x00000004   Data   RW         4975    .data               command.o
    0x2000005c   0x00000008   Data   RW         5252    .data               tiny_vsnprintf.o
    0x20000064   0x0000001e   Data   RW         5333    .data               mcu_api.o
    0x20000082   0x00000004   Data   RW         5533    .data               st_lowlevel.o
    0x20000086   0x00000002   PAD
    0x20000088   0x00000010   Data   RW         5714    .data               scheduler.o
    0x20000098   0x00000004   Data   RW         5790    .data               timeserver.o
    0x2000009c   0x00000008   Data   RW         5935    .data               low_power_manager.o
    0x200000a4   0x0000002f   Data   RW         6070    .data               SgfxSTModemSx1276V123_CM0_Keil_O3.lib(sgfxsx1276modulation-lib.o)
    0x200000d3   0x00000001   PAD
    0x200000d4   0x00000008   Data   RW         6113    .data               SgfxCoreV231_CM0_Keil.lib(sigfox_api.o)
    0x200000dc   0x00000024   Data   RW         6136    .data               SgfxAddonV020_CM0_Keil.lib(addon_sigfox_verified_api.o)
    0x20000100   0x0000001e   Data   RW         6201    .data               SgfxCmacV100_CM0_Keil_O3.lib(sgfx_cmac_lib.o)
    0x2000011e   0x00000011   Data   RW         6238    .data               SgfxCredentialsV011_CM0_Keil_O3.lib(sgfx_credentials_lib.o)
    0x2000012f   0x00000001   PAD
    0x20000130   0x000001a4   Zero   RW          398    .bss                sx1276.o
    0x200002d4   0x00000040   Zero   RW         4192    .bss                hw_gpio.o
    0x20000314   0x00000068   Zero   RW         4256    .bss                hw_rtc.o
    0x2000037c   0x00000058   Zero   RW         4369    .bss                hw_spi.o
    0x200003d4   0x00000040   Zero   RW         4510    .bss                mlm32l0xx_hal_msp.o
    0x20000414   0x00000060   Zero   RW         4591    .bss                mlm32l0xx_hw.o
    0x20000474   0x000000ac   Zero   RW         4704    .bss                vcom.o
    0x20000520   0x00000038   Zero   RW         4927    .bss                hw_tim2.o
    0x20000558   0x00000040   Zero   RW         4972    .bss                command.o
    0x20000598   0x00000104   Zero   RW         5332    .bss                mcu_api.o
    0x2000069c   0x0000001e   Zero   RW         5438    .bss                rf_api.o
    0x200006ba   0x00000002   PAD
    0x200006bc   0x00000040   Zero   RW         5712    .bss                scheduler.o
    0x200006fc   0x00000c80   Zero   RW         6068    .bss                SgfxSTModemSx1276V123_CM0_Keil_O3.lib(sgfxsx1276modulation-lib.o)
    0x2000137c   0x00000010   Zero   RW         6236    .bss                SgfxCredentialsV011_CM0_Keil_O3.lib(sgfx_credentials_lib.o)
    0x2000138c   0x00000004   PAD
    0x20001390   0x00000400   Zero   RW         4151    STACK               startup_stm32l072xx.o



  Load Region LR_IROM2 (Base: 0x08017000, Size: 0x00000030, Max: 0x00001000, ABSOLUTE)

    Execution Region ER_IROM2 (Base: 0x08017000, Size: 0x00000030, Max: 0x00001000, ABSOLUTE)

    Base Addr    Size         Type   Attr      Idx    E Section Name        Object

    0x08017000   0x00000030   Data   RO         5999    .constdata          sigfox_data.o



  Load Region LR_IROM3 (Base: 0x08018000, Size: 0x000018fc, Max: 0x00002000, ABSOLUTE)

    Execution Region ER_IROM3 (Base: 0x08018000, Size: 0x000018fc, Max: 0x00002000, ABSOLUTE)

    Base Addr    Size         Type   Attr      Idx    E Section Name        Object

    0x08018000   0x00000048   Code   RO         6215    i.CREDENTIALS_aes_128_cbc_encrypt  SgfxCredentialsV011_CM0_Keil_O3.lib(sgfx_credentials_lib.o)
    0x08018048   0x00000038   Code   RO         6216    i.CREDENTIALS_aes_128_cbc_encrypt_with_session_key  SgfxCredentialsV011_CM0_Keil_O3.lib(sgfx_credentials_lib.o)
    0x08018080   0x000000e4   Code   RO         6217    i.CREDENTIALS_get_cra  SgfxCredentialsV011_CM0_Keil_O3.lib(sgfx_credentials_lib.o)
    0x08018164   0x00000024   Code   RO         6218    i.CREDENTIALS_get_dev_id  SgfxCredentialsV011_CM0_Keil_O3.lib(sgfx_credentials_lib.o)
    0x08018188   0x00000024   Code   RO         6219    i.CREDENTIALS_get_initial_pac  SgfxCredentialsV011_CM0_Keil_O3.lib(sgfx_credentials_lib.o)
    0x080181ac   0x00000044   Code   RO         6220    i.CREDENTIALS_get_key  SgfxCredentialsV011_CM0_Keil_O3.lib(sgfx_credentials_lib.o)
    0x080181f0   0x0000000c   Code   RO         6221    i.CREDENTIALS_get_payload_encryption_flag  SgfxCredentialsV011_CM0_Keil_O3.lib(sgfx_credentials_lib.o)
    0x080181fc   0x00000074   Code   RO         6222    i.CREDENTIALS_get_signature  SgfxCredentialsV011_CM0_Keil_O3.lib(sgfx_credentials_lib.o)
    0x08018270   0x00000008   Code   RO         6223    i.CREDENTIALS_get_version  SgfxCredentialsV011_CM0_Keil_O3.lib(sgfx_credentials_lib.o)
    0x08018278   0x00000048   Code   RO         6224    i.CREDENTIALS_wrap_session_key  SgfxCredentialsV011_CM0_Keil_O3.lib(sgfx_credentials_lib.o)
    0x080182c0   0x00000004   Code   RO         6186    i.SE_API_close      SgfxCmacV100_CM0_Keil_O3.lib(sgfx_cmac_lib.o)
    0x080182c4   0x0000000a   Code   RO         6187    i.SE_API_get_device_id  SgfxCmacV100_CM0_Keil_O3.lib(sgfx_cmac_lib.o)
    0x080182ce   0x0000000a   Code   RO         6188    i.SE_API_get_initial_pac  SgfxCmacV100_CM0_Keil_O3.lib(sgfx_cmac_lib.o)
    0x080182d8   0x00000034   Code   RO         6189    i.SE_API_get_version  SgfxCmacV100_CM0_Keil_O3.lib(sgfx_cmac_lib.o)
    0x0801830c   0x00000004   Code   RO         6191    i.SE_API_open       SgfxCmacV100_CM0_Keil_O3.lib(sgfx_cmac_lib.o)
    0x08018310   0x000001f4   Code   RO         6192    i.SE_API_secure_uplink_message  SgfxCmacV100_CM0_Keil_O3.lib(sgfx_cmac_lib.o)
    0x08018504   0x00000128   Code   RO         6194    i.SE_API_verify_downlink_message  SgfxCmacV100_CM0_Keil_O3.lib(sgfx_cmac_lib.o)
    0x0801862c   0x0000009c   Code   RO         6195    i.SIGFOX_DECODE_dewhitening  SgfxCmacV100_CM0_Keil_O3.lib(sgfx_cmac_lib.o)
    0x080186c8   0x00000028   Code   RO         6196    i.SIGFOX_DECODE_dewhitening_pn  SgfxCmacV100_CM0_Keil_O3.lib(sgfx_cmac_lib.o)
    0x080186f0   0x00000046   Code   RO         6197    i.SIGFOX_HMAC_compute_aes  SgfxCmacV100_CM0_Keil_O3.lib(sgfx_cmac_lib.o)
    0x08018736   0x000000ea   Code   RO         6198    i.SIGFOX_encrypt_decrypt_frame  SgfxCmacV100_CM0_Keil_O3.lib(sgfx_cmac_lib.o)
    0x08018820   0x00000008   Code   RO         6225    i.add_round_key     SgfxCredentialsV011_CM0_Keil_O3.lib(sgfx_credentials_lib.o)
    0x08018828   0x00000082   Code   RO         6226    i.aes_cbc_decrypt   SgfxCredentialsV011_CM0_Keil_O3.lib(sgfx_credentials_lib.o)
    0x080188aa   0x00000078   Code   RO         6227    i.aes_cbc_encrypt   SgfxCredentialsV011_CM0_Keil_O3.lib(sgfx_credentials_lib.o)
    0x08018922   0x00000002   PAD
    0x08018924   0x000000fc   Code   RO         6228    i.aes_set_key       SgfxCredentialsV011_CM0_Keil_O3.lib(sgfx_credentials_lib.o)
    0x08018a20   0x00000084   Code   RO         6229    i.copy_and_key      SgfxCredentialsV011_CM0_Keil_O3.lib(sgfx_credentials_lib.o)
    0x08018aa4   0x00000042   Code   RO         6230    i.copy_block        SgfxCredentialsV011_CM0_Keil_O3.lib(sgfx_credentials_lib.o)
    0x08018ae6   0x00000002   PAD
    0x08018ae8   0x00000280   Code   RO         6231    i.inv_mix_sub_columns  SgfxCredentialsV011_CM0_Keil_O3.lib(sgfx_credentials_lib.o)
    0x08018d68   0x00000068   Code   RO         6232    i.inv_shift_sub_rows  SgfxCredentialsV011_CM0_Keil_O3.lib(sgfx_credentials_lib.o)
    0x08018dd0   0x0000021c   Code   RO         6233    i.mix_sub_columns   SgfxCredentialsV011_CM0_Keil_O3.lib(sgfx_credentials_lib.o)
    0x08018fec   0x00000068   Code   RO         6234    i.shift_sub_rows    SgfxCredentialsV011_CM0_Keil_O3.lib(sgfx_credentials_lib.o)
    0x08019054   0x00000082   Code   RO         6235    i.xor_block         SgfxCredentialsV011_CM0_Keil_O3.lib(sgfx_credentials_lib.o)
    0x080190d6   0x00000020   Data   RO         6200    .constdata          SgfxCmacV100_CM0_Keil_O3.lib(sgfx_cmac_lib.o)
    0x080190f6   0x00000804   Data   RO         6237    .constdata          SgfxCredentialsV011_CM0_Keil_O3.lib(sgfx_credentials_lib.o)



  Load Region EEPROM (Base: 0x08080000, Size: 0x00000000, Max: 0xffffffff, ABSOLUTE)

    Execution Region EEPROM (Base: 0x08080000, Size: 0x0000005c, Max: 0xffffffff, ABSOLUTE)

    Base Addr    Size         Type   Attr      Idx    E Section Name        Object

    0x08080000   0x0000005c   Zero   RW         5276    eeprom_sect         hw_eeprom.o


==============================================================================

Image component sizes


      Code (inc. data)   RO Data    RW Data    ZI Data      Debug   Object Name

      2394        306        128          0          0      30114   at.o
       164         32         12         20          0     413448   b-l072z-lrwan1.o
       536        204       1958          4         64       3365   command.o
        98          4          0          0          0       1359   debug.o
       104         20         88          0         92       2717   hw_eeprom.o
       234         26          0          0         64       3901   hw_gpio.o
       888        108         24          1        104      11960   hw_rtc.o
       708         62          0          0         88      22512   hw_spi.o
       212         20          0          0         56       2314   hw_tim2.o
       136         18          0          8          0       3897   low_power_manager.o
       322         78          0          0          0       4426   main.o
       582        116          0         30        260      11818   mcu_api.o
       676         54          0         24          0      26770   mlm32l07x01.o
       382         38          0          0         64       6019   mlm32l0xx_hal_msp.o
      1140        140          0          2         96      10107   mlm32l0xx_hw.o
       178          0          0          0          0       6539   mlm32l0xx_it.o
       436         14          0          0         30       7946   rf_api.o
       280         36         16         16         64       6356   scheduler.o
       104         24          0          0          0       3250   se_nvm.o
         0          0         48          0          0        584   sigfox_data.o
       524         72          0          4          0      18625   st_lowlevel.o
        28          8        192          0       1024        648   startup_stm32l072xx.o
       108         30          0          4          0       4652   stm32l0xx_hal.o
      1026         36          0          0          0       7152   stm32l0xx_hal_adc.o
       170          0          0          0          0       1610   stm32l0xx_hal_adc_ex.o
       124         18          0          0          0      11037   stm32l0xx_hal_cortex.o
       448         10          0          0          0       3954   stm32l0xx_hal_dma.o
        72         22          0          0          0       1958   stm32l0xx_hal_flash_ex.o
       424         38          0          0          0       3275   stm32l0xx_hal_gpio.o
       148         30          0          0          0       2577   stm32l0xx_hal_pwr.o
        32          8          0          0          0       1193   stm32l0xx_hal_pwr_ex.o
      1708         90          0          0          0       5898   stm32l0xx_hal_rcc.o
       396         14          0          0          0       1776   stm32l0xx_hal_rcc_ex.o
      1726         38          0          0          0      11185   stm32l0xx_hal_rtc.o
        60          0          0          0          0       1267   stm32l0xx_hal_rtc_ex.o
      1426         14          0          0          0       9472   stm32l0xx_hal_spi.o
       522         20          0          0          0       8526   stm32l0xx_hal_tim.o
       128         10          7          0          0      16958   stm32l0xx_ll_dma.o
       112          6          0          0          0      14905   stm32l0xx_ll_lpuart.o
       296         66          0          0          0      21856   stm32l0xx_ll_rcc.o
      2298        170        224         32        420      22178   sx1276.o
        84         18         33          4          0       1771   system_stm32l0xx.o
       448         18          0          4          0       6747   timeserver.o
       616         22          0          0          0       3930   tiny_sscanf.o
       608         16         77          8          0       4510   tiny_vsnprintf.o
      1078         86          7          0        172      54402   vcom.o

    ----------------------------------------------------------------------
     24230       2160       2868        164       2600     821464   Object Totals
         0          0         48          0          0          0   (incl. Generated)
        46          0          6          3          2          0   (incl. Padding)

    ----------------------------------------------------------------------

      Code (inc. data)   RO Data    RW Data    ZI Data      Debug   Library Member Name

      1340        104         22         36          0        384   addon_sigfox_verified_api.o
      1376         22         32         30          0        800   sgfx_cmac_lib.o
      1290        112         14          8          0        956   sigfox_api.o
      2776         42         36          0          0       1524   sigfox_internal.o
        76          4          0          0          0         76   sigfox_pn.o
       104          4         16          0          0         76   sigfox_scramb.o
      2930        120       2052         17         16       1536   sgfx_credentials_lib.o
      1460        144        100         47       3200       1788   sgfxsx1276modulation-lib.o
        86          0          0          0          0          0   __dczerorl2.o
         0          0          0          0          0          0   entry.o
         0          0          0          0          0          0   entry10a.o
         0          0          0          0          0          0   entry11a.o
         8          4          0          0          0          0   entry2.o
         4          0          0          0          0          0   entry5.o
         0          0          0          0          0          0   entry7b.o
         0          0          0          0          0          0   entry8b.o
         8          4          0          0          0          0   entry9a.o
        30          0          0          0          0          0   handlers.o
        40          0          0          0          0         72   idiv.o
        36          8          0          0          0         68   init.o
       122          0          0          0          0         84   llmul.o
        32          0          0          0          0         68   llshl.o
        34          0          0          0          0         68   llushr.o
        36          0          0          0          0         60   memcpya.o
        36          0          0          0          0        100   memseta.o
       898          8          0          0          0        384   printf6.o
        14          0          0          0          0         60   strlen.o
        30          0          0          0          0         72   strncmp.o
        44          0          0          0          0         72   uidiv.o
        96          0          0          0          0         84   uldiv.o
        20          0          0          0          0         60   uread4.o

    ----------------------------------------------------------------------
     12940        576       2274        140       3220       8392   Library Totals
        14          0          2          2          4          0   (incl. Padding)

    ----------------------------------------------------------------------

      Code (inc. data)   RO Data    RW Data    ZI Data      Debug   Library Name

      1340        104         22         36          0        384   SgfxAddonV020_CM0_Keil.lib
      1376         22         32         30          0        800   SgfxCmacV100_CM0_Keil_O3.lib
      4246        162         66          8          0       2632   SgfxCoreV231_CM0_Keil.lib
      2930        120       2052         17         16       1536   SgfxCredentialsV011_CM0_Keil_O3.lib
      1460        144        100         47       3200       1788   SgfxSTModemSx1276V123_CM0_Keil_O3.lib
      1574         24          0          0          0       1252   mc_p.l

    ----------------------------------------------------------------------
     12940        576       2274        140       3220       8392   Library Totals

    ----------------------------------------------------------------------

==============================================================================


      Code (inc. data)   RO Data    RW Data    ZI Data      Debug   

     37170       2736       5142        304       5820     811072   Grand Totals
     37170       2736       5142        148       5820     811072   ELF Image Totals (compressed)
     37170       2736       5142        148          0          0   ROM Totals

==============================================================================

    Total RO  Size (Code + RO Data)                42312 (  41.32kB)
    Total RW  Size (RW Data + ZI Data)              6124 (   5.98kB)
    Total ROM Size (Code + RO Data + RW Data)      42460 (  41.46kB)

==============================================================================

