<!doctype html public "-//w3c//dtd html 4.0 transitional//en">
<html><head>
<title>Static Call Graph - [.\mlm32l07x01Lib\DISCO_CUBE_SGFX_WLIB.axf]</title></head>
<body><HR>
<H1>Static Call Graph for image .\mlm32l07x01Lib\DISCO_CUBE_SGFX_WLIB.axf</H1><HR>
<BR><P>#&#060CALLGRAPH&#062# ARM Linker, 5060422: Last Updated: Fri Oct 30 17:33:15 2020
<BR><P>
<H3>Maximum Stack Usage =       1664 bytes + Unknown(Cycles, Untraceable Function Pointers)</H3><H3>
Call chain for Maximum Stack Depth:</H3>
AT_test_mode &rArr; ADDON_SIGFOX_VERIFIED_API_test_mode &rArr; ADDON_SIGFOX_VERIFIED_API_send_tx_protocol &rArr; SIGFOX_API_send_bit &rArr; SIGFOX_INT_execute_communication_sequence &rArr; SIGFOX_INT_prepare_transmission &rArr; SIGFOX_INT_build_frame &rArr; SE_API_secure_uplink_message &rArr; SIGFOX_encrypt_decrypt_frame &rArr; CREDENTIALS_aes_128_cbc_encrypt &rArr; CREDENTIALS_get_key &rArr; CREDENTIALS_get_cra &rArr; CREDENTIALS_get_signature &rArr; aes_cbc_encrypt &rArr; mix_sub_columns
<P>
<H3>
Mutually Recursive functions
</H3> <LI><a href="#[1d]">ADC1_COMP_IRQHandler</a>&nbsp;&nbsp;&nbsp;&rArr;&nbsp;&nbsp;&nbsp;<a href="#[1d]">ADC1_COMP_IRQHandler</a><BR>
 <LI><a href="#[d]">HardFault_Handler</a>&nbsp;&nbsp;&nbsp;&rArr;&nbsp;&nbsp;&nbsp;<a href="#[d]">HardFault_Handler</a><BR>
 <LI><a href="#[a8]">Error_Handler</a>&nbsp;&nbsp;&nbsp;&rArr;&nbsp;&nbsp;&nbsp;<a href="#[a8]">Error_Handler</a><BR>
</UL>
<P>
<H3>
Function Pointers
</H3><UL>
 <LI><a href="#[1d]">ADC1_COMP_IRQHandler</a> from startup_stm32l072xx.o(.text) referenced from startup_stm32l072xx.o(RESET)
 <LI><a href="#[51]">AT_ChannelConfigFcc_set</a> from at.o(i.AT_ChannelConfigFcc_set) referenced from command.o(.constdata)
 <LI><a href="#[44]">AT_DevId_get</a> from at.o(i.AT_DevId_get) referenced 2 times from command.o(.constdata)
 <LI><a href="#[45]">AT_DevPac_get</a> from at.o(i.AT_DevPac_get) referenced 2 times from command.o(.constdata)
 <LI><a href="#[46]">AT_PublicKey_get</a> from at.o(i.AT_PublicKey_get) referenced from command.o(.constdata)
 <LI><a href="#[47]">AT_PublicKey_set</a> from at.o(i.AT_PublicKey_set) referenced from command.o(.constdata)
 <LI><a href="#[48]">AT_SendBit</a> from at.o(i.AT_SendBit) referenced from command.o(.constdata)
 <LI><a href="#[49]">AT_SendFrame</a> from at.o(i.AT_SendFrame) referenced from command.o(.constdata)
 <LI><a href="#[4d]">AT_bat_get</a> from at.o(i.AT_bat_get) referenced from command.o(.constdata)
 <LI><a href="#[56]">AT_echo_get</a> from at.o(i.AT_echo_get) referenced from command.o(.constdata)
 <LI><a href="#[57]">AT_echo_set</a> from at.o(i.AT_echo_set) referenced from command.o(.constdata)
 <LI><a href="#[50]">AT_outOfBand_run</a> from at.o(i.AT_outOfBand_run) referenced from command.o(.constdata)
 <LI><a href="#[4e]">AT_power_get</a> from at.o(i.AT_power_get) referenced from command.o(.constdata)
 <LI><a href="#[4f]">AT_power_set</a> from at.o(i.AT_power_set) referenced from command.o(.constdata)
 <LI><a href="#[52]">AT_rc_get</a> from at.o(i.AT_rc_get) referenced from command.o(.constdata)
 <LI><a href="#[53]">AT_rc_set</a> from at.o(i.AT_rc_set) referenced from command.o(.constdata)
 <LI><a href="#[41]">AT_reset</a> from at.o(i.AT_reset) referenced from command.o(.constdata)
 <LI><a href="#[42]">AT_restore_factory_settings</a> from at.o(i.AT_restore_factory_settings) referenced from command.o(.constdata)
 <LI><a href="#[40]">AT_return_error</a> from at.o(i.AT_return_error) referenced 28 times from command.o(.constdata)
 <LI><a href="#[54]">AT_rssi_cal_get</a> from at.o(i.AT_rssi_cal_get) referenced from command.o(.constdata)
 <LI><a href="#[55]">AT_rssi_cal_set</a> from at.o(i.AT_rssi_cal_set) referenced from command.o(.constdata)
 <LI><a href="#[4a]">AT_test_cw</a> from at.o(i.AT_test_cw) referenced from command.o(.constdata)
 <LI><a href="#[4c]">AT_test_mode</a> from at.o(i.AT_test_mode) referenced from command.o(.constdata)
 <LI><a href="#[4b]">AT_test_pn</a> from at.o(i.AT_test_pn) referenced from command.o(.constdata)
 <LI><a href="#[43]">AT_version_get</a> from at.o(i.AT_version_get) referenced 2 times from command.o(.constdata)
 <LI><a href="#[3f]">CMD_Process</a> from command.o(i.CMD_Process) referenced from main.o(i.main)
 <LI><a href="#[1a]">DMA1_Channel1_IRQHandler</a> from startup_stm32l072xx.o(.text) referenced from startup_stm32l072xx.o(RESET)
 <LI><a href="#[1b]">DMA1_Channel2_3_IRQHandler</a> from mlm32l0xx_it.o(i.DMA1_Channel2_3_IRQHandler) referenced from startup_stm32l072xx.o(RESET)
 <LI><a href="#[1c]">DMA1_Channel4_5_6_7_IRQHandler</a> from mlm32l0xx_it.o(i.DMA1_Channel4_5_6_7_IRQHandler) referenced from startup_stm32l072xx.o(RESET)
 <LI><a href="#[16]">EXTI0_1_IRQHandler</a> from mlm32l0xx_it.o(i.EXTI0_1_IRQHandler) referenced from startup_stm32l072xx.o(RESET)
 <LI><a href="#[17]">EXTI2_3_IRQHandler</a> from mlm32l0xx_it.o(i.EXTI2_3_IRQHandler) referenced from startup_stm32l072xx.o(RESET)
 <LI><a href="#[18]">EXTI4_15_IRQHandler</a> from mlm32l0xx_it.o(i.EXTI4_15_IRQHandler) referenced from startup_stm32l072xx.o(RESET)
 <LI><a href="#[14]">FLASH_IRQHandler</a> from startup_stm32l072xx.o(.text) referenced from startup_stm32l072xx.o(RESET)
 <LI><a href="#[d]">HardFault_Handler</a> from mlm32l0xx_it.o(i.HardFault_Handler) referenced from startup_stm32l072xx.o(RESET)
 <LI><a href="#[27]">I2C1_IRQHandler</a> from startup_stm32l072xx.o(.text) referenced from startup_stm32l072xx.o(RESET)
 <LI><a href="#[28]">I2C2_IRQHandler</a> from startup_stm32l072xx.o(.text) referenced from startup_stm32l072xx.o(RESET)
 <LI><a href="#[25]">I2C3_IRQHandler</a> from startup_stm32l072xx.o(.text) referenced from startup_stm32l072xx.o(RESET)
 <LI><a href="#[1e]">LPTIM1_IRQHandler</a> from startup_stm32l072xx.o(.text) referenced from startup_stm32l072xx.o(RESET)
 <LI><a href="#[c]">NMI_Handler</a> from mlm32l0xx_it.o(i.NMI_Handler) referenced from startup_stm32l072xx.o(RESET)
 <LI><a href="#[32]">OnTimerDelayEvt</a> from mcu_api.o(i.OnTimerDelayEvt) referenced from mcu_api.o(i.Delay_Lp)
 <LI><a href="#[37]">OnTimerTimeoutCsEvt</a> from st_lowlevel.o(i.OnTimerTimeoutCsEvt) referenced from mcu_api.o(i.MCU_API_timer_start_carrier_sense)
 <LI><a href="#[36]">OnTimerTimeoutEvt</a> from mcu_api.o(i.OnTimerTimeoutEvt) referenced from mcu_api.o(i.MCU_API_timer_start)
 <LI><a href="#[12]">PVD_IRQHandler</a> from startup_stm32l072xx.o(.text) referenced from startup_stm32l072xx.o(RESET)
 <LI><a href="#[f]">PendSV_Handler</a> from mlm32l0xx_it.o(i.PendSV_Handler) referenced from startup_stm32l072xx.o(RESET)
 <LI><a href="#[38]">RADIO_rx_packet_interrupt_handler</a> from st_lowlevel.o(i.RADIO_rx_packet_interrupt_handler) referenced from st_lowlevel.o(i.STLL_Radio_IoInit)
 <LI><a href="#[15]">RCC_CRS_IRQHandler</a> from startup_stm32l072xx.o(.text) referenced from startup_stm32l072xx.o(RESET)
 <LI><a href="#[2d]">RNG_LPUART1_IRQHandler</a> from mlm32l0xx_it.o(i.RNG_LPUART1_IRQHandler) referenced from startup_stm32l072xx.o(RESET)
 <LI><a href="#[13]">RTC_IRQHandler</a> from mlm32l0xx_it.o(i.RTC_IRQHandler) referenced from startup_stm32l072xx.o(RESET)
 <LI><a href="#[b]">Reset_Handler</a> from startup_stm32l072xx.o(.text) referenced from startup_stm32l072xx.o(RESET)
 <LI><a href="#[29]">SPI1_IRQHandler</a> from startup_stm32l072xx.o(.text) referenced from startup_stm32l072xx.o(RESET)
 <LI><a href="#[2a]">SPI2_IRQHandler</a> from startup_stm32l072xx.o(.text) referenced from startup_stm32l072xx.o(RESET)
 <LI><a href="#[35]">SPI_DMAError</a> from stm32l0xx_hal_spi.o(i.SPI_DMAError) referenced from stm32l0xx_hal_spi.o(i.HAL_SPI_Transmit_DMA)
 <LI><a href="#[33]">SPI_DMAHalfTransmitCplt</a> from stm32l0xx_hal_spi.o(i.SPI_DMAHalfTransmitCplt) referenced from stm32l0xx_hal_spi.o(i.HAL_SPI_Transmit_DMA)
 <LI><a href="#[34]">SPI_DMATransmitCplt</a> from stm32l0xx_hal_spi.o(i.SPI_DMATransmitCplt) referenced from stm32l0xx_hal_spi.o(i.HAL_SPI_Transmit_DMA)
 <LI><a href="#[39]">STLL_RX_SYNC_IRQHandler_CB</a> from st_lowlevel.o(i.STLL_RX_SYNC_IRQHandler_CB) referenced from st_lowlevel.o(i.STLL_Radio_IoInit)
 <LI><a href="#[e]">SVC_Handler</a> from mlm32l0xx_it.o(i.SVC_Handler) referenced from startup_stm32l072xx.o(RESET)
 <LI><a href="#[1]">SX1276GetWakeUpTime</a> from mlm32l07x01.o(i.SX1276GetWakeUpTime) referenced 2 times from mlm32l07x01.o(.data)
 <LI><a href="#[2]">SX1276IoIrqInit</a> from mlm32l07x01.o(i.SX1276IoIrqInit) referenced 2 times from mlm32l07x01.o(.data)
 <LI><a href="#[6]">SX1276OnDio0Irq</a> from sx1276.o(i.SX1276OnDio0Irq) referenced 2 times from sx1276.o(.data)
 <LI><a href="#[7]">SX1276OnDio1Irq</a> from sx1276.o(i.SX1276OnDio1Irq) referenced 2 times from sx1276.o(.data)
 <LI><a href="#[8]">SX1276OnDio2Irq</a> from sx1276.o(i.SX1276OnDio2Irq) referenced 2 times from sx1276.o(.data)
 <LI><a href="#[9]">SX1276OnDio3Irq</a> from sx1276.o(i.SX1276OnDio3Irq) referenced 2 times from sx1276.o(.data)
 <LI><a href="#[a]">SX1276OnDio4Irq</a> from sx1276.o(i.SX1276OnDio4Irq) referenced 2 times from sx1276.o(.data)
 <LI><a href="#[3a]">SX1276OnTimeoutIrq</a> from sx1276.o(i.SX1276OnTimeoutIrq) referenced from sx1276.o(i.SX1276Init)
 <LI><a href="#[5]">SX1276SetAntSw</a> from mlm32l07x01.o(i.SX1276SetAntSw) referenced 2 times from mlm32l07x01.o(.data)
 <LI><a href="#[4]">SX1276SetAntSwLowPower</a> from mlm32l07x01.o(i.SX1276SetAntSwLowPower) referenced 2 times from mlm32l07x01.o(.data)
 <LI><a href="#[3]">SX1276SetRfTxPower</a> from mlm32l07x01.o(i.SX1276SetRfTxPower) referenced 2 times from mlm32l07x01.o(.data)
 <LI><a href="#[0]">SX1276SetXO</a> from mlm32l07x01.o(i.SX1276SetXO) referenced 2 times from mlm32l07x01.o(.data)
 <LI><a href="#[10]">SysTick_Handler</a> from mlm32l0xx_it.o(i.SysTick_Handler) referenced from startup_stm32l072xx.o(RESET)
 <LI><a href="#[30]">SystemInit</a> from system_stm32l0xx.o(i.SystemInit) referenced from startup_stm32l072xx.o(.text)
 <LI><a href="#[24]">TIM21_IRQHandler</a> from startup_stm32l072xx.o(.text) referenced from startup_stm32l072xx.o(RESET)
 <LI><a href="#[26]">TIM22_IRQHandler</a> from startup_stm32l072xx.o(.text) referenced from startup_stm32l072xx.o(RESET)
 <LI><a href="#[20]">TIM2_IRQHandler</a> from startup_stm32l072xx.o(.text) referenced from startup_stm32l072xx.o(RESET)
 <LI><a href="#[21]">TIM3_IRQHandler</a> from startup_stm32l072xx.o(.text) referenced from startup_stm32l072xx.o(RESET)
 <LI><a href="#[22]">TIM6_DAC_IRQHandler</a> from startup_stm32l072xx.o(.text) referenced from startup_stm32l072xx.o(RESET)
 <LI><a href="#[23]">TIM7_IRQHandler</a> from startup_stm32l072xx.o(.text) referenced from startup_stm32l072xx.o(RESET)
 <LI><a href="#[19]">TSC_IRQHandler</a> from startup_stm32l072xx.o(.text) referenced from startup_stm32l072xx.o(RESET)
 <LI><a href="#[3c]">TX_CW_gen_next</a> from sgfxsx1276modulation-lib.o(i.TX_CW_gen_next) referenced from sgfxsx1276modulation-lib.o(i.TX_Start_CW)
 <LI><a href="#[3d]">TX_Prbs9_gen_next</a> from sgfxsx1276modulation-lib.o(i.TX_Prbs9_gen_next) referenced from sgfxsx1276modulation-lib.o(i.TX_Start_PRBS9)
 <LI><a href="#[3b]">TX_read_Bit</a> from sgfxsx1276modulation-lib.o(i.TX_read_Bit) referenced from sgfxsx1276modulation-lib.o(i.TX_Start)
 <LI><a href="#[2b]">USART1_IRQHandler</a> from startup_stm32l072xx.o(.text) referenced from startup_stm32l072xx.o(RESET)
 <LI><a href="#[2c]">USART2_IRQHandler</a> from startup_stm32l072xx.o(.text) referenced from startup_stm32l072xx.o(RESET)
 <LI><a href="#[1f]">USART4_5_IRQHandler</a> from startup_stm32l072xx.o(.text) referenced from startup_stm32l072xx.o(RESET)
 <LI><a href="#[2e]">USB_IRQHandler</a> from startup_stm32l072xx.o(.text) referenced from startup_stm32l072xx.o(RESET)
 <LI><a href="#[11]">WWDG_IRQHandler</a> from startup_stm32l072xx.o(.text) referenced from startup_stm32l072xx.o(RESET)
 <LI><a href="#[31]">__main</a> from entry.o(.ARM.Collect$$$$00000000) referenced from startup_stm32l072xx.o(.text)
 <LI><a href="#[3e]">_sputc</a> from printf6.o(i._sputc) referenced from printf6.o(i.__0sprintf$6)
 <LI><a href="#[2f]">main</a> from main.o(i.main) referenced from entry9a.o(.ARM.Collect$$$$0000000B)
</UL>
<P>
<H3>
Global Symbols
</H3>
<P><STRONG><a name="[31]"></a>__main</STRONG> (Thumb, 0 bytes, Stack size unknown bytes, entry.o(.ARM.Collect$$$$00000000))
<BR>[Address Reference Count : 1]<UL><LI> startup_stm32l072xx.o(.text)
</UL>
<P><STRONG><a name="[1d7]"></a>_main_stk</STRONG> (Thumb, 0 bytes, Stack size unknown bytes, entry2.o(.ARM.Collect$$$$00000001))

<P><STRONG><a name="[58]"></a>_main_scatterload</STRONG> (Thumb, 0 bytes, Stack size unknown bytes, entry5.o(.ARM.Collect$$$$00000004))
<BR><BR>[Calls]<UL><LI><a href="#[59]">&gt;&gt;</a>&nbsp;&nbsp;&nbsp;__scatterload
</UL>

<P><STRONG><a name="[63]"></a>__main_after_scatterload</STRONG> (Thumb, 0 bytes, Stack size unknown bytes, entry5.o(.ARM.Collect$$$$00000004))
<BR><BR>[Called By]<UL><LI><a href="#[59]">&gt;&gt;</a>&nbsp;&nbsp;&nbsp;__scatterload
</UL>

<P><STRONG><a name="[1d8]"></a>_main_clock</STRONG> (Thumb, 0 bytes, Stack size unknown bytes, entry7b.o(.ARM.Collect$$$$00000008))

<P><STRONG><a name="[1d9]"></a>_main_cpp_init</STRONG> (Thumb, 0 bytes, Stack size unknown bytes, entry8b.o(.ARM.Collect$$$$0000000A))

<P><STRONG><a name="[1da]"></a>_main_init</STRONG> (Thumb, 0 bytes, Stack size unknown bytes, entry9a.o(.ARM.Collect$$$$0000000B))

<P><STRONG><a name="[1db]"></a>__rt_final_cpp</STRONG> (Thumb, 0 bytes, Stack size unknown bytes, entry10a.o(.ARM.Collect$$$$0000000D))

<P><STRONG><a name="[1dc]"></a>__rt_final_exit</STRONG> (Thumb, 0 bytes, Stack size unknown bytes, entry11a.o(.ARM.Collect$$$$0000000F))

<P><STRONG><a name="[b]"></a>Reset_Handler</STRONG> (Thumb, 8 bytes, Stack size 0 bytes, startup_stm32l072xx.o(.text))
<BR>[Address Reference Count : 1]<UL><LI> startup_stm32l072xx.o(RESET)
</UL>
<P><STRONG><a name="[1d]"></a>ADC1_COMP_IRQHandler</STRONG> (Thumb, 0 bytes, Stack size 0 bytes, startup_stm32l072xx.o(.text))
<BR><BR>[Calls]<UL><LI><a href="#[1d]">&gt;&gt;</a>&nbsp;&nbsp;&nbsp;ADC1_COMP_IRQHandler
</UL>
<BR>[Called By]<UL><LI><a href="#[1d]">&gt;&gt;</a>&nbsp;&nbsp;&nbsp;ADC1_COMP_IRQHandler
</UL>
<BR>[Address Reference Count : 1]<UL><LI> startup_stm32l072xx.o(RESET)
</UL>
<P><STRONG><a name="[1a]"></a>DMA1_Channel1_IRQHandler</STRONG> (Thumb, 0 bytes, Stack size 0 bytes, startup_stm32l072xx.o(.text))
<BR>[Address Reference Count : 1]<UL><LI> startup_stm32l072xx.o(RESET)
</UL>
<P><STRONG><a name="[14]"></a>FLASH_IRQHandler</STRONG> (Thumb, 0 bytes, Stack size 0 bytes, startup_stm32l072xx.o(.text))
<BR>[Address Reference Count : 1]<UL><LI> startup_stm32l072xx.o(RESET)
</UL>
<P><STRONG><a name="[27]"></a>I2C1_IRQHandler</STRONG> (Thumb, 0 bytes, Stack size 0 bytes, startup_stm32l072xx.o(.text))
<BR>[Address Reference Count : 1]<UL><LI> startup_stm32l072xx.o(RESET)
</UL>
<P><STRONG><a name="[28]"></a>I2C2_IRQHandler</STRONG> (Thumb, 0 bytes, Stack size 0 bytes, startup_stm32l072xx.o(.text))
<BR>[Address Reference Count : 1]<UL><LI> startup_stm32l072xx.o(RESET)
</UL>
<P><STRONG><a name="[25]"></a>I2C3_IRQHandler</STRONG> (Thumb, 0 bytes, Stack size 0 bytes, startup_stm32l072xx.o(.text))
<BR>[Address Reference Count : 1]<UL><LI> startup_stm32l072xx.o(RESET)
</UL>
<P><STRONG><a name="[1e]"></a>LPTIM1_IRQHandler</STRONG> (Thumb, 0 bytes, Stack size 0 bytes, startup_stm32l072xx.o(.text))
<BR>[Address Reference Count : 1]<UL><LI> startup_stm32l072xx.o(RESET)
</UL>
<P><STRONG><a name="[12]"></a>PVD_IRQHandler</STRONG> (Thumb, 0 bytes, Stack size 0 bytes, startup_stm32l072xx.o(.text))
<BR>[Address Reference Count : 1]<UL><LI> startup_stm32l072xx.o(RESET)
</UL>
<P><STRONG><a name="[15]"></a>RCC_CRS_IRQHandler</STRONG> (Thumb, 0 bytes, Stack size 0 bytes, startup_stm32l072xx.o(.text))
<BR>[Address Reference Count : 1]<UL><LI> startup_stm32l072xx.o(RESET)
</UL>
<P><STRONG><a name="[29]"></a>SPI1_IRQHandler</STRONG> (Thumb, 0 bytes, Stack size 0 bytes, startup_stm32l072xx.o(.text))
<BR>[Address Reference Count : 1]<UL><LI> startup_stm32l072xx.o(RESET)
</UL>
<P><STRONG><a name="[2a]"></a>SPI2_IRQHandler</STRONG> (Thumb, 0 bytes, Stack size 0 bytes, startup_stm32l072xx.o(.text))
<BR>[Address Reference Count : 1]<UL><LI> startup_stm32l072xx.o(RESET)
</UL>
<P><STRONG><a name="[24]"></a>TIM21_IRQHandler</STRONG> (Thumb, 0 bytes, Stack size 0 bytes, startup_stm32l072xx.o(.text))
<BR>[Address Reference Count : 1]<UL><LI> startup_stm32l072xx.o(RESET)
</UL>
<P><STRONG><a name="[26]"></a>TIM22_IRQHandler</STRONG> (Thumb, 0 bytes, Stack size 0 bytes, startup_stm32l072xx.o(.text))
<BR>[Address Reference Count : 1]<UL><LI> startup_stm32l072xx.o(RESET)
</UL>
<P><STRONG><a name="[20]"></a>TIM2_IRQHandler</STRONG> (Thumb, 0 bytes, Stack size 0 bytes, startup_stm32l072xx.o(.text))
<BR>[Address Reference Count : 1]<UL><LI> startup_stm32l072xx.o(RESET)
</UL>
<P><STRONG><a name="[21]"></a>TIM3_IRQHandler</STRONG> (Thumb, 0 bytes, Stack size 0 bytes, startup_stm32l072xx.o(.text))
<BR>[Address Reference Count : 1]<UL><LI> startup_stm32l072xx.o(RESET)
</UL>
<P><STRONG><a name="[22]"></a>TIM6_DAC_IRQHandler</STRONG> (Thumb, 0 bytes, Stack size 0 bytes, startup_stm32l072xx.o(.text))
<BR>[Address Reference Count : 1]<UL><LI> startup_stm32l072xx.o(RESET)
</UL>
<P><STRONG><a name="[23]"></a>TIM7_IRQHandler</STRONG> (Thumb, 0 bytes, Stack size 0 bytes, startup_stm32l072xx.o(.text))
<BR>[Address Reference Count : 1]<UL><LI> startup_stm32l072xx.o(RESET)
</UL>
<P><STRONG><a name="[19]"></a>TSC_IRQHandler</STRONG> (Thumb, 0 bytes, Stack size 0 bytes, startup_stm32l072xx.o(.text))
<BR>[Address Reference Count : 1]<UL><LI> startup_stm32l072xx.o(RESET)
</UL>
<P><STRONG><a name="[2b]"></a>USART1_IRQHandler</STRONG> (Thumb, 0 bytes, Stack size 0 bytes, startup_stm32l072xx.o(.text))
<BR>[Address Reference Count : 1]<UL><LI> startup_stm32l072xx.o(RESET)
</UL>
<P><STRONG><a name="[2c]"></a>USART2_IRQHandler</STRONG> (Thumb, 0 bytes, Stack size 0 bytes, startup_stm32l072xx.o(.text))
<BR>[Address Reference Count : 1]<UL><LI> startup_stm32l072xx.o(RESET)
</UL>
<P><STRONG><a name="[1f]"></a>USART4_5_IRQHandler</STRONG> (Thumb, 0 bytes, Stack size 0 bytes, startup_stm32l072xx.o(.text))
<BR>[Address Reference Count : 1]<UL><LI> startup_stm32l072xx.o(RESET)
</UL>
<P><STRONG><a name="[2e]"></a>USB_IRQHandler</STRONG> (Thumb, 0 bytes, Stack size 0 bytes, startup_stm32l072xx.o(.text))
<BR>[Address Reference Count : 1]<UL><LI> startup_stm32l072xx.o(RESET)
</UL>
<P><STRONG><a name="[11]"></a>WWDG_IRQHandler</STRONG> (Thumb, 0 bytes, Stack size 0 bytes, startup_stm32l072xx.o(.text))
<BR>[Address Reference Count : 1]<UL><LI> startup_stm32l072xx.o(RESET)
</UL>
<P><STRONG><a name="[1dd]"></a>__aeabi_uidiv</STRONG> (Thumb, 0 bytes, Stack size 12 bytes, uidiv.o(.text), UNUSED)

<P><STRONG><a name="[5b]"></a>__aeabi_uidivmod</STRONG> (Thumb, 44 bytes, Stack size 12 bytes, uidiv.o(.text))
<BR><BR>[Stack]<UL><LI>Max Depth = 12<LI>Call Chain = __aeabi_uidivmod
</UL>
<BR>[Called By]<UL><LI><a href="#[14e]">&gt;&gt;</a>&nbsp;&nbsp;&nbsp;SX1276SetChannel
<LI><a href="#[64]">&gt;&gt;</a>&nbsp;&nbsp;&nbsp;ADC_DelayMicroSecond
<LI><a href="#[c0]">&gt;&gt;</a>&nbsp;&nbsp;&nbsp;HAL_RCC_GetSysClockFreq
<LI><a href="#[12f]">&gt;&gt;</a>&nbsp;&nbsp;&nbsp;RCC_PLL_GetFreqDomain_SYS
<LI><a href="#[f3]">&gt;&gt;</a>&nbsp;&nbsp;&nbsp;HW_GetTemperatureLevel
<LI><a href="#[84]">&gt;&gt;</a>&nbsp;&nbsp;&nbsp;HW_GetBatteryLevel
<LI><a href="#[106]">&gt;&gt;</a>&nbsp;&nbsp;&nbsp;HW_RTC_StartWakeUpAlarm
<LI><a href="#[1ad]">&gt;&gt;</a>&nbsp;&nbsp;&nbsp;ee_number
<LI><a href="#[5a]">&gt;&gt;</a>&nbsp;&nbsp;&nbsp;__aeabi_idivmod
<LI><a href="#[1be]">&gt;&gt;</a>&nbsp;&nbsp;&nbsp;aes_set_key
<LI><a href="#[178]">&gt;&gt;</a>&nbsp;&nbsp;&nbsp;SE_API_secure_uplink_message
<LI><a href="#[180]">&gt;&gt;</a>&nbsp;&nbsp;&nbsp;SIGFOX_INT_process_uplink
<LI><a href="#[17c]">&gt;&gt;</a>&nbsp;&nbsp;&nbsp;SIGFOX_INT_dc_lbt_channel_pn_min
<LI><a href="#[17b]">&gt;&gt;</a>&nbsp;&nbsp;&nbsp;SIGFOX_INT_dc_lbt_channel_pn_max
<LI><a href="#[177]">&gt;&gt;</a>&nbsp;&nbsp;&nbsp;SIGFOX_INT_build_frame
<LI><a href="#[174]">&gt;&gt;</a>&nbsp;&nbsp;&nbsp;SIGFOX_INT_compute_uplink_frequency
<LI><a href="#[15c]">&gt;&gt;</a>&nbsp;&nbsp;&nbsp;TX_Start_PRBS9
<LI><a href="#[162]">&gt;&gt;</a>&nbsp;&nbsp;&nbsp;TX_Start
<LI><a href="#[1aa]">&gt;&gt;</a>&nbsp;&nbsp;&nbsp;_printf_core
</UL>

<P><STRONG><a name="[1de]"></a>__aeabi_idiv</STRONG> (Thumb, 0 bytes, Stack size 16 bytes, idiv.o(.text), UNUSED)

<P><STRONG><a name="[5a]"></a>__aeabi_idivmod</STRONG> (Thumb, 40 bytes, Stack size 16 bytes, idiv.o(.text))
<BR><BR>[Stack]<UL><LI>Max Depth = 28<LI>Call Chain = __aeabi_idivmod &rArr; __aeabi_uidivmod
</UL>
<BR>[Calls]<UL><LI><a href="#[5b]">&gt;&gt;</a>&nbsp;&nbsp;&nbsp;__aeabi_uidivmod
</UL>
<BR>[Called By]<UL><LI><a href="#[f3]">&gt;&gt;</a>&nbsp;&nbsp;&nbsp;HW_GetTemperatureLevel
<LI><a href="#[142]">&gt;&gt;</a>&nbsp;&nbsp;&nbsp;RF_API_wait_for_clear_channel
<LI><a href="#[17e]">&gt;&gt;</a>&nbsp;&nbsp;&nbsp;SIGFOX_INT_get_macro_channel_index
<LI><a href="#[177]">&gt;&gt;</a>&nbsp;&nbsp;&nbsp;SIGFOX_INT_build_frame
</UL>

<P><STRONG><a name="[5c]"></a>__aeabi_uldivmod</STRONG> (Thumb, 96 bytes, Stack size 48 bytes, uldiv.o(.text))
<BR><BR>[Stack]<UL><LI>Max Depth = 56<LI>Call Chain = __aeabi_uldivmod &rArr; __aeabi_llsr
</UL>
<BR>[Calls]<UL><LI><a href="#[5d]">&gt;&gt;</a>&nbsp;&nbsp;&nbsp;__aeabi_llsr
<LI><a href="#[5e]">&gt;&gt;</a>&nbsp;&nbsp;&nbsp;__aeabi_llsl
</UL>
<BR>[Called By]<UL><LI><a href="#[117]">&gt;&gt;</a>&nbsp;&nbsp;&nbsp;LL_LPUART_Init
<LI><a href="#[109]">&gt;&gt;</a>&nbsp;&nbsp;&nbsp;HW_RTC_ms2Tick
<LI><a href="#[b2]">&gt;&gt;</a>&nbsp;&nbsp;&nbsp;HW_RTC_DelayMs
</UL>

<P><STRONG><a name="[5f]"></a>__aeabi_lmul</STRONG> (Thumb, 122 bytes, Stack size 64 bytes, llmul.o(.text))
<BR><BR>[Stack]<UL><LI>Max Depth = 72<LI>Call Chain = __aeabi_lmul &rArr; __aeabi_llsl
</UL>
<BR>[Calls]<UL><LI><a href="#[5e]">&gt;&gt;</a>&nbsp;&nbsp;&nbsp;__aeabi_llsl
</UL>
<BR>[Called By]<UL><LI><a href="#[1b3]">&gt;&gt;</a>&nbsp;&nbsp;&nbsp;tiny_vfscanf
</UL>

<P><STRONG><a name="[1df]"></a>_ll_mul</STRONG> (Thumb, 0 bytes, Stack size 64 bytes, llmul.o(.text), UNUSED)

<P><STRONG><a name="[1bb]"></a>__aeabi_memcpy</STRONG> (Thumb, 36 bytes, Stack size 0 bytes, memcpya.o(.text))
<BR><BR>[Called By]<UL><LI><a href="#[7e]">&gt;&gt;</a>&nbsp;&nbsp;&nbsp;vcom_Send
<LI><a href="#[1bd]">&gt;&gt;</a>&nbsp;&nbsp;&nbsp;CREDENTIALS_get_key
<LI><a href="#[1c1]">&gt;&gt;</a>&nbsp;&nbsp;&nbsp;CREDENTIALS_get_cra
<LI><a href="#[1c5]">&gt;&gt;</a>&nbsp;&nbsp;&nbsp;CREDENTIALS_get_initial_pac
<LI><a href="#[1c4]">&gt;&gt;</a>&nbsp;&nbsp;&nbsp;CREDENTIALS_get_dev_id
</UL>

<P><STRONG><a name="[79]"></a>__aeabi_memcpy4</STRONG> (Thumb, 0 bytes, Stack size 0 bytes, memcpya.o(.text))
<BR><BR>[Called By]<UL><LI><a href="#[7e]">&gt;&gt;</a>&nbsp;&nbsp;&nbsp;vcom_Send
<LI><a href="#[ea]">&gt;&gt;</a>&nbsp;&nbsp;&nbsp;HW_EEPROM_Init
<LI><a href="#[1af]">&gt;&gt;</a>&nbsp;&nbsp;&nbsp;st_sigfox_open
<LI><a href="#[106]">&gt;&gt;</a>&nbsp;&nbsp;&nbsp;HW_RTC_StartWakeUpAlarm
<LI><a href="#[136]">&gt;&gt;</a>&nbsp;&nbsp;&nbsp;SGFX_SX1276_tx_config
<LI><a href="#[137]">&gt;&gt;</a>&nbsp;&nbsp;&nbsp;SGFX_SX1276_rx_config
<LI><a href="#[128]">&gt;&gt;</a>&nbsp;&nbsp;&nbsp;MCU_API_delay
<LI><a href="#[87]">&gt;&gt;</a>&nbsp;&nbsp;&nbsp;HW_EEPROM_RestoreFs
<LI><a href="#[53]">&gt;&gt;</a>&nbsp;&nbsp;&nbsp;AT_rc_set
<LI><a href="#[51]">&gt;&gt;</a>&nbsp;&nbsp;&nbsp;AT_ChannelConfigFcc_set
</UL>

<P><STRONG><a name="[1e0]"></a>__aeabi_memcpy8</STRONG> (Thumb, 0 bytes, Stack size 0 bytes, memcpya.o(.text), UNUSED)

<P><STRONG><a name="[61]"></a>__aeabi_memset</STRONG> (Thumb, 14 bytes, Stack size 0 bytes, memseta.o(.text))
<BR><BR>[Called By]<UL><LI><a href="#[62]">&gt;&gt;</a>&nbsp;&nbsp;&nbsp;_memset$wrapper
<LI><a href="#[60]">&gt;&gt;</a>&nbsp;&nbsp;&nbsp;__aeabi_memclr
</UL>

<P><STRONG><a name="[1e1]"></a>__aeabi_memset4</STRONG> (Thumb, 0 bytes, Stack size 0 bytes, memseta.o(.text), UNUSED)

<P><STRONG><a name="[1e2]"></a>__aeabi_memset8</STRONG> (Thumb, 0 bytes, Stack size 0 bytes, memseta.o(.text), UNUSED)

<P><STRONG><a name="[60]"></a>__aeabi_memclr</STRONG> (Thumb, 4 bytes, Stack size 0 bytes, memseta.o(.text))
<BR><BR>[Calls]<UL><LI><a href="#[61]">&gt;&gt;</a>&nbsp;&nbsp;&nbsp;__aeabi_memset
</UL>
<BR>[Called By]<UL><LI><a href="#[3f]">&gt;&gt;</a>&nbsp;&nbsp;&nbsp;CMD_Process
<LI><a href="#[9f]">&gt;&gt;</a>&nbsp;&nbsp;&nbsp;STLL_TX_IRQHandler_CB
<LI><a href="#[160]">&gt;&gt;</a>&nbsp;&nbsp;&nbsp;TX_Stop_Rf_Carrier
<LI><a href="#[15c]">&gt;&gt;</a>&nbsp;&nbsp;&nbsp;TX_Start_PRBS9
<LI><a href="#[15b]">&gt;&gt;</a>&nbsp;&nbsp;&nbsp;TX_Start_CW
<LI><a href="#[162]">&gt;&gt;</a>&nbsp;&nbsp;&nbsp;TX_Start
</UL>

<P><STRONG><a name="[9a]"></a>__aeabi_memclr4</STRONG> (Thumb, 0 bytes, Stack size 0 bytes, memseta.o(.text))
<BR><BR>[Called By]<UL><LI><a href="#[7e]">&gt;&gt;</a>&nbsp;&nbsp;&nbsp;vcom_Send
<LI><a href="#[198]">&gt;&gt;</a>&nbsp;&nbsp;&nbsp;SX1276Reset
<LI><a href="#[4]">&gt;&gt;</a>&nbsp;&nbsp;&nbsp;SX1276SetAntSwLowPower
<LI><a href="#[f8]">&gt;&gt;</a>&nbsp;&nbsp;&nbsp;SX1276IoInit
<LI><a href="#[fc]">&gt;&gt;</a>&nbsp;&nbsp;&nbsp;SX1276IoDeInit
<LI><a href="#[fb]">&gt;&gt;</a>&nbsp;&nbsp;&nbsp;HW_IoDeInit
<LI><a href="#[bb]">&gt;&gt;</a>&nbsp;&nbsp;&nbsp;HW_GpioInit
<LI><a href="#[1a2]">&gt;&gt;</a>&nbsp;&nbsp;&nbsp;SystemClock_Config
<LI><a href="#[f4]">&gt;&gt;</a>&nbsp;&nbsp;&nbsp;HW_Init
<LI><a href="#[d7]">&gt;&gt;</a>&nbsp;&nbsp;&nbsp;HW_SPI_IoInit
<LI><a href="#[99]">&gt;&gt;</a>&nbsp;&nbsp;&nbsp;DBG_Init
<LI><a href="#[154]">&gt;&gt;</a>&nbsp;&nbsp;&nbsp;STLL_Radio_Init
<LI><a href="#[15d]">&gt;&gt;</a>&nbsp;&nbsp;&nbsp;STLL_Radio_DeInit
<LI><a href="#[178]">&gt;&gt;</a>&nbsp;&nbsp;&nbsp;SE_API_secure_uplink_message
</UL>

<P><STRONG><a name="[1e3]"></a>__aeabi_memclr8</STRONG> (Thumb, 0 bytes, Stack size 0 bytes, memseta.o(.text), UNUSED)

<P><STRONG><a name="[62]"></a>_memset$wrapper</STRONG> (Thumb, 18 bytes, Stack size 8 bytes, memseta.o(.text), UNUSED)
<BR><BR>[Calls]<UL><LI><a href="#[61]">&gt;&gt;</a>&nbsp;&nbsp;&nbsp;__aeabi_memset
</UL>

<P><STRONG><a name="[1b4]"></a>strlen</STRONG> (Thumb, 14 bytes, Stack size 0 bytes, strlen.o(.text))
<BR><BR>[Called By]<UL><LI><a href="#[1b5]">&gt;&gt;</a>&nbsp;&nbsp;&nbsp;tiny_vsnprintf_like
<LI><a href="#[1b3]">&gt;&gt;</a>&nbsp;&nbsp;&nbsp;tiny_vfscanf
</UL>

<P><STRONG><a name="[1b1]"></a>strncmp</STRONG> (Thumb, 30 bytes, Stack size 12 bytes, strncmp.o(.text))
<BR><BR>[Stack]<UL><LI>Max Depth = 12<LI>Call Chain = strncmp
</UL>
<BR>[Called By]<UL><LI><a href="#[98]">&gt;&gt;</a>&nbsp;&nbsp;&nbsp;parse_cmd
</UL>

<P><STRONG><a name="[1cd]"></a>__aeabi_uread4</STRONG> (Thumb, 20 bytes, Stack size 0 bytes, uread4.o(.text))
<BR><BR>[Called By]<UL><LI><a href="#[1cc]">&gt;&gt;</a>&nbsp;&nbsp;&nbsp;SIGFOX_DECODE_dewhitening
</UL>

<P><STRONG><a name="[1e4]"></a>__rt_uread4</STRONG> (Thumb, 0 bytes, Stack size 0 bytes, uread4.o(.text), UNUSED)

<P><STRONG><a name="[1e5]"></a>_uread4</STRONG> (Thumb, 0 bytes, Stack size 0 bytes, uread4.o(.text), UNUSED)

<P><STRONG><a name="[5e]"></a>__aeabi_llsl</STRONG> (Thumb, 32 bytes, Stack size 8 bytes, llshl.o(.text))
<BR><BR>[Stack]<UL><LI>Max Depth = 8<LI>Call Chain = __aeabi_llsl
</UL>
<BR>[Called By]<UL><LI><a href="#[5f]">&gt;&gt;</a>&nbsp;&nbsp;&nbsp;__aeabi_lmul
<LI><a href="#[5c]">&gt;&gt;</a>&nbsp;&nbsp;&nbsp;__aeabi_uldivmod
</UL>

<P><STRONG><a name="[1e6]"></a>_ll_shift_l</STRONG> (Thumb, 0 bytes, Stack size 8 bytes, llshl.o(.text), UNUSED)

<P><STRONG><a name="[5d]"></a>__aeabi_llsr</STRONG> (Thumb, 34 bytes, Stack size 8 bytes, llushr.o(.text))
<BR><BR>[Stack]<UL><LI>Max Depth = 8<LI>Call Chain = __aeabi_llsr
</UL>
<BR>[Called By]<UL><LI><a href="#[5c]">&gt;&gt;</a>&nbsp;&nbsp;&nbsp;__aeabi_uldivmod
</UL>

<P><STRONG><a name="[1e7]"></a>_ll_ushift_r</STRONG> (Thumb, 0 bytes, Stack size 8 bytes, llushr.o(.text), UNUSED)

<P><STRONG><a name="[59]"></a>__scatterload</STRONG> (Thumb, 28 bytes, Stack size 0 bytes, init.o(.text))
<BR><BR>[Calls]<UL><LI><a href="#[63]">&gt;&gt;</a>&nbsp;&nbsp;&nbsp;__main_after_scatterload
</UL>
<BR>[Called By]<UL><LI><a href="#[58]">&gt;&gt;</a>&nbsp;&nbsp;&nbsp;_main_scatterload
</UL>

<P><STRONG><a name="[1e8]"></a>__scatterload_rt2</STRONG> (Thumb, 0 bytes, Stack size 0 bytes, init.o(.text), UNUSED)

<P><STRONG><a name="[1e9]"></a>__decompress</STRONG> (Thumb, 0 bytes, Stack size unknown bytes, __dczerorl2.o(.text), UNUSED)

<P><STRONG><a name="[1ea]"></a>__decompress1</STRONG> (Thumb, 86 bytes, Stack size unknown bytes, __dczerorl2.o(.text), UNUSED)

<P><STRONG><a name="[73]"></a>ADDON_SIGFOX_VERIFIED_API_test_mode</STRONG> (Thumb, 846 bytes, Stack size 112 bytes, addon_sigfox_verified_api.o(i.ADDON_SIGFOX_VERIFIED_API_test_mode))
<BR><BR>[Stack]<UL><LI>Max Depth = 1648<LI>Call Chain = ADDON_SIGFOX_VERIFIED_API_test_mode &rArr; ADDON_SIGFOX_VERIFIED_API_send_tx_protocol &rArr; SIGFOX_API_send_bit &rArr; SIGFOX_INT_execute_communication_sequence &rArr; SIGFOX_INT_prepare_transmission &rArr; SIGFOX_INT_build_frame &rArr; SE_API_secure_uplink_message &rArr; SIGFOX_encrypt_decrypt_frame &rArr; CREDENTIALS_aes_128_cbc_encrypt &rArr; CREDENTIALS_get_key &rArr; CREDENTIALS_get_cra &rArr; CREDENTIALS_get_signature &rArr; aes_cbc_encrypt &rArr; mix_sub_columns
</UL>
<BR>[Calls]<UL><LI><a href="#[74]">&gt;&gt;</a>&nbsp;&nbsp;&nbsp;__ARM_common_switch8
<LI><a href="#[6e]">&gt;&gt;</a>&nbsp;&nbsp;&nbsp;MCU_API_timer_wait_for_end
<LI><a href="#[70]">&gt;&gt;</a>&nbsp;&nbsp;&nbsp;MCU_API_timer_stop
<LI><a href="#[6c]">&gt;&gt;</a>&nbsp;&nbsp;&nbsp;MCU_API_timer_start
<LI><a href="#[77]">&gt;&gt;</a>&nbsp;&nbsp;&nbsp;MCU_API_report_test_result
<LI><a href="#[6f]">&gt;&gt;</a>&nbsp;&nbsp;&nbsp;SIGFOX_API_send_outofband
<LI><a href="#[71]">&gt;&gt;</a>&nbsp;&nbsp;&nbsp;SIGFOX_API_send_frame
<LI><a href="#[6a]">&gt;&gt;</a>&nbsp;&nbsp;&nbsp;SIGFOX_API_close
<LI><a href="#[72]">&gt;&gt;</a>&nbsp;&nbsp;&nbsp;ADDON_SIGFOX_VERIFIED_API_sleep
<LI><a href="#[6b]">&gt;&gt;</a>&nbsp;&nbsp;&nbsp;ADDON_SIGFOX_VERIFIED_API_send_tx_protocol
<LI><a href="#[67]">&gt;&gt;</a>&nbsp;&nbsp;&nbsp;ADDON_SIGFOX_VERIFIED_API_init
<LI><a href="#[75]">&gt;&gt;</a>&nbsp;&nbsp;&nbsp;ADDON_SIGFOX_VERIFIED_API_get_first_activated_macro_channel
<LI><a href="#[76]">&gt;&gt;</a>&nbsp;&nbsp;&nbsp;SIGFOX_API_send_test_frame
<LI><a href="#[78]">&gt;&gt;</a>&nbsp;&nbsp;&nbsp;SIGFOX_API_receive_test_frame
</UL>
<BR>[Called By]<UL><LI><a href="#[4c]">&gt;&gt;</a>&nbsp;&nbsp;&nbsp;AT_test_mode
</UL>

<P><STRONG><a name="[51]"></a>AT_ChannelConfigFcc_set</STRONG> (Thumb, 324 bytes, Stack size 72 bytes, at.o(i.AT_ChannelConfigFcc_set))
<BR><BR>[Stack]<UL><LI>Max Depth = 960<LI>Call Chain = AT_ChannelConfigFcc_set &rArr; SIGFOX_API_open &rArr; SIGFOX_INT_get_device_id &rArr; SE_API_get_device_id &rArr; CREDENTIALS_get_dev_id &rArr; CREDENTIALS_get_cra &rArr; CREDENTIALS_get_signature &rArr; aes_cbc_encrypt &rArr; mix_sub_columns
</UL>
<BR>[Calls]<UL><LI><a href="#[69]">&gt;&gt;</a>&nbsp;&nbsp;&nbsp;SIGFOX_API_set_std_config
<LI><a href="#[68]">&gt;&gt;</a>&nbsp;&nbsp;&nbsp;SIGFOX_API_open
<LI><a href="#[7a]">&gt;&gt;</a>&nbsp;&nbsp;&nbsp;tiny_sscanf
<LI><a href="#[6a]">&gt;&gt;</a>&nbsp;&nbsp;&nbsp;SIGFOX_API_close
<LI><a href="#[7b]">&gt;&gt;</a>&nbsp;&nbsp;&nbsp;HW_EEPROM_Unlock
<LI><a href="#[7c]">&gt;&gt;</a>&nbsp;&nbsp;&nbsp;HW_EEPROM_Lock
<LI><a href="#[79]">&gt;&gt;</a>&nbsp;&nbsp;&nbsp;__aeabi_memcpy4
</UL>
<BR>[Address Reference Count : 1]<UL><LI> command.o(.constdata)
</UL>
<P><STRONG><a name="[44]"></a>AT_DevId_get</STRONG> (Thumb, 40 bytes, Stack size 16 bytes, at.o(i.AT_DevId_get))
<BR><BR>[Stack]<UL><LI>Max Depth = 880<LI>Call Chain = AT_DevId_get &rArr; SIGFOX_API_get_device_id &rArr; SIGFOX_INT_get_device_id &rArr; SE_API_get_device_id &rArr; CREDENTIALS_get_dev_id &rArr; CREDENTIALS_get_cra &rArr; CREDENTIALS_get_signature &rArr; aes_cbc_encrypt &rArr; mix_sub_columns
</UL>
<BR>[Calls]<UL><LI><a href="#[7e]">&gt;&gt;</a>&nbsp;&nbsp;&nbsp;vcom_Send
<LI><a href="#[7d]">&gt;&gt;</a>&nbsp;&nbsp;&nbsp;SIGFOX_API_get_device_id
</UL>
<BR>[Address Reference Count : 1]<UL><LI> command.o(.constdata)
</UL>
<P><STRONG><a name="[45]"></a>AT_DevPac_get</STRONG> (Thumb, 44 bytes, Stack size 24 bytes, at.o(i.AT_DevPac_get))
<BR><BR>[Stack]<UL><LI>Max Depth = 880<LI>Call Chain = AT_DevPac_get &rArr; SIGFOX_API_get_initial_pac &rArr; SE_API_get_initial_pac &rArr; CREDENTIALS_get_initial_pac &rArr; CREDENTIALS_get_cra &rArr; CREDENTIALS_get_signature &rArr; aes_cbc_encrypt &rArr; mix_sub_columns
</UL>
<BR>[Calls]<UL><LI><a href="#[7e]">&gt;&gt;</a>&nbsp;&nbsp;&nbsp;vcom_Send
<LI><a href="#[7f]">&gt;&gt;</a>&nbsp;&nbsp;&nbsp;SIGFOX_API_get_initial_pac
</UL>
<BR>[Address Reference Count : 1]<UL><LI> command.o(.constdata)
</UL>
<P><STRONG><a name="[46]"></a>AT_PublicKey_get</STRONG> (Thumb, 18 bytes, Stack size 8 bytes, at.o(i.AT_PublicKey_get))
<BR><BR>[Stack]<UL><LI>Max Depth = 364<LI>Call Chain = AT_PublicKey_get &rArr; vcom_Send &rArr; tiny_vsnprintf_like &rArr; ee_number &rArr; __aeabi_uidivmod
</UL>
<BR>[Calls]<UL><LI><a href="#[7e]">&gt;&gt;</a>&nbsp;&nbsp;&nbsp;vcom_Send
<LI><a href="#[80]">&gt;&gt;</a>&nbsp;&nbsp;&nbsp;SE_NVM_get_key_type
</UL>
<BR>[Address Reference Count : 1]<UL><LI> command.o(.constdata)
</UL>
<P><STRONG><a name="[47]"></a>AT_PublicKey_set</STRONG> (Thumb, 42 bytes, Stack size 8 bytes, at.o(i.AT_PublicKey_set))
<BR><BR>[Stack]<UL><LI>Max Depth = 24<LI>Call Chain = AT_PublicKey_set &rArr; SE_NVM_set_key_type &rArr; HW_EEPROM_Unlock
</UL>
<BR>[Calls]<UL><LI><a href="#[81]">&gt;&gt;</a>&nbsp;&nbsp;&nbsp;SE_NVM_set_key_type
</UL>
<BR>[Address Reference Count : 1]<UL><LI> command.o(.constdata)
</UL>
<P><STRONG><a name="[48]"></a>AT_SendBit</STRONG> (Thumb, 110 bytes, Stack size 32 bytes, at.o(i.AT_SendBit))
<BR><BR>[Stack]<UL><LI>Max Depth = 1528<LI>Call Chain = AT_SendBit &rArr; SIGFOX_API_send_bit &rArr; SIGFOX_INT_execute_communication_sequence &rArr; SIGFOX_INT_prepare_transmission &rArr; SIGFOX_INT_build_frame &rArr; SE_API_secure_uplink_message &rArr; SIGFOX_encrypt_decrypt_frame &rArr; CREDENTIALS_aes_128_cbc_encrypt &rArr; CREDENTIALS_get_key &rArr; CREDENTIALS_get_cra &rArr; CREDENTIALS_get_signature &rArr; aes_cbc_encrypt &rArr; mix_sub_columns
</UL>
<BR>[Calls]<UL><LI><a href="#[7a]">&gt;&gt;</a>&nbsp;&nbsp;&nbsp;tiny_sscanf
<LI><a href="#[6d]">&gt;&gt;</a>&nbsp;&nbsp;&nbsp;SIGFOX_API_send_bit
<LI><a href="#[82]">&gt;&gt;</a>&nbsp;&nbsp;&nbsp;print_rx
</UL>
<BR>[Address Reference Count : 1]<UL><LI> command.o(.constdata)
</UL>
<P><STRONG><a name="[49]"></a>AT_SendFrame</STRONG> (Thumb, 148 bytes, Stack size 56 bytes, at.o(i.AT_SendFrame))
<BR><BR>[Stack]<UL><LI>Max Depth = 1544<LI>Call Chain = AT_SendFrame &rArr; SIGFOX_API_send_frame &rArr; SIGFOX_INT_execute_communication_sequence &rArr; SIGFOX_INT_prepare_transmission &rArr; SIGFOX_INT_build_frame &rArr; SE_API_secure_uplink_message &rArr; SIGFOX_encrypt_decrypt_frame &rArr; CREDENTIALS_aes_128_cbc_encrypt &rArr; CREDENTIALS_get_key &rArr; CREDENTIALS_get_cra &rArr; CREDENTIALS_get_signature &rArr; aes_cbc_encrypt &rArr; mix_sub_columns
</UL>
<BR>[Calls]<UL><LI><a href="#[7a]">&gt;&gt;</a>&nbsp;&nbsp;&nbsp;tiny_sscanf
<LI><a href="#[71]">&gt;&gt;</a>&nbsp;&nbsp;&nbsp;SIGFOX_API_send_frame
<LI><a href="#[83]">&gt;&gt;</a>&nbsp;&nbsp;&nbsp;stringToData
<LI><a href="#[82]">&gt;&gt;</a>&nbsp;&nbsp;&nbsp;print_rx
</UL>
<BR>[Address Reference Count : 1]<UL><LI> command.o(.constdata)
</UL>
<P><STRONG><a name="[4d]"></a>AT_bat_get</STRONG> (Thumb, 18 bytes, Stack size 8 bytes, at.o(i.AT_bat_get))
<BR><BR>[Stack]<UL><LI>Max Depth = 364<LI>Call Chain = AT_bat_get &rArr; vcom_Send &rArr; tiny_vsnprintf_like &rArr; ee_number &rArr; __aeabi_uidivmod
</UL>
<BR>[Calls]<UL><LI><a href="#[7e]">&gt;&gt;</a>&nbsp;&nbsp;&nbsp;vcom_Send
<LI><a href="#[84]">&gt;&gt;</a>&nbsp;&nbsp;&nbsp;HW_GetBatteryLevel
</UL>
<BR>[Address Reference Count : 1]<UL><LI> command.o(.constdata)
</UL>
<P><STRONG><a name="[56]"></a>AT_echo_get</STRONG> (Thumb, 24 bytes, Stack size 8 bytes, at.o(i.AT_echo_get))
<BR><BR>[Stack]<UL><LI>Max Depth = 364<LI>Call Chain = AT_echo_get &rArr; vcom_Send &rArr; tiny_vsnprintf_like &rArr; ee_number &rArr; __aeabi_uidivmod
</UL>
<BR>[Calls]<UL><LI><a href="#[7e]">&gt;&gt;</a>&nbsp;&nbsp;&nbsp;vcom_Send
</UL>
<BR>[Address Reference Count : 1]<UL><LI> command.o(.constdata)
</UL>
<P><STRONG><a name="[57]"></a>AT_echo_set</STRONG> (Thumb, 54 bytes, Stack size 16 bytes, at.o(i.AT_echo_set))
<BR><BR>[Stack]<UL><LI>Max Depth = 720<LI>Call Chain = AT_echo_set &rArr; tiny_sscanf &rArr; tiny_vfscanf &rArr; __aeabi_lmul &rArr; __aeabi_llsl
</UL>
<BR>[Calls]<UL><LI><a href="#[7a]">&gt;&gt;</a>&nbsp;&nbsp;&nbsp;tiny_sscanf
<LI><a href="#[7b]">&gt;&gt;</a>&nbsp;&nbsp;&nbsp;HW_EEPROM_Unlock
<LI><a href="#[7c]">&gt;&gt;</a>&nbsp;&nbsp;&nbsp;HW_EEPROM_Lock
</UL>
<BR>[Address Reference Count : 1]<UL><LI> command.o(.constdata)
</UL>
<P><STRONG><a name="[50]"></a>AT_outOfBand_run</STRONG> (Thumb, 12 bytes, Stack size 8 bytes, at.o(i.AT_outOfBand_run))
<BR><BR>[Stack]<UL><LI>Max Depth = 1488<LI>Call Chain = AT_outOfBand_run &rArr; SIGFOX_API_send_outofband &rArr; SIGFOX_INT_execute_communication_sequence &rArr; SIGFOX_INT_prepare_transmission &rArr; SIGFOX_INT_build_frame &rArr; SE_API_secure_uplink_message &rArr; SIGFOX_encrypt_decrypt_frame &rArr; CREDENTIALS_aes_128_cbc_encrypt &rArr; CREDENTIALS_get_key &rArr; CREDENTIALS_get_cra &rArr; CREDENTIALS_get_signature &rArr; aes_cbc_encrypt &rArr; mix_sub_columns
</UL>
<BR>[Calls]<UL><LI><a href="#[6f]">&gt;&gt;</a>&nbsp;&nbsp;&nbsp;SIGFOX_API_send_outofband
</UL>
<BR>[Address Reference Count : 1]<UL><LI> command.o(.constdata)
</UL>
<P><STRONG><a name="[4e]"></a>AT_power_get</STRONG> (Thumb, 18 bytes, Stack size 8 bytes, at.o(i.AT_power_get))
<BR><BR>[Stack]<UL><LI>Max Depth = 364<LI>Call Chain = AT_power_get &rArr; vcom_Send &rArr; tiny_vsnprintf_like &rArr; ee_number &rArr; __aeabi_uidivmod
</UL>
<BR>[Calls]<UL><LI><a href="#[7e]">&gt;&gt;</a>&nbsp;&nbsp;&nbsp;vcom_Send
<LI><a href="#[85]">&gt;&gt;</a>&nbsp;&nbsp;&nbsp;SGFX_SX1276_getPower
</UL>
<BR>[Address Reference Count : 1]<UL><LI> command.o(.constdata)
</UL>
<P><STRONG><a name="[4f]"></a>AT_power_set</STRONG> (Thumb, 36 bytes, Stack size 8 bytes, at.o(i.AT_power_set))
<BR><BR>[Stack]<UL><LI>Max Depth = 712<LI>Call Chain = AT_power_set &rArr; tiny_sscanf &rArr; tiny_vfscanf &rArr; __aeabi_lmul &rArr; __aeabi_llsl
</UL>
<BR>[Calls]<UL><LI><a href="#[7a]">&gt;&gt;</a>&nbsp;&nbsp;&nbsp;tiny_sscanf
<LI><a href="#[86]">&gt;&gt;</a>&nbsp;&nbsp;&nbsp;SGFX_SX1276_setPower
</UL>
<BR>[Address Reference Count : 1]<UL><LI> command.o(.constdata)
</UL>
<P><STRONG><a name="[52]"></a>AT_rc_get</STRONG> (Thumb, 46 bytes, Stack size 8 bytes, at.o(i.AT_rc_get))
<BR><BR>[Stack]<UL><LI>Max Depth = 364<LI>Call Chain = AT_rc_get &rArr; vcom_Send &rArr; tiny_vsnprintf_like &rArr; ee_number &rArr; __aeabi_uidivmod
</UL>
<BR>[Calls]<UL><LI><a href="#[7e]">&gt;&gt;</a>&nbsp;&nbsp;&nbsp;vcom_Send
</UL>
<BR>[Address Reference Count : 1]<UL><LI> command.o(.constdata)
</UL>
<P><STRONG><a name="[53]"></a>AT_rc_set</STRONG> (Thumb, 366 bytes, Stack size 56 bytes, at.o(i.AT_rc_set))
<BR><BR>[Stack]<UL><LI>Max Depth = 944<LI>Call Chain = AT_rc_set &rArr; SIGFOX_API_open &rArr; SIGFOX_INT_get_device_id &rArr; SE_API_get_device_id &rArr; CREDENTIALS_get_dev_id &rArr; CREDENTIALS_get_cra &rArr; CREDENTIALS_get_signature &rArr; aes_cbc_encrypt &rArr; mix_sub_columns
</UL>
<BR>[Calls]<UL><LI><a href="#[69]">&gt;&gt;</a>&nbsp;&nbsp;&nbsp;SIGFOX_API_set_std_config
<LI><a href="#[68]">&gt;&gt;</a>&nbsp;&nbsp;&nbsp;SIGFOX_API_open
<LI><a href="#[6a]">&gt;&gt;</a>&nbsp;&nbsp;&nbsp;SIGFOX_API_close
<LI><a href="#[86]">&gt;&gt;</a>&nbsp;&nbsp;&nbsp;SGFX_SX1276_setPower
<LI><a href="#[7b]">&gt;&gt;</a>&nbsp;&nbsp;&nbsp;HW_EEPROM_Unlock
<LI><a href="#[7c]">&gt;&gt;</a>&nbsp;&nbsp;&nbsp;HW_EEPROM_Lock
<LI><a href="#[79]">&gt;&gt;</a>&nbsp;&nbsp;&nbsp;__aeabi_memcpy4
</UL>
<BR>[Address Reference Count : 1]<UL><LI> command.o(.constdata)
</UL>
<P><STRONG><a name="[41]"></a>AT_reset</STRONG> (Thumb, 18 bytes, Stack size 0 bytes, at.o(i.AT_reset))
<BR>[Address Reference Count : 1]<UL><LI> command.o(.constdata)
</UL>
<P><STRONG><a name="[42]"></a>AT_restore_factory_settings</STRONG> (Thumb, 10 bytes, Stack size 8 bytes, at.o(i.AT_restore_factory_settings))
<BR><BR>[Stack]<UL><LI>Max Depth = 16<LI>Call Chain = AT_restore_factory_settings &rArr; HW_EEPROM_RestoreFs
</UL>
<BR>[Calls]<UL><LI><a href="#[87]">&gt;&gt;</a>&nbsp;&nbsp;&nbsp;HW_EEPROM_RestoreFs
</UL>
<BR>[Address Reference Count : 1]<UL><LI> command.o(.constdata)
</UL>
<P><STRONG><a name="[40]"></a>AT_return_error</STRONG> (Thumb, 4 bytes, Stack size 0 bytes, at.o(i.AT_return_error))
<BR>[Address Reference Count : 1]<UL><LI> command.o(.constdata)
</UL>
<P><STRONG><a name="[54]"></a>AT_rssi_cal_get</STRONG> (Thumb, 18 bytes, Stack size 8 bytes, at.o(i.AT_rssi_cal_get))
<BR><BR>[Stack]<UL><LI>Max Depth = 364<LI>Call Chain = AT_rssi_cal_get &rArr; vcom_Send &rArr; tiny_vsnprintf_like &rArr; ee_number &rArr; __aeabi_uidivmod
</UL>
<BR>[Calls]<UL><LI><a href="#[7e]">&gt;&gt;</a>&nbsp;&nbsp;&nbsp;vcom_Send
</UL>
<BR>[Address Reference Count : 1]<UL><LI> command.o(.constdata)
</UL>
<P><STRONG><a name="[55]"></a>AT_rssi_cal_set</STRONG> (Thumb, 38 bytes, Stack size 8 bytes, at.o(i.AT_rssi_cal_set))
<BR><BR>[Stack]<UL><LI>Max Depth = 712<LI>Call Chain = AT_rssi_cal_set &rArr; tiny_sscanf &rArr; tiny_vfscanf &rArr; __aeabi_lmul &rArr; __aeabi_llsl
</UL>
<BR>[Calls]<UL><LI><a href="#[7a]">&gt;&gt;</a>&nbsp;&nbsp;&nbsp;tiny_sscanf
<LI><a href="#[7b]">&gt;&gt;</a>&nbsp;&nbsp;&nbsp;HW_EEPROM_Unlock
<LI><a href="#[7c]">&gt;&gt;</a>&nbsp;&nbsp;&nbsp;HW_EEPROM_Lock
</UL>
<BR>[Address Reference Count : 1]<UL><LI> command.o(.constdata)
</UL>
<P><STRONG><a name="[4a]"></a>AT_test_cw</STRONG> (Thumb, 90 bytes, Stack size 8 bytes, at.o(i.AT_test_cw))
<BR><BR>[Stack]<UL><LI>Max Depth = 904<LI>Call Chain = AT_test_cw &rArr; SIGFOX_reopen_and_reconf &rArr; SIGFOX_API_open &rArr; SIGFOX_INT_get_device_id &rArr; SE_API_get_device_id &rArr; CREDENTIALS_get_dev_id &rArr; CREDENTIALS_get_cra &rArr; CREDENTIALS_get_signature &rArr; aes_cbc_encrypt &rArr; mix_sub_columns
</UL>
<BR>[Calls]<UL><LI><a href="#[7a]">&gt;&gt;</a>&nbsp;&nbsp;&nbsp;tiny_sscanf
<LI><a href="#[88]">&gt;&gt;</a>&nbsp;&nbsp;&nbsp;SIGFOX_API_stop_continuous_transmission
<LI><a href="#[8a]">&gt;&gt;</a>&nbsp;&nbsp;&nbsp;SIGFOX_API_start_continuous_transmission
<LI><a href="#[6a]">&gt;&gt;</a>&nbsp;&nbsp;&nbsp;SIGFOX_API_close
<LI><a href="#[89]">&gt;&gt;</a>&nbsp;&nbsp;&nbsp;SIGFOX_reopen_and_reconf
</UL>
<BR>[Address Reference Count : 1]<UL><LI> command.o(.constdata)
</UL>
<P><STRONG><a name="[4c]"></a>AT_test_mode</STRONG> (Thumb, 114 bytes, Stack size 16 bytes, at.o(i.AT_test_mode))
<BR><BR>[Stack]<UL><LI>Max Depth = 1664<LI>Call Chain = AT_test_mode &rArr; ADDON_SIGFOX_VERIFIED_API_test_mode &rArr; ADDON_SIGFOX_VERIFIED_API_send_tx_protocol &rArr; SIGFOX_API_send_bit &rArr; SIGFOX_INT_execute_communication_sequence &rArr; SIGFOX_INT_prepare_transmission &rArr; SIGFOX_INT_build_frame &rArr; SE_API_secure_uplink_message &rArr; SIGFOX_encrypt_decrypt_frame &rArr; CREDENTIALS_aes_128_cbc_encrypt &rArr; CREDENTIALS_get_key &rArr; CREDENTIALS_get_cra &rArr; CREDENTIALS_get_signature &rArr; aes_cbc_encrypt &rArr; mix_sub_columns
</UL>
<BR>[Calls]<UL><LI><a href="#[6a]">&gt;&gt;</a>&nbsp;&nbsp;&nbsp;SIGFOX_API_close
<LI><a href="#[73]">&gt;&gt;</a>&nbsp;&nbsp;&nbsp;ADDON_SIGFOX_VERIFIED_API_test_mode
<LI><a href="#[89]">&gt;&gt;</a>&nbsp;&nbsp;&nbsp;SIGFOX_reopen_and_reconf
</UL>
<BR>[Address Reference Count : 1]<UL><LI> command.o(.constdata)
</UL>
<P><STRONG><a name="[4b]"></a>AT_test_pn</STRONG> (Thumb, 122 bytes, Stack size 16 bytes, at.o(i.AT_test_pn))
<BR><BR>[Stack]<UL><LI>Max Depth = 912<LI>Call Chain = AT_test_pn &rArr; SIGFOX_reopen_and_reconf &rArr; SIGFOX_API_open &rArr; SIGFOX_INT_get_device_id &rArr; SE_API_get_device_id &rArr; CREDENTIALS_get_dev_id &rArr; CREDENTIALS_get_cra &rArr; CREDENTIALS_get_signature &rArr; aes_cbc_encrypt &rArr; mix_sub_columns
</UL>
<BR>[Calls]<UL><LI><a href="#[7a]">&gt;&gt;</a>&nbsp;&nbsp;&nbsp;tiny_sscanf
<LI><a href="#[88]">&gt;&gt;</a>&nbsp;&nbsp;&nbsp;SIGFOX_API_stop_continuous_transmission
<LI><a href="#[8a]">&gt;&gt;</a>&nbsp;&nbsp;&nbsp;SIGFOX_API_start_continuous_transmission
<LI><a href="#[6a]">&gt;&gt;</a>&nbsp;&nbsp;&nbsp;SIGFOX_API_close
<LI><a href="#[89]">&gt;&gt;</a>&nbsp;&nbsp;&nbsp;SIGFOX_reopen_and_reconf
</UL>
<BR>[Address Reference Count : 1]<UL><LI> command.o(.constdata)
</UL>
<P><STRONG><a name="[43]"></a>AT_version_get</STRONG> (Thumb, 116 bytes, Stack size 16 bytes, at.o(i.AT_version_get))
<BR><BR>[Stack]<UL><LI>Max Depth = 388<LI>Call Chain = AT_version_get &rArr; print_n &rArr; vcom_Send &rArr; tiny_vsnprintf_like &rArr; ee_number &rArr; __aeabi_uidivmod
</UL>
<BR>[Calls]<UL><LI><a href="#[7e]">&gt;&gt;</a>&nbsp;&nbsp;&nbsp;vcom_Send
<LI><a href="#[8b]">&gt;&gt;</a>&nbsp;&nbsp;&nbsp;SIGFOX_API_get_version
<LI><a href="#[8c]">&gt;&gt;</a>&nbsp;&nbsp;&nbsp;print_n
</UL>
<BR>[Address Reference Count : 1]<UL><LI> command.o(.constdata)
</UL>
<P><STRONG><a name="[8d]"></a>BSP_LED_Init</STRONG> (Thumb, 88 bytes, Stack size 32 bytes, b-l072z-lrwan1.o(i.BSP_LED_Init))
<BR><BR>[Stack]<UL><LI>Max Depth = 56<LI>Call Chain = BSP_LED_Init &rArr; HAL_GPIO_Init
</UL>
<BR>[Calls]<UL><LI><a href="#[8e]">&gt;&gt;</a>&nbsp;&nbsp;&nbsp;HAL_GPIO_Init
</UL>
<BR>[Called By]<UL><LI><a href="#[2f]">&gt;&gt;</a>&nbsp;&nbsp;&nbsp;main
</UL>

<P><STRONG><a name="[8f]"></a>BSP_LED_Off</STRONG> (Thumb, 22 bytes, Stack size 8 bytes, b-l072z-lrwan1.o(i.BSP_LED_Off))
<BR><BR>[Stack]<UL><LI>Max Depth = 8<LI>Call Chain = BSP_LED_Off
</UL>
<BR>[Calls]<UL><LI><a href="#[90]">&gt;&gt;</a>&nbsp;&nbsp;&nbsp;HAL_GPIO_WritePin
</UL>
<BR>[Called By]<UL><LI><a href="#[142]">&gt;&gt;</a>&nbsp;&nbsp;&nbsp;RF_API_wait_for_clear_channel
<LI><a href="#[139]">&gt;&gt;</a>&nbsp;&nbsp;&nbsp;RF_API_send
<LI><a href="#[77]">&gt;&gt;</a>&nbsp;&nbsp;&nbsp;MCU_API_report_test_result
</UL>

<P><STRONG><a name="[91]"></a>BSP_LED_On</STRONG> (Thumb, 22 bytes, Stack size 8 bytes, b-l072z-lrwan1.o(i.BSP_LED_On))
<BR><BR>[Stack]<UL><LI>Max Depth = 8<LI>Call Chain = BSP_LED_On
</UL>
<BR>[Calls]<UL><LI><a href="#[90]">&gt;&gt;</a>&nbsp;&nbsp;&nbsp;HAL_GPIO_WritePin
</UL>
<BR>[Called By]<UL><LI><a href="#[142]">&gt;&gt;</a>&nbsp;&nbsp;&nbsp;RF_API_wait_for_clear_channel
<LI><a href="#[139]">&gt;&gt;</a>&nbsp;&nbsp;&nbsp;RF_API_send
<LI><a href="#[77]">&gt;&gt;</a>&nbsp;&nbsp;&nbsp;MCU_API_report_test_result
</UL>

<P><STRONG><a name="[92]"></a>CMD_Init</STRONG> (Thumb, 12 bytes, Stack size 8 bytes, command.o(i.CMD_Init))
<BR><BR>[Stack]<UL><LI>Max Depth = 112<LI>Call Chain = CMD_Init &rArr; vcom_Init &rArr; LL_LPUART_Init &rArr; __aeabi_uldivmod &rArr; __aeabi_llsr
</UL>
<BR>[Calls]<UL><LI><a href="#[94]">&gt;&gt;</a>&nbsp;&nbsp;&nbsp;vcom_ReceiveInit
<LI><a href="#[93]">&gt;&gt;</a>&nbsp;&nbsp;&nbsp;vcom_Init
</UL>
<BR>[Called By]<UL><LI><a href="#[2f]">&gt;&gt;</a>&nbsp;&nbsp;&nbsp;main
</UL>

<P><STRONG><a name="[3f]"></a>CMD_Process</STRONG> (Thumb, 108 bytes, Stack size 24 bytes, command.o(i.CMD_Process))
<BR><BR>[Stack]<UL><LI>Max Depth = 412<LI>Call Chain = CMD_Process &rArr; parse_cmd &rArr; com_error &rArr; vcom_Send &rArr; tiny_vsnprintf_like &rArr; ee_number &rArr; __aeabi_uidivmod
</UL>
<BR>[Calls]<UL><LI><a href="#[96]">&gt;&gt;</a>&nbsp;&nbsp;&nbsp;IsNewCharReceived
<LI><a href="#[95]">&gt;&gt;</a>&nbsp;&nbsp;&nbsp;GetNewChar
<LI><a href="#[98]">&gt;&gt;</a>&nbsp;&nbsp;&nbsp;parse_cmd
<LI><a href="#[97]">&gt;&gt;</a>&nbsp;&nbsp;&nbsp;com_error
<LI><a href="#[60]">&gt;&gt;</a>&nbsp;&nbsp;&nbsp;__aeabi_memclr
</UL>
<BR>[Address Reference Count : 1]<UL><LI> main.o(i.main)
</UL>
<P><STRONG><a name="[99]"></a>DBG_Init</STRONG> (Thumb, 92 bytes, Stack size 40 bytes, debug.o(i.DBG_Init))
<BR><BR>[Stack]<UL><LI>Max Depth = 64<LI>Call Chain = DBG_Init &rArr; HAL_GPIO_Init
</UL>
<BR>[Calls]<UL><LI><a href="#[8e]">&gt;&gt;</a>&nbsp;&nbsp;&nbsp;HAL_GPIO_Init
<LI><a href="#[9c]">&gt;&gt;</a>&nbsp;&nbsp;&nbsp;HAL_DBGMCU_DisableDBGStopMode
<LI><a href="#[9d]">&gt;&gt;</a>&nbsp;&nbsp;&nbsp;HAL_DBGMCU_DisableDBGStandbyMode
<LI><a href="#[9b]">&gt;&gt;</a>&nbsp;&nbsp;&nbsp;HAL_DBGMCU_DisableDBGSleepMode
<LI><a href="#[9a]">&gt;&gt;</a>&nbsp;&nbsp;&nbsp;__aeabi_memclr4
</UL>
<BR>[Called By]<UL><LI><a href="#[2f]">&gt;&gt;</a>&nbsp;&nbsp;&nbsp;main
</UL>

<P><STRONG><a name="[1b]"></a>DMA1_Channel2_3_IRQHandler</STRONG> (Thumb, 12 bytes, Stack size 8 bytes, mlm32l0xx_it.o(i.DMA1_Channel2_3_IRQHandler))
<BR><BR>[Stack]<UL><LI>Max Depth = 72<LI>Call Chain = DMA1_Channel2_3_IRQHandler &rArr; STLL_TX_IRQHandler_CB &rArr; STLL_Transmit_DMA_Stop &rArr; HW_SPI_Transmit_DMA_Stop &rArr; HAL_SPI_DMAStop &rArr; HAL_DMA_Abort
</UL>
<BR>[Calls]<UL><LI><a href="#[9e]">&gt;&gt;</a>&nbsp;&nbsp;&nbsp;HW_SPI_ClearIRQ
<LI><a href="#[9f]">&gt;&gt;</a>&nbsp;&nbsp;&nbsp;STLL_TX_IRQHandler_CB
</UL>
<BR>[Address Reference Count : 1]<UL><LI> startup_stm32l072xx.o(RESET)
</UL>
<P><STRONG><a name="[1c]"></a>DMA1_Channel4_5_6_7_IRQHandler</STRONG> (Thumb, 8 bytes, Stack size 8 bytes, mlm32l0xx_it.o(i.DMA1_Channel4_5_6_7_IRQHandler))
<BR><BR>[Stack]<UL><LI>Max Depth = 144<LI>Call Chain = DMA1_Channel4_5_6_7_IRQHandler &rArr; vcom_Dma_IRQHandler &rArr; vcom_PrintDMA &rArr; vcom_StartDMA &rArr; LL_DMA_Init &rArr; LL_DMA_SetPeriphRequest
</UL>
<BR>[Calls]<UL><LI><a href="#[a0]">&gt;&gt;</a>&nbsp;&nbsp;&nbsp;vcom_Dma_IRQHandler
</UL>
<BR>[Address Reference Count : 1]<UL><LI> startup_stm32l072xx.o(RESET)
</UL>
<P><STRONG><a name="[16]"></a>EXTI0_1_IRQHandler</STRONG> (Thumb, 16 bytes, Stack size 8 bytes, mlm32l0xx_it.o(i.EXTI0_1_IRQHandler))
<BR><BR>[Stack]<UL><LI>Max Depth = 32<LI>Call Chain = EXTI0_1_IRQHandler &rArr; HAL_GPIO_EXTI_IRQHandler &rArr; HAL_GPIO_EXTI_Callback &rArr; HW_GPIO_IrqHandler
</UL>
<BR>[Calls]<UL><LI><a href="#[a7]">&gt;&gt;</a>&nbsp;&nbsp;&nbsp;HAL_GPIO_EXTI_IRQHandler
</UL>
<BR>[Address Reference Count : 1]<UL><LI> startup_stm32l072xx.o(RESET)
</UL>
<P><STRONG><a name="[17]"></a>EXTI2_3_IRQHandler</STRONG> (Thumb, 16 bytes, Stack size 8 bytes, mlm32l0xx_it.o(i.EXTI2_3_IRQHandler))
<BR><BR>[Stack]<UL><LI>Max Depth = 32<LI>Call Chain = EXTI2_3_IRQHandler &rArr; HAL_GPIO_EXTI_IRQHandler &rArr; HAL_GPIO_EXTI_Callback &rArr; HW_GPIO_IrqHandler
</UL>
<BR>[Calls]<UL><LI><a href="#[a7]">&gt;&gt;</a>&nbsp;&nbsp;&nbsp;HAL_GPIO_EXTI_IRQHandler
</UL>
<BR>[Address Reference Count : 1]<UL><LI> startup_stm32l072xx.o(RESET)
</UL>
<P><STRONG><a name="[18]"></a>EXTI4_15_IRQHandler</STRONG> (Thumb, 92 bytes, Stack size 8 bytes, mlm32l0xx_it.o(i.EXTI4_15_IRQHandler))
<BR><BR>[Stack]<UL><LI>Max Depth = 32<LI>Call Chain = EXTI4_15_IRQHandler &rArr; HAL_GPIO_EXTI_IRQHandler &rArr; HAL_GPIO_EXTI_Callback &rArr; HW_GPIO_IrqHandler
</UL>
<BR>[Calls]<UL><LI><a href="#[a7]">&gt;&gt;</a>&nbsp;&nbsp;&nbsp;HAL_GPIO_EXTI_IRQHandler
</UL>
<BR>[Address Reference Count : 1]<UL><LI> startup_stm32l072xx.o(RESET)
</UL>
<P><STRONG><a name="[a8]"></a>Error_Handler</STRONG> (Thumb, 2 bytes, Stack size 0 bytes, debug.o(i.Error_Handler))
<BR><BR>[Calls]<UL><LI><a href="#[a8]">&gt;&gt;</a>&nbsp;&nbsp;&nbsp;Error_Handler
</UL>
<BR>[Called By]<UL><LI><a href="#[ce]">&gt;&gt;</a>&nbsp;&nbsp;&nbsp;HAL_RTC_MspInit
<LI><a href="#[1a2]">&gt;&gt;</a>&nbsp;&nbsp;&nbsp;SystemClock_Config
<LI><a href="#[f5]">&gt;&gt;</a>&nbsp;&nbsp;&nbsp;HW_SPI_Init
<LI><a href="#[a8]">&gt;&gt;</a>&nbsp;&nbsp;&nbsp;Error_Handler
</UL>

<P><STRONG><a name="[95]"></a>GetNewChar</STRONG> (Thumb, 26 bytes, Stack size 0 bytes, vcom.o(i.GetNewChar))
<BR><BR>[Called By]<UL><LI><a href="#[3f]">&gt;&gt;</a>&nbsp;&nbsp;&nbsp;CMD_Process
</UL>

<P><STRONG><a name="[a9]"></a>HAL_ADCEx_Calibration_Start</STRONG> (Thumb, 170 bytes, Stack size 24 bytes, stm32l0xx_hal_adc_ex.o(i.HAL_ADCEx_Calibration_Start))
<BR><BR>[Stack]<UL><LI>Max Depth = 24<LI>Call Chain = HAL_ADCEx_Calibration_Start
</UL>
<BR>[Calls]<UL><LI><a href="#[66]">&gt;&gt;</a>&nbsp;&nbsp;&nbsp;HAL_GetTick
</UL>
<BR>[Called By]<UL><LI><a href="#[e8]">&gt;&gt;</a>&nbsp;&nbsp;&nbsp;HW_AdcReadChannel
</UL>

<P><STRONG><a name="[aa]"></a>HAL_ADC_ConfigChannel</STRONG> (Thumb, 140 bytes, Stack size 24 bytes, stm32l0xx_hal_adc.o(i.HAL_ADC_ConfigChannel))
<BR><BR>[Stack]<UL><LI>Max Depth = 52<LI>Call Chain = HAL_ADC_ConfigChannel &rArr; ADC_DelayMicroSecond &rArr; __aeabi_uidivmod
</UL>
<BR>[Calls]<UL><LI><a href="#[64]">&gt;&gt;</a>&nbsp;&nbsp;&nbsp;ADC_DelayMicroSecond
</UL>
<BR>[Called By]<UL><LI><a href="#[e8]">&gt;&gt;</a>&nbsp;&nbsp;&nbsp;HW_AdcReadChannel
</UL>

<P><STRONG><a name="[e9]"></a>HAL_ADC_GetValue</STRONG> (Thumb, 6 bytes, Stack size 0 bytes, stm32l0xx_hal_adc.o(i.HAL_ADC_GetValue))
<BR><BR>[Called By]<UL><LI><a href="#[e8]">&gt;&gt;</a>&nbsp;&nbsp;&nbsp;HW_AdcReadChannel
</UL>

<P><STRONG><a name="[ab]"></a>HAL_ADC_Init</STRONG> (Thumb, 442 bytes, Stack size 16 bytes, stm32l0xx_hal_adc.o(i.HAL_ADC_Init))
<BR><BR>[Stack]<UL><LI>Max Depth = 16<LI>Call Chain = HAL_ADC_Init
</UL>
<BR>[Calls]<UL><LI><a href="#[ac]">&gt;&gt;</a>&nbsp;&nbsp;&nbsp;HAL_ADC_MspInit
</UL>
<BR>[Called By]<UL><LI><a href="#[e7]">&gt;&gt;</a>&nbsp;&nbsp;&nbsp;HW_AdcInit
</UL>

<P><STRONG><a name="[ac]"></a>HAL_ADC_MspInit</STRONG> (Thumb, 2 bytes, Stack size 0 bytes, stm32l0xx_hal_adc.o(i.HAL_ADC_MspInit))
<BR><BR>[Called By]<UL><LI><a href="#[ab]">&gt;&gt;</a>&nbsp;&nbsp;&nbsp;HAL_ADC_Init
</UL>

<P><STRONG><a name="[ad]"></a>HAL_ADC_PollForConversion</STRONG> (Thumb, 190 bytes, Stack size 24 bytes, stm32l0xx_hal_adc.o(i.HAL_ADC_PollForConversion))
<BR><BR>[Stack]<UL><LI>Max Depth = 24<LI>Call Chain = HAL_ADC_PollForConversion
</UL>
<BR>[Calls]<UL><LI><a href="#[66]">&gt;&gt;</a>&nbsp;&nbsp;&nbsp;HAL_GetTick
</UL>
<BR>[Called By]<UL><LI><a href="#[e8]">&gt;&gt;</a>&nbsp;&nbsp;&nbsp;HW_AdcReadChannel
</UL>

<P><STRONG><a name="[ae]"></a>HAL_ADC_Start</STRONG> (Thumb, 86 bytes, Stack size 16 bytes, stm32l0xx_hal_adc.o(i.HAL_ADC_Start))
<BR><BR>[Stack]<UL><LI>Max Depth = 68<LI>Call Chain = HAL_ADC_Start &rArr; ADC_Enable &rArr; ADC_DelayMicroSecond &rArr; __aeabi_uidivmod
</UL>
<BR>[Calls]<UL><LI><a href="#[65]">&gt;&gt;</a>&nbsp;&nbsp;&nbsp;ADC_Enable
</UL>
<BR>[Called By]<UL><LI><a href="#[e8]">&gt;&gt;</a>&nbsp;&nbsp;&nbsp;HW_AdcReadChannel
</UL>

<P><STRONG><a name="[9b]"></a>HAL_DBGMCU_DisableDBGSleepMode</STRONG> (Thumb, 12 bytes, Stack size 0 bytes, stm32l0xx_hal.o(i.HAL_DBGMCU_DisableDBGSleepMode))
<BR><BR>[Called By]<UL><LI><a href="#[99]">&gt;&gt;</a>&nbsp;&nbsp;&nbsp;DBG_Init
</UL>

<P><STRONG><a name="[9d]"></a>HAL_DBGMCU_DisableDBGStandbyMode</STRONG> (Thumb, 12 bytes, Stack size 0 bytes, stm32l0xx_hal.o(i.HAL_DBGMCU_DisableDBGStandbyMode))
<BR><BR>[Called By]<UL><LI><a href="#[99]">&gt;&gt;</a>&nbsp;&nbsp;&nbsp;DBG_Init
</UL>

<P><STRONG><a name="[9c]"></a>HAL_DBGMCU_DisableDBGStopMode</STRONG> (Thumb, 12 bytes, Stack size 0 bytes, stm32l0xx_hal.o(i.HAL_DBGMCU_DisableDBGStopMode))
<BR><BR>[Called By]<UL><LI><a href="#[99]">&gt;&gt;</a>&nbsp;&nbsp;&nbsp;DBG_Init
</UL>

<P><STRONG><a name="[af]"></a>HAL_DMA_Abort</STRONG> (Thumb, 76 bytes, Stack size 24 bytes, stm32l0xx_hal_dma.o(i.HAL_DMA_Abort))
<BR><BR>[Stack]<UL><LI>Max Depth = 24<LI>Call Chain = HAL_DMA_Abort
</UL>
<BR>[Calls]<UL><LI><a href="#[66]">&gt;&gt;</a>&nbsp;&nbsp;&nbsp;HAL_GetTick
</UL>
<BR>[Called By]<UL><LI><a href="#[d4]">&gt;&gt;</a>&nbsp;&nbsp;&nbsp;HAL_SPI_DMAStop
</UL>

<P><STRONG><a name="[d8]"></a>HAL_DMA_Init</STRONG> (Thumb, 254 bytes, Stack size 16 bytes, stm32l0xx_hal_dma.o(i.HAL_DMA_Init))
<BR><BR>[Stack]<UL><LI>Max Depth = 16<LI>Call Chain = HAL_DMA_Init
</UL>
<BR>[Called By]<UL><LI><a href="#[d6]">&gt;&gt;</a>&nbsp;&nbsp;&nbsp;HAL_SPI_MspInit
</UL>

<P><STRONG><a name="[b0]"></a>HAL_DMA_Start_IT</STRONG> (Thumb, 78 bytes, Stack size 24 bytes, stm32l0xx_hal_dma.o(i.HAL_DMA_Start_IT))
<BR><BR>[Stack]<UL><LI>Max Depth = 32<LI>Call Chain = HAL_DMA_Start_IT &rArr; DMA_SetConfig
</UL>
<BR>[Calls]<UL><LI><a href="#[b1]">&gt;&gt;</a>&nbsp;&nbsp;&nbsp;DMA_SetConfig
</UL>
<BR>[Called By]<UL><LI><a href="#[db]">&gt;&gt;</a>&nbsp;&nbsp;&nbsp;HAL_SPI_Transmit_DMA
</UL>

<P><STRONG><a name="[a6]"></a>HAL_Delay</STRONG> (Thumb, 10 bytes, Stack size 8 bytes, mlm32l0xx_hal_msp.o(i.HAL_Delay))
<BR><BR>[Stack]<UL><LI>Max Depth = 84<LI>Call Chain = HAL_Delay &rArr; HW_RTC_DelayMs &rArr; HW_RTC_GetTimerValue &rArr; HW_RTC_GetCalendarValue &rArr; HAL_RTC_GetTime
</UL>
<BR>[Calls]<UL><LI><a href="#[b2]">&gt;&gt;</a>&nbsp;&nbsp;&nbsp;HW_RTC_DelayMs
</UL>
<BR>[Called By]<UL><LI><a href="#[7e]">&gt;&gt;</a>&nbsp;&nbsp;&nbsp;vcom_Send
<LI><a href="#[198]">&gt;&gt;</a>&nbsp;&nbsp;&nbsp;SX1276Reset
<LI><a href="#[0]">&gt;&gt;</a>&nbsp;&nbsp;&nbsp;SX1276SetXO
<LI><a href="#[142]">&gt;&gt;</a>&nbsp;&nbsp;&nbsp;RF_API_wait_for_clear_channel
<LI><a href="#[77]">&gt;&gt;</a>&nbsp;&nbsp;&nbsp;MCU_API_report_test_result
<LI><a href="#[a1]">&gt;&gt;</a>&nbsp;&nbsp;&nbsp;Delay_Lp
</UL>

<P><STRONG><a name="[ec]"></a>HAL_FLASHEx_DATAEEPROM_EnableFixedTimeProgram</STRONG> (Thumb, 12 bytes, Stack size 0 bytes, stm32l0xx_hal_flash_ex.o(i.HAL_FLASHEx_DATAEEPROM_EnableFixedTimeProgram))
<BR><BR>[Called By]<UL><LI><a href="#[ea]">&gt;&gt;</a>&nbsp;&nbsp;&nbsp;HW_EEPROM_Init
<LI><a href="#[7b]">&gt;&gt;</a>&nbsp;&nbsp;&nbsp;HW_EEPROM_Unlock
<LI><a href="#[87]">&gt;&gt;</a>&nbsp;&nbsp;&nbsp;HW_EEPROM_RestoreFs
</UL>

<P><STRONG><a name="[ed]"></a>HAL_FLASHEx_DATAEEPROM_Lock</STRONG> (Thumb, 14 bytes, Stack size 0 bytes, stm32l0xx_hal_flash_ex.o(i.HAL_FLASHEx_DATAEEPROM_Lock))
<BR><BR>[Called By]<UL><LI><a href="#[ea]">&gt;&gt;</a>&nbsp;&nbsp;&nbsp;HW_EEPROM_Init
<LI><a href="#[87]">&gt;&gt;</a>&nbsp;&nbsp;&nbsp;HW_EEPROM_RestoreFs
<LI><a href="#[7c]">&gt;&gt;</a>&nbsp;&nbsp;&nbsp;HW_EEPROM_Lock
</UL>

<P><STRONG><a name="[eb]"></a>HAL_FLASHEx_DATAEEPROM_Unlock</STRONG> (Thumb, 24 bytes, Stack size 0 bytes, stm32l0xx_hal_flash_ex.o(i.HAL_FLASHEx_DATAEEPROM_Unlock))
<BR><BR>[Called By]<UL><LI><a href="#[ea]">&gt;&gt;</a>&nbsp;&nbsp;&nbsp;HW_EEPROM_Init
<LI><a href="#[7b]">&gt;&gt;</a>&nbsp;&nbsp;&nbsp;HW_EEPROM_Unlock
<LI><a href="#[87]">&gt;&gt;</a>&nbsp;&nbsp;&nbsp;HW_EEPROM_RestoreFs
</UL>

<P><STRONG><a name="[b3]"></a>HAL_GPIO_EXTI_Callback</STRONG> (Thumb, 8 bytes, Stack size 8 bytes, mlm32l0xx_hal_msp.o(i.HAL_GPIO_EXTI_Callback))
<BR><BR>[Stack]<UL><LI>Max Depth = 16<LI>Call Chain = HAL_GPIO_EXTI_Callback &rArr; HW_GPIO_IrqHandler
</UL>
<BR>[Calls]<UL><LI><a href="#[b4]">&gt;&gt;</a>&nbsp;&nbsp;&nbsp;HW_GPIO_IrqHandler
</UL>
<BR>[Called By]<UL><LI><a href="#[a7]">&gt;&gt;</a>&nbsp;&nbsp;&nbsp;HAL_GPIO_EXTI_IRQHandler
</UL>

<P><STRONG><a name="[a7]"></a>HAL_GPIO_EXTI_IRQHandler</STRONG> (Thumb, 18 bytes, Stack size 8 bytes, stm32l0xx_hal_gpio.o(i.HAL_GPIO_EXTI_IRQHandler))
<BR><BR>[Stack]<UL><LI>Max Depth = 24<LI>Call Chain = HAL_GPIO_EXTI_IRQHandler &rArr; HAL_GPIO_EXTI_Callback &rArr; HW_GPIO_IrqHandler
</UL>
<BR>[Calls]<UL><LI><a href="#[b3]">&gt;&gt;</a>&nbsp;&nbsp;&nbsp;HAL_GPIO_EXTI_Callback
</UL>
<BR>[Called By]<UL><LI><a href="#[18]">&gt;&gt;</a>&nbsp;&nbsp;&nbsp;EXTI4_15_IRQHandler
<LI><a href="#[17]">&gt;&gt;</a>&nbsp;&nbsp;&nbsp;EXTI2_3_IRQHandler
<LI><a href="#[16]">&gt;&gt;</a>&nbsp;&nbsp;&nbsp;EXTI0_1_IRQHandler
</UL>

<P><STRONG><a name="[8e]"></a>HAL_GPIO_Init</STRONG> (Thumb, 356 bytes, Stack size 24 bytes, stm32l0xx_hal_gpio.o(i.HAL_GPIO_Init))
<BR><BR>[Stack]<UL><LI>Max Depth = 24<LI>Call Chain = HAL_GPIO_Init
</UL>
<BR>[Called By]<UL><LI><a href="#[ee]">&gt;&gt;</a>&nbsp;&nbsp;&nbsp;HW_GPIO_Init
<LI><a href="#[8d]">&gt;&gt;</a>&nbsp;&nbsp;&nbsp;BSP_LED_Init
<LI><a href="#[bb]">&gt;&gt;</a>&nbsp;&nbsp;&nbsp;HW_GpioInit
<LI><a href="#[99]">&gt;&gt;</a>&nbsp;&nbsp;&nbsp;DBG_Init
</UL>

<P><STRONG><a name="[90]"></a>HAL_GPIO_WritePin</STRONG> (Thumb, 12 bytes, Stack size 0 bytes, stm32l0xx_hal_gpio.o(i.HAL_GPIO_WritePin))
<BR><BR>[Called By]<UL><LI><a href="#[f2]">&gt;&gt;</a>&nbsp;&nbsp;&nbsp;HW_GPIO_Write
<LI><a href="#[91]">&gt;&gt;</a>&nbsp;&nbsp;&nbsp;BSP_LED_On
<LI><a href="#[8f]">&gt;&gt;</a>&nbsp;&nbsp;&nbsp;BSP_LED_Off
</UL>

<P><STRONG><a name="[66]"></a>HAL_GetTick</STRONG> (Thumb, 6 bytes, Stack size 0 bytes, stm32l0xx_hal.o(i.HAL_GetTick))
<BR><BR>[Called By]<UL><LI><a href="#[da]">&gt;&gt;</a>&nbsp;&nbsp;&nbsp;SPI_WaitOnFlagUntilTimeout
<LI><a href="#[c1]">&gt;&gt;</a>&nbsp;&nbsp;&nbsp;HAL_RCC_OscConfig
<LI><a href="#[bf]">&gt;&gt;</a>&nbsp;&nbsp;&nbsp;HAL_RCC_ClockConfig
<LI><a href="#[ad]">&gt;&gt;</a>&nbsp;&nbsp;&nbsp;HAL_ADC_PollForConversion
<LI><a href="#[65]">&gt;&gt;</a>&nbsp;&nbsp;&nbsp;ADC_Enable
<LI><a href="#[af]">&gt;&gt;</a>&nbsp;&nbsp;&nbsp;HAL_DMA_Abort
<LI><a href="#[c6]">&gt;&gt;</a>&nbsp;&nbsp;&nbsp;RTC_EnterInitMode
<LI><a href="#[c7]">&gt;&gt;</a>&nbsp;&nbsp;&nbsp;HAL_RTC_WaitForSynchro
<LI><a href="#[d0]">&gt;&gt;</a>&nbsp;&nbsp;&nbsp;HAL_RTC_SetAlarm_IT
<LI><a href="#[c9]">&gt;&gt;</a>&nbsp;&nbsp;&nbsp;HAL_RTC_DeactivateAlarm
<LI><a href="#[c5]">&gt;&gt;</a>&nbsp;&nbsp;&nbsp;HAL_RTC_DeInit
<LI><a href="#[be]">&gt;&gt;</a>&nbsp;&nbsp;&nbsp;HAL_RCCEx_PeriphCLKConfig
<LI><a href="#[a9]">&gt;&gt;</a>&nbsp;&nbsp;&nbsp;HAL_ADCEx_Calibration_Start
</UL>

<P><STRONG><a name="[1a1]"></a>HAL_IncTick</STRONG> (Thumb, 10 bytes, Stack size 0 bytes, stm32l0xx_hal.o(i.HAL_IncTick))
<BR><BR>[Called By]<UL><LI><a href="#[10]">&gt;&gt;</a>&nbsp;&nbsp;&nbsp;SysTick_Handler
</UL>

<P><STRONG><a name="[b5]"></a>HAL_Init</STRONG> (Thumb, 26 bytes, Stack size 8 bytes, stm32l0xx_hal.o(i.HAL_Init))
<BR><BR>[Stack]<UL><LI>Max Depth = 88<LI>Call Chain = HAL_Init &rArr; HAL_MspInit &rArr; HW_GpioInit &rArr; HAL_GPIO_Init
</UL>
<BR>[Calls]<UL><LI><a href="#[b7]">&gt;&gt;</a>&nbsp;&nbsp;&nbsp;HAL_MspInit
<LI><a href="#[b6]">&gt;&gt;</a>&nbsp;&nbsp;&nbsp;HAL_InitTick
</UL>
<BR>[Called By]<UL><LI><a href="#[2f]">&gt;&gt;</a>&nbsp;&nbsp;&nbsp;main
</UL>

<P><STRONG><a name="[b6]"></a>HAL_InitTick</STRONG> (Thumb, 4 bytes, Stack size 0 bytes, mlm32l0xx_hal_msp.o(i.HAL_InitTick))
<BR><BR>[Called By]<UL><LI><a href="#[c1]">&gt;&gt;</a>&nbsp;&nbsp;&nbsp;HAL_RCC_OscConfig
<LI><a href="#[bf]">&gt;&gt;</a>&nbsp;&nbsp;&nbsp;HAL_RCC_ClockConfig
<LI><a href="#[b5]">&gt;&gt;</a>&nbsp;&nbsp;&nbsp;HAL_Init
</UL>

<P><STRONG><a name="[b7]"></a>HAL_MspInit</STRONG> (Thumb, 40 bytes, Stack size 8 bytes, mlm32l0xx_hal_msp.o(i.HAL_MspInit))
<BR><BR>[Stack]<UL><LI>Max Depth = 80<LI>Call Chain = HAL_MspInit &rArr; HW_GpioInit &rArr; HAL_GPIO_Init
</UL>
<BR>[Calls]<UL><LI><a href="#[b9]">&gt;&gt;</a>&nbsp;&nbsp;&nbsp;HAL_PWREx_EnableUltraLowPower
<LI><a href="#[ba]">&gt;&gt;</a>&nbsp;&nbsp;&nbsp;HAL_PWREx_EnableFastWakeUp
<LI><a href="#[b8]">&gt;&gt;</a>&nbsp;&nbsp;&nbsp;HAL_PWR_DisablePVD
<LI><a href="#[bb]">&gt;&gt;</a>&nbsp;&nbsp;&nbsp;HW_GpioInit
</UL>
<BR>[Called By]<UL><LI><a href="#[b5]">&gt;&gt;</a>&nbsp;&nbsp;&nbsp;HAL_Init
</UL>

<P><STRONG><a name="[cf]"></a>HAL_NVIC_EnableIRQ</STRONG> (Thumb, 14 bytes, Stack size 0 bytes, stm32l0xx_hal_cortex.o(i.HAL_NVIC_EnableIRQ))
<BR><BR>[Called By]<UL><LI><a href="#[f0]">&gt;&gt;</a>&nbsp;&nbsp;&nbsp;HW_GPIO_SetIrq
<LI><a href="#[1b9]">&gt;&gt;</a>&nbsp;&nbsp;&nbsp;vcom_StartDMA
<LI><a href="#[93]">&gt;&gt;</a>&nbsp;&nbsp;&nbsp;vcom_Init
<LI><a href="#[d6]">&gt;&gt;</a>&nbsp;&nbsp;&nbsp;HAL_SPI_MspInit
<LI><a href="#[ce]">&gt;&gt;</a>&nbsp;&nbsp;&nbsp;HAL_RTC_MspInit
</UL>

<P><STRONG><a name="[1ba]"></a>HAL_NVIC_GetPendingIRQ</STRONG> (Thumb, 24 bytes, Stack size 0 bytes, stm32l0xx_hal_cortex.o(i.HAL_NVIC_GetPendingIRQ))
<BR><BR>[Called By]<UL><LI><a href="#[7e]">&gt;&gt;</a>&nbsp;&nbsp;&nbsp;vcom_Send
</UL>

<P><STRONG><a name="[bc]"></a>HAL_NVIC_SetPriority</STRONG> (Thumb, 8 bytes, Stack size 8 bytes, stm32l0xx_hal_cortex.o(i.HAL_NVIC_SetPriority))
<BR><BR>[Stack]<UL><LI>Max Depth = 8<LI>Call Chain = HAL_NVIC_SetPriority
</UL>
<BR>[Calls]<UL><LI><a href="#[bd]">&gt;&gt;</a>&nbsp;&nbsp;&nbsp;NVIC_SetPriority
</UL>
<BR>[Called By]<UL><LI><a href="#[f0]">&gt;&gt;</a>&nbsp;&nbsp;&nbsp;HW_GPIO_SetIrq
<LI><a href="#[1b9]">&gt;&gt;</a>&nbsp;&nbsp;&nbsp;vcom_StartDMA
<LI><a href="#[93]">&gt;&gt;</a>&nbsp;&nbsp;&nbsp;vcom_Init
<LI><a href="#[d6]">&gt;&gt;</a>&nbsp;&nbsp;&nbsp;HAL_SPI_MspInit
<LI><a href="#[ce]">&gt;&gt;</a>&nbsp;&nbsp;&nbsp;HAL_RTC_MspInit
</UL>

<P><STRONG><a name="[ba]"></a>HAL_PWREx_EnableFastWakeUp</STRONG> (Thumb, 12 bytes, Stack size 0 bytes, stm32l0xx_hal_pwr_ex.o(i.HAL_PWREx_EnableFastWakeUp))
<BR><BR>[Called By]<UL><LI><a href="#[b7]">&gt;&gt;</a>&nbsp;&nbsp;&nbsp;HAL_MspInit
</UL>

<P><STRONG><a name="[b9]"></a>HAL_PWREx_EnableUltraLowPower</STRONG> (Thumb, 12 bytes, Stack size 0 bytes, stm32l0xx_hal_pwr_ex.o(i.HAL_PWREx_EnableUltraLowPower))
<BR><BR>[Called By]<UL><LI><a href="#[b7]">&gt;&gt;</a>&nbsp;&nbsp;&nbsp;HAL_MspInit
</UL>

<P><STRONG><a name="[b8]"></a>HAL_PWR_DisablePVD</STRONG> (Thumb, 12 bytes, Stack size 0 bytes, stm32l0xx_hal_pwr.o(i.HAL_PWR_DisablePVD))
<BR><BR>[Called By]<UL><LI><a href="#[b7]">&gt;&gt;</a>&nbsp;&nbsp;&nbsp;HAL_MspInit
</UL>

<P><STRONG><a name="[126]"></a>HAL_PWR_EnterSLEEPMode</STRONG> (Thumb, 38 bytes, Stack size 0 bytes, stm32l0xx_hal_pwr.o(i.HAL_PWR_EnterSLEEPMode))
<BR><BR>[Called By]<UL><LI><a href="#[11f]">&gt;&gt;</a>&nbsp;&nbsp;&nbsp;LPM_EnterSleepMode
</UL>

<P><STRONG><a name="[125]"></a>HAL_PWR_EnterSTANDBYMode</STRONG> (Thumb, 24 bytes, Stack size 0 bytes, stm32l0xx_hal_pwr.o(i.HAL_PWR_EnterSTANDBYMode))
<BR><BR>[Called By]<UL><LI><a href="#[123]">&gt;&gt;</a>&nbsp;&nbsp;&nbsp;LPM_EnterOffMode
</UL>

<P><STRONG><a name="[127]"></a>HAL_PWR_EnterSTOPMode</STRONG> (Thumb, 44 bytes, Stack size 0 bytes, stm32l0xx_hal_pwr.o(i.HAL_PWR_EnterSTOPMode))
<BR><BR>[Called By]<UL><LI><a href="#[121]">&gt;&gt;</a>&nbsp;&nbsp;&nbsp;LPM_EnterStopMode
</UL>

<P><STRONG><a name="[be]"></a>HAL_RCCEx_PeriphCLKConfig</STRONG> (Thumb, 382 bytes, Stack size 24 bytes, stm32l0xx_hal_rcc_ex.o(i.HAL_RCCEx_PeriphCLKConfig))
<BR><BR>[Stack]<UL><LI>Max Depth = 24<LI>Call Chain = HAL_RCCEx_PeriphCLKConfig
</UL>
<BR>[Calls]<UL><LI><a href="#[66]">&gt;&gt;</a>&nbsp;&nbsp;&nbsp;HAL_GetTick
</UL>
<BR>[Called By]<UL><LI><a href="#[ce]">&gt;&gt;</a>&nbsp;&nbsp;&nbsp;HAL_RTC_MspInit
</UL>

<P><STRONG><a name="[bf]"></a>HAL_RCC_ClockConfig</STRONG> (Thumb, 340 bytes, Stack size 24 bytes, stm32l0xx_hal_rcc.o(i.HAL_RCC_ClockConfig))
<BR><BR>[Stack]<UL><LI>Max Depth = 44<LI>Call Chain = HAL_RCC_ClockConfig &rArr; HAL_RCC_GetSysClockFreq &rArr; __aeabi_uidivmod
</UL>
<BR>[Calls]<UL><LI><a href="#[c0]">&gt;&gt;</a>&nbsp;&nbsp;&nbsp;HAL_RCC_GetSysClockFreq
<LI><a href="#[66]">&gt;&gt;</a>&nbsp;&nbsp;&nbsp;HAL_GetTick
<LI><a href="#[b6]">&gt;&gt;</a>&nbsp;&nbsp;&nbsp;HAL_InitTick
</UL>
<BR>[Called By]<UL><LI><a href="#[1a2]">&gt;&gt;</a>&nbsp;&nbsp;&nbsp;SystemClock_Config
</UL>

<P><STRONG><a name="[c0]"></a>HAL_RCC_GetSysClockFreq</STRONG> (Thumb, 100 bytes, Stack size 8 bytes, stm32l0xx_hal_rcc.o(i.HAL_RCC_GetSysClockFreq))
<BR><BR>[Stack]<UL><LI>Max Depth = 20<LI>Call Chain = HAL_RCC_GetSysClockFreq &rArr; __aeabi_uidivmod
</UL>
<BR>[Calls]<UL><LI><a href="#[5b]">&gt;&gt;</a>&nbsp;&nbsp;&nbsp;__aeabi_uidivmod
</UL>
<BR>[Called By]<UL><LI><a href="#[bf]">&gt;&gt;</a>&nbsp;&nbsp;&nbsp;HAL_RCC_ClockConfig
</UL>

<P><STRONG><a name="[c1]"></a>HAL_RCC_OscConfig</STRONG> (Thumb, 1116 bytes, Stack size 24 bytes, stm32l0xx_hal_rcc.o(i.HAL_RCC_OscConfig))
<BR><BR>[Stack]<UL><LI>Max Depth = 40<LI>Call Chain = HAL_RCC_OscConfig &rArr; RCC_SetFlashLatencyFromMSIRange
</UL>
<BR>[Calls]<UL><LI><a href="#[c2]">&gt;&gt;</a>&nbsp;&nbsp;&nbsp;RCC_SetFlashLatencyFromMSIRange
<LI><a href="#[66]">&gt;&gt;</a>&nbsp;&nbsp;&nbsp;HAL_GetTick
<LI><a href="#[b6]">&gt;&gt;</a>&nbsp;&nbsp;&nbsp;HAL_InitTick
</UL>
<BR>[Called By]<UL><LI><a href="#[ce]">&gt;&gt;</a>&nbsp;&nbsp;&nbsp;HAL_RTC_MspInit
<LI><a href="#[1a2]">&gt;&gt;</a>&nbsp;&nbsp;&nbsp;SystemClock_Config
</UL>

<P><STRONG><a name="[107]"></a>HAL_RTCEx_EnableBypassShadow</STRONG> (Thumb, 60 bytes, Stack size 12 bytes, stm32l0xx_hal_rtc_ex.o(i.HAL_RTCEx_EnableBypassShadow))
<BR><BR>[Stack]<UL><LI>Max Depth = 12<LI>Call Chain = HAL_RTCEx_EnableBypassShadow
</UL>
<BR>[Called By]<UL><LI><a href="#[101]">&gt;&gt;</a>&nbsp;&nbsp;&nbsp;HW_RTC_SetConfig
</UL>

<P><STRONG><a name="[c3]"></a>HAL_RTC_AlarmAEventCallback</STRONG> (Thumb, 8 bytes, Stack size 8 bytes, mlm32l0xx_hal_msp.o(i.HAL_RTC_AlarmAEventCallback))
<BR><BR>[Stack]<UL><LI>Max Depth = 128<LI>Call Chain = HAL_RTC_AlarmAEventCallback &rArr; TimerIrqHandler &rArr; TimerSetTimeout &rArr; HW_RTC_SetAlarm &rArr; HW_RTC_StartWakeUpAlarm &rArr; HAL_RTC_SetAlarm_IT
</UL>
<BR>[Calls]<UL><LI><a href="#[c4]">&gt;&gt;</a>&nbsp;&nbsp;&nbsp;TimerIrqHandler
</UL>
<BR>[Called By]<UL><LI><a href="#[103]">&gt;&gt;</a>&nbsp;&nbsp;&nbsp;HW_RTC_IrqHandler
</UL>

<P><STRONG><a name="[c5]"></a>HAL_RTC_DeInit</STRONG> (Thumb, 200 bytes, Stack size 24 bytes, stm32l0xx_hal_rtc.o(i.HAL_RTC_DeInit))
<BR><BR>[Stack]<UL><LI>Max Depth = 40<LI>Call Chain = HAL_RTC_DeInit &rArr; RTC_EnterInitMode
</UL>
<BR>[Calls]<UL><LI><a href="#[66]">&gt;&gt;</a>&nbsp;&nbsp;&nbsp;HAL_GetTick
<LI><a href="#[c6]">&gt;&gt;</a>&nbsp;&nbsp;&nbsp;RTC_EnterInitMode
<LI><a href="#[c7]">&gt;&gt;</a>&nbsp;&nbsp;&nbsp;HAL_RTC_WaitForSynchro
<LI><a href="#[c8]">&gt;&gt;</a>&nbsp;&nbsp;&nbsp;HAL_RTC_MspDeInit
</UL>
<BR>[Called By]<UL><LI><a href="#[fd]">&gt;&gt;</a>&nbsp;&nbsp;&nbsp;HW_RTC_DeInit
</UL>

<P><STRONG><a name="[c9]"></a>HAL_RTC_DeactivateAlarm</STRONG> (Thumb, 184 bytes, Stack size 24 bytes, stm32l0xx_hal_rtc.o(i.HAL_RTC_DeactivateAlarm))
<BR><BR>[Stack]<UL><LI>Max Depth = 24<LI>Call Chain = HAL_RTC_DeactivateAlarm
</UL>
<BR>[Calls]<UL><LI><a href="#[66]">&gt;&gt;</a>&nbsp;&nbsp;&nbsp;HAL_GetTick
</UL>
<BR>[Called By]<UL><LI><a href="#[108]">&gt;&gt;</a>&nbsp;&nbsp;&nbsp;HW_RTC_StopAlarm
<LI><a href="#[f6]">&gt;&gt;</a>&nbsp;&nbsp;&nbsp;HW_RTC_Init
</UL>

<P><STRONG><a name="[ca]"></a>HAL_RTC_GetDate</STRONG> (Thumb, 68 bytes, Stack size 8 bytes, stm32l0xx_hal_rtc.o(i.HAL_RTC_GetDate))
<BR><BR>[Stack]<UL><LI>Max Depth = 8<LI>Call Chain = HAL_RTC_GetDate
</UL>
<BR>[Calls]<UL><LI><a href="#[cb]">&gt;&gt;</a>&nbsp;&nbsp;&nbsp;RTC_Bcd2ToByte
</UL>
<BR>[Called By]<UL><LI><a href="#[ff]">&gt;&gt;</a>&nbsp;&nbsp;&nbsp;HW_RTC_GetCalendarValue
</UL>

<P><STRONG><a name="[cc]"></a>HAL_RTC_GetTime</STRONG> (Thumb, 88 bytes, Stack size 12 bytes, stm32l0xx_hal_rtc.o(i.HAL_RTC_GetTime))
<BR><BR>[Stack]<UL><LI>Max Depth = 12<LI>Call Chain = HAL_RTC_GetTime
</UL>
<BR>[Calls]<UL><LI><a href="#[cb]">&gt;&gt;</a>&nbsp;&nbsp;&nbsp;RTC_Bcd2ToByte
</UL>
<BR>[Called By]<UL><LI><a href="#[ff]">&gt;&gt;</a>&nbsp;&nbsp;&nbsp;HW_RTC_GetCalendarValue
</UL>

<P><STRONG><a name="[cd]"></a>HAL_RTC_Init</STRONG> (Thumb, 160 bytes, Stack size 16 bytes, stm32l0xx_hal_rtc.o(i.HAL_RTC_Init))
<BR><BR>[Stack]<UL><LI>Max Depth = 152<LI>Call Chain = HAL_RTC_Init &rArr; HAL_RTC_MspInit &rArr; HAL_RCC_OscConfig &rArr; RCC_SetFlashLatencyFromMSIRange
</UL>
<BR>[Calls]<UL><LI><a href="#[c6]">&gt;&gt;</a>&nbsp;&nbsp;&nbsp;RTC_EnterInitMode
<LI><a href="#[ce]">&gt;&gt;</a>&nbsp;&nbsp;&nbsp;HAL_RTC_MspInit
</UL>
<BR>[Called By]<UL><LI><a href="#[101]">&gt;&gt;</a>&nbsp;&nbsp;&nbsp;HW_RTC_SetConfig
</UL>

<P><STRONG><a name="[c8]"></a>HAL_RTC_MspDeInit</STRONG> (Thumb, 14 bytes, Stack size 0 bytes, mlm32l0xx_hal_msp.o(i.HAL_RTC_MspDeInit))
<BR><BR>[Called By]<UL><LI><a href="#[c5]">&gt;&gt;</a>&nbsp;&nbsp;&nbsp;HAL_RTC_DeInit
</UL>

<P><STRONG><a name="[ce]"></a>HAL_RTC_MspInit</STRONG> (Thumb, 86 bytes, Stack size 96 bytes, mlm32l0xx_hal_msp.o(i.HAL_RTC_MspInit))
<BR><BR>[Stack]<UL><LI>Max Depth = 136<LI>Call Chain = HAL_RTC_MspInit &rArr; HAL_RCC_OscConfig &rArr; RCC_SetFlashLatencyFromMSIRange
</UL>
<BR>[Calls]<UL><LI><a href="#[cf]">&gt;&gt;</a>&nbsp;&nbsp;&nbsp;HAL_NVIC_EnableIRQ
<LI><a href="#[c1]">&gt;&gt;</a>&nbsp;&nbsp;&nbsp;HAL_RCC_OscConfig
<LI><a href="#[bc]">&gt;&gt;</a>&nbsp;&nbsp;&nbsp;HAL_NVIC_SetPriority
<LI><a href="#[be]">&gt;&gt;</a>&nbsp;&nbsp;&nbsp;HAL_RCCEx_PeriphCLKConfig
<LI><a href="#[a8]">&gt;&gt;</a>&nbsp;&nbsp;&nbsp;Error_Handler
</UL>
<BR>[Called By]<UL><LI><a href="#[cd]">&gt;&gt;</a>&nbsp;&nbsp;&nbsp;HAL_RTC_Init
</UL>

<P><STRONG><a name="[d0]"></a>HAL_RTC_SetAlarm_IT</STRONG> (Thumb, 408 bytes, Stack size 32 bytes, stm32l0xx_hal_rtc.o(i.HAL_RTC_SetAlarm_IT))
<BR><BR>[Stack]<UL><LI>Max Depth = 32<LI>Call Chain = HAL_RTC_SetAlarm_IT
</UL>
<BR>[Calls]<UL><LI><a href="#[66]">&gt;&gt;</a>&nbsp;&nbsp;&nbsp;HAL_GetTick
<LI><a href="#[d1]">&gt;&gt;</a>&nbsp;&nbsp;&nbsp;RTC_ByteToBcd2
<LI><a href="#[cb]">&gt;&gt;</a>&nbsp;&nbsp;&nbsp;RTC_Bcd2ToByte
</UL>
<BR>[Called By]<UL><LI><a href="#[106]">&gt;&gt;</a>&nbsp;&nbsp;&nbsp;HW_RTC_StartWakeUpAlarm
</UL>

<P><STRONG><a name="[d2]"></a>HAL_RTC_SetDate</STRONG> (Thumb, 200 bytes, Stack size 24 bytes, stm32l0xx_hal_rtc.o(i.HAL_RTC_SetDate))
<BR><BR>[Stack]<UL><LI>Max Depth = 40<LI>Call Chain = HAL_RTC_SetDate &rArr; RTC_EnterInitMode
</UL>
<BR>[Calls]<UL><LI><a href="#[c6]">&gt;&gt;</a>&nbsp;&nbsp;&nbsp;RTC_EnterInitMode
<LI><a href="#[d1]">&gt;&gt;</a>&nbsp;&nbsp;&nbsp;RTC_ByteToBcd2
<LI><a href="#[cb]">&gt;&gt;</a>&nbsp;&nbsp;&nbsp;RTC_Bcd2ToByte
<LI><a href="#[c7]">&gt;&gt;</a>&nbsp;&nbsp;&nbsp;HAL_RTC_WaitForSynchro
</UL>
<BR>[Called By]<UL><LI><a href="#[101]">&gt;&gt;</a>&nbsp;&nbsp;&nbsp;HW_RTC_SetConfig
</UL>

<P><STRONG><a name="[d3]"></a>HAL_RTC_SetTime</STRONG> (Thumb, 234 bytes, Stack size 24 bytes, stm32l0xx_hal_rtc.o(i.HAL_RTC_SetTime))
<BR><BR>[Stack]<UL><LI>Max Depth = 40<LI>Call Chain = HAL_RTC_SetTime &rArr; RTC_EnterInitMode
</UL>
<BR>[Calls]<UL><LI><a href="#[c6]">&gt;&gt;</a>&nbsp;&nbsp;&nbsp;RTC_EnterInitMode
<LI><a href="#[d1]">&gt;&gt;</a>&nbsp;&nbsp;&nbsp;RTC_ByteToBcd2
<LI><a href="#[cb]">&gt;&gt;</a>&nbsp;&nbsp;&nbsp;RTC_Bcd2ToByte
<LI><a href="#[c7]">&gt;&gt;</a>&nbsp;&nbsp;&nbsp;HAL_RTC_WaitForSynchro
</UL>
<BR>[Called By]<UL><LI><a href="#[101]">&gt;&gt;</a>&nbsp;&nbsp;&nbsp;HW_RTC_SetConfig
</UL>

<P><STRONG><a name="[c7]"></a>HAL_RTC_WaitForSynchro</STRONG> (Thumb, 52 bytes, Stack size 16 bytes, stm32l0xx_hal_rtc.o(i.HAL_RTC_WaitForSynchro))
<BR><BR>[Stack]<UL><LI>Max Depth = 16<LI>Call Chain = HAL_RTC_WaitForSynchro
</UL>
<BR>[Calls]<UL><LI><a href="#[66]">&gt;&gt;</a>&nbsp;&nbsp;&nbsp;HAL_GetTick
</UL>
<BR>[Called By]<UL><LI><a href="#[d3]">&gt;&gt;</a>&nbsp;&nbsp;&nbsp;HAL_RTC_SetTime
<LI><a href="#[d2]">&gt;&gt;</a>&nbsp;&nbsp;&nbsp;HAL_RTC_SetDate
<LI><a href="#[c5]">&gt;&gt;</a>&nbsp;&nbsp;&nbsp;HAL_RTC_DeInit
</UL>

<P><STRONG><a name="[d4]"></a>HAL_SPI_DMAStop</STRONG> (Thumb, 54 bytes, Stack size 8 bytes, stm32l0xx_hal_spi.o(i.HAL_SPI_DMAStop))
<BR><BR>[Stack]<UL><LI>Max Depth = 32<LI>Call Chain = HAL_SPI_DMAStop &rArr; HAL_DMA_Abort
</UL>
<BR>[Calls]<UL><LI><a href="#[af]">&gt;&gt;</a>&nbsp;&nbsp;&nbsp;HAL_DMA_Abort
</UL>
<BR>[Called By]<UL><LI><a href="#[111]">&gt;&gt;</a>&nbsp;&nbsp;&nbsp;HW_SPI_Transmit_DMA_Stop
</UL>

<P><STRONG><a name="[186]"></a>HAL_SPI_ErrorCallback</STRONG> (Thumb, 2 bytes, Stack size 0 bytes, stm32l0xx_hal_spi.o(i.HAL_SPI_ErrorCallback))
<BR><BR>[Called By]<UL><LI><a href="#[34]">&gt;&gt;</a>&nbsp;&nbsp;&nbsp;SPI_DMATransmitCplt
<LI><a href="#[35]">&gt;&gt;</a>&nbsp;&nbsp;&nbsp;SPI_DMAError
</UL>

<P><STRONG><a name="[d5]"></a>HAL_SPI_Init</STRONG> (Thumb, 132 bytes, Stack size 16 bytes, stm32l0xx_hal_spi.o(i.HAL_SPI_Init))
<BR><BR>[Stack]<UL><LI>Max Depth = 104<LI>Call Chain = HAL_SPI_Init &rArr; HAL_SPI_MspInit &rArr; HW_SPI_IoInit &rArr; HW_GPIO_Init &rArr; HAL_GPIO_Init
</UL>
<BR>[Calls]<UL><LI><a href="#[d6]">&gt;&gt;</a>&nbsp;&nbsp;&nbsp;HAL_SPI_MspInit
</UL>
<BR>[Called By]<UL><LI><a href="#[f5]">&gt;&gt;</a>&nbsp;&nbsp;&nbsp;HW_SPI_Init
</UL>

<P><STRONG><a name="[d6]"></a>HAL_SPI_MspInit</STRONG> (Thumb, 114 bytes, Stack size 16 bytes, mlm32l0xx_hal_msp.o(i.HAL_SPI_MspInit))
<BR><BR>[Stack]<UL><LI>Max Depth = 88<LI>Call Chain = HAL_SPI_MspInit &rArr; HW_SPI_IoInit &rArr; HW_GPIO_Init &rArr; HAL_GPIO_Init
</UL>
<BR>[Calls]<UL><LI><a href="#[cf]">&gt;&gt;</a>&nbsp;&nbsp;&nbsp;HAL_NVIC_EnableIRQ
<LI><a href="#[d8]">&gt;&gt;</a>&nbsp;&nbsp;&nbsp;HAL_DMA_Init
<LI><a href="#[bc]">&gt;&gt;</a>&nbsp;&nbsp;&nbsp;HAL_NVIC_SetPriority
<LI><a href="#[d7]">&gt;&gt;</a>&nbsp;&nbsp;&nbsp;HW_SPI_IoInit
</UL>
<BR>[Called By]<UL><LI><a href="#[d5]">&gt;&gt;</a>&nbsp;&nbsp;&nbsp;HAL_SPI_Init
</UL>

<P><STRONG><a name="[d9]"></a>HAL_SPI_TransmitReceive</STRONG> (Thumb, 696 bytes, Stack size 24 bytes, stm32l0xx_hal_spi.o(i.HAL_SPI_TransmitReceive))
<BR><BR>[Stack]<UL><LI>Max Depth = 48<LI>Call Chain = HAL_SPI_TransmitReceive &rArr; SPI_WaitOnFlagUntilTimeout
</UL>
<BR>[Calls]<UL><LI><a href="#[da]">&gt;&gt;</a>&nbsp;&nbsp;&nbsp;SPI_WaitOnFlagUntilTimeout
</UL>
<BR>[Called By]<UL><LI><a href="#[10a]">&gt;&gt;</a>&nbsp;&nbsp;&nbsp;HW_SPI_InOut
</UL>

<P><STRONG><a name="[db]"></a>HAL_SPI_Transmit_DMA</STRONG> (Thumb, 194 bytes, Stack size 16 bytes, stm32l0xx_hal_spi.o(i.HAL_SPI_Transmit_DMA))
<BR><BR>[Stack]<UL><LI>Max Depth = 48<LI>Call Chain = HAL_SPI_Transmit_DMA &rArr; HAL_DMA_Start_IT &rArr; DMA_SetConfig
</UL>
<BR>[Calls]<UL><LI><a href="#[b0]">&gt;&gt;</a>&nbsp;&nbsp;&nbsp;HAL_DMA_Start_IT
</UL>
<BR>[Called By]<UL><LI><a href="#[110]">&gt;&gt;</a>&nbsp;&nbsp;&nbsp;HW_SPI_Transmit_DMA_Start
</UL>

<P><STRONG><a name="[188]"></a>HAL_SPI_TxCpltCallback</STRONG> (Thumb, 2 bytes, Stack size 0 bytes, stm32l0xx_hal_spi.o(i.HAL_SPI_TxCpltCallback))
<BR><BR>[Called By]<UL><LI><a href="#[34]">&gt;&gt;</a>&nbsp;&nbsp;&nbsp;SPI_DMATransmitCplt
</UL>

<P><STRONG><a name="[187]"></a>HAL_SPI_TxHalfCpltCallback</STRONG> (Thumb, 2 bytes, Stack size 0 bytes, stm32l0xx_hal_spi.o(i.HAL_SPI_TxHalfCpltCallback))
<BR><BR>[Called By]<UL><LI><a href="#[33]">&gt;&gt;</a>&nbsp;&nbsp;&nbsp;SPI_DMAHalfTransmitCplt
</UL>

<P><STRONG><a name="[dc]"></a>HAL_TIM_OC_ConfigChannel</STRONG> (Thumb, 80 bytes, Stack size 16 bytes, stm32l0xx_hal_tim.o(i.HAL_TIM_OC_ConfigChannel))
<BR><BR>[Stack]<UL><LI>Max Depth = 28<LI>Call Chain = HAL_TIM_OC_ConfigChannel &rArr; TIM_OC4_SetConfig
</UL>
<BR>[Calls]<UL><LI><a href="#[e0]">&gt;&gt;</a>&nbsp;&nbsp;&nbsp;TIM_OC4_SetConfig
<LI><a href="#[df]">&gt;&gt;</a>&nbsp;&nbsp;&nbsp;TIM_OC3_SetConfig
<LI><a href="#[de]">&gt;&gt;</a>&nbsp;&nbsp;&nbsp;TIM_OC2_SetConfig
<LI><a href="#[dd]">&gt;&gt;</a>&nbsp;&nbsp;&nbsp;TIM_OC1_SetConfig
</UL>
<BR>[Called By]<UL><LI><a href="#[f7]">&gt;&gt;</a>&nbsp;&nbsp;&nbsp;HW_TIM2_Init
</UL>

<P><STRONG><a name="[e1]"></a>HAL_TIM_OC_Init</STRONG> (Thumb, 52 bytes, Stack size 16 bytes, stm32l0xx_hal_tim.o(i.HAL_TIM_OC_Init))
<BR><BR>[Stack]<UL><LI>Max Depth = 36<LI>Call Chain = HAL_TIM_OC_Init &rArr; TIM_Base_SetConfig
</UL>
<BR>[Calls]<UL><LI><a href="#[e3]">&gt;&gt;</a>&nbsp;&nbsp;&nbsp;TIM_Base_SetConfig
<LI><a href="#[e2]">&gt;&gt;</a>&nbsp;&nbsp;&nbsp;HAL_TIM_OC_MspInit
</UL>
<BR>[Called By]<UL><LI><a href="#[f7]">&gt;&gt;</a>&nbsp;&nbsp;&nbsp;HW_TIM2_Init
<LI><a href="#[112]">&gt;&gt;</a>&nbsp;&nbsp;&nbsp;HW_TIM2_SetPeriod
</UL>

<P><STRONG><a name="[e2]"></a>HAL_TIM_OC_MspInit</STRONG> (Thumb, 12 bytes, Stack size 0 bytes, mlm32l0xx_hal_msp.o(i.HAL_TIM_OC_MspInit))
<BR><BR>[Called By]<UL><LI><a href="#[e1]">&gt;&gt;</a>&nbsp;&nbsp;&nbsp;HAL_TIM_OC_Init
</UL>

<P><STRONG><a name="[e4]"></a>HAL_TIM_OC_Start</STRONG> (Thumb, 26 bytes, Stack size 8 bytes, stm32l0xx_hal_tim.o(i.HAL_TIM_OC_Start))
<BR><BR>[Stack]<UL><LI>Max Depth = 16<LI>Call Chain = HAL_TIM_OC_Start &rArr; TIM_CCxChannelCmd
</UL>
<BR>[Calls]<UL><LI><a href="#[e5]">&gt;&gt;</a>&nbsp;&nbsp;&nbsp;TIM_CCxChannelCmd
</UL>
<BR>[Called By]<UL><LI><a href="#[113]">&gt;&gt;</a>&nbsp;&nbsp;&nbsp;HW_TIM2_Start
</UL>

<P><STRONG><a name="[e6]"></a>HAL_TIM_OC_Stop</STRONG> (Thumb, 34 bytes, Stack size 8 bytes, stm32l0xx_hal_tim.o(i.HAL_TIM_OC_Stop))
<BR><BR>[Stack]<UL><LI>Max Depth = 16<LI>Call Chain = HAL_TIM_OC_Stop &rArr; TIM_CCxChannelCmd
</UL>
<BR>[Calls]<UL><LI><a href="#[e5]">&gt;&gt;</a>&nbsp;&nbsp;&nbsp;TIM_CCxChannelCmd
</UL>
<BR>[Called By]<UL><LI><a href="#[114]">&gt;&gt;</a>&nbsp;&nbsp;&nbsp;HW_TIM2_Stop
</UL>

[...]
</UL>
<BR>[Called By]<UL><LI><a href="#[128]">&gt;&gt;</a>&nbsp;&nbsp;&nbsp;MCU_API_delay
</UL>

<P><STRONG><a name="[32]"></a>OnTimerDelayEvt</STRONG> (Thumb, 10 bytes, Stack size 8 bytes, mcu_api.o(i.OnTimerDelayEvt))
<BR><BR>[Stack]<UL><LI>Max Depth = 8<LI>Call Chain = OnTimerDelayEvt
</UL>
<BR>[Calls]<UL><LI><a href="#[12e]">&gt;&gt;</a>&nbsp;&nbsp;&nbsp;SCH_SetEvt
</UL>
<BR>[Address Reference Count : 1]<UL><LI> mcu_api.o(i.Delay_Lp)
</UL>
<P><STRONG><a name="[36]"></a>OnTimerTimeoutEvt</STRONG> (Thumb, 10 bytes, Stack size 8 bytes, mcu_api.o(i.OnTimerTimeoutEvt))
<BR><BR>[Stack]<UL><LI>Max Depth = 8<LI>Call Chain = OnTimerTimeoutEvt
</UL>
<BR>[Calls]<UL><LI><a href="#[12e]">&gt;&gt;</a>&nbsp;&nbsp;&nbsp;SCH_SetEvt
</UL>
<BR>[Address Reference Count : 1]<UL><LI> mcu_api.o(i.MCU_API_timer_start)
</UL>
<P><STRONG><a name="[38]"></a>RADIO_rx_packet_interrupt_handler</STRONG> (Thumb, 16 bytes, Stack size 8 bytes, st_lowlevel.o(i.RADIO_rx_packet_interrupt_handler))
<BR><BR>[Stack]<UL><LI>Max Depth = 8<LI>Call Chain = RADIO_rx_packet_interrupt_handler
</UL>
<BR>[Calls]<UL><LI><a href="#[12e]">&gt;&gt;</a>&nbsp;&nbsp;&nbsp;SCH_SetEvt
</UL>
<BR>[Address Reference Count : 1]<UL><LI> st_lowlevel.o(i.STLL_Radio_IoInit)
</UL>
<P><STRONG><a name="[39]"></a>STLL_RX_SYNC_IRQHandler_CB</STRONG> (Thumb, 24 bytes, Stack size 8 bytes, st_lowlevel.o(i.STLL_RX_SYNC_IRQHandler_CB))
<BR><BR>[Stack]<UL><LI>Max Depth = 112<LI>Call Chain = STLL_RX_SYNC_IRQHandler_CB &rArr; STLL_Radio_ReadReg &rArr; SX1276Read &rArr; SX1276ReadBuffer &rArr; HW_SPI_InOut &rArr; HAL_SPI_TransmitReceive &rArr; SPI_WaitOnFlagUntilTimeout
</UL>
<BR>[Calls]<UL><LI><a href="#[158]">&gt;&gt;</a>&nbsp;&nbsp;&nbsp;STLL_Radio_ReadReg
</UL>
<BR>[Address Reference Count : 1]<UL><LI> st_lowlevel.o(i.STLL_Radio_IoInit)
</UL>
<P><STRONG><a name="[1a5]"></a>TimerInsertNewHeadTimer</STRONG> (Thumb, 24 bytes, Stack size 8 bytes, timeserver.o(i.TimerInsertNewHeadTimer))
<BR><BR>[Stack]<UL><LI>Max Depth = 112<LI>Call Chain = TimerInsertNewHeadTimer &rArr; TimerSetTimeout &rArr; HW_RTC_SetAlarm &rArr; HW_RTC_StartWakeUpAlarm &rArr; HAL_RTC_SetAlarm_IT
</UL>
<BR>[Calls]<UL><LI><a href="#[1a6]">&gt;&gt;</a>&nbsp;&nbsp;&nbsp;TimerSetTimeout
</UL>
<BR>[Called By]<UL><LI><a href="#[a4]">&gt;&gt;</a>&nbsp;&nbsp;&nbsp;TimerStart
</UL>

<P><STRONG><a name="[1a6]"></a>TimerSetTimeout</STRONG> (Thumb, 44 bytes, Stack size 16 bytes, timeserver.o(i.TimerSetTimeout))
<BR><BR>[Stack]<UL><LI>Max Depth = 104<LI>Call Chain = TimerSetTimeout &rArr; HW_RTC_SetAlarm &rArr; HW_RTC_StartWakeUpAlarm &rArr; HAL_RTC_SetAlarm_IT
</UL>
<BR>[Calls]<UL><LI><a href="#[105]">&gt;&gt;</a>&nbsp;&nbsp;&nbsp;HW_RTC_SetAlarm
<LI><a href="#[100]">&gt;&gt;</a>&nbsp;&nbsp;&nbsp;HW_RTC_GetTimerElapsedTime
<LI><a href="#[1a8]">&gt;&gt;</a>&nbsp;&nbsp;&nbsp;HW_RTC_GetMinimumTimeout
</UL>
<BR>[Called By]<UL><LI><a href="#[12c]">&gt;&gt;</a>&nbsp;&nbsp;&nbsp;TimerStop
<LI><a href="#[c4]">&gt;&gt;</a>&nbsp;&nbsp;&nbsp;TimerIrqHandler
<LI><a href="#[1a5]">&gt;&gt;</a>&nbsp;&nbsp;&nbsp;TimerInsertNewHeadTimer
</UL>

<P><STRONG><a name="[3c]"></a>TX_CW_gen_next</STRONG> (Thumb, 4 bytes, Stack size 0 bytes, sgfxsx1276modulation-lib.o(i.TX_CW_gen_next))
<BR>[Address Reference Count : 1]<UL><LI> sgfxsx1276modulation-lib.o(i.TX_Start_CW)
</UL>
<P><STRONG><a name="[3d]"></a>TX_Prbs9_gen_next</STRONG> (Thumb, 30 bytes, Stack size 0 bytes, sgfxsx1276modulation-lib.o(i.TX_Prbs9_gen_next))
<BR>[Address Reference Count : 1]<UL><LI> sgfxsx1276modulation-lib.o(i.TX_Start_PRBS9)
</UL>
<P><STRONG><a name="[1a3]"></a>TX_SetPower</STRONG> (Thumb, 40 bytes, Stack size 0 bytes, sgfxsx1276modulation-lib.o(i.TX_SetPower))
<BR><BR>[Called By]<UL><LI><a href="#[15c]">&gt;&gt;</a>&nbsp;&nbsp;&nbsp;TX_Start_PRBS9
<LI><a href="#[15b]">&gt;&gt;</a>&nbsp;&nbsp;&nbsp;TX_Start_CW
<LI><a href="#[162]">&gt;&gt;</a>&nbsp;&nbsp;&nbsp;TX_Start
</UL>

<P><STRONG><a name="[193]"></a>TX_Write_Modu_Buffer</STRONG> (Thumb, 92 bytes, Stack size 16 bytes, sgfxsx1276modulation-lib.o(i.TX_Write_Modu_Buffer))
<BR><BR>[Stack]<UL><LI>Max Depth = 16<LI>Call Chain = TX_Write_Modu_Buffer
</UL>
<BR>[Called By]<UL><LI><a href="#[9f]">&gt;&gt;</a>&nbsp;&nbsp;&nbsp;STLL_TX_IRQHandler_CB
</UL>

<P><STRONG><a name="[194]"></a>TX_Write_RampDown_Buffer</STRONG> (Thumb, 62 bytes, Stack size 8 bytes, sgfxsx1276modulation-lib.o(i.TX_Write_RampDown_Buffer))
<BR><BR>[Stack]<UL><LI>Max Depth = 8<LI>Call Chain = TX_Write_RampDown_Buffer
</UL>
<BR>[Called By]<UL><LI><a href="#[9f]">&gt;&gt;</a>&nbsp;&nbsp;&nbsp;STLL_TX_IRQHandler_CB
<LI><a href="#[160]">&gt;&gt;</a>&nbsp;&nbsp;&nbsp;TX_Stop_Rf_Carrier
</UL>

<P><STRONG><a name="[1a4]"></a>TX_Write_RampUp_Buffer</STRONG> (Thumb, 80 bytes, Stack size 12 bytes, sgfxsx1276modulation-lib.o(i.TX_Write_RampUp_Buffer))
<BR><BR>[Stack]<UL><LI>Max Depth = 12<LI>Call Chain = TX_Write_RampUp_Buffer
</UL>
<BR>[Called By]<UL><LI><a href="#[15c]">&gt;&gt;</a>&nbsp;&nbsp;&nbsp;TX_Start_PRBS9
<LI><a href="#[15b]">&gt;&gt;</a>&nbsp;&nbsp;&nbsp;TX_Start_CW
<LI><a href="#[162]">&gt;&gt;</a>&nbsp;&nbsp;&nbsp;TX_Start
</UL>

<P><STRONG><a name="[3b]"></a>TX_read_Bit</STRONG> (Thumb, 30 bytes, Stack size 0 bytes, sgfxsx1276modulation-lib.o(i.TX_read_Bit))
<BR>[Address Reference Count : 1]<UL><LI> sgfxsx1276modulation-lib.o(i.TX_Start)
</UL>
<P><STRONG><a name="[75]"></a>ADDON_SIGFOX_VERIFIED_API_get_first_activated_macro_channel</STRONG> (Thumb, 62 bytes, Stack size 20 bytes, addon_sigfox_verified_api.o(i.ADDON_SIGFOX_VERIFIED_API_get_first_activated_macro_channel))
<BR><BR>[Stack]<UL><LI>Max Depth = 20<LI>Call Chain = ADDON_SIGFOX_VERIFIED_API_get_first_activated_macro_channel
</UL>
<BR>[Called By]<UL><LI><a href="#[73]">&gt;&gt;</a>&nbsp;&nbsp;&nbsp;ADDON_SIGFOX_VERIFIED_API_test_mode
</UL>

<P><STRONG><a name="[67]"></a>ADDON_SIGFOX_VERIFIED_API_init</STRONG> (Thumb, 100 bytes, Stack size 16 bytes, addon_sigfox_verified_api.o(i.ADDON_SIGFOX_VERIFIED_API_init))
<BR><BR>[Stack]<UL><LI>Max Depth = 904<LI>Call Chain = ADDON_SIGFOX_VERIFIED_API_init &rArr; SIGFOX_API_open &rArr; SIGFOX_INT_get_device_id &rArr; SE_API_get_device_id &rArr; CREDENTIALS_get_dev_id &rArr; CREDENTIALS_get_cra &rArr; CREDENTIALS_get_signature &rArr; aes_cbc_encrypt &rArr; mix_sub_columns
</UL>
<BR>[Calls]<UL><LI><a href="#[69]">&gt;&gt;</a>&nbsp;&nbsp;&nbsp;SIGFOX_API_set_std_config
<LI><a href="#[68]">&gt;&gt;</a>&nbsp;&nbsp;&nbsp;SIGFOX_API_open
<LI><a href="#[6a]">&gt;&gt;</a>&nbsp;&nbsp;&nbsp;SIGFOX_API_close
</UL>
<BR>[Called By]<UL><LI><a href="#[73]">&gt;&gt;</a>&nbsp;&nbsp;&nbsp;ADDON_SIGFOX_VERIFIED_API_test_mode
</UL>

<P><STRONG><a name="[6b]"></a>ADDON_SIGFOX_VERIFIED_API_send_tx_protocol</STRONG> (Thumb, 222 bytes, Stack size 40 bytes, addon_sigfox_verified_api.o(i.ADDON_SIGFOX_VERIFIED_API_send_tx_protocol))
<BR><BR>[Stack]<UL><LI>Max Depth = 1536<LI>Call Chain = ADDON_SIGFOX_VERIFIED_API_send_tx_protocol &rArr; SIGFOX_API_send_bit &rArr; SIGFOX_INT_execute_communication_sequence &rArr; SIGFOX_INT_prepare_transmission &rArr; SIGFOX_INT_build_frame &rArr; SE_API_secure_uplink_message &rArr; SIGFOX_encrypt_decrypt_frame &rArr; CREDENTIALS_aes_128_cbc_encrypt &rArr; CREDENTIALS_get_key &rArr; CREDENTIALS_get_cra &rArr; CREDENTIALS_get_signature &rArr; aes_cbc_encrypt &rArr; mix_sub_columns
</UL>
<BR>[Calls]<UL><LI><a href="#[6e]">&gt;&gt;</a>&nbsp;&nbsp;&nbsp;MCU_API_timer_wait_for_end
<LI><a href="#[70]">&gt;&gt;</a>&nbsp;&nbsp;&nbsp;MCU_API_timer_stop
<LI><a href="#[6c]">&gt;&gt;</a>&nbsp;&nbsp;&nbsp;MCU_API_timer_start
<LI><a href="#[6f]">&gt;&gt;</a>&nbsp;&nbsp;&nbsp;SIGFOX_API_send_outofband
<LI><a href="#[71]">&gt;&gt;</a>&nbsp;&nbsp;&nbsp;SIGFOX_API_send_frame
<LI><a href="#[6d]">&gt;&gt;</a>&nbsp;&nbsp;&nbsp;SIGFOX_API_send_bit
</UL>
<BR>[Called By]<UL><LI><a href="#[73]">&gt;&gt;</a>&nbsp;&nbsp;&nbsp;ADDON_SIGFOX_VERIFIED_API_test_mode
</UL>

<P><STRONG><a name="[72]"></a>ADDON_SIGFOX_VERIFIED_API_sleep</STRONG> (Thumb, 16 bytes, Stack size 8 bytes, addon_sigfox_verified_api.o(i.ADDON_SIGFOX_VERIFIED_API_sleep))
<BR><BR>[Stack]<UL><LI>Max Depth = 184<LI>Call Chain = ADDON_SIGFOX_VERIFIED_API_sleep &rArr; MCU_API_timer_wait_for_end &rArr; SCH_WaitEvt &rArr; SCH_EvtIdle &rArr; SCH_Run &rArr; SCH_Idle &rArr; LPM_EnterLowPower &rArr; LPM_EnterStopMode &rArr; HW_IoDeInit &rArr; SX1276IoDeInit &rArr; HW_GPIO_Init &rArr; HAL_GPIO_Init
</UL>
<BR>[Calls]<UL><LI><a href="#[6e]">&gt;&gt;</a>&nbsp;&nbsp;&nbsp;MCU_API_timer_wait_for_end
<LI><a href="#[6c]">&gt;&gt;</a>&nbsp;&nbsp;&nbsp;MCU_API_timer_start
</UL>
<BR>[Called By]<UL><LI><a href="#[73]">&gt;&gt;</a>&nbsp;&nbsp;&nbsp;ADDON_SIGFOX_VERIFIED_API_test_mode
</UL>

<P><STRONG><a name="[1cc]"></a>SIGFOX_DECODE_dewhitening</STRONG> (Thumb, 152 bytes, Stack size 32 bytes, sgfx_cmac_lib.o(i.SIGFOX_DECODE_dewhitening))
<BR><BR>[Stack]<UL><LI>Max Depth = 44<LI>Call Chain = SIGFOX_DECODE_dewhitening &rArr; SIGFOX_DECODE_dewhitening_pn
</UL>
<BR>[Calls]<UL><LI><a href="#[1ce]">&gt;&gt;</a>&nbsp;&nbsp;&nbsp;SIGFOX_DECODE_dewhitening_pn
<LI><a href="#[1c8]">&gt;&gt;</a>&nbsp;&nbsp;&nbsp;SE_NVM_get
<LI><a href="#[1cd]">&gt;&gt;</a>&nbsp;&nbsp;&nbsp;__aeabi_uread4
</UL>
<BR>[Called By]<UL><LI><a href="#[183]">&gt;&gt;</a>&nbsp;&nbsp;&nbsp;SE_API_verify_downlink_message
</UL>

<P><STRONG><a name="[1ce]"></a>SIGFOX_DECODE_dewhitening_pn</STRONG> (Thumb, 40 bytes, Stack size 12 bytes, sgfx_cmac_lib.o(i.SIGFOX_DECODE_dewhitening_pn))
<BR><BR>[Stack]<UL><LI>Max Depth = 12<LI>Call Chain = SIGFOX_DECODE_dewhitening_pn
</UL>
<BR>[Called By]<UL><LI><a href="#[1cc]">&gt;&gt;</a>&nbsp;&nbsp;&nbsp;SIGFOX_DECODE_dewhitening
</UL>

<P><STRONG><a name="[1cb]"></a>SIGFOX_HMAC_compute_aes</STRONG> (Thumb, 70 bytes, Stack size 56 bytes, sgfx_cmac_lib.o(i.SIGFOX_HMAC_compute_aes))
<BR><BR>[Stack]<UL><LI>Max Depth = 1200<LI>Call Chain = SIGFOX_HMAC_compute_aes &rArr; CREDENTIALS_aes_128_cbc_encrypt &rArr; CREDENTIALS_get_key &rArr; CREDENTIALS_get_cra &rArr; CREDENTIALS_get_signature &rArr; aes_cbc_encrypt &rArr; mix_sub_columns
</UL>
<BR>[Calls]<UL><LI><a href="#[1bc]">&gt;&gt;</a>&nbsp;&nbsp;&nbsp;CREDENTIALS_aes_128_cbc_encrypt
</UL>
<BR>[Called By]<UL><LI><a href="#[178]">&gt;&gt;</a>&nbsp;&nbsp;&nbsp;SE_API_secure_uplink_message
</UL>

<P><STRONG><a name="[1ca]"></a>SIGFOX_encrypt_decrypt_frame</STRONG> (Thumb, 234 bytes, Stack size 80 bytes, sgfx_cmac_lib.o(i.SIGFOX_encrypt_decrypt_frame))
<BR><BR>[Stack]<UL><LI>Max Depth = 1224<LI>Call Chain = SIGFOX_encrypt_decrypt_frame &rArr; CREDENTIALS_aes_128_cbc_encrypt &rArr; CREDENTIALS_get_key &rArr; CREDENTIALS_get_cra &rArr; CREDENTIALS_get_signature &rArr; aes_cbc_encrypt &rArr; mix_sub_columns
</UL>
<BR>[Calls]<UL><LI><a href="#[1c6]">&gt;&gt;</a>&nbsp;&nbsp;&nbsp;CREDENTIALS_wrap_session_key
<LI><a href="#[1c0]">&gt;&gt;</a>&nbsp;&nbsp;&nbsp;CREDENTIALS_aes_128_cbc_encrypt_with_session_key
<LI><a href="#[1bc]">&gt;&gt;</a>&nbsp;&nbsp;&nbsp;CREDENTIALS_aes_128_cbc_encrypt
<LI><a href="#[1c8]">&gt;&gt;</a>&nbsp;&nbsp;&nbsp;SE_NVM_get
</UL>
<BR>[Called By]<UL><LI><a href="#[183]">&gt;&gt;</a>&nbsp;&nbsp;&nbsp;SE_API_verify_downlink_message
<LI><a href="#[178]">&gt;&gt;</a>&nbsp;&nbsp;&nbsp;SE_API_secure_uplink_message
</UL>

<P><STRONG><a name="[1c1]"></a>CREDENTIALS_get_cra</STRONG> (Thumb, 208 bytes, Stack size 384 bytes, sgfx_credentials_lib.o(i.CREDENTIALS_get_cra))
<BR><BR>[Stack]<UL><LI>Max Depth = 784<LI>Call Chain = CREDENTIALS_get_cra &rArr; CREDENTIALS_get_signature &rArr; aes_cbc_encrypt &rArr; mix_sub_columns
</UL>
<BR>[Calls]<UL><LI><a href="#[1bb]">&gt;&gt;</a>&nbsp;&nbsp;&nbsp;__aeabi_memcpy
<LI><a href="#[1be]">&gt;&gt;</a>&nbsp;&nbsp;&nbsp;aes_set_key
<LI><a href="#[1bf]">&gt;&gt;</a>&nbsp;&nbsp;&nbsp;aes_cbc_encrypt
<LI><a href="#[1c3]">&gt;&gt;</a>&nbsp;&nbsp;&nbsp;aes_cbc_decrypt
<LI><a href="#[1c2]">&gt;&gt;</a>&nbsp;&nbsp;&nbsp;CREDENTIALS_get_signature
</UL>
<BR>[Called By]<UL><LI><a href="#[1bd]">&gt;&gt;</a>&nbsp;&nbsp;&nbsp;CREDENTIALS_get_key
<LI><a href="#[1c5]">&gt;&gt;</a>&nbsp;&nbsp;&nbsp;CREDENTIALS_get_initial_pac
<LI><a href="#[1c4]">&gt;&gt;</a>&nbsp;&nbsp;&nbsp;CREDENTIALS_get_dev_id
</UL>

<P><STRONG><a name="[1bd]"></a>CREDENTIALS_get_key</STRONG> (Thumb, 58 bytes, Stack size 56 bytes, sgfx_credentials_lib.o(i.CREDENTIALS_get_key))
<BR><BR>[Stack]<UL><LI>Max Depth = 840<LI>Call Chain = CREDENTIALS_get_key &rArr; CREDENTIALS_get_cra &rArr; CREDENTIALS_get_signature &rArr; aes_cbc_encrypt &rArr; mix_sub_columns
</UL>
<BR>[Calls]<UL><LI><a href="#[1bb]">&gt;&gt;</a>&nbsp;&nbsp;&nbsp;__aeabi_memcpy
<LI><a href="#[1c1]">&gt;&gt;</a>&nbsp;&nbsp;&nbsp;CREDENTIALS_get_cra
</UL>
<BR>[Called By]<UL><LI><a href="#[1c6]">&gt;&gt;</a>&nbsp;&nbsp;&nbsp;CREDENTIALS_wrap_session_key
<LI><a href="#[1bc]">&gt;&gt;</a>&nbsp;&nbsp;&nbsp;CREDENTIALS_aes_128_cbc_encrypt
</UL>

<P><STRONG><a name="[1c2]"></a>CREDENTIALS_get_signature</STRONG> (Thumb, 92 bytes, Stack size 312 bytes, sgfx_credentials_lib.o(i.CREDENTIALS_get_signature))
<BR><BR>[Stack]<UL><LI>Max Depth = 400<LI>Call Chain = CREDENTIALS_get_signature &rArr; aes_cbc_encrypt &rArr; mix_sub_columns
</UL>
<BR>[Calls]<UL><LI><a href="#[1be]">&gt;&gt;</a>&nbsp;&nbsp;&nbsp;aes_set_key
<LI><a href="#[1bf]">&gt;&gt;</a>&nbsp;&nbsp;&nbsp;aes_cbc_encrypt
</UL>
<BR>[Called By]<UL><LI><a href="#[1c1]">&gt;&gt;</a>&nbsp;&nbsp;&nbsp;CREDENTIALS_get_cra
</UL>

<P><STRONG><a name="[1cf]"></a>add_round_key</STRONG> (Thumb, 8 bytes, Stack size 8 bytes, sgfx_credentials_lib.o(i.add_round_key))
<BR><BR>[Stack]<UL><LI>Max Depth = 8<LI>Call Chain = add_round_key
</UL>
<BR>[Calls]<UL><LI><a href="#[1d0]">&gt;&gt;</a>&nbsp;&nbsp;&nbsp;xor_block
</UL>
<BR>[Called By]<UL><LI><a href="#[1bf]">&gt;&gt;</a>&nbsp;&nbsp;&nbsp;aes_cbc_encrypt
<LI><a href="#[1c3]">&gt;&gt;</a>&nbsp;&nbsp;&nbsp;aes_cbc_decrypt
</UL>

<P><STRONG><a name="[1c3]"></a>aes_cbc_decrypt</STRONG> (Thumb, 130 bytes, Stack size 72 bytes, sgfx_credentials_lib.o(i.aes_cbc_decrypt))
<BR><BR>[Stack]<UL><LI>Max Depth = 112<LI>Call Chain = aes_cbc_decrypt &rArr; inv_mix_sub_columns
</UL>
<BR>[Calls]<UL><LI><a href="#[1d0]">&gt;&gt;</a>&nbsp;&nbsp;&nbsp;xor_block
<LI><a href="#[1d3]">&gt;&gt;</a>&nbsp;&nbsp;&nbsp;inv_shift_sub_rows
<LI><a href="#[1d4]">&gt;&gt;</a>&nbsp;&nbsp;&nbsp;inv_mix_sub_columns
<LI><a href="#[1d1]">&gt;&gt;</a>&nbsp;&nbsp;&nbsp;copy_block
<LI><a href="#[1d2]">&gt;&gt;</a>&nbsp;&nbsp;&nbsp;copy_and_key
<LI><a href="#[1cf]">&gt;&gt;</a>&nbsp;&nbsp;&nbsp;add_round_key
</UL>
<BR>[Called By]<UL><LI><a href="#[1c1]">&gt;&gt;</a>&nbsp;&nbsp;&nbsp;CREDENTIALS_get_cra
</UL>

<P><STRONG><a name="[1bf]"></a>aes_cbc_encrypt</STRONG> (Thumb, 120 bytes, Stack size 56 bytes, sgfx_credentials_lib.o(i.aes_cbc_encrypt))
<BR><BR>[Stack]<UL><LI>Max Depth = 88<LI>Call Chain = aes_cbc_encrypt &rArr; mix_sub_columns
</UL>
<BR>[Calls]<UL><LI><a href="#[1d0]">&gt;&gt;</a>&nbsp;&nbsp;&nbsp;xor_block
<LI><a href="#[1d6]">&gt;&gt;</a>&nbsp;&nbsp;&nbsp;shift_sub_rows
<LI><a href="#[1d5]">&gt;&gt;</a>&nbsp;&nbsp;&nbsp;mix_sub_columns
<LI><a href="#[1d1]">&gt;&gt;</a>&nbsp;&nbsp;&nbsp;copy_block
<LI><a href="#[1d2]">&gt;&gt;</a>&nbsp;&nbsp;&nbsp;copy_and_key
<LI><a href="#[1cf]">&gt;&gt;</a>&nbsp;&nbsp;&nbsp;add_round_key
</UL>
<BR>[Called By]<UL><LI><a href="#[1c2]">&gt;&gt;</a>&nbsp;&nbsp;&nbsp;CREDENTIALS_get_signature
<LI><a href="#[1c1]">&gt;&gt;</a>&nbsp;&nbsp;&nbsp;CREDENTIALS_get_cra
<LI><a href="#[1c6]">&gt;&gt;</a>&nbsp;&nbsp;&nbsp;CREDENTIALS_wrap_session_key
<LI><a href="#[1c0]">&gt;&gt;</a>&nbsp;&nbsp;&nbsp;CREDENTIALS_aes_128_cbc_encrypt_with_session_key
<LI><a href="#[1bc]">&gt;&gt;</a>&nbsp;&nbsp;&nbsp;CREDENTIALS_aes_128_cbc_encrypt
</UL>

<P><STRONG><a name="[1be]"></a>aes_set_key</STRONG> (Thumb, 248 bytes, Stack size 56 bytes, sgfx_credentials_lib.o(i.aes_set_key))
<BR><BR>[Stack]<UL><LI>Max Depth = 68<LI>Call Chain = aes_set_key &rArr; __aeabi_uidivmod
</UL>
<BR>[Calls]<UL><LI><a href="#[5b]">&gt;&gt;</a>&nbsp;&nbsp;&nbsp;__aeabi_uidivmod
</UL>
<BR>[Called By]<UL><LI><a href="#[1c2]">&gt;&gt;</a>&nbsp;&nbsp;&nbsp;CREDENTIALS_get_signature
<LI><a href="#[1c1]">&gt;&gt;</a>&nbsp;&nbsp;&nbsp;CREDENTIALS_get_cra
<LI><a href="#[1c6]">&gt;&gt;</a>&nbsp;&nbsp;&nbsp;CREDENTIALS_wrap_session_key
<LI><a href="#[1c0]">&gt;&gt;</a>&nbsp;&nbsp;&nbsp;CREDENTIALS_aes_128_cbc_encrypt_with_session_key
<LI><a href="#[1bc]">&gt;&gt;</a>&nbsp;&nbsp;&nbsp;CREDENTIALS_aes_128_cbc_encrypt
</UL>

<P><STRONG><a name="[1d2]"></a>copy_and_key</STRONG> (Thumb, 132 bytes, Stack size 8 bytes, sgfx_credentials_lib.o(i.copy_and_key))
<BR><BR>[Stack]<UL><LI>Max Depth = 8<LI>Call Chain = copy_and_key
</UL>
<BR>[Called By]<UL><LI><a href="#[1bf]">&gt;&gt;</a>&nbsp;&nbsp;&nbsp;aes_cbc_encrypt
<LI><a href="#[1c3]">&gt;&gt;</a>&nbsp;&nbsp;&nbsp;aes_cbc_decrypt
</UL>

<P><STRONG><a name="[1d1]"></a>copy_block</STRONG> (Thumb, 66 bytes, Stack size 0 bytes, sgfx_credentials_lib.o(i.copy_block))
<BR><BR>[Called By]<UL><LI><a href="#[1d5]">&gt;&gt;</a>&nbsp;&nbsp;&nbsp;mix_sub_columns
<LI><a href="#[1d4]">&gt;&gt;</a>&nbsp;&nbsp;&nbsp;inv_mix_sub_columns
<LI><a href="#[1bf]">&gt;&gt;</a>&nbsp;&nbsp;&nbsp;aes_cbc_encrypt
<LI><a href="#[1c3]">&gt;&gt;</a>&nbsp;&nbsp;&nbsp;aes_cbc_decrypt
</UL>

<P><STRONG><a name="[1d4]"></a>inv_mix_sub_columns</STRONG> (Thumb, 628 bytes, Stack size 40 bytes, sgfx_credentials_lib.o(i.inv_mix_sub_columns))
<BR><BR>[Stack]<UL><LI>Max Depth = 40<LI>Call Chain = inv_mix_sub_columns
</UL>
<BR>[Calls]<UL><LI><a href="#[1d1]">&gt;&gt;</a>&nbsp;&nbsp;&nbsp;copy_block
</UL>
<BR>[Called By]<UL><LI><a href="#[1c3]">&gt;&gt;</a>&nbsp;&nbsp;&nbsp;aes_cbc_decrypt
</UL>

<P><STRONG><a name="[1d3]"></a>inv_shift_sub_rows</STRONG> (Thumb, 100 bytes, Stack size 0 bytes, sgfx_credentials_lib.o(i.inv_shift_sub_rows))
<BR><BR>[Called By]<UL><LI><a href="#[1c3]">&gt;&gt;</a>&nbsp;&nbsp;&nbsp;aes_cbc_decrypt
</UL>

<P><STRONG><a name="[1d5]"></a>mix_sub_columns</STRONG> (Thumb, 530 bytes, Stack size 32 bytes, sgfx_credentials_lib.o(i.mix_sub_columns))
<BR><BR>[Stack]<UL><LI>Max Depth = 32<LI>Call Chain = mix_sub_columns
</UL>
<BR>[Calls]<UL><LI><a href="#[1d1]">&gt;&gt;</a>&nbsp;&nbsp;&nbsp;copy_block
</UL>
<BR>[Called By]<UL><LI><a href="#[1bf]">&gt;&gt;</a>&nbsp;&nbsp;&nbsp;aes_cbc_encrypt
</UL>

<P><STRONG><a name="[1d6]"></a>shift_sub_rows</STRONG> (Thumb, 100 bytes, Stack size 0 bytes, sgfx_credentials_lib.o(i.shift_sub_rows))
<BR><BR>[Called By]<UL><LI><a href="#[1bf]">&gt;&gt;</a>&nbsp;&nbsp;&nbsp;aes_cbc_encrypt
</UL>

<P><STRONG><a name="[1d0]"></a>xor_block</STRONG> (Thumb, 130 bytes, Stack size 0 bytes, sgfx_credentials_lib.o(i.xor_block))
<BR><BR>[Called By]<UL><LI><a href="#[1bf]">&gt;&gt;</a>&nbsp;&nbsp;&nbsp;aes_cbc_encrypt
<LI><a href="#[1c3]">&gt;&gt;</a>&nbsp;&nbsp;&nbsp;aes_cbc_decrypt
<LI><a href="#[1cf]">&gt;&gt;</a>&nbsp;&nbsp;&nbsp;add_round_key
</UL>

<P><STRONG><a name="[1aa]"></a>_printf_core</STRONG> (Thumb, 768 bytes, Stack size 96 bytes, printf6.o(i._printf_core), UNUSED)
<BR><BR>[Calls]<UL><LI><a href="#[5b]">&gt;&gt;</a>&nbsp;&nbsp;&nbsp;__aeabi_uidivmod
<LI><a href="#[1ab]">&gt;&gt;</a>&nbsp;&nbsp;&nbsp;_printf_pre_padding
<LI><a href="#[1ac]">&gt;&gt;</a>&nbsp;&nbsp;&nbsp;_printf_post_padding
</UL>
<BR>[Called By]<UL><LI><a href="#[1a9]">&gt;&gt;</a>&nbsp;&nbsp;&nbsp;__0sprintf$6
</UL>

<P><STRONG><a name="[1ac]"></a>_printf_post_padding</STRONG> (Thumb, 32 bytes, Stack size 24 bytes, printf6.o(i._printf_post_padding), UNUSED)
<BR><BR>[Called By]<UL><LI><a href="#[1aa]">&gt;&gt;</a>&nbsp;&nbsp;&nbsp;_printf_core
</UL>

<P><STRONG><a name="[1ab]"></a>_printf_pre_padding</STRONG> (Thumb, 44 bytes, Stack size 40 bytes, printf6.o(i._printf_pre_padding), UNUSED)
<BR><BR>[Called By]<UL><LI><a href="#[1aa]">&gt;&gt;</a>&nbsp;&nbsp;&nbsp;_printf_core
</UL>

<P><STRONG><a name="[3e]"></a>_sputc</STRONG> (Thumb, 10 bytes, Stack size 0 bytes, printf6.o(i._sputc))
<BR><BR>[Called By]<UL><LI><a href="#[1a9]">&gt;&gt;</a>&nbsp;&nbsp;&nbsp;__0sprintf$6
</UL>
<BR>[Address Reference Count : 1]<UL><LI> printf6.o(i.__0sprintf$6)
</UL><P>
<H3>
Undefined Global Symbols
</H3><HR></body></html>
