<html>
<body>
<pre>
<h1>µVision Build Log</h1>
<h2>Tool Versions:</h2>
IDE-Version: µVision V5.22.0.0
Copyright (C) 2016 ARM Ltd and ARM Germany GmbH. All rights reserved.
License Information: Kevin hernandez, Tecnologías EOS, LIC=9F82M-XQ0IJ-B5ZAH-9P4TW-0CQLW-6DJ2R
 
Tool Versions:
Toolchain:       MDK-ARM Cortex-M0/M0+ for ST  Version: 5.22
Toolchain Path:  C:\Keil_v5\ARM\ARMCC\Bin
C Compiler:      Armcc.exe V5.06 update 4 (build 422)
Assembler:       Armasm.exe V5.06 update 4 (build 422)
Linker/Locator:  ArmLink.exe V5.06 update 4 (build 422)
Library Manager: ArmAr.exe V5.06 update 4 (build 422)
Hex Converter:   FromElf.exe V5.06 update 4 (build 422)
CPU DLL:         SARMCM3.DLL V5.22
Dialog DLL:      DARMCM1.DLL V1.15.0.0
Target DLL:      STLink\ST-LINKIII-KEIL_SWO.dll V2.0.18.0
Dialog DLL:      TARMCM1.DLL V1.11.0.0
 
<h2>Project:</h2>
C:\Users\TI0648\Desktop\SIGFOX MURATA\Ejemplo_KH\Projects\B-L072Z-LRWAN1\Applications\Sgfx\Sgfx_ModemAT\MDK-ARM\Sgfx_AT_Lib.uvprojx
Project File Date:  04/27/2018

<h2>Output:</h2>
*** Using Compiler 'V5.06 update 4 (build 422)', folder: 'C:\Keil_v5\ARM\ARMCC\Bin'
Rebuild target 'mlm32l07x01'
compiling system_stm32l0xx.c...
compiling b-l072z-lrwan1.c...
compiling stm32l0xx_hal_adc.c...
compiling stm32l0xx_hal_uart.c...
compiling stm32l0xx_hal_spi.c...
compiling mlm32l07x01.c...
compiling sx1276.c...
compiling stm32l0xx_hal_rcc.c...
compiling stm32l0xx_hal.c...
compiling stm32l0xx_hal_cortex.c...
compiling stm32l0xx_hal_rcc_ex.c...
compiling stm32l0xx_hal_gpio.c...
compiling stm32l0xx_hal_pwr.c...
compiling stm32l0xx_hal_pwr_ex.c...
compiling stm32l0xx_hal_dma.c...
compiling stm32l0xx_hal_rtc.c...
compiling stm32l0xx_hal_rtc_ex.c...
compiling stm32l0xx_hal_tim_ex.c...
compiling stm32l0xx_hal_tim.c...
compiling stm32l0xx_hal_adc_ex.c...
compiling stm32l0xx_hal_uart_ex.c...
assembling startup_stm32l072xx.s...
compiling stm32l0xx_hal_i2c.c...
compiling stm32l0xx_ll_lpuart.c...
compiling stm32l0xx_ll_rcc.c...
compiling stm32l0xx_ll_dma.c...
compiling stm32l0xx_hal_flash.c...
compiling stm32l0xx_hal_flash_ex.c...
compiling debug.c...
compiling hw_gpio.c...
compiling main.c...
compiling hw_spi.c...
compiling hw_rtc.c...
compiling mlm32l0xx_hal_msp.c...
compiling tiny_sscanf.c...
compiling mlm32l0xx_hw.c...
compiling tiny_vsnprintf.c...
compiling mlm32l0xx_it.c...
compiling vcom.c...
compiling hw_tim2.c...
compiling command.c...
compiling hw_eeprom.c...
compiling at.c...
compiling mcu_api.c...
compiling sigfox_data.c...
compiling se_nvm.c...
compiling rf_api.c...
compiling scheduler.c...
compiling timeServer.c...
compiling low_power_manager.c...
compiling utilities.c...
compiling st_lowlevel.c...
linking...
Program Size: Code=37170 RO-data=5142 RW-data=304 ZI-data=5820  
FromELF: creating hex file...
After Build - User command #1: C:\Keil_v5\\ARM\ARMCC\bin\fromelf.exe --bincombined --output=DISCO_CUBE_SGFX_WLIB.bin .\mlm32l07x01Lib\DISCO_CUBE_SGFX_WLIB.axf
".\mlm32l07x01Lib\DISCO_CUBE_SGFX_WLIB.axf" - 0 Error(s), 0 Warning(s).

<h2>Collection of Component include folders:</h2>
  C:\Users\TI0648\Desktop\SIGFOX MURATA\Ejemplo_KH\Projects\B-L072Z-LRWAN1\Applications\Sgfx\Sgfx_ModemAT\MDK-ARM\RTE\_mlm32l07x01
  C:\Keil_v5\ARM\PACK\Keil\STM32L0xx_DFP\2.1.0\Drivers\CMSIS\Device\ST\STM32L0xx\Include

<h2>Collection of Component Files used:</h2>
Build Time Elapsed:  00:00:32
</pre>
</body>
</html>
